INFO [2025-11-12 03:00:55] $x
INFO [2025-11-12 03:00:55] venn_list
INFO [2025-11-12 03:00:55] 
INFO [2025-11-12 03:00:55] $filename
INFO [2025-11-12 03:00:55] NULL
INFO [2025-11-12 03:00:55] 
INFO [2025-11-12 03:00:55] $category.names
INFO [2025-11-12 03:00:55] c("5kb", "10kb", "25kb")
INFO [2025-11-12 03:00:55] 
INFO [2025-11-12 03:00:55] $col
INFO [2025-11-12 03:00:55] [1] "transparent"
INFO [2025-11-12 03:00:55] 
INFO [2025-11-12 03:00:55] $fill
INFO [2025-11-12 03:00:55] c("#d73027", "#4575b4", "#1b7837")
INFO [2025-11-12 03:00:55] 
INFO [2025-11-12 03:00:55] $alpha
INFO [2025-11-12 03:00:55] [1] 0.5
INFO [2025-11-12 03:00:55] 
INFO [2025-11-12 03:00:55] $cex
INFO [2025-11-12 03:00:55] [1] 1.5
INFO [2025-11-12 03:00:55] 
INFO [2025-11-12 03:00:55] $cat.cex
INFO [2025-11-12 03:00:55] [1] 1.5
INFO [2025-11-12 03:00:55] 
INFO [2025-11-12 03:00:55] $cat.fontface
INFO [2025-11-12 03:00:55] [1] "bold"
INFO [2025-11-12 03:00:55] 
INFO [2025-11-12 03:00:55] $main
INFO [2025-11-12 03:00:55] [1] "Differential Loops Across Resolutions"
INFO [2025-11-12 03:00:55] 
INFO [2025-11-12 03:00:55] $main.cex
INFO [2025-11-12 03:00:55] [1] 1.8
INFO [2025-11-12 03:00:55] 
