=========================================
bedGraph to BigWig Conversion (mC + hmC)
=========================================
Job ID: 47852273
Node: exp-17-53
Start time: Sun Apr  5 01:21:16 PDT 2026
=========================================


--- Converting mc bedGraphs ---
  [1] evoC-Bap1-ctrl-F-B2.genome.mc_bedgraph
    Done: 167M
  [2] evoC-Bap1-ctrl-F.genome.mc_bedgraph
    Done: 171M
  [3] evoC-Bap1-ctrl-M-B2.genome.mc_bedgraph
    Done: 186M
  [4] evoC-Bap1-ctrl-M.genome.mc_bedgraph
    Done: 170M
  [5] evoC-Bap1-mut-F-B2.genome.mc_bedgraph
    Done: 190M
  [6] evoC-Bap1-mut-F.genome.mc_bedgraph
    Done: 164M
  [7] evoC-Bap1-mut-M-B2.genome.mc_bedgraph
    Done: 168M
  [8] evoC-Bap1-mut-M.genome.mc_bedgraph
    Done: 166M

--- Converting hmc bedGraphs ---
  [9] evoC-Bap1-ctrl-F-B2.genome.hmc_bedgraph
    Done: 161M
  [10] evoC-Bap1-ctrl-F.genome.hmc_bedgraph
    Done: 178M
  [11] evoC-Bap1-ctrl-M-B2.genome.hmc_bedgraph
    Done: 154M
  [12] evoC-Bap1-ctrl-M.genome.hmc_bedgraph
    Done: 178M
  [13] evoC-Bap1-mut-F-B2.genome.hmc_bedgraph
    Done: 151M
  [14] evoC-Bap1-mut-F.genome.hmc_bedgraph
    Done: 144M
  [15] evoC-Bap1-mut-M-B2.genome.hmc_bedgraph
    Done: 166M
  [16] evoC-Bap1-mut-M.genome.hmc_bedgraph
    Done: 143M

=========================================
Conversion complete
Converted: 16/16 files
mC BigWigs:  /expanse/lustre/projects/csd940/zalibhai/biomodal/modality/exports/bigwig/mc/
hmC BigWigs: /expanse/lustre/projects/csd940/zalibhai/biomodal/modality/exports/bigwig/hmc/
End time: Sun Apr  5 02:40:30 PDT 2026
=========================================
