=========================================
bedGraph to BigWig Conversion (mC + hmC)
=========================================
Job ID: 47852151
Node: exp-16-55
Start time: Sun Apr  5 00:14:12 PDT 2026
=========================================

Downloading mm10.chrom.sizes...

--- Converting mc bedGraphs ---
  [1] evoC-Bap1-ctrl-F-B2.genome.mc_bedgraph
/cm/local/apps/slurm/var/spool/job47852151/slurm_script: line 59: /scratch/zalibhai/3642275_evoC-Bap1-ctrl-F-B2.genome.mc_bedgraph.bdg: Permission denied
    WARNING: empty after decompression, skipping
  [2] evoC-Bap1-ctrl-F.genome.mc_bedgraph
/cm/local/apps/slurm/var/spool/job47852151/slurm_script: line 59: /scratch/zalibhai/3642275_evoC-Bap1-ctrl-F.genome.mc_bedgraph.bdg: Permission denied
    WARNING: empty after decompression, skipping
  [3] evoC-Bap1-ctrl-M-B2.genome.mc_bedgraph
/cm/local/apps/slurm/var/spool/job47852151/slurm_script: line 59: /scratch/zalibhai/3642275_evoC-Bap1-ctrl-M-B2.genome.mc_bedgraph.bdg: Permission denied
    WARNING: empty after decompression, skipping
  [4] evoC-Bap1-ctrl-M.genome.mc_bedgraph
/cm/local/apps/slurm/var/spool/job47852151/slurm_script: line 59: /scratch/zalibhai/3642275_evoC-Bap1-ctrl-M.genome.mc_bedgraph.bdg: Permission denied
    WARNING: empty after decompression, skipping
  [5] evoC-Bap1-mut-F-B2.genome.mc_bedgraph
/cm/local/apps/slurm/var/spool/job47852151/slurm_script: line 59: /scratch/zalibhai/3642275_evoC-Bap1-mut-F-B2.genome.mc_bedgraph.bdg: Permission denied
    WARNING: empty after decompression, skipping
  [6] evoC-Bap1-mut-F.genome.mc_bedgraph
/cm/local/apps/slurm/var/spool/job47852151/slurm_script: line 59: /scratch/zalibhai/3642275_evoC-Bap1-mut-F.genome.mc_bedgraph.bdg: Permission denied
    WARNING: empty after decompression, skipping
  [7] evoC-Bap1-mut-M-B2.genome.mc_bedgraph
/cm/local/apps/slurm/var/spool/job47852151/slurm_script: line 59: /scratch/zalibhai/3642275_evoC-Bap1-mut-M-B2.genome.mc_bedgraph.bdg: Permission denied
    WARNING: empty after decompression, skipping
  [8] evoC-Bap1-mut-M.genome.mc_bedgraph
/cm/local/apps/slurm/var/spool/job47852151/slurm_script: line 59: /scratch/zalibhai/3642275_evoC-Bap1-mut-M.genome.mc_bedgraph.bdg: Permission denied
    WARNING: empty after decompression, skipping

--- Converting hmc bedGraphs ---
  [9] evoC-Bap1-ctrl-F-B2.genome.hmc_bedgraph
/cm/local/apps/slurm/var/spool/job47852151/slurm_script: line 59: /scratch/zalibhai/3642275_evoC-Bap1-ctrl-F-B2.genome.hmc_bedgraph.bdg: Permission denied
    WARNING: empty after decompression, skipping
  [10] evoC-Bap1-ctrl-F.genome.hmc_bedgraph
/cm/local/apps/slurm/var/spool/job47852151/slurm_script: line 59: /scratch/zalibhai/3642275_evoC-Bap1-ctrl-F.genome.hmc_bedgraph.bdg: Permission denied
    WARNING: empty after decompression, skipping
  [11] evoC-Bap1-ctrl-M-B2.genome.hmc_bedgraph
/cm/local/apps/slurm/var/spool/job47852151/slurm_script: line 59: /scratch/zalibhai/3642275_evoC-Bap1-ctrl-M-B2.genome.hmc_bedgraph.bdg: Permission denied
    WARNING: empty after decompression, skipping
  [12] evoC-Bap1-ctrl-M.genome.hmc_bedgraph
/cm/local/apps/slurm/var/spool/job47852151/slurm_script: line 59: /scratch/zalibhai/3642275_evoC-Bap1-ctrl-M.genome.hmc_bedgraph.bdg: Permission denied
    WARNING: empty after decompression, skipping
  [13] evoC-Bap1-mut-F-B2.genome.hmc_bedgraph
/cm/local/apps/slurm/var/spool/job47852151/slurm_script: line 59: /scratch/zalibhai/3642275_evoC-Bap1-mut-F-B2.genome.hmc_bedgraph.bdg: Permission denied
    WARNING: empty after decompression, skipping
  [14] evoC-Bap1-mut-F.genome.hmc_bedgraph
/cm/local/apps/slurm/var/spool/job47852151/slurm_script: line 59: /scratch/zalibhai/3642275_evoC-Bap1-mut-F.genome.hmc_bedgraph.bdg: Permission denied
    WARNING: empty after decompression, skipping
  [15] evoC-Bap1-mut-M-B2.genome.hmc_bedgraph
/cm/local/apps/slurm/var/spool/job47852151/slurm_script: line 59: /scratch/zalibhai/3642275_evoC-Bap1-mut-M-B2.genome.hmc_bedgraph.bdg: Permission denied
    WARNING: empty after decompression, skipping
  [16] evoC-Bap1-mut-M.genome.hmc_bedgraph
/cm/local/apps/slurm/var/spool/job47852151/slurm_script: line 59: /scratch/zalibhai/3642275_evoC-Bap1-mut-M.genome.hmc_bedgraph.bdg: Permission denied
    WARNING: empty after decompression, skipping

=========================================
Conversion complete
Converted: 0/16 files
mC BigWigs:  /expanse/lustre/projects/csd940/zalibhai/biomodal/modality/exports/bigwig/mc/
hmC BigWigs: /expanse/lustre/projects/csd940/zalibhai/biomodal/modality/exports/bigwig/hmc/
End time: Sun Apr  5 00:14:13 PDT 2026
=========================================
