=========================================
bedGraph to BigWig Conversion (mC + hmC)
=========================================
Job ID: 47852188
Node: exp-16-55
Start time: Sun Apr  5 00:33:15 PDT 2026
=========================================


--- Converting mc bedGraphs ---
  [1] evoC-Bap1-ctrl-F-B2.genome.mc_bedgraph
chrGL456210.1 is not found in chromosome sizes file
    ERROR: conversion failed
  [2] evoC-Bap1-ctrl-F.genome.mc_bedgraph
chrGL456210.1 is not found in chromosome sizes file
    ERROR: conversion failed
  [3] evoC-Bap1-ctrl-M-B2.genome.mc_bedgraph
chrGL456210.1 is not found in chromosome sizes file
    ERROR: conversion failed
  [4] evoC-Bap1-ctrl-M.genome.mc_bedgraph
chrGL456210.1 is not found in chromosome sizes file
    ERROR: conversion failed
  [5] evoC-Bap1-mut-F-B2.genome.mc_bedgraph
chrGL456210.1 is not found in chromosome sizes file
    ERROR: conversion failed
  [6] evoC-Bap1-mut-F.genome.mc_bedgraph
chrGL456210.1 is not found in chromosome sizes file
    ERROR: conversion failed
  [7] evoC-Bap1-mut-M-B2.genome.mc_bedgraph
chrGL456210.1 is not found in chromosome sizes file
    ERROR: conversion failed
  [8] evoC-Bap1-mut-M.genome.mc_bedgraph
chrGL456210.1 is not found in chromosome sizes file
    ERROR: conversion failed

--- Converting hmc bedGraphs ---
  [9] evoC-Bap1-ctrl-F-B2.genome.hmc_bedgraph
slurmstepd: error: *** JOB 47852188 ON exp-16-55 CANCELLED AT 2026-04-05T01:19:20 ***
