=========================================
Zarr to bedGraph Export (mC + hmC)
=========================================
Job ID: 47851855
Node: exp-16-55
Start time: Sat Apr  4 22:29:01 PDT 2026
=========================================

Zarr: /expanse/lustre/projects/csd940/zalibhai/biomodal/evoC-run/output/duet-1.5.0_evoC_Bap1_run_6bp/sample_outputs/zarr_store/CG/evoC_Bap1_run.genome.GRCm38_primary_assembly.dedup.CG.zarrz
Output: /expanse/lustre/projects/csd940/zalibhai/biomodal/modality/exports/bedgraph

--- Exporting mC bedGraphs ---
Logged in using stored credentials
[38;5;23m2026-04-04 22:30:24[39m  [1m[38;5;123mProvenance information:[39m
[38;5;23m2026-04-04 22:30:24[39m  cmd='/home/zalibhai/miniforge3/envs/modality/bin/modality export bedgraph --zarr-path /expanse/lustre/projects/csd940/zalibhai/biomodal/evoC-run/output/duet-1.5.0_evoC_Bap1_run_6bp/sample_outputs/zarr_store/CG/evoC_Bap1_run.genome.GRCm38_primary_assembly.dedup.CG.zarrz --modification-count-column mc --denominator-column total_c --tag genome --skip-rows-zero-counts --tabix --output-dir /expanse/lustre/projects/csd940/zalibhai/biomodal/modality/exports/bedgraph/mc'
timestamp=2026-04-04T22:30:23.994703
version=1.0.0
user=zalibhai

[39m
[38;5;23m2026-04-04 22:30:24[39m  [1m[38;5;123mExporting BedGraph-style methylation data:[39m
[38;5;23m2026-04-04 22:30:24[39m  [38;5;248mZarr Path[39m: /expanse/lustre/projects/csd940/zalibhai/biomodal/evoC-run/output/duet-1.5.0_evoC_Bap1_run_6bp/sample_outputs/zarr_store/CG/evoC_Bap1_run.genome.GRCm38_primary_assembly.dedup.CG.zarrz[39m
[38;5;23m2026-04-04 22:30:24[39m  [38;5;248mModification Count Column[39m: num_mc[39m
[38;5;23m2026-04-04 22:30:24[39m  [38;5;248mDenominator Column[39m: num_total_c[39m
[38;5;23m2026-04-04 22:30:24[39m  [38;5;248mTag[39m: genome[39m
[38;5;23m2026-04-04 22:30:24[39m  [38;5;248mSkip Rows Zero Counts[39m: True[39m
[38;5;23m2026-04-04 22:30:24[39m  [38;5;248mTabix[39m: True[39m
[38;5;23m2026-04-04 22:30:24[39m  [38;5;248mOutput Dir[39m: /expanse/lustre/projects/csd940/zalibhai/biomodal/modality/exports/bedgraph/mc[39m
[38;5;23m2026-04-04 22:30:24[39m  [38;5;248mSample Ids[39m: None[39m
[38;5;23m2026-04-04 22:30:24[39m  [38;5;248mAdditional Columns[39m: None[39m
[38;5;23m2026-04-04 22:30:24[39m  [38;5;248mDisable Strand Merging[39m: False[39m
[38;5;23m2026-04-04 22:30:24[39m  [38;5;248mMin Coverage[39m: 0[39m
[38;5;23m2026-04-04 22:30:24[39m  [38;5;248mRegion[39m: None[39m
[38;5;23m2026-04-04 23:09:59[39m  [1m[38;5;154mBedGraph export completed successfully! Outputs saved to: /expanse/lustre/projects/csd940/zalibhai/biomodal/modality/exports/bedgraph/mc[39m
[38;5;23m2026-04-04 23:09:59[39m  Wrote provenance sidecar file to /expanse/lustre/projects/csd940/zalibhai/biomodal/modality/exports/bedgraph/mc/modality_metadata_20260404_230959.json[39m

mC export complete: 8 files

--- Exporting hmC bedGraphs ---
Logged in using stored credentials
[38;5;23m2026-04-04 23:10:09[39m  [1m[38;5;123mProvenance information:[39m
[38;5;23m2026-04-04 23:10:09[39m  cmd='/home/zalibhai/miniforge3/envs/modality/bin/modality export bedgraph --zarr-path /expanse/lustre/projects/csd940/zalibhai/biomodal/evoC-run/output/duet-1.5.0_evoC_Bap1_run_6bp/sample_outputs/zarr_store/CG/evoC_Bap1_run.genome.GRCm38_primary_assembly.dedup.CG.zarrz --modification-count-column hmc --denominator-column total_c --tag genome --skip-rows-zero-counts --tabix --output-dir /expanse/lustre/projects/csd940/zalibhai/biomodal/modality/exports/bedgraph/hmc'
timestamp=2026-04-04T23:10:09.002342
version=1.0.0
user=zalibhai

[39m
[38;5;23m2026-04-04 23:10:09[39m  [1m[38;5;123mExporting BedGraph-style methylation data:[39m
[38;5;23m2026-04-04 23:10:09[39m  [38;5;248mZarr Path[39m: /expanse/lustre/projects/csd940/zalibhai/biomodal/evoC-run/output/duet-1.5.0_evoC_Bap1_run_6bp/sample_outputs/zarr_store/CG/evoC_Bap1_run.genome.GRCm38_primary_assembly.dedup.CG.zarrz[39m
[38;5;23m2026-04-04 23:10:09[39m  [38;5;248mModification Count Column[39m: num_hmc[39m
[38;5;23m2026-04-04 23:10:09[39m  [38;5;248mDenominator Column[39m: num_total_c[39m
[38;5;23m2026-04-04 23:10:09[39m  [38;5;248mTag[39m: genome[39m
[38;5;23m2026-04-04 23:10:09[39m  [38;5;248mSkip Rows Zero Counts[39m: True[39m
[38;5;23m2026-04-04 23:10:09[39m  [38;5;248mTabix[39m: True[39m
[38;5;23m2026-04-04 23:10:09[39m  [38;5;248mOutput Dir[39m: /expanse/lustre/projects/csd940/zalibhai/biomodal/modality/exports/bedgraph/hmc[39m
[38;5;23m2026-04-04 23:10:09[39m  [38;5;248mSample Ids[39m: None[39m
[38;5;23m2026-04-04 23:10:09[39m  [38;5;248mAdditional Columns[39m: None[39m
[38;5;23m2026-04-04 23:10:09[39m  [38;5;248mDisable Strand Merging[39m: False[39m
[38;5;23m2026-04-04 23:10:09[39m  [38;5;248mMin Coverage[39m: 0[39m
[38;5;23m2026-04-04 23:10:09[39m  [38;5;248mRegion[39m: None[39m
[38;5;23m2026-04-04 23:51:13[39m  [1m[38;5;154mBedGraph export completed successfully! Outputs saved to: /expanse/lustre/projects/csd940/zalibhai/biomodal/modality/exports/bedgraph/hmc[39m
[38;5;23m2026-04-04 23:51:13[39m  Wrote provenance sidecar file to /expanse/lustre/projects/csd940/zalibhai/biomodal/modality/exports/bedgraph/hmc/modality_metadata_20260404_235113.json[39m

hmC export complete: 8 files

=========================================
Export complete
mC bedGraphs:  /expanse/lustre/projects/csd940/zalibhai/biomodal/modality/exports/bedgraph/mc/
hmC bedGraphs: /expanse/lustre/projects/csd940/zalibhai/biomodal/modality/exports/bedgraph/hmc/
End time: Sat Apr  4 23:51:13 PDT 2026
=========================================
