=================================================================
HOMER findMotifsGenome.pl — Single Comparison
=================================================================
Job ID: 49936832
Node: exp-3-29
Start time: Sun May 31 23:04:55 PDT 2026

Arguments:
  Foreground: hmc_hypo_homer.bed
  Background: GENOME
  Output dir: A4_hmc_hypo_vs_genome
=================================================================

Foreground: /expanse/lustre/projects/csd940/zalibhai/mariner_hi-c/biomodal/downstream/results/homer_motif_enrichment/beds/hmc_hypo_homer.bed (9532 regions)
Background: genome (auto-sampled)

Running findMotifsGenome.pl...
  Genome: mm10
  CPUs:   8
  Flags:  -size given -mask
  Start:  Sun May 31 23:05:03 PDT 2026


	Position file = /expanse/lustre/projects/csd940/zalibhai/mariner_hi-c/biomodal/downstream/results/homer_motif_enrichment/beds/hmc_hypo_homer.bed
	Genome = mm10
	Output Directory = /expanse/lustre/projects/csd940/zalibhai/mariner_hi-c/biomodal/downstream/results/homer_motif_enrichment/A4_hmc_hypo_vs_genome
	Using actual sizes of regions (-size given)
	Fragment size set to given
	Will use repeat masked sequences
	Using 8 CPUs
	Found mset for "mouse", will check against vertebrates motifs
	Peak/BED file conversion summary:
		BED/Header formatted lines: 9532
		peakfile formatted lines: 0

	Peak File Statistics:
		Total Peaks: 9532
		Redundant Peak IDs: 0
		Peaks lacking information: 0 (need at least 5 columns per peak)
		Peaks with misformatted coordinates: 0 (should be integer)
		Peaks with misformatted strand: 0 (should be either +/- or 0/1)

	Peak file looks good!

	Background fragment size set to 64735 (avg size of targets)
	Could not find background files for 64735 bp fragments
	Below are the sizes that are already available prepared.
		65432
		89889
	HOMER will now create background files for 64735 bp fragments
	To CANCEL and rerun with a differet "-size <#>", hit <CTRL+C> now!
		5
		4
		3
		2
		1
	Preparsing genome for 64735 bp fragments...(will probably take 1-5 min)
	preparse size set to 64735

	By default, using /home/zalibhai/homer//data/genomes/mm10//mm10.tss for reference positions
	Output files will be placed in /home/zalibhai/homer//data/genomes/mm10//preparsed//mm10r.64735.* ...
	By default, HOMER will set the the preparsed Directory to be group read/write
	Extracting sequences
	Custom genome sequence directory: /home/zalibhai/homer//data/genomes/mm10//

	Extracting sequences from directory: /home/zalibhai/homer//data/genomes/mm10//
	Extracting 1787 sequences from chr1
	Extracting 2702 sequences from chr2
	Extracting 1521 sequences from chr3
	Extracting 2009 sequences from chr4
	Extracting 1810 sequences from chr5
	Extracting 1687 sequences from chr6
	Extracting 2803 sequences from chr7
	Extracting 1463 sequences from chr8
	Extracting 1736 sequences from chr9
	Extracting 1536 sequences from chr10
	Extracting 2363 sequences from chr11
	Extracting 1068 sequences from chr12
	Extracting 1177 sequences from chr13
	Extracting 1247 sequences from chr14
	Extracting 1204 sequences from chr15
	Extracting 971 sequences from chr16
	Extracting 1581 sequences from chr17
	Extracting 802 sequences from chr18
	Extracting 1025 sequences from chr19
	Extracting 1424 sequences from chrX
	Extracting 251 sequences from chrY
	Extracting 2 sequences from chr1_GL456211_random
	Extracting 3 sequences from chr1_GL456212_random
	Extracting 4 sequences from chr1_GL456221_random
	Extracting 1 sequences from chr4_GL456216_random
	Extracting 13 sequences from chr4_GL456350_random
	Extracting 1 sequences from chr4_JH584292_random
	Extracting 15 sequences from chr4_JH584293_random
	Extracting 9 sequences from chr4_JH584294_random
	Extracting 4 sequences from chr5_GL456354_random
	Extracting 1 sequences from chr5_JH584296_random
	Extracting 2 sequences from chr5_JH584297_random
	Extracting 3 sequences from chr5_JH584298_random
	Extracting 7 sequences from chr5_JH584299_random
	Extracting 4 sequences from chr7_GL456219_random
	Extracting 1 sequences from chrUn_JH584304
	Extracting 4 sequences from chrX_GL456233_random
	Extracting 1 sequences from chrY_JH584300_random
		1005 of 32242 removed because they had >70.00% Ns (i.e. masked repeats)

	Sequences processed:
		Auto detected maximum sequence length of 64735 bp
		31237 total

	Frequency Bins: 0.01 0.02 0.03 0.04 0.05 0.06 0.08 0.1 0.12 0.14 0.16
	Freq	Bin	Count
	0.01	0	9375
	0.02	1	19032
	0.03	2	2754
	0.04	3	64
	0.05	4	11
	0.06	5	1
	Frequency Bins: 0.2 0.25 0.3 0.35 0.4 0.45 0.5 0.6 0.7 0.8
	Freq	Bin	Count
	0.35	3	1167
	0.4	4	5505
	0.45	5	9837
	0.5	6	8368
	0.6	7	6351
	0.7	8	9

	Custom genome sequence directory: /home/zalibhai/homer//data/genomes/mm10//

	Extracting sequences from directory: /home/zalibhai/homer//data/genomes/mm10//
	Extracting 574 sequences from chr1
	Extracting 751 sequences from chr2
	Extracting 465 sequences from chr3
	Extracting 600 sequences from chr4
	Extracting 651 sequences from chr5
	Extracting 491 sequences from chr6
	Extracting 691 sequences from chr7
	Extracting 523 sequences from chr8
	Extracting 540 sequences from chr9
	Extracting 477 sequences from chr10
	Extracting 770 sequences from chr11
	Extracting 342 sequences from chr12
	Extracting 338 sequences from chr13
	Extracting 326 sequences from chr14
	Extracting 346 sequences from chr15
	Extracting 328 sequences from chr16
	Extracting 453 sequences from chr17
	Extracting 291 sequences from chr18
	Extracting 289 sequences from chr19
	Extracting 286 sequences from chrX
	1486 of 9532 removed because they were longer than 100000 bp
		41 of 9532 removed because they had >70.00% Ns (i.e. masked repeats)

	Not removing redundant sequences


	Sequences processed:
		Auto detected maximum sequence length of 12533 bp
		8005 total

	Frequency Bins: 0.2 0.25 0.3 0.35 0.4 0.45 0.5 0.6 0.7 0.8
	Freq	Bin	Count
	0.35	3	180
	0.4	4	1417
	0.45	5	2271
	0.5	6	1921
	0.6	7	2184
	0.7	8	32
	Max distance to merge: direct overlap required (-d given)
	Calculating co-bound peaks relative to reference: /home/zalibhai/homer//data/genomes/mm10//preparsed//mm10r.64735.pos

	Comparing peaks: (peakfile, overlapping peaks, logRatio(obs/expected), logP)
		/expanse/lustre/projects/csd940/zalibhai/mariner_hi-c/biomodal/downstream/results/homer_motif_enrichment/A4_hmc_hypo_vs_genome/targetgiven.pos	20000	0.00	-1.25

	Co-bound by 0 peaks: 12242
	Co-bound by 1 peaks: 20000 (max: 20000 effective total)

	Total sequences set to 100000

	Choosing background that matches in CpG/GC content...
	Bin	# Targets	# Background	Background Weight
	3	180	925	0.278
	4	1417	2587	0.782
	5	2271	3703	0.875
	6	1921	2705	1.013
	7	2184	1457	2.139
	Assembling sequence file...
	Normalizing lower order oligos using homer2

	Reading input files...
	19350 total sequences read
	Autonormalization: 1-mers (4 total)
		A	27.18%	27.41%	0.992
		C	22.82%	22.59%	1.010
		G	22.82%	22.59%	1.010
		T	27.18%	27.41%	0.992
	Autonormalization: 2-mers (16 total)
		AA	8.15%	8.08%	1.009
		CA	7.44%	7.60%	0.978
		GA	6.09%	6.30%	0.966
		TA	5.51%	5.42%	1.015
		AC	5.45%	5.32%	1.024
		CC	6.16%	6.14%	1.003
		GC	5.12%	4.83%	1.061
		TC	6.09%	6.30%	0.966
		AG	7.64%	7.67%	0.997
		CG	1.58%	1.18%	1.340
		GG	6.16%	6.14%	1.003
		TG	7.44%	7.60%	0.978
		AT	5.94%	6.34%	0.938
		CT	7.64%	7.67%	0.997
		GT	5.45%	5.32%	1.024
		TT	8.15%	8.08%	1.009
	Autonormalization: 3-mers (64 total)
	Normalization weights can be found in file: /expanse/lustre/projects/csd940/zalibhai/mariner_hi-c/biomodal/downstream/results/homer_motif_enrichment/A4_hmc_hypo_vs_genome/seq.autonorm.tsv
	Converging on autonormalization solution:
	...............................................................................
	Final normalization:	Autonormalization: 1-mers (4 total)
		A	27.18%	27.23%	0.998
		C	22.82%	22.77%	1.002
		G	22.82%	22.77%	1.002
		T	27.18%	27.23%	0.998
	Autonormalization: 2-mers (16 total)
		AA	8.15%	8.04%	1.014
		CA	7.44%	7.56%	0.984
		GA	6.09%	6.28%	0.969
		TA	5.51%	5.34%	1.030
		AC	5.45%	5.32%	1.024
		CC	6.16%	6.24%	0.987
		GC	5.12%	4.93%	1.039
		TC	6.09%	6.28%	0.969
		AG	7.64%	7.67%	0.996
		CG	1.58%	1.30%	1.216
		GG	6.16%	6.24%	0.987
		TG	7.44%	7.56%	0.984
		AT	5.94%	6.19%	0.959
		CT	7.64%	7.67%	0.996
		GT	5.45%	5.32%	1.024
		TT	8.15%	8.04%	1.014
	Autonormalization: 3-mers (64 total)
	Finished preparing sequence/group files

	----------------------------------------------------------
	Known motif enrichment

	Reading input files...
	19350 total sequences read
	472 motifs loaded
	Cache length = 11180
	Using binomial scoring
	Checking enrichment of 472 motif(s)
	|0%                                    50%                                  100%|
	=================================================================================
	Preparing HTML output with sequence logos...
	----------------------------------------------------------
	De novo motif finding (HOMER)

	Number of Trial motifs (-T) set to 8 (from 10) to work well with 8 CPUs
	Scanning input files...
	Parsing sequences...
	|0%                                   50%                                  100%|
	================================================================================
	Total number of Oligos: 32896
	Autoadjustment for sequence coverage in background: 1.99x

	Oligos: 32896 of 34497 max
	Tree  : 67012 of 172485 max
	Optimizing memory usage...
	Cache length = 11180
	Using binomial scoring

	Global Optimization Phase: Looking for enriched oligos with up to 2 mismatches...

	Screening oligos 32896 (allowing 0 mismatches):
	|0%                                   50%                                  100%|
	================================================================================
		0.00% skipped, 100.00% checked (32896 of 32896), of those checked:
		0.00% not in target, 0.00% increased p-value, 0.00% high p-value

	Screening oligos 32896 (allowing 1 mismatches):
	|0%                                   50%                                  100%|
	================================================================================
		0.00% skipped, 100.00% checked (32896 of 32896), of those checked:
		0.00% not in target, 39.08% increased p-value, 10.03% high p-value

	Screening oligos 32896 (allowing 2 mismatches):
	|0%                                   50%                                  100%|
	================================================================================
		44.69% skipped, 55.31% checked (18194 of 32896), of those checked:
		0.00% not in target, 47.96% increased p-value, 0.00% high p-value
	Reading input files...
	19350 total sequences read
	Cache length = 11180
	Using binomial scoring

	Local Optimization Phase:
	1 of 25 Initial Sequence: TTTAAGTA... (-461.953)
		Round 1: -461.95 TTTAAGTA T:11455.5(76.23%),B:19984.5(60.19%),P:1e-200
		Round 2: -461.95 TTTAAGTA T:11455.5(76.23%),B:19984.5(60.19%),P:1e-200
		=Final=: 0.00 TTTAAGTA T:4330.0(54.31%),B:8370.5(76.68%),P:1e0
		Performing exhaustive masking of motif...
		Reprioritizing potential motifs...
	2 of 25 Initial Sequence: TAAGTTTT... (-445.435)
		Round 1: -445.44 TAAGTTTT T:12687.9(79.63%),B:22403.7(64.39%),P:1e-193
		Round 2: -445.44 TAAGTTTT T:12687.9(79.63%),B:22403.7(64.39%),P:1e-193
		=Final=: 0.00 TAAGTTTT T:4661.0(58.46%),B:8661.1(79.34%),P:1e0
		Performing exhaustive masking of motif...
		Reprioritizing potential motifs...
	3 of 25 Initial Sequence: AAATACTA... (-437.493)
		Round 1: -457.87 TACTAGTA T:10275.5(72.44%),B:17854.2(56.08%),P:1e-198
		Round 2: -464.61 AAGTAGTA T:15034.6(84.83%),B:26301.1(70.25%),P:1e-201
		Round 3: -464.61 AAGTAGTA T:15034.6(84.83%),B:26301.1(70.25%),P:1e-201
		=Final=: 0.00 AAGTAGTA T:3173.0(39.80%),B:5884.8(53.91%),P:1e0
		Performing exhaustive masking of motif...
		Reprioritizing potential motifs...
	4 of 25 Initial Sequence: AGTATTTT... (-410.269)
		Round 1: -410.27 AGTATTTT T:16576.5(87.50%),B:29722.2(74.59%),P:1e-178
		Round 2: -410.27 AGTATTTT T:16576.5(87.50%),B:29722.2(74.59%),P:1e-178
		=Final=: 0.00 AGTATTTT T:5025.0(63.03%),B:9419.3(86.29%),P:1e0
		Performing exhaustive masking of motif...
		Reprioritizing potential motifs...
	5 of 25 Initial Sequence: TTTTAGTA... (-401.232)
		Round 1: -401.23 TTTTAGTA T:9569.6(69.89%),B:17059.3(54.44%),P:1e-174
		Round 2: -401.23 TTTTAGTA T:9569.6(69.89%),B:17059.3(54.44%),P:1e-174
		=Final=: 0.00 TTTTAGTA T:4039.0(50.66%),B:7764.2(71.13%),P:1e0
		Performing exhaustive masking of motif...
		Reprioritizing potential motifs...
	6 of 25 Initial Sequence: TAAAAGTA... (-392.193)
		Round 1: -392.19 TAAAAGTA T:12820.4(79.97%),B:23291.8(65.82%),P:1e-170
		Round 2: -392.19 TAAAAGTA T:12820.4(79.97%),B:23291.8(65.82%),P:1e-170
		=Final=: 0.00 TAAAAGTA T:4572.0(57.34%),B:8766.6(80.31%),P:1e0
		Performing exhaustive masking of motif...
		Reprioritizing potential motifs...
	7 of 25 Initial Sequence: AGTTTTTA... (-377.462)
		Round 1: -377.46 AGTTTTTA T:14120.8(82.99%),B:25874.0(69.65%),P:1e-163
		Round 2: -377.46 AGTTTTTA T:14120.8(82.99%),B:25874.0(69.65%),P:1e-163
		=Final=: 0.00 AGTTTTTA T:4906.0(61.53%),B:9259.4(84.82%),P:1e0
		Performing exhaustive masking of motif...
		Reprioritizing potential motifs...
	8 of 25 Initial Sequence: TACTTTTT... (-373.780)
		Round 1: -373.78 TACTTTTT T:16483.8(87.35%),B:30146.6(75.08%),P:1e-162
		Round 2: -373.78 TACTTTTT T:16483.8(87.35%),B:30146.6(75.08%),P:1e-162
		=Final=: 0.00 TACTTTTT T:5187.0(65.06%),B:9646.4(88.37%),P:1e0
		Performing exhaustive masking of motif...
		Reprioritizing potential motifs...
	9 of 25 Initial Sequence: GTTTTTTG... (-370.844)
		Round 1: -370.84 GTTTTTTG T:12670.5(79.59%),B:23277.7(65.80%),P:1e-161
		Round 2: -370.84 GTTTTTTG T:12670.5(79.59%),B:23277.7(65.80%),P:1e-161
		=Final=: 0.00 GTTTTTTG T:5044.0(63.26%),B:9156.6(83.88%),P:1e0
		Performing exhaustive masking of motif...
		Reprioritizing potential motifs...
	10 of 25 Initial Sequence: TTAAGTTA... (-359.577)
		Round 1: -359.58 TTAAGTTA T:7942.1(63.07%),B:14271.8(48.20%),P:1e-156
		Round 2: -359.58 TTAAGTTA T:7942.1(63.07%),B:14271.8(48.20%),P:1e-156
		=Final=: 0.00 TTAAGTTA T:3812.0(47.81%),B:7258.1(66.49%),P:1e0
		Performing exhaustive masking of motif...
		Reprioritizing potential motifs...
	11 of 25 Initial Sequence: TTAAAGTA... (-357.918)
		Round 1: -357.92 TTAAAGTA T:10779.3(74.13%),B:19844.7(59.93%),P:1e-155
		Round 2: -357.92 TTAAAGTA T:10779.3(74.13%),B:19844.7(59.93%),P:1e-155
		=Final=: 0.00 TTAAAGTA T:4331.0(54.32%),B:8323.3(76.25%),P:1e0
		Performing exhaustive masking of motif...
		Reprioritizing potential motifs...
	12 of 25 Initial Sequence: AACTTTTT... (-349.695)
		Round 1: -349.69 AACTTTTT T:15099.0(84.95%),B:28077.7(72.58%),P:1e-151
		Round 2: -349.69 AACTTTTT T:15099.0(84.95%),B:28077.7(72.58%),P:1e-151
		=Final=: 0.00 AACTTTTT T:5116.0(64.17%),B:9479.0(86.84%),P:1e0
		Performing exhaustive masking of motif...
		Reprioritizing potential motifs...
	13 of 25 Initial Sequence: AACAGTAA... (-341.767)
		Round 1: -341.77 AACAGTAA T:10819.9(74.26%),B:20108.4(60.42%),P:1e-148
		Round 2: -341.77 AACAGTAA T:10819.9(74.26%),B:20108.4(60.42%),P:1e-148
		=Final=: 0.00 AACAGTAA T:4583.0(57.48%),B:8724.6(79.92%),P:1e0
		Performing exhaustive masking of motif...
		Reprioritizing potential motifs...
	14 of 25 Initial Sequence: TAAAACTA... (-333.358)
		Round 1: -407.72 WAMTACTA T:8872.4(67.14%),B:15657.1(51.40%),P:1e-177
		Round 2: -407.72 WAMTACTA T:8872.4(67.14%),B:15657.1(51.40%),P:1e-177
		=Final=: 0.00 WAMTACTA T:2593.0(32.52%),B:4780.9(43.80%),P:1e0
		Performing exhaustive masking of motif...
		Reprioritizing potential motifs...
	15 of 25 Initial Sequence: GTTTTTTA... (-328.795)
		Round 1: -328.79 GTTTTTTA T:11768.9(77.15%),B:22108.6(63.90%),P:1e-142
		Round 2: -328.79 GTTTTTTA T:11768.9(77.15%),B:22108.6(63.90%),P:1e-142
		=Final=: 0.00 GTTTTTTA T:4688.0(58.80%),B:8945.8(81.95%),P:1e0
		Performing exhaustive masking of motif...
		Reprioritizing potential motifs...
	16 of 25 Initial Sequence: TACTGTAA... (-319.827)
		Round 1: -344.11 TACTWTAA T:12644.6(79.52%),B:23586.2(66.28%),P:1e-149
		Round 2: -344.11 TACTWTAA T:12644.6(79.52%),B:23586.2(66.28%),P:1e-149
		=Final=: 0.00 TACTWTAA T:3091.0(38.77%),B:6164.7(56.47%),P:1e0
		Performing exhaustive masking of motif...
		Reprioritizing potential motifs...
	17 of 25 Initial Sequence: TTTATAAA... (-318.822)
		Round 1: -318.82 TTTATAAA T:10550.1(73.37%),B:19857.0(59.96%),P:1e-138
		Round 2: -318.82 TTTATAAA T:10550.1(73.37%),B:19857.0(59.96%),P:1e-138
		=Final=: 0.00 TTTATAAA T:4253.0(53.34%),B:8119.0(74.38%),P:1e0
		Performing exhaustive masking of motif...
		Reprioritizing potential motifs...
	18 of 25 Initial Sequence: TTTTAGTT... (-307.495)
		Round 1: -307.49 TTTTAGTT T:13235.5(80.99%),B:25249.3(68.77%),P:1e-133
		Round 2: -307.49 TTTTAGTT T:13235.5(80.99%),B:25249.3(68.77%),P:1e-133
		=Final=: 0.00 TTTTAGTT T:4772.0(59.85%),B:9200.0(84.28%),P:1e0
		Performing exhaustive masking of motif...
		Reprioritizing potential motifs...
	19 of 25 Initial Sequence: TAACTTTA... (-291.806)
		Round 1: -291.81 TAACTTTA T:8885.5(67.19%),B:16834.9(53.97%),P:1e-126
		Round 2: -291.81 TAACTTTA T:8885.5(67.19%),B:16834.9(53.97%),P:1e-126
		=Final=: 0.00 TAACTTTA T:4050.0(50.80%),B:7808.8(71.54%),P:1e0
		Performing exhaustive masking of motif...
		Reprioritizing potential motifs...
	20 of 25 Initial Sequence: ACTGTTAA... (-285.116)
		Round 1: -285.12 ACTGTTAA T:7254.1(59.74%),B:13565.2(46.48%),P:1e-123
		Round 2: -285.12 ACTGTTAA T:7254.1(59.74%),B:13565.2(46.48%),P:1e-123
		=Final=: 0.00 ACTGTTAA T:3816.0(47.86%),B:7499.6(68.70%),P:1e0
		Performing exhaustive masking of motif...
		Reprioritizing potential motifs...
	21 of 25 Initial Sequence: GTAAGTAA... (-284.248)
		Round 1: -284.25 GTAAGTAA T:6242.8(54.29%),B:11487.7(41.11%),P:1e-123
		Round 2: -284.25 GTAAGTAA T:6242.8(54.29%),B:11487.7(41.11%),P:1e-123
		=Final=: 0.00 GTAAGTAA T:3446.0(43.22%),B:6778.5(62.10%),P:1e0
		Performing exhaustive masking of motif...
		Reprioritizing potential motifs...
	22 of 25 Initial Sequence: AACTTTTA... (-281.325)
		Round 1: -281.32 AACTTTTA T:12282.7(78.57%),B:23784.5(66.59%),P:1e-122
		Round 2: -281.32 AACTTTTA T:12282.7(78.57%),B:23784.5(66.59%),P:1e-122
		=Final=: 0.00 AACTTTTA T:4694.0(58.87%),B:8913.8(81.66%),P:1e0
		Performing exhaustive masking of motif...
		Reprioritizing potential motifs...
	23 of 25 Initial Sequence: TTAAAAAC... (-281.134)
		Round 1: -281.13 TTAAAAAC T:14874.8(84.52%),B:28814.1(73.50%),P:1e-122
		Round 2: -281.13 TTAAAAAC T:14874.8(84.52%),B:28814.1(73.50%),P:1e-122
		=Final=: 0.00 TTAAAAAC T:5146.0(64.54%),B:9624.0(88.16%),P:1e0
		Performing exhaustive masking of motif...
		Reprioritizing potential motifs...
	24 of 25 Initial Sequence: TAATACTT... (-271.757)
		Round 1: -271.76 TAATACTT T:6314.8(54.70%),B:11745.4(41.80%),P:1e-118
		Round 2: -271.76 TAATACTT T:6314.8(54.70%),B:11745.4(41.80%),P:1e-118
		=Final=: 0.00 TAATACTT T:3373.0(42.31%),B:6448.6(59.07%),P:1e0
		Performing exhaustive masking of motif...
		Reprioritizing potential motifs...
	25 of 25 Initial Sequence: AATTACTA... (-269.411)
		Round 1: -269.41 AATTACTA T:6184.3(53.96%),B:11497.0(41.13%),P:1e-117
		Round 2: -269.41 AATTACTA T:6184.3(53.96%),B:11497.0(41.13%),P:1e-117
		=Final=: 0.00 AATTACTA T:3242.0(40.66%),B:6415.6(58.77%),P:1e0
		Performing exhaustive masking of motif...
		Reprioritizing potential motifs...

	Finalizing Enrichment Statistics (new in v3.4)
	Reading input files...
	19350 total sequences read
	Cache length = 11180
	Using binomial scoring
	Checking enrichment of 25 motif(s)
	|0%                                    50%                                  100%|
	=================================================================================
	Output in file: /expanse/lustre/projects/csd940/zalibhai/mariner_hi-c/biomodal/downstream/results/homer_motif_enrichment/A4_hmc_hypo_vs_genome/homerMotifs.motifs8


	Number of Trial motifs (-T) set to 8 (from 10) to work well with 8 CPUs
	Scanning input files...
	Parsing sequences...
	|0%                                   50%                                  100%|
	================================================================================
	Total number of Oligos: 524799
	Autoadjustment for sequence coverage in background: 1.99x

	Oligos: 524799 of 551887 max
	Tree  : 1068868 of 2759435 max
	Optimizing memory usage...
	Cache length = 11180
	Using binomial scoring

	Global Optimization Phase: Looking for enriched oligos with up to 2 mismatches...

	Screening oligos 524799 (allowing 0 mismatches):
	|0%                                   50%                                  100%|
	================================================================================
		0.01% skipped, 99.99% checked (524762 of 524799), of those checked:
		0.01% not in target, 0.00% increased p-value, 0.00% high p-value

	Screening oligos 524799 (allowing 1 mismatches):
	|0%                                   50%                                  100%|
	================================================================================
		0.01% skipped, 99.99% checked (524762 of 524799), of those checked:
		0.00% not in target, 54.28% increased p-value, 45.71% high p-value

	Screening oligos 524799 (allowing 2 mismatches):
	|0%                                   50%                                  100%|
	================================================================================
		61.93% skipped, 38.07% checked (199783 of 524799), of those checked:
		0.00% not in target, 31.51% increased p-value, 0.00% high p-value
	Reading input files...
	19350 total sequences read
	Cache length = 11180
	Using binomial scoring

	Local Optimization Phase:
	1 of 25 Initial Sequence: AAACAAAAAA... (-528.314)
		Round 1: -539.77 AAACTAAAAA T:13302.3(81.15%),B:22441.7(64.46%),P:1e-234
		Round 2: -539.77 AAACTAAAAA T:13302.3(81.15%),B:22441.7(64.46%),P:1e-234
		=Final=: 0.00 AAACTAAAAA T:1645.0(20.63%),B:2925.4(26.80%),P:1e0
		Performing exhaustive masking of motif...
		Reprioritizing potential motifs...
	2 of 25 Initial Sequence: AGTAGTACTT... (-511.993)
		Round 1: -655.27 AGTAGTACTT T:7276.1(59.85%),B:11005.7(39.79%),P:1e-284
		Round 2: -655.27 AGTAGTACTT T:7276.1(59.85%),B:11005.7(39.79%),P:1e-284
		=Final=: -0.35 AGTAGTACTT T:386.0(4.84%),B:542.6(4.97%),P:1e0
		Performing exhaustive masking of motif...
		Reprioritizing potential motifs...
	3 of 25 Initial Sequence: TAGTACTTTA... (-488.431)
		Round 1: -638.88 TAGTACTTTA T:7266.9(59.80%),B:11076.4(39.98%),P:1e-277
		Round 2: -638.88 TAGTACTTTA T:7266.9(59.80%),B:11076.4(39.98%),P:1e-277
		=Final=: -0.04 TAGTACTTTA T:464.0(5.82%),B:686.6(6.29%),P:1e0
		Performing exhaustive masking of motif...
		Reprioritizing potential motifs...
	4 of 25 Initial Sequence: TTTTTGTTTT... (-481.752)
		Round 1: -481.75 TTTTTGTTTT T:13997.0(82.72%),B:24295.0(67.37%),P:1e-209
		Round 2: -481.75 TTTTTGTTTT T:13997.0(82.72%),B:24295.0(67.37%),P:1e-209
		=Final=: 0.00 TTTTTGTTTT T:4979.0(62.45%),B:9022.0(82.65%),P:1e0
		Performing exhaustive masking of motif...
		Reprioritizing potential motifs...
	5 of 25 Initial Sequence: AAAAGTACTA... (-451.814)
		Round 1: -508.11 WAAAGTACTA T:6896.9(57.89%),B:11162.2(40.22%),P:1e-220
		Round 2: -587.00 TAAAGTACTA T:7260.8(59.77%),B:11357.2(40.76%),P:1e-254
		Round 3: -590.66 WAAAGTATTA T:7107.4(58.99%),B:11059.6(39.94%),P:1e-256
		Round 4: -608.82 AAAAGTASTA T:7213.0(59.53%),B:11147.7(40.18%),P:1e-264
		Round 5: -608.82 AAAAGTASTA T:7213.0(59.53%),B:11147.7(40.18%),P:1e-264
		=Final=: -0.01 AAAAGTASTA T:565.0(7.09%),B:845.4(7.74%),P:1e0
		Performing exhaustive masking of motif...
		Reprioritizing potential motifs...
	6 of 25 Initial Sequence: TTACTAGTTA... (-450.970)
		Round 1: -501.79 TTACTAGTTA T:6911.3(57.97%),B:11232.2(40.42%),P:1e-217
		Round 2: -501.79 TTACTAGTTA T:6911.3(57.97%),B:11232.2(40.42%),P:1e-217
		=Final=: -1.47 TTACTAGTTA T:395.0(4.95%),B:521.5(4.78%),P:1e0
		Performing exhaustive masking of motif...
		Reprioritizing potential motifs...
	7 of 25 Initial Sequence: TTAAGTAGTA... (-445.660)
		Round 1: -570.57 TTAAGTAGTA T:6792.2(57.34%),B:10602.0(38.66%),P:1e-247
		Round 2: -570.57 TTAAGTAGTA T:6792.2(57.34%),B:10602.0(38.66%),P:1e-247
		=Final=: -0.00 TTAAGTAGTA T:461.0(5.78%),B:761.6(6.98%),P:1e0
		Performing exhaustive masking of motif...
		Reprioritizing potential motifs...
	8 of 25 Initial Sequence: TTTAGTAGTA... (-438.963)
		Round 1: -451.25 TTTAGTAGTA T:6612.9(56.37%),B:10990.2(39.75%),P:1e-195
		Round 2: -457.81 TTTAGTAGTA T:6809.8(57.43%),B:11324.0(40.66%),P:1e-198
		Round 3: -487.87 TTTAGTAGTA T:8996.7(67.64%),B:15218.9(50.42%),P:1e-211
		Round 4: -487.87 TTTAGTAGTA T:8996.7(67.64%),B:15218.9(50.42%),P:1e-211
		=Final=: -0.36 TTTAGTAGTA T:421.0(5.28%),B:590.1(5.41%),P:1e0
		Performing exhaustive masking of motif...
		Reprioritizing potential motifs...
	9 of 25 Initial Sequence: TAAGTATTAC... (-409.765)
		Round 1: -467.99 TAAGTATTAC T:6873.6(57.77%),B:11376.4(40.81%),P:1e-203
		Round 2: -487.68 TAAGTATTAC T:6767.0(57.20%),B:11046.2(39.90%),P:1e-211
		Round 3: -487.68 TAAGTATTAC T:6767.0(57.20%),B:11046.2(39.90%),P:1e-211
		=Final=: -0.38 TAAGTATTAC T:340.0(4.26%),B:477.0(4.37%),P:1e0
		Performing exhaustive masking of motif...
		Reprioritizing potential motifs...
	10 of 25 Initial Sequence: TAAACTACTA... (-405.964)
		Round 1: -463.73 TAAACTACTA T:6850.4(57.65%),B:11360.7(40.77%),P:1e-201
		Round 2: -468.78 TAAACTACTA T:6739.3(57.06%),B:11118.7(40.10%),P:1e-203
		Round 3: -473.09 WAAACTACTA T:6960.0(58.23%),B:11506.2(41.16%),P:1e-205
		Round 4: -473.09 WAAACTACTA T:6960.0(58.23%),B:11506.2(41.16%),P:1e-205
		=Final=: -0.00 WAAACTACTA T:427.0(5.36%),B:701.3(6.42%),P:1e0
		Performing exhaustive masking of motif...
		Reprioritizing potential motifs...
	11 of 25 Initial Sequence: TACTACTTTA... (-404.793)
		Round 1: -573.62 TACTACTTTA T:7669.0(61.78%),B:12175.5(42.95%),P:1e-249
		Round 2: -573.62 TACTACTTTA T:7669.0(61.78%),B:12175.5(42.95%),P:1e-249
		=Final=: -0.25 TACTACTTTA T:510.0(6.40%),B:721.4(6.61%),P:1e0
		Performing exhaustive masking of motif...
		Reprioritizing potential motifs...
	12 of 25 Initial Sequence: TACAGTATTA... (-393.768)
		Round 1: -498.20 TACAGTATTA T:6880.3(57.81%),B:11196.2(40.32%),P:1e-216
		Round 2: -498.20 TACAGTATTA T:6880.3(57.81%),B:11196.2(40.32%),P:1e-216
		=Final=: -0.00 TACAGTATTA T:488.0(6.12%),B:773.1(7.08%),P:1e0
		Performing exhaustive masking of motif...
		Reprioritizing potential motifs...
	13 of 25 Initial Sequence: TAGTAGTATT... (-392.839)
		Round 1: -443.00 TAGTAGTATT T:6352.9(54.92%),B:10544.6(38.49%),P:1e-192
		Round 2: -447.03 TAGTAGTATT T:6219.9(54.16%),B:10265.2(37.70%),P:1e-194
		Round 3: -447.03 TAGTAGTATT T:6219.9(54.16%),B:10265.2(37.70%),P:1e-194
		=Final=: -0.19 TAGTAGTATT T:346.0(4.34%),B:497.8(4.56%),P:1e0
		Performing exhaustive masking of motif...
		Reprioritizing potential motifs...
	14 of 25 Initial Sequence: GTAAGTACTA... (-391.381)
		Round 1: -445.56 GTAAGTACTA T:6547.5(56.01%),B:10901.6(39.50%),P:1e-193
		Round 2: -490.35 KTAAGTACTW T:7218.8(59.56%),B:11878.6(42.16%),P:1e-212
		Round 3: -517.82 TTAAGTWYTA T:7358.1(60.26%),B:11959.5(42.38%),P:1e-224
		Round 4: -522.17 TTAAGTWTTW T:7026.3(58.57%),B:11319.5(40.65%),P:1e-226
		Round 5: -536.59 TTAAGTWTTW T:7073.4(58.82%),B:11316.6(40.65%),P:1e-233
		Round 6: -536.59 TTAAGTWTTW T:7073.4(58.82%),B:11316.6(40.65%),P:1e-233
		=Final=: 0.00 TTAAGTWTTW T:1176.0(14.75%),B:2040.2(18.69%),P:1e0
		Performing exhaustive masking of motif...
		Reprioritizing potential motifs...
	15 of 25 Initial Sequence: TTAAGTATTA... (-385.913)
		Round 1: -538.38 TTAAGTATTA T:6933.1(58.09%),B:11049.7(39.91%),P:1e-233
		Round 2: -538.38 TTAAGTATTA T:6933.1(58.09%),B:11049.7(39.91%),P:1e-233
		=Final=: -0.00 TTAAGTATTA T:581.0(7.29%),B:971.5(8.90%),P:1e0
		Performing exhaustive masking of motif...
		Reprioritizing potential motifs...
	16 of 25 Initial Sequence: TATAGTAAGT... (-383.473)
		Round 1: -421.74 TATAGTAAGT T:6468.0(55.57%),B:10906.3(39.51%),P:1e-183
		Round 2: -437.23 TATAGTAAGT T:7199.6(59.46%),B:12209.6(43.04%),P:1e-189
		Round 3: -437.23 TATAGTAAGT T:7199.6(59.46%),B:12209.6(43.04%),P:1e-189
		=Final=: -0.00 TATAGTAAGT T:434.0(5.44%),B:733.2(6.72%),P:1e0
		Performing exhaustive masking of motif...
		Reprioritizing potential motifs...
	17 of 25 Initial Sequence: TACTAAACTA... (-380.056)
		Round 1: -420.04 TACTAAACTA T:6784.2(57.30%),B:11530.1(41.23%),P:1e-182
		Round 2: -420.04 TACTAAACTA T:6784.2(57.30%),B:11530.1(41.23%),P:1e-182
		=Final=: -0.00 TACTAAACTA T:335.0(4.20%),B:581.3(5.32%),P:1e0
		Performing exhaustive masking of motif...
		Reprioritizing potential motifs...
	18 of 25 Initial Sequence: TACTGTAGTA... (-376.179)
		Round 1: -431.82 TACTGTAGTA T:6588.9(56.24%),B:11070.3(39.97%),P:1e-187
		Round 2: -440.31 TACTGTAGTA T:6226.7(54.20%),B:10320.1(37.86%),P:1e-191
		Round 3: -467.80 TACTGTAKTA T:6718.6(56.94%),B:11085.3(40.01%),P:1e-203
		Round 4: -467.80 TACTGTAKTA T:6718.6(56.94%),B:11085.3(40.01%),P:1e-203
		=Final=: -0.00 TACTGTAKTA T:360.0(4.52%),B:594.4(5.45%),P:1e0
		Performing exhaustive masking of motif...
		Reprioritizing potential motifs...
	19 of 25 Initial Sequence: AAAACTAGTA... (-375.209)
		Round 1: -472.03 AAAACTAGTA T:5850.2(51.99%),B:9416.8(35.21%),P:1e-204
		Round 2: -505.88 AAAACTACTA T:7497.6(60.95%),B:12297.9(43.27%),P:1e-219
		Round 3: -516.54 AAAASTACTA T:7244.5(59.69%),B:11759.7(41.85%),P:1e-224
		Round 4: -551.90 AAAABTACTA T:7277.9(59.86%),B:11597.8(41.41%),P:1e-239
		Round 5: -551.90 AAAABTACTA T:7277.9(59.86%),B:11597.8(41.41%),P:1e-239
		=Final=: -0.00 AAAABTACTA T:562.0(7.05%),B:878.6(8.05%),P:1e0
		Performing exhaustive masking of motif...
		Reprioritizing potential motifs...
	20 of 25 Initial Sequence: ACTAACTTTA... (-374.579)
		Round 1: -447.63 ACTAACTTTA T:7107.1(58.99%),B:11958.1(42.38%),P:1e-194
		Round 2: -460.92 ASTAACTTTW T:7542.3(61.17%),B:12693.3(44.30%),P:1e-200
		Round 3: -462.37 AGTAAYTTTW T:6921.4(58.03%),B:11504.2(41.16%),P:1e-200
		Round 4: -486.38 AGTAABTTTW T:6904.2(57.94%),B:11316.8(40.65%),P:1e-211
		Round 5: -489.53 AGTAAKTTTT T:6918.5(58.01%),B:11323.8(40.66%),P:1e-212
		Round 6: -489.53 AGTAAKTTTT T:6918.5(58.01%),B:11323.8(40.66%),P:1e-212
		=Final=: 0.00 AGTAAKTTTT T:1193.0(14.96%),B:2051.8(18.80%),P:1e0
		Performing exhaustive masking of motif...
		Reprioritizing potential motifs...
	21 of 25 Initial Sequence: TAGTATACTT... (-371.799)
		Round 1: -371.80 TAGTATACTT T:11307.9(75.79%),B:20690.9(61.47%),P:1e-161
		Round 2: -371.80 TAGTATACTT T:11307.9(75.79%),B:20690.9(61.47%),P:1e-161
		=Final=: -0.00 TAGTATACTT T:319.0(4.00%),B:596.1(5.46%),P:1e0
		Performing exhaustive masking of motif...
		Reprioritizing potential motifs...
	22 of 25 Initial Sequence: TAACTGTTAA... (-367.529)
		Round 1: -466.21 TAACTKTTAA T:7508.8(61.01%),B:12587.6(44.02%),P:1e-202
		Round 2: -469.15 TAACTTTTAA T:7466.4(60.80%),B:12489.5(43.77%),P:1e-203
		Round 3: -519.13 TAACWGTTWA T:7064.9(58.77%),B:11405.6(40.89%),P:1e-225
		Round 4: -519.13 TAACWGTTWA T:7064.9(58.77%),B:11405.6(40.89%),P:1e-225
		=Final=: 0.00 TAACWGTTWA T:1122.0(14.07%),B:1912.9(17.52%),P:1e0
		Performing exhaustive masking of motif...
		Reprioritizing potential motifs...
	23 of 25 Initial Sequence: TACTTTAGTA... (-366.219)
		Round 1: -465.74 TACTTTAGTA T:6744.4(57.08%),B:11147.7(40.18%),P:1e-202
		Round 2: -465.74 TACTTTAGTA T:6744.4(57.08%),B:11147.7(40.18%),P:1e-202
		=Final=: -0.01 TACTTTAGTA T:443.0(5.56%),B:676.6(6.20%),P:1e0
		Performing exhaustive masking of motif...
		Reprioritizing potential motifs...
	24 of 25 Initial Sequence: TTTTAGTAGT... (-364.745)
		Round 1: -422.54 TTTTAGTAGT T:6721.6(56.96%),B:11391.6(40.85%),P:1e-183
		Round 2: -488.14 TTTTAGTABT T:7383.3(60.39%),B:12202.9(43.02%),P:1e-211
		Round 3: -488.14 TTTTAGTABT T:7383.3(60.39%),B:12202.9(43.02%),P:1e-211
		=Final=: -0.02 TTTTAGTABT T:382.0(4.79%),B:581.4(5.33%),P:1e0
		Performing exhaustive masking of motif...
		Reprioritizing potential motifs...
	25 of 25 Initial Sequence: TAACAGTATT... (-363.300)
		Round 1: -460.51 TAACAGTATT T:5874.4(52.13%),B:9525.4(35.54%),P:1e-199
		Round 2: -460.51 TAACAGTATT T:5874.4(52.13%),B:9525.4(35.54%),P:1e-199
		=Final=: -0.00 TAACAGTATT T:539.0(6.76%),B:930.4(8.52%),P:1e0
		Performing exhaustive masking of motif...
		Reprioritizing potential motifs...

	Finalizing Enrichment Statistics (new in v3.4)
	Reading input files...
	19350 total sequences read
	Cache length = 11180
	Using binomial scoring
	Checking enrichment of 25 motif(s)
	|0%                                    50%                                  100%|
	=================================================================================
	Output in file: /expanse/lustre/projects/csd940/zalibhai/mariner_hi-c/biomodal/downstream/results/homer_motif_enrichment/A4_hmc_hypo_vs_genome/homerMotifs.motifs10


	Number of Trial motifs (-T) set to 8 (from 10) to work well with 8 CPUs
	-blen automatically set to 2
	Scanning input files...
	Parsing sequences...
	|0%                                   50%                                  100%|
	================================================================================
	Total number of Oligos: 8191925
	Autoadjustment for sequence coverage in background: 1.99x

	Oligos: 8191925 of 8830118 max
	Tree  : 16799444 of 44150590 max
	Optimizing memory usage...
	Cache length = 11180
	Using binomial scoring

	Global Optimization Phase: Looking for enriched oligos with up to 2 mismatches...

	Screening oligos 8191925 (allowing 0 mismatches):
	|0%                                   50%                                  100%|
	================================================================================
		4.12% skipped, 95.88% checked (7854308 of 8191925), of those checked:
		4.12% not in target, 0.00% increased p-value, 0.00% high p-value

	Screening oligos 8191925 (allowing 1 mismatches):
	|0%                                   50%                                  100%|
	================================================================================
		4.12% skipped, 95.88% checked (7854308 of 8191925), of those checked:
		0.00% not in target, 46.41% increased p-value, 44.91% high p-value

	Screening oligos 8191925 (allowing 2 mismatches):
	|0%                                   50%                                  100%|
	================================================================================
		64.54% skipped, 35.46% checked (2904697 of 8191925), of those checked:
		0.00% not in target, 13.33% increased p-value, 0.00% high p-value
	Reading input files...
	19350 total sequences read
	Cache length = 11180
	Using binomial scoring

	Local Optimization Phase:
	1 of 25 Initial Sequence: AGCTGCATATAG... (-769.645)
		Round 1: -769.65 AGCTGCATATAG T:290.1(3.57%),B:21.4(0.10%),P:1e-334
		Round 2: -769.65 AGCTGCATATAG T:290.1(3.57%),B:21.4(0.10%),P:1e-334
		=Final=: -1.27 AGCTGCATATAG T:18.0(0.23%),B:21.4(0.20%),P:1e0
		Performing exhaustive masking of motif...
		Reprioritizing potential motifs...
	2 of 25 Initial Sequence: GATACACTCTCT... (-698.958)
		Round 1: -698.96 GATACACTCTCT T:308.4(3.79%),B:33.8(0.15%),P:1e-303
		Round 2: -698.96 GATACACTCTCT T:308.4(3.79%),B:33.8(0.15%),P:1e-303
		=Final=: -0.03 GATACACTCTCT T:16.0(0.20%),B:33.8(0.31%),P:1e0
		Performing exhaustive masking of motif...
		Reprioritizing potential motifs...
	3 of 25 Initial Sequence: TAGGTGTAGACG... (-550.230)
		Round 1: -573.36 TAGGTGTAGACG T:120.7(1.49%),B:2.9(0.01%),P:1e-249
		Round 2: -573.36 TAGGTGTAGACG T:120.7(1.49%),B:2.9(0.01%),P:1e-249
		=Final=: -14.67 TAGGTGTAGACG T:11.0(0.14%),B:2.9(0.03%),P:1e-6
		Performing exhaustive masking of motif...
		Reprioritizing potential motifs...
	4 of 25 Initial Sequence: TTTTTAGTTTTT... (-524.985)
		Round 1: -531.92 TTTTTAGTTTTT T:6932.0(58.08%),B:11080.5(40.00%),P:1e-231
		Round 2: -581.25 TTTTWAGTTTTT T:8944.5(67.43%),B:14423.7(48.57%),P:1e-252
		Round 3: -581.25 TTTTWAGTTTTT T:8944.5(67.43%),B:14423.7(48.57%),P:1e-252
		=Final=: -0.76 TTTTWAGTTTTT T:378.0(4.74%),B:515.6(4.72%),P:1e0
		Performing exhaustive masking of motif...
		Reprioritizing potential motifs...
	5 of 25 Initial Sequence: TAGTAGTACTTT... (-504.328)
		Round 1: -653.58 TAGTAGTACTTT T:7207.8(59.50%),B:10890.9(39.47%),P:1e-283
		Round 2: -666.87 TAGTAGTACTTT T:7241.3(59.68%),B:10880.6(39.45%),P:1e-289
		Round 3: -666.87 TAGTAGTACTTT T:7241.3(59.68%),B:10880.6(39.45%),P:1e-289
		=Final=: -3.43 TAGTAGTACTTT T:360.0(4.52%),B:447.5(4.10%),P:1e-1
		Performing exhaustive masking of motif...
		Reprioritizing potential motifs...
	6 of 25 Initial Sequence: TTTAAAAACTTA... (-495.976)
		Round 1: -531.18 NTTAAAAACTTN T:7009.7(58.49%),B:11231.3(40.42%),P:1e-230
		Round 2: -572.13 TTTAAAAACTTW T:6203.3(54.07%),B:9519.5(35.52%),P:1e-248
		Round 3: -572.13 TTTAAAAACTTW T:6203.3(54.07%),B:9519.5(35.52%),P:1e-248
		=Final=: -0.00 TTTAAAAACTTW T:988.0(12.39%),B:1505.9(13.79%),P:1e0
		Performing exhaustive masking of motif...
		Reprioritizing potential motifs...
	7 of 25 Initial Sequence: TTAGTAGTACTT... (-487.901)
		Round 1: -640.22 TTAGTAGTACTT T:7125.9(59.09%),B:10813.8(39.26%),P:1e-278
		Round 2: -640.22 TTAGTAGTACTT T:7125.9(59.09%),B:10813.8(39.26%),P:1e-278
		=Final=: -0.36 TTAGTAGTACTT T:52.0(0.65%),B:76.7(0.70%),P:1e0
		Performing exhaustive masking of motif...
		Reprioritizing potential motifs...
	8 of 25 Initial Sequence: TAGTTTTTAAAA... (-462.695)
		Round 1: -494.72 TAGTTTTTAAAA T:6385.5(55.11%),B:10286.4(37.76%),P:1e-214
		Round 2: -494.72 TAGTTTTTAAAA T:6385.5(55.11%),B:10286.4(37.76%),P:1e-214
		=Final=: -0.00 TAGTTTTTAAAA T:441.0(5.53%),B:718.8(6.58%),P:1e0
		Performing exhaustive masking of motif...
		Reprioritizing potential motifs...
	9 of 25 Initial Sequence: TAAAGTACTACT... (-455.762)
		Round 1: -587.76 TAAAGTACTACT T:6881.8(57.81%),B:10666.6(38.85%),P:1e-255
		Round 2: -587.76 TAAAGTACTACT T:6881.8(57.81%),B:10666.6(38.85%),P:1e-255
		=Final=: -11.82 TAAAGTACTACT T:171.0(2.14%),B:165.4(1.52%),P:1e-5
		Performing exhaustive masking of motif...
		Reprioritizing potential motifs...
	10 of 25 Initial Sequence: TTTTTTGGTTTT... (-455.746)
		Round 1: -484.50 TTTTTTGGTTTT T:7215.8(59.55%),B:11910.5(42.25%),P:1e-210
		Round 2: -509.74 TTTTTTGGTTTT T:7901.7(62.88%),B:13020.7(45.13%),P:1e-221
		Round 3: -509.74 TTTTTTGGTTTT T:7901.7(62.88%),B:13020.7(45.13%),P:1e-221
		=Final=: -0.00 TTTTTTGGTTTT T:895.0(11.23%),B:1428.6(13.09%),P:1e0
		Performing exhaustive masking of motif...
		Reprioritizing potential motifs...
	11 of 25 Initial Sequence: TTTTTGGTTTTT... (-454.068)
		Round 1: -454.07 TTTTTGGTTTTT T:15241.4(85.22%),B:26785.4(70.91%),P:1e-197
		Round 2: -454.07 TTTTTGGTTTTT T:15241.4(85.22%),B:26785.4(70.91%),P:1e-197
		=Final=: -0.00 TTTTTGGTTTTT T:505.0(6.33%),B:880.0(8.06%),P:1e0
		Performing exhaustive masking of motif...
		Reprioritizing potential motifs...
	12 of 25 Initial Sequence: TTTTGGTTTTTT... (-447.239)
		Round 1: -452.70 TTTTGGTTTTTT T:6056.6(53.22%),B:9916.2(36.69%),P:1e-196
		Round 2: -491.40 KTTTGGKTTTTT T:8201.8(64.25%),B:13707.2(46.85%),P:1e-213
		Round 3: -491.40 KTTTGGKTTTTT T:8201.8(64.25%),B:13707.2(46.85%),P:1e-213
		=Final=: -0.00 KTTTGGKTTTTT T:502.0(6.30%),B:818.6(7.50%),P:1e0
		Performing exhaustive masking of motif...
		Reprioritizing potential motifs...
	13 of 25 Initial Sequence: TACTTTTTTAAA... (-444.033)
		Round 1: -444.03 TACTTTTTTAAA T:8128.2(63.92%),B:13928.9(47.38%),P:1e-192
		Round 2: -444.03 TACTTTTTTAAA T:8128.2(63.92%),B:13928.9(47.38%),P:1e-192
		=Final=: -0.43 TACTTTTTTAAA T:299.0(3.75%),B:418.8(3.84%),P:1e0
		Performing exhaustive masking of motif...
		Reprioritizing potential motifs...
	14 of 25 Initial Sequence: TAACTTTTAAAA... (-444.697)
		Round 1: -506.83 TAACTTTTAAAA T:6910.0(57.96%),B:11194.9(40.32%),P:1e-220
		Round 2: -506.83 TAACTTTTAAAA T:6910.0(57.96%),B:11194.9(40.32%),P:1e-220
		=Final=: -0.01 TAACTTTTAAAA T:753.0(9.44%),B:1118.0(10.24%),P:1e0
		Performing exhaustive masking of motif...
		Reprioritizing potential motifs...
	15 of 25 Initial Sequence: TAGTACTAGTAA... (-432.441)
		Round 1: -447.05 TAGTACTAGTAA T:6501.2(55.76%),B:10802.9(39.23%),P:1e-194
		Round 2: -501.26 TAGTACTAGTAA T:5902.6(52.30%),B:9348.1(35.01%),P:1e-217
		Round 3: -529.41 WAGTACTAGTAA T:6807.3(57.42%),B:10868.5(39.41%),P:1e-229
		Round 4: -556.53 WAGTACTWKTAA T:6824.5(57.51%),B:10740.1(39.05%),P:1e-241
		Round 5: -556.53 WAGTACTWKTAA T:6824.5(57.51%),B:10740.1(39.05%),P:1e-241
		=Final=: -2.70 WAGTACTWKTAA T:21.0(0.26%),B:20.8(0.19%),P:1e-1
		Performing exhaustive masking of motif...
		Reprioritizing potential motifs...
	16 of 25 Initial Sequence: AGTACTACTATA... (-432.127)
		Round 1: -465.48 AGTACTACTATA T:6602.0(56.31%),B:10875.2(39.43%),P:1e-202
		Round 2: -476.63 AGTACTACTATA T:5821.5(51.82%),B:9332.3(34.97%),P:1e-206
		Round 3: -476.63 AGTACTACTATA T:5821.5(51.82%),B:9332.3(34.97%),P:1e-206
		=Final=: -1.01 AGTACTACTATA T:14.0(0.18%),B:17.6(0.16%),P:1e0
		Performing exhaustive masking of motif...
		Reprioritizing potential motifs...
	17 of 25 Initial Sequence: TTTAGTAGTACT... (-428.915)
		Round 1: -479.03 TTTAGTAGTACT T:6026.4(53.04%),B:9703.4(36.07%),P:1e-208
		Round 2: -513.44 TTTAGTAGTACT T:6518.0(55.85%),B:10424.2(38.16%),P:1e-222
		Round 3: -513.44 TTTAGTAGTACT T:6518.0(55.85%),B:10424.2(38.16%),P:1e-222
		=Final=: -0.96 TTTAGTAGTACT T:70.0(0.88%),B:93.0(0.85%),P:1e0
		Performing exhaustive masking of motif...
		Reprioritizing potential motifs...
	18 of 25 Initial Sequence: TACTACTACTAA... (-423.296)
		Round 1: -468.45 TACTACTACTAA T:6243.5(54.30%),B:10178.2(37.45%),P:1e-203
		Round 2: -481.62 TACTACTACTAA T:6611.6(56.36%),B:10790.5(39.19%),P:1e-209
		Round 3: -496.65 TACTACTACTAA T:6485.5(55.67%),B:10464.2(38.27%),P:1e-215
		Round 4: -496.65 TACTACTACTAA T:6485.5(55.67%),B:10464.2(38.27%),P:1e-215
		=Final=: -0.39 TACTACTACTAA T:66.0(0.83%),B:95.8(0.88%),P:1e0
		Performing exhaustive masking of motif...
		Reprioritizing potential motifs...
	19 of 25 Initial Sequence: GACTCGGCTGTA... (-420.140)
		Round 1: -447.97 GACTCGGCTGTA T:98.5(1.22%),B:2.3(0.01%),P:1e-194
		Round 2: -470.43 GACGCGGCTGTA T:102.6(1.27%),B:2.4(0.01%),P:1e-204
		Round 3: -470.43 GACGCGGCTGTA T:102.6(1.27%),B:2.4(0.01%),P:1e-204
		=Final=: -36.17 GACGCGGCTGTA T:20.0(0.25%),B:2.4(0.02%),P:1e-15
		Performing exhaustive masking of motif...
		Reprioritizing potential motifs...
	20 of 25 Initial Sequence: AAACTACTACTA... (-416.871)
		Round 1: -505.52 AAACTACTACTA T:5833.5(51.89%),B:9196.1(34.56%),P:1e-219
		Round 2: -505.52 AAACTACTACTA T:5833.5(51.89%),B:9196.1(34.56%),P:1e-219
		=Final=: -3.63 AAACTACTACTA T:44.0(0.55%),B:44.5(0.41%),P:1e-1
		Performing exhaustive masking of motif...
		Reprioritizing potential motifs...
	21 of 25 Initial Sequence: TACGTAGTTTTT... (-409.931)
		Round 1: -442.07 TACGTAGTTTTT T:6535.7(55.94%),B:10900.0(39.50%),P:1e-191
		Round 2: -451.88 TACGTAGTTTTT T:6544.9(55.99%),B:10853.9(39.37%),P:1e-196
		Round 3: -471.29 TAHKTAGTTTTT T:6533.7(55.93%),B:10710.0(38.97%),P:1e-204
		Round 4: -489.20 TANKTAGTTTTT T:7486.8(60.90%),B:12388.8(43.51%),P:1e-212
		Round 5: -489.20 TANKTAGTTTTT T:7486.8(60.90%),B:12388.8(43.51%),P:1e-212
		=Final=: -0.01 TANKTAGTTTTT T:162.0(2.03%),B:264.3(2.42%),P:1e0
		Performing exhaustive masking of motif...
		Reprioritizing potential motifs...
	22 of 25 Initial Sequence: TAGTAACTAGTA... (-408.684)
		Round 1: -422.64 TAGTAACTAGTA T:6217.6(54.15%),B:10414.9(38.13%),P:1e-183
		Round 2: -476.99 TAGTAACTAGTA T:6436.1(55.39%),B:10490.9(38.35%),P:1e-207
		Round 3: -486.77 TAGTAACTAGTA T:6683.9(56.75%),B:10893.3(39.48%),P:1e-211
		Round 4: -515.30 TAGTAACTAGTA T:6739.3(57.06%),B:10827.3(39.30%),P:1e-223
		Round 5: -515.30 TAGTAACTAGTA T:6739.3(57.06%),B:10827.3(39.30%),P:1e-223
		=Final=: -1.26 TAGTAACTAGTA T:70.0(0.88%),B:89.3(0.82%),P:1e0
		Performing exhaustive masking of motif...
		Reprioritizing potential motifs...
	23 of 25 Initial Sequence: TTTAAGTAGTAC... (-407.377)
		Round 1: -549.88 TTTAAGTAGTAC T:6657.6(56.61%),B:10470.7(38.29%),P:1e-238
		Round 2: -584.75 TTTAAGTAGTAC T:6877.8(57.79%),B:10675.1(38.87%),P:1e-253
		Round 3: -584.75 TTTAAGTAGTAC T:6877.8(57.79%),B:10675.1(38.87%),P:1e-253
		=Final=: -0.42 TTTAAGTAGTAC T:295.0(3.70%),B:413.5(3.79%),P:1e0
		Performing exhaustive masking of motif...
		Reprioritizing potential motifs...
	24 of 25 Initial Sequence: TACTTTTTAAAA... (-404.738)
		Round 1: -404.74 TACTTTTTAAAA T:11130.9(75.24%),B:19984.6(60.20%),P:1e-175
		Round 2: -404.74 TACTTTTTAAAA T:11130.9(75.24%),B:19984.6(60.20%),P:1e-175
		=Final=: 0.00 TACTTTTTAAAA T:715.0(8.97%),B:1300.1(11.91%),P:1e0
		Performing exhaustive masking of motif...
		Reprioritizing potential motifs...
	25 of 25 Initial Sequence: TTAGTAGTAGTT... (-402.850)
		Round 1: -507.49 TTAGTAGTAGTT T:6493.8(55.71%),B:10412.1(38.12%),P:1e-220
		Round 2: -530.03 TTAGTAGTAGTT T:6794.9(57.35%),B:10839.1(39.33%),P:1e-230
		Round 3: -556.46 TTAGTAGTAGTT T:5897.2(52.27%),B:9044.8(34.10%),P:1e-241
		Round 4: -566.89 TTAGTAGTAGTT T:5687.8(51.00%),B:8611.7(32.77%),P:1e-246
		Round 5: -582.24 TTAGTAGTAGTT T:6968.2(58.27%),B:10856.8(39.38%),P:1e-252
		Round 6: -582.24 TTAGTAGTAGTT T:6968.2(58.27%),B:10856.8(39.38%),P:1e-252
		=Final=: -0.77 TTAGTAGTAGTT T:870.0(10.91%),B:1187.5(10.88%),P:1e0
		Performing exhaustive masking of motif...
		Reprioritizing potential motifs...

	Finalizing Enrichment Statistics (new in v3.4)
	Reading input files...
	19350 total sequences read
	Cache length = 11180
	Using binomial scoring
	Checking enrichment of 25 motif(s)
	|0%                                    50%                                  100%|
	=================================================================================
	Output in file: /expanse/lustre/projects/csd940/zalibhai/mariner_hi-c/biomodal/downstream/results/homer_motif_enrichment/A4_hmc_hypo_vs_genome/homerMotifs.motifs12

	(Motifs in homer2 format)
	Determining similar motifs...	75 reduced to 12 motifs
	Outputing HTML and sequence logos for motif comparison...
	Checking de novo motifs against known motifs...
	Formatting HTML page...
		1 of 12 (1e-15) similar to PB0151.1_Myf6_2/Jaspar(0.665)
		2 of 12 (1e-6) similar to ZSCAN29/MA1602.2/Jaspar(0.759)
		3 of 12 (1e-5) similar to PH0117.1_Nkx3-1/Jaspar(0.660)
		4 of 12 (1e0) similar to PH0040.1_Hmbox1/Jaspar(0.736)
		5 of 12 (1e0) similar to Oct2(POU,Homeobox)/Bcell-Oct2-ChIP-Seq(GSE21512)/Homer(0.639)
		6 of 12 (1e0) similar to Irf1/MA0050.4/Jaspar(0.655)
		7 of 12 (1e0) similar to ZNF384/MA1125.2/Jaspar(0.637)
		8 of 12 (1e0) similar to DMRT3/MA0610.2/Jaspar(0.678)
		9 of 12 (1e0) similar to Foxq1/MA0040.2/Jaspar(0.659)
		10 of 12 (1e0) similar to OVOL1/MA1544.2/Jaspar(0.699)
		11 of 12 (1e0) similar to MF0010.1_Homeobox_class/Jaspar(0.666)
		12 of 12 (1e0) similar to mix-a/MA0621.2/Jaspar(0.733)
	Job finished - if results look good, please send beer to ..

	Cleaning up tmp files...


HOMER completed successfully.
  Significant known motifs (q < 0.05): 0

End time: Mon Jun  1 03:58:42 PDT 2026
=================================================================
