=================================================================
HOMER findMotifsGenome.pl — Single Comparison
=================================================================
Job ID: 49936831
Node: exp-3-29
Start time: Sun May 31 23:04:55 PDT 2026

Arguments:
  Foreground: hmc_hyper_homer.bed
  Background: GENOME
  Output dir: A3_hmc_hyper_vs_genome
=================================================================

Foreground: /expanse/lustre/projects/csd940/zalibhai/mariner_hi-c/biomodal/downstream/results/homer_motif_enrichment/beds/hmc_hyper_homer.bed (1967 regions)
Background: genome (auto-sampled)

Running findMotifsGenome.pl...
  Genome: mm10
  CPUs:   8
  Flags:  -size given -mask
  Start:  Sun May 31 23:05:03 PDT 2026


	Position file = /expanse/lustre/projects/csd940/zalibhai/mariner_hi-c/biomodal/downstream/results/homer_motif_enrichment/beds/hmc_hyper_homer.bed
	Genome = mm10
	Output Directory = /expanse/lustre/projects/csd940/zalibhai/mariner_hi-c/biomodal/downstream/results/homer_motif_enrichment/A3_hmc_hyper_vs_genome
	Using actual sizes of regions (-size given)
	Fragment size set to given
	Will use repeat masked sequences
	Using 8 CPUs
	Found mset for "mouse", will check against vertebrates motifs
	Peak/BED file conversion summary:
		BED/Header formatted lines: 1967
		peakfile formatted lines: 0

	Peak File Statistics:
		Total Peaks: 1967
		Redundant Peak IDs: 0
		Peaks lacking information: 0 (need at least 5 columns per peak)
		Peaks with misformatted coordinates: 0 (should be integer)
		Peaks with misformatted strand: 0 (should be either +/- or 0/1)

	Peak file looks good!

	Background fragment size set to 120024 (avg size of targets)
	Could not find background files for 120024 bp fragments
	Below are the sizes that are already available prepared.
		65432
		89889
	HOMER will now create background files for 120024 bp fragments
	To CANCEL and rerun with a differet "-size <#>", hit <CTRL+C> now!
		5
		4
		3
		2
		1
	Preparsing genome for 120024 bp fragments...(will probably take 1-5 min)
	preparse size set to 120024

	By default, using /home/zalibhai/homer//data/genomes/mm10//mm10.tss for reference positions
	Output files will be placed in /home/zalibhai/homer//data/genomes/mm10//preparsed//mm10r.120024.* ...
	By default, HOMER will set the the preparsed Directory to be group read/write
	Extracting sequences
	Custom genome sequence directory: /home/zalibhai/homer//data/genomes/mm10//

	Extracting sequences from directory: /home/zalibhai/homer//data/genomes/mm10//
	Extracting 1787 sequences from chr1
	Extracting 2702 sequences from chr2
	Extracting 1521 sequences from chr3
	Extracting 2009 sequences from chr4
	Extracting 1810 sequences from chr5
	Extracting 1687 sequences from chr6
	Extracting 2803 sequences from chr7
	Extracting 1463 sequences from chr8
	Extracting 1736 sequences from chr9
	Extracting 1536 sequences from chr10
	Extracting 2363 sequences from chr11
	Extracting 1068 sequences from chr12
	Extracting 1177 sequences from chr13
	Extracting 1247 sequences from chr14
	Extracting 1204 sequences from chr15
	Extracting 971 sequences from chr16
	Extracting 1581 sequences from chr17
	Extracting 802 sequences from chr18
	Extracting 1025 sequences from chr19
	Extracting 1424 sequences from chrX
	Extracting 251 sequences from chrY
	Extracting 2 sequences from chr1_GL456211_random
	Extracting 3 sequences from chr1_GL456212_random
	Extracting 4 sequences from chr1_GL456221_random
	Extracting 1 sequences from chr4_GL456216_random
	Extracting 13 sequences from chr4_GL456350_random
	Extracting 1 sequences from chr4_JH584292_random
	Extracting 15 sequences from chr4_JH584293_random
	Extracting 9 sequences from chr4_JH584294_random
	Extracting 4 sequences from chr5_GL456354_random
	Extracting 1 sequences from chr5_JH584296_random
	Extracting 2 sequences from chr5_JH584297_random
	Extracting 3 sequences from chr5_JH584298_random
	Extracting 7 sequences from chr5_JH584299_random
	Extracting 4 sequences from chr7_GL456219_random
	Extracting 1 sequences from chrUn_JH584304
	Extracting 4 sequences from chrX_GL456233_random
	Extracting 1 sequences from chrY_JH584300_random


!!!!!!!!!!!!!!!!!!!!!!!!!!!!!!!!!!!!!!!!!!!!!!!!!!!!!!!!!!!!!
	Potential Problem with Sequences (ignore if preparsing genome):
	32213 of 32242 removed because they were longer than 100000 bp
		25 of 32242 removed because they had >70.00% Ns (i.e. masked repeats)


!!!!!!!!!!!!!!!!!!!!!!!!!!!!!!!!!!!!!!!!!!!!!!!!!!!!!!!!!!!!!

	Sequences processed:
		Auto detected maximum sequence length of 65942 bp
		4 total

	Frequency Bins: 0.01 0.02 0.03 0.04 0.05 0.06 0.08 0.1 0.12 0.14 0.16
	Freq	Bin	Count
	0.01	0	2
	0.02	1	2
	Frequency Bins: 0.2 0.25 0.3 0.35 0.4 0.45 0.5 0.6 0.7 0.8
	Freq	Bin	Count
	0.45	5	1
	0.5	6	3

!!!! Might have something wrong with preparsed files
!!!! Rerun and add "-preparse" to the command line to force recreation of the files
	Custom genome sequence directory: /home/zalibhai/homer//data/genomes/mm10//

	Extracting sequences from directory: /home/zalibhai/homer//data/genomes/mm10//
	Extracting 160 sequences from chr1
	Extracting 153 sequences from chr2
	Extracting 98 sequences from chr3
	Extracting 103 sequences from chr4
	Extracting 119 sequences from chr5
	Extracting 111 sequences from chr6
	Extracting 153 sequences from chr7
	Extracting 98 sequences from chr8
	Extracting 131 sequences from chr9
	Extracting 76 sequences from chr10
	Extracting 116 sequences from chr11
	Extracting 70 sequences from chr12
	Extracting 77 sequences from chr13
	Extracting 100 sequences from chr14
	Extracting 98 sequences from chr15
	Extracting 50 sequences from chr16
	Extracting 64 sequences from chr17
	Extracting 59 sequences from chr18
	Extracting 78 sequences from chr19
	Extracting 53 sequences from chrX


!!!!!!!!!!!!!!!!!!!!!!!!!!!!!!!!!!!!!!!!!!!!!!!!!!!!!!!!!!!!!
	Potential Problem with Sequences (ignore if preparsing genome):
	642 of 1967 removed because they were longer than 100000 bp
		5 of 1967 removed because they had >70.00% Ns (i.e. masked repeats)


!!!!!!!!!!!!!!!!!!!!!!!!!!!!!!!!!!!!!!!!!!!!!!!!!!!!!!!!!!!!!

	Not removing redundant sequences


	Sequences processed:
		Auto detected maximum sequence length of 32952 bp
		1320 total

	Frequency Bins: 0.2 0.25 0.3 0.35 0.4 0.45 0.5 0.6 0.7 0.8
	Freq	Bin	Count
	0.35	3	13
	0.4	4	114
	0.45	5	331
	0.5	6	402
	0.6	7	454
	0.7	8	6
	Max distance to merge: direct overlap required (-d given)
	Calculating co-bound peaks relative to reference: /home/zalibhai/homer//data/genomes/mm10//preparsed//mm10r.120024.pos

	Comparing peaks: (peakfile, overlapping peaks, logRatio(obs/expected), logP)
		/expanse/lustre/projects/csd940/zalibhai/mariner_hi-c/biomodal/downstream/results/homer_motif_enrichment/A3_hmc_hyper_vs_genome/targetgiven.pos	6409	-0.37	224.28

	Co-bound by 0 peaks: 25833
	Co-bound by 1 peaks: 6409 (max: 6409 effective total)

	Total sequences set to 100000

	Choosing background that matches in CpG/GC content...
	Bin	# Targets	# Background	Background Weight
	5	331	1	1.806
	6	402	3	0.731
	Assembling sequence file...
	Normalizing lower order oligos using homer2

	Reading input files...
	737 total sequences read
	Autonormalization: 1-mers (4 total)
		A	27.29%	27.85%	0.980
		C	22.71%	22.15%	1.025
		G	22.71%	22.15%	1.025
		T	27.29%	27.85%	0.980
	Autonormalization: 2-mers (16 total)
		AA	8.08%	8.33%	0.969
		CA	7.60%	7.68%	0.990
		GA	6.35%	6.59%	0.963
		TA	5.25%	5.23%	1.004
		AC	5.39%	5.34%	1.008
		CC	6.03%	5.94%	1.015
		GC	4.95%	4.29%	1.154
		TC	6.35%	6.59%	0.963
		AG	7.71%	7.72%	0.999
		CG	1.37%	3.13%	0.438
		GG	6.03%	5.94%	1.015
		TG	7.60%	7.68%	0.990
		AT	6.11%	6.43%	0.950
		CT	7.71%	7.72%	0.999
		GT	5.39%	5.34%	1.008
		TT	8.08%	8.33%	0.969
	Autonormalization: 3-mers (64 total)
	Normalization weights can be found in file: /expanse/lustre/projects/csd940/zalibhai/mariner_hi-c/biomodal/downstream/results/homer_motif_enrichment/A3_hmc_hyper_vs_genome/seq.autonorm.tsv
	Converging on autonormalization solution:
	
	Final normalization:	Autonormalization: 1-mers (4 total)
		A	27.29%	27.42%	0.995
		C	22.71%	22.58%	1.006
		G	22.71%	22.58%	1.006
		T	27.29%	27.42%	0.995
	Autonormalization: 2-mers (16 total)
		AA	8.08%	8.10%	0.998
		CA	7.60%	7.66%	0.993
		GA	6.35%	6.60%	0.962
		TA	5.25%	6.07%	0.865
		AC	5.39%	6.07%	0.887
		CC	6.03%	6.19%	0.974
		GC	4.95%	6.07%	0.815
		TC	6.35%	6.60%	0.962
		AG	7.71%	7.83%	0.986
		CG	1.37%	6.07%	0.225
		GG	6.03%	6.19%	0.974
		TG	7.60%	7.66%	0.993
		AT	6.11%	6.17%	0.990
		CT	7.71%	7.83%	0.986
		GT	5.39%	6.07%	0.887
		TT	8.08%	8.10%	0.998
	Autonormalization: 3-mers (64 total)
	Finished preparing sequence/group files

	----------------------------------------------------------
	Known motif enrichment

	Reading input files...
	737 total sequences read
	472 motifs loaded
	Cache length = 11180
	Using binomial scoring
	Checking enrichment of 472 motif(s)
	|0%                                    50%                                  100%|
	=================================================================================
	Preparing HTML output with sequence logos...
		1 of 472 (1e-220) Nanog(Homeobox)/mES-Nanog-ChIP-Seq(GSE11724)/Homer
		2 of 472 (1e-220) Pitx1(Homeobox)/Chicken-Pitx1-ChIP-Seq(GSE38910)/Homer
		3 of 472 (1e-220) SCL(bHLH)/HPC7-Scl-ChIP-Seq(GSE13511)/Homer
		4 of 472 (1e-220) Tgif1(Homeobox)/mES-Tgif1-ChIP-Seq(GSE55404)/Homer
		5 of 472 (1e-220) Tgif2(Homeobox)/mES-Tgif2-ChIP-Seq(GSE55404)/Homer
		6 of 472 (1e-220) THRb(NR)/Liver-NR1A2-ChIP-Seq(GSE52613)/Homer
		7 of 472 (1e-217) RARa(NR)/K562-RARa-ChIP-Seq(Encode)/Homer
		8 of 472 (1e-217) Smad3(MAD)/NPC-Smad3-ChIP-Seq(GSE36673)/Homer
		9 of 472 (1e-215) AR-halfsite(NR)/LNCaP-AR-ChIP-Seq(GSE27824)/Homer
		10 of 472 (1e-215) HIC1(Zf)/Treg-ZBTB29-ChIP-Seq(GSE99889)/Homer
		11 of 472 (1e-215) Hoxd11(Homeobox)/ChickenMSG-Hoxd11.Flag-ChIP-Seq(GSE86088)/Homer
		12 of 472 (1e-215) NFATC2(RHD)/Islets-NFATC2-ChIP-Seq(GSE158496)/Homer
		13 of 472 (1e-215) Nkx2.1(Homeobox)/LungAC-Nkx2.1-ChIP-Seq(GSE43252)/Homer
		14 of 472 (1e-215) Nkx6.1(Homeobox)/Islet-Nkx6.1-ChIP-Seq(GSE40975)/Homer
		15 of 472 (1e-215) Zac1(Zf)/Neuro2A-Plagl1-ChIP-Seq(GSE75942)/Homer
		16 of 472 (1e-212) CRX(Homeobox)/Retina-Crx-ChIP-Seq(GSE20012)/Homer
		17 of 472 (1e-212) Erra(NR)/HepG2-Erra-ChIP-Seq(GSE31477)/Homer
		18 of 472 (1e-212) Foxo1(Forkhead)/RAW-Foxo1-ChIP-Seq(Fan_et_al.)/Homer
		19 of 472 (1e-212) Hoxa9(Homeobox)/ChickenMSG-Hoxa9.Flag-ChIP-Seq(GSE86088)/Homer
		20 of 472 (1e-212) Hoxc6(Homeobox)/EB-Hoxc6.iFlag-ChIP-Seq(GSE142377)/Homer
		21 of 472 (1e-212) Olig2(bHLH)/Neuron-Olig2-ChIP-Seq(GSE30882)/Homer
		22 of 472 (1e-212) Ptf1a(bHLH)/Panc1-Ptf1a-ChIP-Seq(GSE47459)/Homer
		23 of 472 (1e-212) Tbx5(T-box)/HL1-Tbx5.biotin-ChIP-Seq(GSE21529)/Homer
		24 of 472 (1e-210) Bapx1(Homeobox)/VertebralCol-Bapx1-ChIP-Seq(GSE36672)/Homer
		25 of 472 (1e-210) Eomes(T-box)/H9-Eomes-ChIP-Seq(GSE26097)/Homer
		26 of 472 (1e-210) Hoxa11(Homeobox)/ChickenMSG-Hoxa11.Flag-ChIP-Seq(GSE86088)/Homer
		27 of 472 (1e-210) Nkx2.5(Homeobox)/HL1-Nkx2.5.biotin-ChIP-Seq(GSE21529)/Homer
		28 of 472 (1e-208) BMAL1(bHLH)/Liver-Bmal1-ChIP-Seq(GSE39860)/Homer
		29 of 472 (1e-208) ERG(ETS)/VCaP-ERG-ChIP-Seq(GSE14097)/Homer
		30 of 472 (1e-208) Nkx3.1(Homeobox)/LNCaP-Nkx3.1-ChIP-Seq(GSE28264)/Homer
		31 of 472 (1e-208) SOX1(HMG)/NPC-SOX1-ChIP-Seq(GSE138215)/Homer
		32 of 472 (1e-208) Sox21(HMG)/ESC-SOX21-ChIP-Seq(GSE110505)/Homer
		33 of 472 (1e-208) Sox3(HMG)/NPC-Sox3-ChIP-Seq(GSE33059)/Homer
		34 of 472 (1e-208) Twist2(bHLH)/Myoblast-Twist2.Ty1-ChIP-Seq(GSE127998)/Homer
		35 of 472 (1e-206) En1(Homeobox)/SUM149-EN1-ChIP-Seq(GSE120957)/Homer
		36 of 472 (1e-206) Isl1(Homeobox)/Neuron-Isl1-ChIP-Seq(GSE31456)/Homer
		37 of 472 (1e-206) PR(NR)/T47D-PR-ChIP-Seq(GSE31130)/Homer
		38 of 472 (1e-206) Sox10(HMG)/SciaticNerve-Sox3-ChIP-Seq(GSE35132)/Homer
		39 of 472 (1e-206) Sox6(HMG)/Myotubes-Sox6-ChIP-Seq(GSE32627)/Homer
		40 of 472 (1e-206) TRPS1(Zf)/MCF7-TRPS1-ChIP-Seq(GSE107013)/Homer
		41 of 472 (1e-204) COUP-TFII(NR)/K562-NR2F1-ChIP-Seq(Encode)/Homer
		42 of 472 (1e-204) COUP-TFII(NR)/Artia-Nr2f2-ChIP-Seq(GSE46497)/Homer
		43 of 472 (1e-204) HEB(bHLH)/mES-Heb-ChIP-Seq(GSE53233)/Homer
		44 of 472 (1e-204) Hoxa13(Homeobox)/ChickenMSG-Hoxa13.Flag-ChIP-Seq(GSE86088)/Homer
		45 of 472 (1e-204) MYB(HTH)/ERMYB-Myb-ChIPSeq(GSE22095)/Homer
		46 of 472 (1e-204) NeuroG2(bHLH)/Fibroblast-NeuroG2-ChIP-Seq(GSE75910)/Homer
		47 of 472 (1e-204) NF1-halfsite(CTF)/LNCaP-NF1-ChIP-Seq(Unpublished)/Homer
		48 of 472 (1e-204) Smad2(MAD)/ES-SMAD2-ChIP-Seq(GSE29422)/Homer
		49 of 472 (1e-204) Tbr1(T-box)/Cortex-Tbr1-ChIP-Seq(GSE71384)/Homer
		50 of 472 (1e-202) DLX1(Homeobox)/BasalGanglia-Dlx1-ChIP-seq(GSE124936)/Homer
		51 of 472 (1e-202) EHF(ETS)/LoVo-EHF-ChIP-Seq(GSE49402)/Homer
		52 of 472 (1e-202) Meis1(Homeobox)/MastCells-Meis1-ChIP-Seq(GSE48085)/Homer
		53 of 472 (1e-202) AMYB(HTH)/Testes-AMYB-ChIP-Seq(GSE44588)/Homer
		54 of 472 (1e-202) ZBTB9(Zf)/HEK293T-ZBTB9-ChIP-Seq(GSE251687)/Homer
		55 of 472 (1e-200) BMYB(HTH)/Hela-BMYB-ChIP-Seq(GSE27030)/Homer
		56 of 472 (1e-200) DLX2(Homeobox)/BasalGanglia-Dlx2-ChIP-seq(GSE124936)/Homer
		57 of 472 (1e-200) GATA3(Zf)/iTreg-Gata3-ChIP-Seq(GSE20898)/Homer
		58 of 472 (1e-200) Hoxd12(Homeobox)/ChickenMSG-Hoxd12.Flag-ChIP-Seq(GSE86088)/Homer
		59 of 472 (1e-200) Lhx3(Homeobox)/Neuron-Lhx3-ChIP-Seq(GSE31456)/Homer
		60 of 472 (1e-200) MRE(NR)/Neuro2A-NR3C2-ChIPnexus(GSE115417)/Homer
		61 of 472 (1e-200) Rbpj1(?)/Panc1-Rbpj1-ChIP-Seq(GSE47459)/Homer
		62 of 472 (1e-200) ZEB1(Zf)/PDAC-ZEB1-ChIP-Seq(GSE64557)/Homer
		63 of 472 (1e-198) ETV1(ETS)/GIST48-ETV1-ChIP-Seq(GSE22441)/Homer
		64 of 472 (1e-198) Hoxd13(Homeobox)/ChickenMSG-Hoxd13.Flag-ChIP-Seq(GSE86088)/Homer
		65 of 472 (1e-198) LHX9(Homeobox)/Hct116-LHX9.V5-ChIP-Seq(GSE116822)/Homer
		66 of 472 (1e-198) Nkx2.2(Homeobox)/NPC-Nkx2.2-ChIP-Seq(GSE61673)/Homer
		67 of 472 (1e-198) Smad4(MAD)/ESC-SMAD4-ChIP-Seq(GSE29422)/Homer
		68 of 472 (1e-198) TCF4(bHLH)/SHSY5Y-TCF4-ChIP-Seq(GSE96915)/Homer
		69 of 472 (1e-196) Bcl6(Zf)/Liver-Bcl6-ChIP-Seq(GSE31578)/Homer
		70 of 472 (1e-196) BHLHA15(bHLH)/NIH3T3-BHLHB8.HA-ChIP-Seq(GSE119782)/Homer
		71 of 472 (1e-196) Hoxc10(Homeobox)/EB-Hoxc10.iFlag-ChIP-Seq(GSE142377)/Homer
		72 of 472 (1e-196) Lhx6/Neurons-Lhx6-ChIP-seq(GSE85704)/Homer
		73 of 472 (1e-196) NPAS(bHLH)/Liver-NPAS-ChIP-Seq(GSE39860)/Homer
		74 of 472 (1e-196) Znf263(Zf)/K562-Znf263-ChIP-Seq(GSE31477)/Homer
		75 of 472 (1e-194) E2A(bHLH),near_PU.1/Bcell-PU.1-ChIP-Seq(GSE21512)/Homer
		76 of 472 (1e-194) FOXA1(Forkhead)/LNCAP-FOXA1-ChIP-Seq(GSE27824)/Homer
		77 of 472 (1e-194) Rfx6(HTH)/Min6b1-Rfx6.HA-ChIP-Seq(GSE62844)/Homer
		78 of 472 (1e-194) ZNF416(Zf)/HEK293-ZNF416.GFP-ChIP-Seq(GSE58341)/Homer
		79 of 472 (1e-193) Gsx2(Homeobox)/LGE-Gsx2.Flag-ChIP-Seq(GSE162589)/Homer
		80 of 472 (1e-193) Hoxc13(Homeobox)/EB-Hoxc13.HA-ChIP-Seq(GSE142377)/Homer
		81 of 472 (1e-193) EAR2(NR)/K562-NR2F6-ChIP-Seq(Encode)/Homer
		82 of 472 (1e-193) Pit1(Homeobox)/GCrat-Pit1-ChIP-Seq(GSE58009)/Homer
		83 of 472 (1e-193) PU.1-IRF(ETS:IRF)/Bcell-PU.1-ChIP-Seq(GSE21512)/Homer
		84 of 472 (1e-193) RUNX1(Runt)/Jurkat-RUNX1-ChIP-Seq(GSE29180)/Homer
		85 of 472 (1e-193) TATA-Box(TBP)/Promoter/Homer
		86 of 472 (1e-191) Atoh1(bHLH)/Cerebellum-Atoh1-ChIP-Seq(GSE22111)/Homer
		87 of 472 (1e-191) E2A(bHLH)/proBcell-E2A-ChIP-Seq(GSE21978)/Homer
		88 of 472 (1e-191) Emx2(Homeobox)/Cortex-Emx2-ChIP-Seq(GSE183130)/Homer
		89 of 472 (1e-191) ETV4(ETS)/HepG2-ETV4-ChIP-Seq(ENCODE)/Homer
		90 of 472 (1e-191) Fli1(ETS)/CD8-FLI-ChIP-Seq(GSE20898)/Homer
		91 of 472 (1e-191) STAT4(Stat)/CD4-Stat4-ChIP-Seq(GSE22104)/Homer
		92 of 472 (1e-189) Ap4(bHLH)/AML-Tfap4-ChIP-Seq(GSE45738)/Homer
		93 of 472 (1e-189) Ascl1(bHLH)/NeuralTubes-Ascl1-ChIP-Seq(GSE55840)/Homer
		94 of 472 (1e-189) NFAT(RHD)/Jurkat-NFATC1-ChIP-Seq(Jolma_et_al.)/Homer
		95 of 472 (1e-188) Hoxd10(Homeobox)/ChickenMSG-Hoxd10.Flag-ChIP-Seq(GSE86088)/Homer
		96 of 472 (1e-188) LRF(Zf)/Erythroblasts-ZBTB7A-ChIP-Seq(GSE74977)/Homer
		97 of 472 (1e-188) Six2(Homeobox)/NephronProgenitor-Six2-ChIP-Seq(GSE39837)/Homer
		98 of 472 (1e-188) Tbx6(T-box)/ESC-Tbx6-ChIP-Seq(GSE93524)/Homer
		99 of 472 (1e-188) TEAD3(TEA)/HepG2-TEAD3-ChIP-Seq(Encode)/Homer
		100 of 472 (1e-188) ZNF711(Zf)/SHSY5Y-ZNF711-ChIP-Seq(GSE20673)/Homer
		101 of 472 (1e-186) ETS1(ETS)/Jurkat-ETS1-ChIP-Seq(GSE17954)/Homer
		102 of 472 (1e-184) Elf4(ETS)/BMDM-Elf4-ChIP-Seq(GSE88699)/Homer
		103 of 472 (1e-184) FOXA1(Forkhead)/MCF7-FOXA1-ChIP-Seq(GSE26831)/Homer
		104 of 472 (1e-184) FOXM1(Forkhead)/MCF7-FOXM1-ChIP-Seq(GSE72977)/Homer
		105 of 472 (1e-184) ZBTB38(Zf)/Hela-ZBTB38-ChIP-seq(GSE108618)/Homer
		106 of 472 (1e-183) CDX4(Homeobox)/ZebrafishEmbryos-Cdx4.Myc-ChIP-Seq(GSE48254)/Homer
		107 of 472 (1e-183) Fox:Ebox(Forkhead,bHLH)/Panc1-Foxa2-ChIP-Seq(GSE47459)/Homer
		108 of 472 (1e-183) Foxf1(Forkhead)/Lung-Foxf1-ChIP-Seq(GSE77951)/Homer
		109 of 472 (1e-183) GABPA(ETS)/Jurkat-GABPa-ChIP-Seq(GSE17954)/Homer
		110 of 472 (1e-183) GLIS3(Zf)/Thyroid-Glis3.GFP-ChIP-Seq(GSE103297)/Homer
		111 of 472 (1e-183) HOXB13(Homeobox)/ProstateTumor-HOXB13-ChIP-Seq(GSE56288)/Homer
		112 of 472 (1e-183) Lhx1(Homeobox)/EmbryoCarcinoma-Lhx1-ChIP-Seq(GSE70957)/Homer
		113 of 472 (1e-183) Lhx2(Homeobox)/HFSC-Lhx2-ChIP-Seq(GSE48068)/Homer
		114 of 472 (1e-183) MyoG(bHLH)/C2C12-MyoG-ChIP-Seq(GSE36024)/Homer
		115 of 472 (1e-183) Sox15(HMG)/CPA-Sox15-ChIP-Seq(GSE62909)/Homer
		116 of 472 (1e-183) SPDEF(ETS)/VCaP-SPDEF-ChIP-Seq(SRA014231)/Homer
		117 of 472 (1e-183) Tbx21(T-box)/GM12878-TBX21-ChIP-Seq(Encode)/Homer
		118 of 472 (1e-181) FOXK1(Forkhead)/HEK293-FOXK1-ChIP-Seq(GSE51673)/Homer
		119 of 472 (1e-181) Pdx1(Homeobox)/Islet-Pdx1-ChIP-Seq(SRA008281)/Homer
		120 of 472 (1e-181) RXR(NR),DR1/3T3L1-RXR-ChIP-Seq(GSE13511)/Homer
		121 of 472 (1e-181) Sp2(Zf)/HEK293-Sp2.eGFP-ChIP-Seq(Encode)/Homer
		122 of 472 (1e-181) Tbet(T-box)/CD8-Tbet-ChIP-Seq(GSE33802)/Homer
		123 of 472 (1e-180) CHR(?)/Hela-CellCycle-Expression/Homer
		124 of 472 (1e-180) Etv2(ETS)/ES-ER71-ChIP-Seq(GSE59402)/Homer
		125 of 472 (1e-180) FoxL2(Forkhead)/Ovary-FoxL2-ChIP-Seq(GSE60858)/Homer
		126 of 472 (1e-180) Gata4(Zf)/Heart-Gata4-ChIP-Seq(GSE35151)/Homer
		127 of 472 (1e-180) KLF14(Zf)/HEK293-KLF14.GFP-ChIP-Seq(GSE58341)/Homer
		128 of 472 (1e-178) Ascl2(bHLH)/ESC-Ascl2-ChIP-Seq(GSE97712)/Homer
		129 of 472 (1e-178) PPARa(NR),DR1/Liver-Ppara-ChIP-Seq(GSE47954)/Homer
		130 of 472 (1e-178) PPARE(NR),DR1/3T3L1-Pparg-ChIP-Seq(GSE13511)/Homer
		131 of 472 (1e-178) PRDM15(Zf)/ESC-Prdm15-ChIP-Seq(GSE73694)/Homer
		132 of 472 (1e-178) Sox2(HMG)/mES-Sox2-ChIP-Seq(GSE11431)/Homer
		133 of 472 (1e-178) TEAD1(TEAD)/HepG2-TEAD1-ChIP-Seq(Encode)/Homer
		134 of 472 (1e-177) GSC(Homeobox)/FrogEmbryos-GSC-ChIP-Seq(DRA000576)/Homer
		135 of 472 (1e-177) MNT(bHLH)/HepG2-MNT-ChIP-Seq(Encode)/Homer
		136 of 472 (1e-177) RUNX2(Runt)/PCa-RUNX2-ChIP-Seq(GSE33889)/Homer
		137 of 472 (1e-175) Sox9(HMG)/Limb-SOX9-ChIP-Seq(GSE73225)/Homer
		138 of 472 (1e-175) Tcf21(bHLH)/ArterySmoothMuscle-Tcf21-ChIP-Seq(GSE61369)/Homer
		139 of 472 (1e-174) EBF2(EBF)/BrownAdipose-EBF2-ChIP-Seq(GSE97114)/Homer
		140 of 472 (1e-174) HLF(bZIP)/HSC-HLF.Flag-ChIP-Seq(GSE69817)/Homer
		141 of 472 (1e-174) NFY(CCAAT)/Promoter/Homer
		142 of 472 (1e-174) Tcf12(bHLH)/GM12878-Tcf12-ChIP-Seq(GSE32465)/Homer
		143 of 472 (1e-174) ZFX(Zf)/mES-Zfx-ChIP-Seq(GSE11431)/Homer
		144 of 472 (1e-172) Cdx2(Homeobox)/mES-Cdx2-ChIP-Seq(GSE14586)/Homer
		145 of 472 (1e-172) TEAD4(TEA)/Tropoblast-Tead4-ChIP-Seq(GSE37350)/Homer
		146 of 472 (1e-171) bHLHE41(bHLH)/proB-Bhlhe41-ChIP-Seq(GSE93764)/Homer
		147 of 472 (1e-171) ERRg(NR)/Kidney-ESRRG-ChIP-Seq(GSE104905)/Homer
		148 of 472 (1e-171) Gata6(Zf)/HUG1N-GATA6-ChIP-Seq(GSE51936)/Homer
		149 of 472 (1e-171) MafA(bZIP)/Islet-MafA-ChIP-Seq(GSE30298)/Homer
		150 of 472 (1e-171) Maz(Zf)/HepG2-Maz-ChIP-Seq(GSE31477)/Homer
		151 of 472 (1e-171) NPAS2(bHLH)/Liver-NPAS2-ChIP-Seq(GSE39860)/Homer
		152 of 472 (1e-170) Atoh7(bHLH)/Retina-Atoh7-CutnRun(GSE156756)/Homer
		153 of 472 (1e-170) EBF1(EBF)/Near-E2A-ChIP-Seq(GSE21512)/Homer
		154 of 472 (1e-170) Foxa2(Forkhead)/Liver-Foxa2-ChIP-Seq(GSE25694)/Homer
		155 of 472 (1e-170) Foxo3(Forkhead)/U2OS-Foxo3-ChIP-Seq(E-MTAB-2701)/Homer
		156 of 472 (1e-170) HIF-1b(HLH)/T47D-HIF1b-ChIP-Seq(GSE59937)/Homer
		157 of 472 (1e-170) KLF5(Zf)/LoVo-KLF5-ChIP-Seq(GSE49402)/Homer
		158 of 472 (1e-170) MITF(bHLH)/MastCells-MITF-ChIP-Seq(GSE48085)/Homer
		159 of 472 (1e-170) RUNX-AML(Runt)/CD4+-PolII-ChIP-Seq(Barski_et_al.)/Homer
		160 of 472 (1e-170) ZEB2(Zf)/SNU398-ZEB2-ChIP-Seq(GSE103048)/Homer
		161 of 472 (1e-170) ZNF189(Zf)/HEK293-ZNF189.GFP-ChIP-Seq(GSE58341)/Homer
		162 of 472 (1e-168) ELF5(ETS)/T47D-ELF5-ChIP-Seq(GSE30407)/Homer
		163 of 472 (1e-168) FoxD3(forkhead)/ZebrafishEmbryo-Foxd3.biotin-ChIP-seq(GSE106676)/Homer
		164 of 472 (1e-168) Hnf6b(Homeobox)/LNCaP-Hnf6b-ChIP-Seq(GSE106305)/Homer
		165 of 472 (1e-168) Mef2b(MADS)/HEK293-Mef2b.V5-ChIP-Seq(GSE67450)/Homer
		166 of 472 (1e-167) EWS:ERG-fusion(ETS)/CADO_ES1-EWS:ERG-ChIP-Seq(SRA014231)/Homer
		167 of 472 (1e-167) LEF1(HMG)/H1-LEF1-ChIP-Seq(GSE64758)/Homer
		168 of 472 (1e-167) RUNX(Runt)/HPC7-Runx1-ChIP-Seq(GSE22178)/Homer
		169 of 472 (1e-167) Sox4(HMG)/proB-Sox4-ChIP-Seq(GSE50066)/Homer
		170 of 472 (1e-167) Zic(Zf)/Cerebellum-ZIC1.2-ChIP-Seq(GSE60731)/Homer
		171 of 472 (1e-166) Snail1(Zf)/LS174T-SNAIL1.HA-ChIP-Seq(GSE127183)/Homer
		172 of 472 (1e-164) Atf1(bZIP)/K562-ATF1-ChIP-Seq(GSE31477)/Homer
		173 of 472 (1e-164) CEBP:AP1(bZIP)/ThioMac-CEBPb-ChIP-Seq(GSE21512)/Homer
		174 of 472 (1e-164) Stat3+il21(Stat)/CD4-Stat3-ChIP-Seq(GSE19198)/Homer
		175 of 472 (1e-164) TEAD(TEA)/Fibroblast-PU.1-ChIP-Seq(Unpublished)/Homer
		176 of 472 (1e-164) ZNF91(Zf)/HEK-ZNF91.HA-ChIP-Seq(GSE162571)/Homer
		177 of 472 (1e-163) AP-2gamma(AP2)/MCF7-TFAP2C-ChIP-Seq(GSE21234)/Homer
		178 of 472 (1e-163) Unknown(Homeobox)/Limb-p300-ChIP-Seq/Homer
		179 of 472 (1e-162) ELF3(ETS)/PDAC-ELF3-ChIP-Seq(GSE64557)/Homer
		180 of 472 (1e-162) Nr5a2(NR)/Pancreas-LRH1-ChIP-Seq(GSE34295)/Homer
		181 of 472 (1e-162) OCT:OCT-short(POU,Homeobox)/NPC-OCT6-ChIP-Seq(GSE43916)/Homer
		182 of 472 (1e-160) Klf15(Zf)/Liver-Klf15-ChIP-Seq(GSE166083)/Homer
		183 of 472 (1e-160) NeuroD1(bHLH)/Islet-NeuroD1-ChIP-Seq(GSE30298)/Homer
		184 of 472 (1e-160) PBX2(Homeobox)/K562-PBX2-ChIP-Seq(Encode)/Homer
		185 of 472 (1e-160) Sox17(HMG)/Endoderm-Sox17-ChIP-Seq(GSE61475)/Homer
		186 of 472 (1e-160) ZNF264(Zf)/HEK293-ZNF264.GFP-ChIP-Seq(GSE58341)/Homer
		187 of 472 (1e-158) CUX1(Homeobox)/K562-CUX1-ChIP-Seq(GSE92882)/Homer
		188 of 472 (1e-158) Esrrb(NR)/mES-Esrrb-ChIP-Seq(GSE11431)/Homer
		189 of 472 (1e-158) Myf5(bHLH)/GM-Myf5-ChIP-Seq(GSE24852)/Homer
		190 of 472 (1e-158) MyoD(bHLH)/Myotube-MyoD-ChIP-Seq(GSE21614)/Homer
		191 of 472 (1e-158) ZNF467(Zf)/HEK293-ZNF467.GFP-ChIP-Seq(GSE58341)/Homer
		192 of 472 (1e-156) Bcl11a(Zf)/HSPC-BCL11A-ChIP-Seq(GSE104676)/Homer
		193 of 472 (1e-156) DLX5(Homeobox)/BasalGanglia-Dlx5-ChIP-seq(GSE124936)/Homer
		194 of 472 (1e-156) KLF6(Zf)/PDAC-KLF6-ChIP-Seq(GSE64557)/Homer
		195 of 472 (1e-155) Foxh1(Forkhead)/hESC-FOXH1-ChIP-Seq(GSE29422)/Homer
		196 of 472 (1e-155) Npas4(bHLH)/Neuron-Npas4-ChIP-Seq(GSE127793)/Homer
		197 of 472 (1e-154) CEBP(bZIP)/ThioMac-CEBPb-ChIP-Seq(GSE21512)/Homer
		198 of 472 (1e-154) Hoxa10(Homeobox)/ChickenMSG-Hoxa10.Flag-ChIP-Seq(GSE86088)/Homer
		199 of 472 (1e-154) PRDM1(Zf)/Hela-PRDM1-ChIP-Seq(GSE31477)/Homer
		200 of 472 (1e-154) PSE(SNAPc)/K562-mStart-Seq/Homer
		201 of 472 (1e-154) ZNF341(Zf)/EBV-ZNF341-ChIP-Seq(GSE113194)/Homer
		202 of 472 (1e-153) Gfi1b(Zf)/HPC7-Gfi1b-ChIP-Seq(GSE22178)/Homer
		203 of 472 (1e-151) Otx2(Homeobox)/EpiLC-Otx2-ChIP-Seq(GSE56098)/Homer
		204 of 472 (1e-151) Prop1(Homeobox)/GHFT1-PROP1.biotin-ChIP-Seq(GSE77302)/Homer
		205 of 472 (1e-150) Gata2(Zf)/K562-GATA2-ChIP-Seq(GSE18829)/Homer
		206 of 472 (1e-149) FOXK2(Forkhead)/U2OS-FOXK2-ChIP-Seq(E-MTAB-2204)/Homer
		207 of 472 (1e-149) NFIL3(bZIP)/HepG2-NFIL3-ChIP-Seq(Encode)/Homer
		208 of 472 (1e-148) Sp5(Zf)/mES-Sp5.Flag-ChIP-Seq(GSE72989)/Homer
		209 of 472 (1e-148) STAT6(Stat)/Macrophage-Stat6-ChIP-Seq(GSE38377)/Homer
		210 of 472 (1e-147) AP-1(bZIP)/ThioMac-PU.1-ChIP-Seq(GSE21512)/Homer
		211 of 472 (1e-147) Dlx3(Homeobox)/Kerainocytes-Dlx3-ChIP-Seq(GSE89884)/Homer
		212 of 472 (1e-147) Hand2(bHLH)/Mesoderm-Hand2-ChIP-Seq(GSE61475)/Homer
		213 of 472 (1e-147) Mesp1(bHLH)/ESC-Mesp1-ChIP-Seq(GSE165102)/Homer
		214 of 472 (1e-147) PRDM10(Zf)/HEK293-PRDM10.eGFP-ChIP-Seq(Encode)/Homer
		215 of 472 (1e-146) EWS:FLI1-fusion(ETS)/SK_N_MC-EWS:FLI1-ChIP-Seq(SRA014231)/Homer
		216 of 472 (1e-146) KLF1(Zf)/HUDEP2-KLF1-CutnRun(GSE136251)/Homer
		217 of 472 (1e-146) ZNF7(Zf)/HepG2-ZNF7.Flag-ChIP-Seq(Encode)/Homer
		218 of 472 (1e-144) Max(bHLH)/K562-Max-ChIP-Seq(GSE31477)/Homer
		219 of 472 (1e-144) STAT6(Stat)/CD4-Stat6-ChIP-Seq(GSE22104)/Homer
		220 of 472 (1e-143) Barx1(Homeobox)/Stomach-Barx1.3xFlag-ChIP-Seq(GSE69483)/Homer
		221 of 472 (1e-142) n-Myc(bHLH)/mES-nMyc-ChIP-Seq(GSE11431)/Homer
		222 of 472 (1e-141) AP-2alpha(AP2)/Hela-AP2alpha-ChIP-Seq(GSE31477)/Homer
		223 of 472 (1e-141) Elk4(ETS)/Hela-Elk4-ChIP-Seq(GSE31477)/Homer
		224 of 472 (1e-141) Nr5a2(NR)/mES-Nr5a2-ChIP-Seq(GSE19019)/Homer
		225 of 472 (1e-140) Atf3(bZIP)/GBM-ATF3-ChIP-Seq(GSE33912)/Homer
		226 of 472 (1e-140) Hoxc9(Homeobox)/Ainv15-Hoxc9-ChIP-Seq(GSE21812)/Homer
		227 of 472 (1e-139) TEAD2(TEA)/Py2T-Tead2-ChIP-Seq(GSE55709)/Homer
		228 of 472 (1e-137) BATF(bZIP)/Th17-BATF-ChIP-Seq(GSE39756)/Homer
		229 of 472 (1e-137) Elk1(ETS)/Hela-Elk1-ChIP-Seq(GSE31477)/Homer
		230 of 472 (1e-137) ZNF148(Zf)/MDAMB231-ZNF148-ChIP-Seq(GSE147020)/Homer
		231 of 472 (1e-135) Unknown-ESC-element(?)/mES-Nanog-ChIP-Seq(GSE11724)/Homer
		232 of 472 (1e-135) Fos(bZIP)/TSC-Fos-ChIP-Seq(GSE110950)/Homer
		233 of 472 (1e-135) ZBTB18(Zf)/HEK293-ZBTB18.GFP-ChIP-Seq(GSE58341)/Homer
		234 of 472 (1e-134) Egr1(Zf)/K562-Egr1-ChIP-Seq(GSE32465)/Homer
		235 of 472 (1e-134) FOXP1(Forkhead)/H9-FOXP1-ChIP-Seq(GSE31006)/Homer
		236 of 472 (1e-134) Gata1(Zf)/K562-GATA1-ChIP-Seq(GSE18829)/Homer
		237 of 472 (1e-134) PU.1(ETS)/ThioMac-PU.1-ChIP-Seq(GSE21512)/Homer
		238 of 472 (1e-133) CLOCK(bHLH)/Liver-Clock-ChIP-Seq(GSE39860)/Homer
		239 of 472 (1e-133) KLF10(Zf)/HEK293-KLF10.GFP-ChIP-Seq(GSE58341)/Homer
		240 of 472 (1e-133) Mixl1(Homeobox)/EpiBlast-Mixl1-ChIP-seq(GSE161164)/Homer
		241 of 472 (1e-132) Oct6(POU,Homeobox)/NPC-Pou3f1-ChIP-Seq(GSE35496)/Homer
		242 of 472 (1e-132) NFkB-p65(RHD)/GM12787-p65-ChIP-Seq(GSE19485)/Homer
		243 of 472 (1e-130) Mef2c(MADS)/GM12878-Mef2c-ChIP-Seq(GSE32465)/Homer
		244 of 472 (1e-128) HNF6(Homeobox)/Liver-Hnf6-ChIP-Seq(ERP000394)/Homer
		245 of 472 (1e-128) SF1(NR)/H295R-Nr5a1-ChIP-Seq(GSE44220)/Homer
		246 of 472 (1e-128) ZNF415(Zf)/HEK293-ZNF415.GFP-ChIP-Seq(GSE58341)/Homer
		247 of 472 (1e-127) bZIP:IRF(bZIP,IRF)/Th17-BatF-ChIP-Seq(GSE39756)/Homer
		248 of 472 (1e-127) HNF4a(NR),DR1/HepG2-HNF4a-ChIP-Seq(GSE25021)/Homer
		249 of 472 (1e-127) Stat3(Stat)/mES-Stat3-ChIP-Seq(GSE11431)/Homer
		250 of 472 (1e-124) Arnt:Ahr(bHLH)/MCF7-Arnt-ChIP-Seq(Lo_et_al.)/Homer
		251 of 472 (1e-124) Fra1(bZIP)/BT549-Fra1-ChIP-Seq(GSE46166)/Homer
		252 of 472 (1e-124) Zfp541(Zf)/Sperm-Zfp541-ChIP-Seq(GSE163916)/Homer
		253 of 472 (1e-123) FXR(NR),ER2/Liver-FXR-ChIP-Seq(GSE133700)/Homer
		254 of 472 (1e-123) ZBTB12(Zf)/HEK293-ZBTB12.GFP-ChIP-Seq(GSE58341)/Homer
		255 of 472 (1e-122) ELF1(ETS)/Jurkat-ELF1-ChIP-Seq(SRA014231)/Homer
		256 of 472 (1e-122) JunB(bZIP)/DendriticCells-Junb-ChIP-Seq(GSE36099)/Homer
		257 of 472 (1e-121) Zic3(Zf)/mES-Zic3-ChIP-Seq(GSE37889)/Homer
		258 of 472 (1e-120) Oct4(POU,Homeobox)/mES-Oct4-ChIP-Seq(GSE11431)/Homer
		259 of 472 (1e-118) THRb(NR)/HepG2-THRb.Flag-ChIP-Seq(Encode)/Homer
		260 of 472 (1e-117) Atf7(bZIP)/3T3L1-Atf7-ChIP-Seq(GSE56872)/Homer
		261 of 472 (1e-117) IRF4(IRF)/GM12878-IRF4-ChIP-Seq(GSE32465)/Homer
		262 of 472 (1e-115) MYRF(MYRF)/CFPAC1-MYRF-ChIP-Seq(GSE145627)/Homer
		263 of 472 (1e-114) GRHL2(CP2)/HBE-GRHL2-ChIP-Seq(GSE46194)/Homer
		264 of 472 (1e-114) PRDM9(Zf)/Testis-DMC1-ChIP-Seq(GSE35498)/Homer
		265 of 472 (1e-114) WT1(Zf)/Kidney-WT1-ChIP-Seq(GSE90016)/Homer
		266 of 472 (1e-114) Cux2(Homeobox)/Liver-Cux2-ChIP-Seq(GSE35985)/Homer
		267 of 472 (1e-113) Mef2a(MADS)/HL1-Mef2a.biotin-ChIP-Seq(GSE21529)/Homer
		268 of 472 (1e-111) c-Myc(bHLH)/mES-cMyc-ChIP-Seq(GSE11431)/Homer
		269 of 472 (1e-109) Phox2a(Homeobox)/Neuron-Phox2a-ChIP-Seq(GSE31456)/Homer
		270 of 472 (1e-109) Slug(Zf)/Mesoderm-Snai2-ChIP-Seq(GSE61475)/Homer
		271 of 472 (1e-108) FXR(NR),IR1/Liver-FXR-ChIP-Seq(Chong_et_al.)/Homer
		272 of 472 (1e-107) MafB(bZIP)/BMM-Mafb-ChIP-Seq(GSE75722)/Homer
		273 of 472 (1e-106) THRa(NR)/C17.2-THRa-ChIP-Seq(GSE38347)/Homer
		274 of 472 (1e-105) Fra2(bZIP)/Striatum-Fra2-ChIP-Seq(GSE43429)/Homer
		275 of 472 (1e-105) Tcf7(HMG)/GM12878-TCF7-ChIP-Seq(Encode)/Homer
		276 of 472 (1e-104) USF1(bHLH)/GM12878-Usf1-ChIP-Seq(GSE32465)/Homer
		277 of 472 (1e-102) STAT5(Stat)/mCD4+-Stat5-ChIP-Seq(GSE12346)/Homer
		278 of 472 (1e-102) Tlx?(NR)/NPC-H3K4me1-ChIP-Seq(GSE16256)/Homer
		279 of 472 (1e-102) Zic2(Zf)/ESC-Zic2-ChIP-Seq(SRP197560)/Homer
		280 of 472 (1e-101) Foxa3(Forkhead)/Liver-Foxa3-ChIP-Seq(GSE77670)/Homer
		281 of 472 (1e-101) Hoxd9(Homeobox)/EB-Hoxd9.HA-ChIP-Seq(GSE142377)/Homer
		282 of 472 (1e-100) E2F3(E2F)/MEF-E2F3-ChIP-Seq(GSE71376)/Homer
		283 of 472 (1e-99) CREB5(bZIP)/LNCaP-CREB5.V5-ChIP-Seq(GSE137775)/Homer
		284 of 472 (1e-98) p63(p53)/Keratinocyte-p63-ChIP-Seq(GSE17611)/Homer
		285 of 472 (1e-98) ZNF143|STAF(Zf)/CUTLL-ZNF143-ChIP-Seq(GSE29600)/Homer
		286 of 472 (1e-97) Oct11(POU,Homeobox)/NCIH1048-POU2F3-ChIP-seq(GSE115123)/Homer
		287 of 472 (1e-96) PRDM14(Zf)/H1-PRDM14-ChIP-Seq(GSE22767)/Homer
		288 of 472 (1e-95) Ets1-distal(ETS)/CD4+-PolII-ChIP-Seq(Barski_et_al.)/Homer
		289 of 472 (1e-95) Pit1+1bp(Homeobox)/GCrat-Pit1-ChIP-Seq(GSE58009)/Homer
		290 of 472 (1e-94) Rfx5(HTH)/GM12878-Rfx5-ChIP-Seq(GSE31477)/Homer
		291 of 472 (1e-93) PAX5(Paired,Homeobox)/GM12878-PAX5-ChIP-Seq(GSE32465)/Homer
		292 of 472 (1e-92) IRF3(IRF)/BMDM-Irf3-ChIP-Seq(GSE67343)/Homer
		293 of 472 (1e-91) KLF3(Zf)/MEF-Klf3-ChIP-Seq(GSE44748)/Homer
		294 of 472 (1e-91) Oct2(POU,Homeobox)/Bcell-Oct2-ChIP-Seq(GSE21512)/Homer
		295 of 472 (1e-91) c-Myc(bHLH)/LNCAP-cMyc-ChIP-Seq(Unpublished)/Homer
		296 of 472 (1e-91) NF1(CTF)/LNCAP-NF1-ChIP-Seq(Unpublished)/Homer
		297 of 472 (1e-90) Sox7(HMG)/ESC-Sox7-ChIP-Seq(GSE133899)/Homer
		298 of 472 (1e-89) HIF2a(bHLH)/785_O-HIF2a-ChIP-Seq(GSE34871)/Homer
		299 of 472 (1e-89) Zscan4c(Zf)/ESC-Zscan4c-ChIP-seq(GSE140619)/Homer
		300 of 472 (1e-88) Gli3(Zf)/E11.5-Gli3-ChIP-Chip(GSE151646)/Homer
		301 of 472 (1e-88) RBPJ:Ebox(?,bHLH)/Panc1-Rbpj1-ChIP-Seq(GSE47459)/Homer
		302 of 472 (1e-88) STAT1(Stat)/HelaS3-STAT1-ChIP-Seq(GSE12782)/Homer
		303 of 472 (1e-86) Brn1(POU,Homeobox)/NPC-Brn1-ChIP-Seq(GSE35496)/Homer
		304 of 472 (1e-86) ZNF652/HepG2-ZNF652.Flag-ChIP-Seq(Encode)/Homer
		305 of 472 (1e-85) Atf2(bZIP)/3T3L1-Atf2-ChIP-Seq(GSE56872)/Homer
		306 of 472 (1e-85) Tcf3(HMG)/mES-Tcf3-ChIP-Seq(GSE11724)/Homer
		307 of 472 (1e-85) IRF8(IRF)/BMDM-IRF8-ChIP-Seq(GSE77884)/Homer
		308 of 472 (1e-85) NFkB2-p52(RHD)/U266-NFKB2-ChIP-seq(GSE230466)/Homer
		309 of 472 (1e-85) SCRT1(Zf)/HEK293-SCRT1.eGFP-ChIP-Seq(Encode)/Homer
		310 of 472 (1e-85) CArG(MADS)/PUER-Srf-ChIP-Seq(Sullivan_et_al.)/Homer
		311 of 472 (1e-83) Usf2(bHLH)/C2C12-Usf2-ChIP-Seq(GSE36030)/Homer
		312 of 472 (1e-81) c-Jun-CRE(bZIP)/K562-cJun-ChIP-Seq(GSE31477)/Homer
		313 of 472 (1e-80) DMRT1(DM)/Testis-DMRT1-ChIP-Seq(GSE64892)/Homer
		314 of 472 (1e-80) E2F6(E2F)/Hela-E2F6-ChIP-Seq(GSE31477)/Homer
		315 of 472 (1e-80) MafF(bZIP)/HepG2-MafF-ChIP-Seq(GSE31477)/Homer
		316 of 472 (1e-80) Six1(Homeobox)/Myoblast-Six1-ChIP-Chip(GSE20150)/Homer
		317 of 472 (1e-78) HRE(HSF)/Striatum-HSF1-ChIP-Seq(GSE38000)/Homer
		318 of 472 (1e-78) Klf4(Zf)/mES-Klf4-ChIP-Seq(GSE11431)/Homer
		319 of 472 (1e-78) MYNN(Zf)/HEK293-MYNN.eGFP-ChIP-Seq(Encode)/Homer
		320 of 472 (1e-78) Pbx3(Homeobox)/GM12878-PBX3-ChIP-Seq(GSE32465)/Homer
		321 of 472 (1e-78) PGR(NR)/EndoStromal-PGR-ChIP-Seq(GSE69539)/Homer
		322 of 472 (1e-78) Pknox1(Homeobox)/ES-Prep1-ChIP-Seq(GSE63282)/Homer
		323 of 472 (1e-77) ETS(ETS)/Promoter/Homer
		324 of 472 (1e-77) Pax8(Paired,Homeobox)/Thyroid-Pax8-ChIP-Seq(GSE26938)/Homer
		325 of 472 (1e-75) Brachyury(T-box)/Mesoendoderm-Brachyury-ChIP-exo(GSE54963)/Homer
		326 of 472 (1e-74) ARE(NR)/LNCAP-AR-ChIP-Seq(GSE27824)/Homer
		327 of 472 (1e-74) Fosl2(bZIP)/3T3L1-Fosl2-ChIP-Seq(GSE56872)/Homer
		328 of 472 (1e-74) HOXA1(Homeobox)/mES-Hoxa1-ChIP-Seq(SRP084292)/Homer
		329 of 472 (1e-73) ERb(NR),IR3/Ovary-ERb-ChIP-Seq(GSE203391)/Homer
		330 of 472 (1e-73) GRE(NR),IR3/RAW264.7-GRE-ChIP-Seq(Unpublished)/Homer
		331 of 472 (1e-73) Atf4(bZIP)/MEF-Atf4-ChIP-Seq(GSE35681)/Homer
		332 of 472 (1e-67) ZBED2(Zf)/SUIT2-ZBED2.HA-ChIP-Seq(GSE141606)/Homer
		333 of 472 (1e-65) SpiB(ETS)/OCILY3-SPIB-ChIP-Seq(GSE56857)/Homer
		334 of 472 (1e-64) ERE(NR),IR3/MCF7-ERa-ChIP-Seq(Unpublished)/Homer
		335 of 472 (1e-64) ZNF322(Zf)/HEK293-ZNF322.GFP-ChIP-Seq(GSE58341)/Homer
		336 of 472 (1e-60) Klf9(Zf)/GBM-Klf9-ChIP-Seq(GSE62211)/Homer
		337 of 472 (1e-59) DMRT6(DM)/Testis-DMRT6-ChIP-Seq(GSE60440)/Homer
		338 of 472 (1e-58) bHLHE40(bHLH)/HepG2-BHLHE40-ChIP-Seq(GSE31477)/Homer
		339 of 472 (1e-57) Tbx20(T-box)/Heart-Tbx20-ChIP-Seq(GSE29636)/Homer
		340 of 472 (1e-56) Gli2(Zf)/GM2-Gli2-ChIP-Chip(GSE112702)/Homer
		341 of 472 (1e-54) Chop(bZIP)/MEF-Chop-ChIP-Seq(GSE35681)/Homer
		342 of 472 (1e-54) Nur77(NR)/K562-NR4A1-ChIP-Seq(GSE31363)/Homer
		343 of 472 (1e-53) EBF(EBF)/proBcell-EBF-ChIP-Seq(GSE21978)/Homer
		344 of 472 (1e-51) Pitx1:Ebox(Homeobox,bHLH)/Hindlimb-Pitx1-ChIP-Seq(GSE41591)/Homer
		345 of 472 (1e-51) KLF17(Zf)/2cell-Klf17-CutnTag(GSE211845)/Homer
		346 of 472 (1e-50) VDR(NR),DR3/GM10855-VDR+vitD-ChIP-Seq(GSE22484)/Homer
		347 of 472 (1e-49) PU.1:IRF8(ETS:IRF)/pDC-Irf8-ChIP-Seq(GSE66899)/Homer
		348 of 472 (1e-49) Phox2b(Homeobox)/CLBGA-PHOX2B-ChIP-Seq(GSE90683)/Homer
		349 of 472 (1e-48) MafK(bZIP)/C2C12-MafK-ChIP-Seq(GSE36030)/Homer
		350 of 472 (1e-47) Tbox:Smad(T-box,MAD)/ESCd5-Smad2_3-ChIP-Seq(GSE29422)/Homer
		351 of 472 (1e-47) Zfp281(Zf)/ES-Zfp281-ChIP-Seq(GSE81042)/Homer
		352 of 472 (1e-46) HIF-1a(bHLH)/MCF7-HIF1a-ChIP-Seq(GSE28352)/Homer
		353 of 472 (1e-46) Hoxb4(Homeobox)/ES-Hoxb4-ChIP-Seq(GSE34014)/Homer
		354 of 472 (1e-46) Mef2d(MADS)/Retina-Mef2d-ChIP-Seq(GSE61391)/Homer
		355 of 472 (1e-45) Jun-AP1(bZIP)/K562-cJun-ChIP-Seq(GSE31477)/Homer
		356 of 472 (1e-44) Rfx1(HTH)/NPC-H3K4me1-ChIP-Seq(GSE16256)/Homer
		357 of 472 (1e-44) OCT4-SOX2-TCF-NANOG(POU,Homeobox,HMG)/mES-Oct4-ChIP-Seq(GSE11431)/Homer
		358 of 472 (1e-43) PAX3:FKHR-fusion(Paired,Homeobox)/Rh4-PAX3:FKHR-ChIP-Seq(GSE19063)/Homer
		359 of 472 (1e-42) Srebp1a(bHLH)/HepG2-Srebp1a-ChIP-Seq(GSE31477)/Homer
		360 of 472 (1e-41) E2F4(E2F)/K562-E2F4-ChIP-Seq(GSE31477)/Homer
		361 of 472 (1e-40) EKLF(Zf)/Erythrocyte-Klf1-ChIP-Seq(GSE20478)/Homer
		362 of 472 (1e-37) NFAT:AP1(RHD,bZIP)/Jurkat-NFATC1-ChIP-Seq(Jolma_et_al.)/Homer
		363 of 472 (1e-36) CRE(bZIP)/Promoter/Homer
		364 of 472 (1e-35) Bach2(bZIP)/OCILy7-Bach2-ChIP-Seq(GSE44420)/Homer
		365 of 472 (1e-34) Hnf1(Homeobox)/Liver-Foxa2-Chip-Seq(GSE25694)/Homer
		366 of 472 (1e-34) Oct4:Sox17(POU,Homeobox,HMG)/F9-Sox17-ChIP-Seq(GSE44553)/Homer
		367 of 472 (1e-34) HRE(HSF)/HepG2-HSF1-ChIP-Seq(GSE31477)/Homer
		368 of 472 (1e-33) GATA(Zf),IR3/iTreg-Gata3-ChIP-Seq(GSE20898)/Homer
		369 of 472 (1e-31) RORa(NR)/Liver-Rora-ChIP-Seq(GSE101115)/Homer
		370 of 472 (1e-30) CEBP:CEBP(bZIP)/MEF-Chop-ChIP-Seq(GSE35681)/Homer
		371 of 472 (1e-30) HNF1b(Homeobox)/PDAC-HNF1B-ChIP-Seq(GSE64557)/Homer
		372 of 472 (1e-25) POU4F3(POU,Homeobox)/MEF-Pou4f3-ChIP-Seq(GSE150279)/Homer
		373 of 472 (1e-24) ZNF675(Zf)/HEK293-ZNF675.GFP-ChIP-Seq(GSE58341)/Homer
		374 of 472 (1e-22) Zfp57(Zf)/H1-ZFP57.HA-ChIP-Seq(GSE115387)/Homer
		375 of 472 (1e-21) IRF1(IRF)/PBMC-IRF1-ChIP-Seq(GSE43036)/Homer
		376 of 472 (1e-21) OCT:OCT(POU,Homeobox)/NPC-OCT6-ChIP-Seq(GSE43916)/Homer
		377 of 472 (1e-20) HOXA3(Homeobox)/mEmbryo-Hoxa3-ChIP-Seq(E-MTAB-8607)/Homer
		378 of 472 (1e-20) Reverb(NR),DR2/RAW-Reverba.biotin-ChIP-Seq(GSE45914)/Homer
		379 of 472 (1e-18) ZNF519(Zf)/HEK293-ZNF519.GFP-ChIP-Seq(GSE58341)/Homer
		380 of 472 (1e-18) Tcfcp2l1(CP2)/mES-Tcfcp2l1-ChIP-Seq(GSE11431)/Homer
		381 of 472 (1e-18) Twist(bHLH)/HMLE-TWIST1-ChIP-Seq(Chang_et_al)/Homer
		382 of 472 (1e-17) GRE(NR),IR3/A549-GR-ChIP-Seq(GSE32465)/Homer
		383 of 472 (1e-16) IRF:BATF(IRF:bZIP)/pDC-Irf8-ChIP-Seq(GSE66899)/Homer
		384 of 472 (1e-16) RORgt(NR)/EL4-RORgt.Flag-ChIP-Seq(GSE56019)/Homer
		385 of 472 (1e-16) RORgt(NR)/EL4-RORgt.Flag-ChIP-Seq(GSE56019)/Homer
		386 of 472 (1e-16) TFDP1(E2F)/K562-TFDP1-ChIP-Seq(GSE105217)/Homer
		387 of 472 (1e-15) GATA:SCL(Zf,bHLH)/Ter119-SCL-ChIP-Seq(GSE18720)/Homer
		388 of 472 (1e-15) Zfp809(Zf)/ES-Zfp809-ChIP-Seq(GSE70799)/Homer
		389 of 472 (1e-12) Srebp2(bHLH)/HepG2-Srebp2-ChIP-Seq(GSE31477)/Homer
		390 of 472 (1e-10) GLI3(Zf)/Limb-GLI3-ChIP-Chip(GSE11077)/Homer
		391 of 472 (1e-10) TR4(NR),DR1/Hela-TR4-ChIP-Seq(GSE24685)/Homer
		392 of 472 (1e-10) X-box(HTH)/NPC-H3K4me1-ChIP-Seq(GSE16256)/Homer
		393 of 472 (1e-8) Brn2(POU,Homeobox)/NPC-Brn2-ChIP-Seq(GSE35496)/Homer
		394 of 472 (1e-8) BORIS(Zf)/K562-CTCFL-ChIP-Seq(GSE32465)/Homer
		395 of 472 (1e-8) RAR:RXR(NR),DR0/ES-RAR-ChIP-Seq(GSE56893)/Homer
		396 of 472 (1e-7) HOXA2(Homeobox)/mES-Hoxa2-ChIP-Seq(Donaldson_et_al.)/Homer
		397 of 472 (1e-7) p53(p53)/Saos-p53-ChIP-Seq(GSE15780)/Homer
		398 of 472 (1e-7) p53(p53)/Saos-p53-ChIP-Seq/Homer
		399 of 472 (1e-6) ZNF136(Zf)/HEK293-ZNF136.GFP-ChIP-Seq(GSE58341)/Homer
		400 of 472 (1e-6) PAX6(Paired,Homeobox)/Forebrain-Pax6-ChIP-Seq(GSE66961)/Homer
		401 of 472 (1e-5) ZNF317(Zf)/HEK293-ZNF317.GFP-ChIP-Seq(GSE58341)/Homer
		402 of 472 (1e-4) Pax7(Paired,Homeobox)/Myoblast-Pax7-ChIP-Seq(GSE25064)/Homer
		403 of 472 (1e-4) ETS:E-box(ETS,bHLH)/HPC7-Scl-ChIP-Seq(GSE22178)/Homer
		404 of 472 (1e-4) RORg(NR)/Liver-Rorc-ChIP-Seq(GSE101115)/Homer
		405 of 472 (1e-3) TCFL2(HMG)/K562-TCF7L2-ChIP-Seq(GSE29196)/Homer
		406 of 472 (1e-3) GATA3(Zf),DR4/iTreg-Gata3-ChIP-Seq(GSE20898)/Homer
		407 of 472 (1e-3) GATA(Zf),IR4/iTreg-Gata3-ChIP-Seq(GSE20898)/Homer
		408 of 472 (1e-3) Egr2(Zf)/Thymocytes-Egr2-ChIP-Seq(GSE34254)/Homer
		409 of 472 (1e-3) CTCF(Zf)/CD4+-CTCF-ChIP-Seq(Barski_et_al.)/Homer
		410 of 472 (1e-2) Rfx2(HTH)/LoVo-RFX2-ChIP-Seq(GSE49402)/Homer
		411 of 472 (1e-2) PBX1(Homeobox)/MCF7-PBX1-ChIP-Seq(GSE28007)/Homer
		412 of 472 (1e-2) HINFP(Zf)/K562-HINFP.eGFP-ChIP-Seq(Encode)/Homer
		413 of 472 (1e-2) IRF2(IRF)/Erythroblas-IRF2-ChIP-Seq(GSE36985)/Homer
		414 of 472 (1e-2) GATA3(Zf),DR8/iTreg-Gata3-ChIP-Seq(GSE20898)/Homer
		415 of 472 (1e-2) FOXA1:AR(Forkhead,NR)/LNCAP-AR-ChIP-Seq(GSE27824)/Homer
		416 of 472 (1e-2) ZNF165(Zf)/WHIM12-ZNF165-ChIP-Seq(GSE65937)/Homer
	----------------------------------------------------------
	De novo motif finding (HOMER)

	Number of Trial motifs (-T) set to 8 (from 10) to work well with 8 CPUs
	Scanning input files...
	Parsing sequences...
	|0%                                   50%                                  100%|
	=================================================================================
	Total number of Oligos: 32896
	Autoadjustment for sequence coverage in background: 1.50x

	Oligos: 32896 of 34497 max
	Tree  : 66996 of 172485 max
	Optimizing memory usage...
	Cache length = 11180
	Using binomial scoring

	Global Optimization Phase: Looking for enriched oligos with up to 2 mismatches...

	Screening oligos 32896 (allowing 0 mismatches):
	|0%                                   50%                                  100%|
	================================================================================
		0.00% skipped, 100.00% checked (32896 of 32896), of those checked:
		0.00% not in target, 0.00% increased p-value, 0.00% high p-value

	Screening oligos 32896 (allowing 1 mismatches):
	|0%                                   50%                                  100%|
	================================================================================
		0.00% skipped, 100.00% checked (32896 of 32896), of those checked:
		0.00% not in target, 6.36% increased p-value, 0.03% high p-value

	Screening oligos 32896 (allowing 2 mismatches):
	|0%                                   50%                                  100%|
	================================================================================
		6.39% skipped, 93.61% checked (30793 of 32896), of those checked:
		0.00% not in target, 86.83% increased p-value, 0.00% high p-value
	Reading input files...
	737 total sequences read
	Cache length = 11180
	Using binomial scoring

	Local Optimization Phase:
	1 of 25 Initial Sequence: CGCTGCGT... (-949.073)
		Round 1: -949.07 CGCTGCGT T:3122.0(98.59%),B:2.8(43.08%),P:1e-412
		Round 2: -949.07 CGCTGCGT T:3122.0(98.59%),B:2.8(43.08%),P:1e-412
		=Final=: -266.82 CGCTGCGT T:657.0(89.63%),B:2.1(104.80%),P:1e-115
		Performing exhaustive masking of motif...
		Reprioritizing potential motifs...
	2 of 25 Initial Sequence: AAACGCGG... (-864.781)
		Round 1: -864.78 AAACGCGG T:2371.7(96.07%),B:2.7(43.08%),P:1e-375
		Round 2: -864.78 AAACGCGG T:2371.7(96.07%),B:2.7(43.08%),P:1e-375
		=Final=: -208.16 AAACGCGG T:627.0(85.54%),B:2.1(104.82%),P:1e-90
		Performing exhaustive masking of motif...
		Reprioritizing potential motifs...
	3 of 25 Initial Sequence: CGAGTGCG... (-847.964)
		Round 1: -847.96 CGAGTGCG T:2284.0(95.58%),B:2.5(43.08%),P:1e-368
		Round 2: -847.96 CGAGTGCG T:2284.0(95.58%),B:2.5(43.08%),P:1e-368
		=Final=: -201.14 CGAGTGCG T:623.0(84.99%),B:1.2(61.99%),P:1e-87
		Performing exhaustive masking of motif...
		Reprioritizing potential motifs...
	4 of 25 Initial Sequence: ACCGCGGC... (-835.683)
		Round 1: -835.68 ACCGCGGC T:2212.7(95.12%),B:2.0(43.08%),P:1e-362
		Round 2: -835.68 ACCGCGGC T:2212.7(95.12%),B:2.0(43.08%),P:1e-362
		=Final=: 0.00 ACCGCGGC T:45.0(6.14%),B:1.2(61.99%),P:1e0
		Performing exhaustive masking of motif...
		Reprioritizing potential motifs...
	5 of 25 Initial Sequence: CCGTCGTG... (-827.641)
		Round 1: -827.64 CCGTCGTG T:2170.5(94.83%),B:2.3(43.08%),P:1e-359
		Round 2: -827.64 CCGTCGTG T:2170.5(94.83%),B:2.3(43.08%),P:1e-359
		=Final=: -179.49 CCGTCGTG T:610.0(83.22%),B:1.5(73.80%),P:1e-77
		Performing exhaustive masking of motif...
		Reprioritizing potential motifs...
	6 of 25 Initial Sequence: GCCGTCCG... (-759.672)
		Round 1: -759.67 GCCGTCCG T:1884.3(92.36%),B:2.7(43.08%),P:1e-329
		Round 2: -759.67 GCCGTCCG T:1884.3(92.36%),B:2.7(43.08%),P:1e-329
		=Final=: -159.48 GCCGTCCG T:597.0(81.45%),B:1.9(92.97%),P:1e-69
		Performing exhaustive masking of motif...
		Reprioritizing potential motifs...
	7 of 25 Initial Sequence: AACGTTCG... (-735.042)
		Round 1: -735.04 AACGTTCG T:1807.2(91.52%),B:1.6(24.55%),P:1e-319
		Round 2: -735.04 AACGTTCG T:1807.2(91.52%),B:1.6(24.55%),P:1e-319
		=Final=: -129.03 AACGTTCG T:575.0(78.44%),B:1.9(92.97%),P:1e-56
		Performing exhaustive masking of motif...
		Reprioritizing potential motifs...
	8 of 25 Initial Sequence: AGCGCGTT... (-717.972)
		Round 1: -717.97 AGCGCGTT T:1746.4(90.78%),B:2.8(43.08%),P:1e-311
		Round 2: -717.97 AGCGCGTT T:1746.4(90.78%),B:2.8(43.08%),P:1e-311
		=Final=: -160.96 AGCGCGTT T:598.0(81.58%),B:1.2(61.97%),P:1e-69
		Performing exhaustive masking of motif...
		Reprioritizing potential motifs...
	9 of 25 Initial Sequence: CCCGCGGG... (-701.304)
		Round 1: -701.30 CCCGCGGG T:1695.3(90.11%),B:2.9(43.08%),P:1e-304
		Round 2: -701.30 CCCGCGGG T:1695.3(90.11%),B:2.9(43.08%),P:1e-304
		=Final=: -111.71 CCCGCGGG T:561.0(76.53%),B:1.9(92.97%),P:1e-48
		Performing exhaustive masking of motif...
		Reprioritizing potential motifs...
	10 of 25 Initial Sequence: ACGTCGGT... (-675.414)
		Round 1: -675.41 ACGTCGGT T:1615.7(88.97%),B:2.3(43.08%),P:1e-293
		Round 2: -675.41 ACGTCGGT T:1615.7(88.97%),B:2.3(43.08%),P:1e-293
		=Final=: -117.72 ACGTCGGT T:566.0(77.22%),B:1.5(73.80%),P:1e-51
		Performing exhaustive masking of motif...
		Reprioritizing potential motifs...
	11 of 25 Initial Sequence: CGGCTCGA... (-672.242)
		Round 1: -672.24 CGGCTCGA T:1605.9(88.82%),B:2.3(43.08%),P:1e-291
		Round 2: -672.24 CGGCTCGA T:1605.9(88.82%),B:2.3(43.08%),P:1e-291
		=Final=: -123.93 CGGCTCGA T:571.0(77.90%),B:2.1(104.82%),P:1e-53
		Performing exhaustive masking of motif...
		Reprioritizing potential motifs...
	12 of 25 Initial Sequence: GACGAGCG... (-749.007)
		Round 1: -749.01 GACGAGCG T:1850.5(92.00%),B:2.1(43.08%),P:1e-325
		Round 2: -749.01 GACGAGCG T:1850.5(92.00%),B:2.1(43.08%),P:1e-325
		=Final=: 0.00 GACGAGCG T:27.0(3.68%),B:1.2(61.99%),P:1e0
		Performing exhaustive masking of motif...
		Reprioritizing potential motifs...
	13 of 25 Initial Sequence: CGGCGTGA... (-688.244)
		Round 1: -688.24 CGGCGTGA T:1656.8(89.57%),B:2.7(43.08%),P:1e-298
		Round 2: -688.24 CGGCGTGA T:1656.8(89.57%),B:2.7(43.08%),P:1e-298
		=Final=: -132.95 CGGCGTGA T:578.0(78.85%),B:1.9(92.97%),P:1e-57
		Performing exhaustive masking of motif...
		Reprioritizing potential motifs...
	14 of 25 Initial Sequence: ACGAGCGG... (-675.414)
		Round 1: -675.41 ACGAGCGG T:1621.9(89.06%),B:1.0(24.55%),P:1e-293
		Round 2: -675.41 ACGAGCGG T:1621.9(89.06%),B:1.0(24.55%),P:1e-293
		=Final=: -136.93 ACGAGCGG T:581.0(79.26%),B:1.2(61.99%),P:1e-59
		Performing exhaustive masking of motif...
		Reprioritizing potential motifs...
	15 of 25 Initial Sequence: CTGCAGCT... (-662.805)
		Round 1: -662.81 CTGCAGCT T:1580.5(88.43%),B:2.3(43.08%),P:1e-287
		Round 2: -662.81 CTGCAGCT T:1580.5(88.43%),B:2.3(43.08%),P:1e-287
		=Final=: -105.88 CTGCAGCT T:556.0(75.85%),B:1.9(92.97%),P:1e-45
		Performing exhaustive masking of motif...
		Reprioritizing potential motifs...
	16 of 25 Initial Sequence: TTTCCAAA... (-650.409)
		Round 1: -650.41 TTTCCAAA T:1547.9(87.90%),B:3.0(43.08%),P:1e-282
		Round 2: -650.41 TTTCCAAA T:1547.9(87.90%),B:3.0(43.08%),P:1e-282
		=Final=: -121.42 TTTCCAAA T:569.0(77.63%),B:2.1(104.80%),P:1e-52
		Performing exhaustive masking of motif...
		Reprioritizing potential motifs...
	17 of 25 Initial Sequence: AGAAAAGC... (-641.245)
		Round 1: -641.24 AGAAAAGC T:1527.6(87.56%),B:3.0(43.08%),P:1e-278
		Round 2: -641.24 AGAAAAGC T:1527.6(87.56%),B:3.0(43.08%),P:1e-278
		=Final=: -117.72 AGAAAAGC T:566.0(77.22%),B:2.1(104.80%),P:1e-51
		Performing exhaustive masking of motif...
		Reprioritizing potential motifs...
	18 of 25 Initial Sequence: TACGCGTG... (-638.215)
		Round 1: -638.22 TACGCGTG T:1519.8(87.43%),B:2.3(43.08%),P:1e-277
		Round 2: -638.22 TACGCGTG T:1519.8(87.43%),B:2.3(43.08%),P:1e-277
		=Final=: -109.36 TACGCGTG T:559.0(76.26%),B:1.9(92.97%),P:1e-47
		Performing exhaustive masking of motif...
		Reprioritizing potential motifs...
	19 of 25 Initial Sequence: GTTTAAAA... (-635.198)
		Round 1: -839.75 GTTTAAAA T:2229.3(95.23%),B:2.1(43.08%),P:1e-364
		Round 2: -839.75 GTTTAAAA T:2229.3(95.23%),B:2.1(43.08%),P:1e-364
		=Final=: -116.50 GTTTAAAA T:565.0(77.08%),B:1.2(61.99%),P:1e-50
		Performing exhaustive masking of motif...
		Reprioritizing potential motifs...
	20 of 25 Initial Sequence: TGAAAATG... (-626.218)
		Round 1: -626.22 TGAAAATG T:1483.1(86.79%),B:2.7(43.08%),P:1e-271
		Round 2: -626.22 TGAAAATG T:1483.1(86.79%),B:2.7(43.08%),P:1e-271
		=Final=: -116.50 TGAAAATG T:565.0(77.08%),B:1.9(92.97%),P:1e-50
		Performing exhaustive masking of motif...
		Reprioritizing potential motifs...
	21 of 25 Initial Sequence: CCGGCGTT... (-623.248)
		Round 1: -623.25 CCGGCGTT T:1475.6(86.65%),B:2.5(43.08%),P:1e-270
		Round 2: -623.25 CCGGCGTT T:1475.6(86.65%),B:2.5(43.08%),P:1e-270
		=Final=: -112.89 CCGGCGTT T:562.0(76.67%),B:1.2(61.99%),P:1e-49
		Performing exhaustive masking of motif...
		Reprioritizing potential motifs...
	22 of 25 Initial Sequence: TGCTTCTC... (-617.345)
		Round 1: -781.53 TGCTTCTC T:1971.0(93.21%),B:1.5(24.55%),P:1e-339
		Round 2: -781.53 TGCTTCTC T:1971.0(93.21%),B:1.5(24.55%),P:1e-339
		=Final=: -127.74 TGCTTCTC T:574.0(78.31%),B:1.5(73.80%),P:1e-55
		Performing exhaustive masking of motif...
		Reprioritizing potential motifs...
	23 of 25 Initial Sequence: CTTATTTT... (-617.345)
		Round 1: -617.34 CTTATTTT T:1462.5(86.41%),B:2.8(43.08%),P:1e-268
		Round 2: -617.34 CTTATTTT T:1462.5(86.41%),B:2.8(43.08%),P:1e-268
		=Final=: -77.55 CTTATTTT T:529.0(72.17%),B:2.1(104.82%),P:1e-33
		Performing exhaustive masking of motif...
		Reprioritizing potential motifs...
	24 of 25 Initial Sequence: TTCTTCAT... (-614.410)
		Round 1: -745.49 TBCTACAT T:1842.4(91.91%),B:1.1(24.55%),P:1e-323
		Round 2: -766.88 TKCTRCAT T:1919.2(92.72%),B:2.5(43.08%),P:1e-333
		Round 3: -766.88 TKCTRCAT T:1919.2(92.72%),B:2.5(43.08%),P:1e-333
		=Final=: -91.60 TKCTRCAT T:543.0(74.08%),B:1.2(61.97%),P:1e-39
		Performing exhaustive masking of motif...
		Reprioritizing potential motifs...
	25 of 25 Initial Sequence: ACACAGGA... (-611.487)
		Round 1: -611.49 ACACAGGA T:1450.7(86.19%),B:1.9(24.55%),P:1e-265
		Round 2: -611.49 ACACAGGA T:1450.7(86.19%),B:1.9(24.55%),P:1e-265
		=Final=: -96.95 ACACAGGA T:548.0(74.76%),B:2.1(104.80%),P:1e-42
		Performing exhaustive masking of motif...
		Reprioritizing potential motifs...

	Finalizing Enrichment Statistics (new in v3.4)
	Reading input files...
	737 total sequences read
	Cache length = 11180
	Using binomial scoring
	Checking enrichment of 25 motif(s)
	|0%                                    50%                                  100%|
	=================================================================================
	Output in file: /expanse/lustre/projects/csd940/zalibhai/mariner_hi-c/biomodal/downstream/results/homer_motif_enrichment/A3_hmc_hyper_vs_genome/homerMotifs.motifs8


	Number of Trial motifs (-T) set to 8 (from 10) to work well with 8 CPUs
	Scanning input files...
	Parsing sequences...
	|0%                                   50%                                  100%|
	=================================================================================
	Total number of Oligos: 514834
	Autoadjustment for sequence coverage in background: 1.50x

	Oligos: 514834 of 551887 max
	Tree  : 1055916 of 2759435 max
	Optimizing memory usage...
	Cache length = 11180
	Using binomial scoring

	Global Optimization Phase: Looking for enriched oligos with up to 2 mismatches...

	Screening oligos 514834 (allowing 0 mismatches):
	|0%                                   50%                                  100%|
	================================================================================
		0.01% skipped, 99.99% checked (514782 of 514834), of those checked:
		0.01% not in target, 0.00% increased p-value, 0.00% high p-value

	Screening oligos 514834 (allowing 1 mismatches):
	|0%                                   50%                                  100%|
	================================================================================
		0.01% skipped, 99.99% checked (514782 of 514834), of those checked:
		0.00% not in target, 5.07% increased p-value, 22.62% high p-value

	Screening oligos 514834 (allowing 2 mismatches):
	|0%                                   50%                                  100%|
	================================================================================
		22.63% skipped, 77.37% checked (398311 of 514834), of those checked:
		0.00% not in target, 8.45% increased p-value, 0.00% high p-value
	Reading input files...
	737 total sequences read
	Cache length = 11180
	Using binomial scoring

	Local Optimization Phase:
	1 of 25 Initial Sequence: GCGGCCGCCG... (-982.474)
		Round 1: -982.47 GCGGCCGCCG T:3945.7(99.35%),B:2.7(43.08%),P:1e-426
		Round 2: -982.47 GCGGCCGCCG T:3945.7(99.35%),B:2.7(43.08%),P:1e-426
		=Final=: -149.34 GCGGCCGCCG T:590.0(80.49%),B:1.9(92.97%),P:1e-64
		Performing exhaustive masking of motif...
		Reprioritizing potential motifs...
	2 of 25 Initial Sequence: TGCTGCTTTT... (-928.754)
		Round 1: -928.75 TGCTGCTTTT T:2864.8(98.00%),B:2.5(43.08%),P:1e-403
		Round 2: -928.75 TGCTGCTTTT T:2864.8(98.00%),B:2.5(43.08%),P:1e-403
		=Final=: -268.98 TGCTGCTTTT T:658.0(89.77%),B:2.7(135.80%),P:1e-116
		Performing exhaustive masking of motif...
		Reprioritizing potential motifs...
	3 of 25 Initial Sequence: TTTTTCATAA... (-904.826)
		Round 1: -943.88 TTTTTAAAAG T:3016.1(98.37%),B:2.5(43.08%),P:1e-409
		Round 2: -943.88 TTTTTAAAAG T:3016.1(98.37%),B:2.5(43.08%),P:1e-409
		=Final=: -60.59 TTTTTAAAAG T:510.0(69.58%),B:1.2(61.99%),P:1e-26
		Performing exhaustive masking of motif...
		Reprioritizing potential motifs...
	4 of 25 Initial Sequence: AAACACAGCT... (-891.096)
		Round 1: -891.10 AAACACAGCT T:2566.3(96.99%),B:3.0(43.08%),P:1e-386
		Round 2: -891.10 AAACACAGCT T:2566.3(96.99%),B:3.0(43.08%),P:1e-386
		=Final=: -213.53 AAACACAGCT T:630.0(85.95%),B:2.1(104.80%),P:1e-92
		Performing exhaustive masking of motif...
		Reprioritizing potential motifs...
	5 of 25 Initial Sequence: CCAGGGCAGC... (-856.306)
		Round 1: -856.31 CCAGGGCAGC T:2334.4(95.87%),B:2.7(43.08%),P:1e-371
		Round 2: -856.31 CCAGGGCAGC T:2334.4(95.87%),B:2.7(43.08%),P:1e-371
		=Final=: 0.00 CCAGGGCAGC T:117.0(15.96%),B:1.2(61.99%),P:1e0
		Performing exhaustive masking of motif...
		Reprioritizing potential motifs...
	6 of 25 Initial Sequence: AGCTTGTTTT... (-852.119)
		Round 1: -852.12 AGCTTGTTTT T:2295.4(95.64%),B:2.5(43.08%),P:1e-370
		Round 2: -852.12 AGCTTGTTTT T:2295.4(95.64%),B:2.5(43.08%),P:1e-370
		=Final=: -185.97 AGCTTGTTTT T:614.0(83.77%),B:2.7(135.80%),P:1e-80
		Performing exhaustive masking of motif...
		Reprioritizing potential motifs...
	7 of 25 Initial Sequence: TGGGGGTAGG... (-839.746)
		Round 1: -839.75 TGGGGGTAGG T:2240.1(95.30%),B:2.5(43.08%),P:1e-364
		Round 2: -839.75 TGGGGGTAGG T:2240.1(95.30%),B:2.5(43.08%),P:1e-364
		=Final=: -166.99 TGGGGGTAGG T:602.0(82.13%),B:1.9(92.97%),P:1e-72
		Performing exhaustive masking of motif...
		Reprioritizing potential motifs...
	8 of 25 Initial Sequence: TTATTATCTT... (-831.648)
		Round 1: -831.65 TTATTATCTT T:2188.5(94.96%),B:2.5(43.08%),P:1e-361
		Round 2: -831.65 TTATTATCTT T:2188.5(94.96%),B:2.5(43.08%),P:1e-361
		=Final=: -501.48 TTATTATCTT T:732.0(99.86%),B:2.7(135.80%),P:1e-217
		Performing exhaustive masking of motif...
		Reprioritizing potential motifs...
	9 of 25 Initial Sequence: AAAGCTGAAA... (-860.527)
		Round 1: -860.53 AAAGCTGAAA T:2344.9(95.92%),B:2.5(43.08%),P:1e-373
		Round 2: -860.53 AAAGCTGAAA T:2344.9(95.92%),B:2.5(43.08%),P:1e-373
		=Final=: -204.63 AAAGCTGAAA T:625.0(85.27%),B:2.7(135.80%),P:1e-88
		Performing exhaustive masking of motif...
		Reprioritizing potential motifs...
	10 of 25 Initial Sequence: ATATTTACAT... (-815.782)
		Round 1: -815.78 ATATTTACAT T:2124.4(94.50%),B:2.5(43.08%),P:1e-354
		Round 2: -815.78 ATATTTACAT T:2124.4(94.50%),B:2.5(43.08%),P:1e-354
		=Final=: -146.53 ATATTTACAT T:588.0(80.22%),B:2.7(135.80%),P:1e-63
		Performing exhaustive masking of motif...
		Reprioritizing potential motifs...
	11 of 25 Initial Sequence: ACAGATGCCA... (-808.005)
		Round 1: -808.00 ACAGATGCCA T:2092.0(94.24%),B:2.9(43.08%),P:1e-350
		Round 2: -808.00 ACAGATGCCA T:2092.0(94.24%),B:2.9(43.08%),P:1e-350
		=Final=: -190.93 ACAGATGCCA T:617.0(84.17%),B:2.7(135.80%),P:1e-82
		Performing exhaustive masking of motif...
		Reprioritizing potential motifs...
	12 of 25 Initial Sequence: TTGGGAAAAG... (-804.153)
		Round 1: -804.15 TTGGGAAAAG T:2071.3(94.08%),B:2.3(43.08%),P:1e-349
		Round 2: -804.15 TTGGGAAAAG T:2071.3(94.08%),B:2.3(43.08%),P:1e-349
		=Final=: -179.49 TTGGGAAAAG T:610.0(83.22%),B:1.9(92.97%),P:1e-77
		Performing exhaustive masking of motif...
		Reprioritizing potential motifs...
	13 of 25 Initial Sequence: AGAGAATGCT... (-796.521)
		Round 1: -796.52 AGAGAATGCT T:2036.4(93.79%),B:2.3(43.08%),P:1e-345
		Round 2: -796.52 AGAGAATGCT T:2036.4(93.79%),B:2.3(43.08%),P:1e-345
		=Final=: -170.06 AGAGAATGCT T:604.0(82.40%),B:1.9(92.97%),P:1e-73
		Performing exhaustive masking of motif...
		Reprioritizing potential motifs...
	14 of 25 Initial Sequence: AGCCACTCTG... (-796.521)
		Round 1: -796.52 AGCCACTCTG T:2035.1(93.78%),B:1.0(24.55%),P:1e-345
		Round 2: -796.52 AGCCACTCTG T:2035.1(93.78%),B:1.0(24.55%),P:1e-345
		=Final=: -177.89 AGCCACTCTG T:609.0(83.08%),B:1.2(61.99%),P:1e-77
		Performing exhaustive masking of motif...
		Reprioritizing potential motifs...
	15 of 25 Initial Sequence: GAGCAGCTGC... (-788.981)
		Round 1: -788.98 GAGCAGCTGC T:2008.1(93.55%),B:2.5(43.08%),P:1e-342
		Round 2: -788.98 GAGCAGCTGC T:2008.1(93.55%),B:2.5(43.08%),P:1e-342
		=Final=: -136.93 GAGCAGCTGC T:581.0(79.26%),B:1.9(92.97%),P:1e-59
		Performing exhaustive masking of motif...
		Reprioritizing potential motifs...
	16 of 25 Initial Sequence: ACATCTGCTT... (-785.244)
		Round 1: -785.24 ACATCTGCTT T:1991.1(93.40%),B:2.4(43.08%),P:1e-341
		Round 2: -785.24 ACATCTGCTT T:1991.1(93.40%),B:2.4(43.08%),P:1e-341
		=Final=: -171.61 ACATCTGCTT T:605.0(82.54%),B:2.1(104.80%),P:1e-74
		Performing exhaustive masking of motif...
		Reprioritizing potential motifs...
	17 of 25 Initial Sequence: GTCTCTGAAA... (-819.708)
		Round 1: -819.71 GTCTCTGAAA T:2143.5(94.64%),B:2.9(43.08%),P:1e-355
		Round 2: -819.71 GTCTCTGAAA T:2143.5(94.64%),B:2.9(43.08%),P:1e-355
		=Final=: -184.33 GTCTCTGAAA T:613.0(83.63%),B:1.9(92.97%),P:1e-80
		Performing exhaustive masking of motif...
		Reprioritizing potential motifs...
	18 of 25 Initial Sequence: TTCCTGAGAT... (-785.244)
		Round 1: -785.24 TTCCTGAGAT T:1987.9(93.36%),B:2.7(43.08%),P:1e-341
		Round 2: -785.24 TTCCTGAGAT T:1987.9(93.36%),B:2.7(43.08%),P:1e-341
		=Final=: -173.16 TTCCTGAGAT T:606.0(82.67%),B:1.9(92.97%),P:1e-75
		Performing exhaustive masking of motif...
		Reprioritizing potential motifs...
	19 of 25 Initial Sequence: ACAGAGCTCT... (-839.746)
		Round 1: -839.75 ACAGAGCTCT T:2246.1(95.34%),B:2.9(43.08%),P:1e-364
		Round 2: -839.75 ACAGAGCTCT T:2246.1(95.34%),B:2.9(43.08%),P:1e-364
		=Final=: -173.16 ACAGAGCTCT T:606.0(82.67%),B:1.9(92.97%),P:1e-75
		Performing exhaustive masking of motif...
		Reprioritizing potential motifs...
	20 of 25 Initial Sequence: AGGGGAAAGC... (-774.162)
		Round 1: -774.16 AGGGGAAAGC T:1941.7(92.93%),B:2.9(43.08%),P:1e-336
		Round 2: -774.16 AGGGGAAAGC T:1941.7(92.93%),B:2.9(43.08%),P:1e-336
		=Final=: -162.46 AGGGGAAAGC T:599.0(81.72%),B:2.7(135.80%),P:1e-70
		Performing exhaustive masking of motif...
		Reprioritizing potential motifs...
	21 of 25 Initial Sequence: CACCCCAGCA... (-770.510)
		Round 1: -770.51 CACCCCAGCA T:1938.5(92.90%),B:2.5(43.08%),P:1e-334
		Round 2: -770.51 CACCCCAGCA T:1938.5(92.90%),B:2.5(43.08%),P:1e-334
		=Final=: -152.20 CACCCCAGCA T:592.0(80.76%),B:2.7(135.80%),P:1e-66
		Performing exhaustive masking of motif...
		Reprioritizing potential motifs...
	22 of 25 Initial Sequence: AGAACTGTTT... (-759.672)
		Round 1: -759.67 AGAACTGTTT T:1889.5(92.41%),B:2.7(43.08%),P:1e-329
		Round 2: -759.67 AGAACTGTTT T:1889.5(92.41%),B:2.7(43.08%),P:1e-329
		=Final=: -160.96 AGAACTGTTT T:598.0(81.58%),B:1.9(92.97%),P:1e-69
		Performing exhaustive masking of motif...
		Reprioritizing potential motifs...
	23 of 25 Initial Sequence: CACTGGGAGG... (-759.672)
		Round 1: -759.67 CACTGGGAGG T:1884.1(92.36%),B:2.5(43.08%),P:1e-329
		Round 2: -759.67 CACTGGGAGG T:1884.1(92.36%),B:2.5(43.08%),P:1e-329
		=Final=: -147.93 CACTGGGAGG T:589.0(80.35%),B:2.7(135.80%),P:1e-64
		Performing exhaustive masking of motif...
		Reprioritizing potential motifs...
	24 of 25 Initial Sequence: AACACCAAAG... (-752.544)
		Round 1: -752.54 AACACCAAAG T:1862.4(92.13%),B:2.9(43.08%),P:1e-326
		Round 2: -752.54 AACACCAAAG T:1862.4(92.13%),B:2.9(43.08%),P:1e-326
		=Final=: 0.00 AACACCAAAG T:65.0(8.87%),B:1.2(61.99%),P:1e0
		Performing exhaustive masking of motif...
		Reprioritizing potential motifs...
	25 of 25 Initial Sequence: GCATTTCCTG... (-745.489)
		Round 1: -745.49 GCATTTCCTG T:1835.2(91.83%),B:2.8(43.08%),P:1e-323
		Round 2: -745.49 GCATTTCCTG T:1835.2(91.83%),B:2.8(43.08%),P:1e-323
		=Final=: -177.89 GCATTTCCTG T:609.0(83.08%),B:2.1(104.82%),P:1e-77
		Performing exhaustive masking of motif...
		Reprioritizing potential motifs...

	Finalizing Enrichment Statistics (new in v3.4)
	Reading input files...
	737 total sequences read
	Cache length = 11180
	Using binomial scoring
	Checking enrichment of 25 motif(s)
	|0%                                    50%                                  100%|
	=================================================================================
	Output in file: /expanse/lustre/projects/csd940/zalibhai/mariner_hi-c/biomodal/downstream/results/homer_motif_enrichment/A3_hmc_hyper_vs_genome/homerMotifs.motifs10


	Number of Trial motifs (-T) set to 8 (from 10) to work well with 8 CPUs
	-blen automatically set to 2
	Scanning input files...
	Parsing sequences...
	|0%                                   50%                                  100%|
	=================================================================================
	Total number of Oligos: 5245797
	Autoadjustment for sequence coverage in background: 1.50x

	Oligos: 5245797 of 8830118 max
	Tree  : 11451552 of 44150590 max
	Optimizing memory usage...
	Cache length = 11180
	Using binomial scoring

	Global Optimization Phase: Looking for enriched oligos with up to 2 mismatches...

	Screening oligos 5245797 (allowing 0 mismatches):
	|0%                                   50%                                  100%|
	================================================================================
		0.15% skipped, 99.85% checked (5237921 of 5245797), of those checked:
		0.15% not in target, 0.00% increased p-value, 0.00% high p-value

	Screening oligos 5245797 (allowing 1 mismatches):
	|0%                                   50%                                  100%|
	================================================================================
		0.15% skipped, 99.85% checked (5237921 of 5245797), of those checked:
		0.00% not in target, 62.99% increased p-value, 96.80% high p-value

	Screening oligos 5245797 (allowing 2 mismatches):
	|0%                                   50%                                  100%|
	================================================================================
		96.95% skipped, 3.05% checked (159973 of 5245797), of those checked:
		0.00% not in target, 0.02% increased p-value, 0.00% high p-value
	Reading input files...
	737 total sequences read
	Cache length = 11180
	Using binomial scoring

	Local Optimization Phase:
	1 of 25 Initial Sequence: TATTTCAAAATG... (-976.576)
		Round 1: -976.58 TATTTCAAAATG T:3524.0(99.19%),B:1.9(24.55%),P:1e-424
		Round 2: -976.58 TATTTCAAAATG T:3524.0(99.19%),B:1.9(24.55%),P:1e-424
		=Final=: -262.54 TATTTCAAAATG T:655.0(89.36%),B:2.1(104.82%),P:1e-114
		Performing exhaustive masking of motif...
		Reprioritizing potential motifs...
	2 of 25 Initial Sequence: CACAGGATGCTG... (-933.723)
		Round 1: -933.72 CACAGGATGCTG T:2916.6(98.13%),B:2.4(43.07%),P:1e-405
		Round 2: -933.72 CACAGGATGCTG T:2916.6(98.13%),B:2.4(43.07%),P:1e-405
		=Final=: -241.99 CACAGGATGCTG T:645.0(87.99%),B:1.2(61.99%),P:1e-105
		Performing exhaustive masking of motif...
		Reprioritizing potential motifs...
	3 of 25 Initial Sequence: CTCAGCACCTCT... (-923.851)
		Round 1: -923.85 CTCAGCACCTCT T:2816.8(97.86%),B:2.3(43.07%),P:1e-401
		Round 2: -923.85 CTCAGCACCTCT T:2816.8(97.86%),B:2.3(43.07%),P:1e-401
		=Final=: -219.01 CTCAGCACCTCT T:633.0(86.36%),B:1.2(61.97%),P:1e-95
		Performing exhaustive masking of motif...
		Reprioritizing potential motifs...
	4 of 25 Initial Sequence: CCCTGGGGTCTT... (-882.166)
		Round 1: -882.17 CCCTGGGGTCTT T:2492.8(96.67%),B:2.1(43.07%),P:1e-383
		Round 2: -882.17 CCCTGGGGTCTT T:2492.8(96.67%),B:2.1(43.07%),P:1e-383
		=Final=: -192.61 CCCTGGGGTCTT T:618.0(84.31%),B:1.9(92.97%),P:1e-83
		Performing exhaustive masking of motif...
		Reprioritizing potential motifs...
	5 of 25 Initial Sequence: GCATGCATGCAT... (-877.762)
		Round 1: -877.76 GCATGCATGCAT T:2467.8(96.55%),B:1.2(24.55%),P:1e-381
		Round 2: -877.76 GCATGCATGCAT T:2467.8(96.55%),B:1.2(24.55%),P:1e-381
		=Final=: -398.22 GCATGCATGCAT T:707.0(96.45%),B:2.7(135.80%),P:1e-172
		Performing exhaustive masking of motif...
		Reprioritizing potential motifs...
	6 of 25 Initial Sequence: GTGGGGGTGGGG... (-605.674)
		Round 1: -605.67 GTGGGGGTGGGG T:1435.5(85.90%),B:2.3(43.07%),P:1e-263
		Round 2: -605.67 GTGGGGGTGGGG T:1435.5(85.90%),B:2.3(43.07%),P:1e-263
		=Final=: -81.43 GTGGGGGTGGGG T:533.0(72.71%),B:1.9(92.97%),P:1e-35
		Performing exhaustive masking of motif...
		Reprioritizing potential motifs...
	7 of 25 Initial Sequence: ATTTTTTAAAAA... (-591.337)
		Round 1: -591.34 ATTTTTTAAAAA T:1398.6(85.17%),B:2.9(43.07%),P:1e-256
		Round 2: -591.34 ATTTTTTAAAAA T:1398.6(85.17%),B:2.9(43.07%),P:1e-256
		=Final=: -43.83 ATTTTTTAAAAA T:488.0(66.58%),B:1.9(92.97%),P:1e-19
		Performing exhaustive masking of motif...
		Reprioritizing potential motifs...
	8 of 25 Initial Sequence: TTAAAACAAAAA... (-566.200)
		Round 1: -566.20 TTAAAACAAAAA T:1343.9(84.01%),B:1.6(24.55%),P:1e-245
		Round 2: -566.20 TTAAAACAAAAA T:1343.9(84.01%),B:1.6(24.55%),P:1e-245
		=Final=: -81.43 TTAAAACAAAAA T:533.0(72.71%),B:1.9(92.97%),P:1e-35
		Performing exhaustive masking of motif...
		Reprioritizing potential motifs...
	9 of 25 Initial Sequence: AACAACAACAAA... (-526.093)
		Round 1: -526.09 AACAACAACAAA T:1253.8(81.92%),B:3.0(43.07%),P:1e-228
		Round 2: -526.09 AACAACAACAAA T:1253.8(81.92%),B:3.0(43.07%),P:1e-228
		=Final=: -36.56 AACAACAACAAA T:477.0(65.08%),B:2.1(104.80%),P:1e-15
		Performing exhaustive masking of motif...
		Reprioritizing potential motifs...
	10 of 25 Initial Sequence: TTTTTTTTCTAT... (-473.372)
		Round 1: -473.37 TTTTTTTTCTAT T:1145.4(79.05%),B:0.9(0.00%),P:1e-205
		Round 2: -473.37 TTTTTTTTCTAT T:1145.4(79.05%),B:0.9(0.00%),P:1e-205
		=Final=: -404.88 TTTTTTTTCTAT T:709.0(96.73%),B:2.7(135.80%),P:1e-175
		Performing exhaustive masking of motif...
		Reprioritizing potential motifs...
	11 of 25 Initial Sequence: AGGTTTTAAAAT... (-465.932)
		Round 1: -465.93 AGGTTTTAAAAT T:3403.0(99.04%),B:4.2(67.59%),P:1e-202
		Round 2: -465.93 AGGTTTTAAAAT T:3403.0(99.04%),B:4.2(67.59%),P:1e-202
		=Final=: -245.99 AGGTTTTAAAAT T:647.0(88.27%),B:2.7(135.80%),P:1e-106
		Performing exhaustive masking of motif...
		Reprioritizing potential motifs...
	12 of 25 Initial Sequence: CTCTGCTCTTGT... (-453.071)
		Round 1: -453.07 CTCTGCTCTTGT T:3124.4(98.59%),B:5.0(67.59%),P:1e-196
		Round 2: -453.07 CTCTGCTCTTGT T:3124.4(98.59%),B:5.0(67.59%),P:1e-196
		=Final=: -256.24 CTCTGCTCTTGT T:652.0(88.95%),B:1.9(92.97%),P:1e-111
		Performing exhaustive masking of motif...
		Reprioritizing potential motifs...
	13 of 25 Initial Sequence: TATATGAAAATA... (-444.955)
		Round 1: -444.96 TATATGAAAATA T:3003.8(98.34%),B:4.1(67.59%),P:1e-193
		Round 2: -444.96 TATATGAAAATA T:3003.8(98.34%),B:4.1(67.59%),P:1e-193
		=Final=: -228.37 TATATGAAAATA T:638.0(87.04%),B:2.7(135.80%),P:1e-99
		Performing exhaustive masking of motif...
		Reprioritizing potential motifs...
	14 of 25 Initial Sequence: CCACCTCCCAGC... (-441.013)
		Round 1: -441.01 CCACCTCCCAGC T:2948.3(98.21%),B:4.6(67.59%),P:1e-191
		Round 2: -441.01 CCACCTCCCAGC T:2948.3(98.21%),B:4.6(67.59%),P:1e-191
		=Final=: -241.99 CCACCTCCCAGC T:645.0(87.99%),B:2.7(135.80%),P:1e-105
		Performing exhaustive masking of motif...
		Reprioritizing potential motifs...
	15 of 25 Initial Sequence: CCAAAGAGAAGC... (-437.142)
		Round 1: -437.14 CCAAAGAGAAGC T:2862.4(97.99%),B:4.8(67.59%),P:1e-189
		Round 2: -437.14 CCAAAGAGAAGC T:2862.4(97.99%),B:4.8(67.59%),P:1e-189
		=Final=: -241.99 CCAAAGAGAAGC T:645.0(87.99%),B:2.7(135.80%),P:1e-105
		Performing exhaustive masking of motif...
		Reprioritizing potential motifs...
	16 of 25 Initial Sequence: CTGGCTGTGGTG... (-425.909)
		Round 1: -425.91 CTGGCTGTGGTG T:2730.8(97.59%),B:4.5(67.59%),P:1e-184
		Round 2: -425.91 CTGGCTGTGGTG T:2730.8(97.59%),B:4.5(67.59%),P:1e-184
		=Final=: -226.48 CTGGCTGTGGTG T:637.0(86.90%),B:1.9(92.97%),P:1e-98
		Performing exhaustive masking of motif...
		Reprioritizing potential motifs...
	17 of 25 Initial Sequence: GCACAGCTGAGG... (-411.698)
		Round 1: -411.70 GCACAGCTGAGG T:2582.5(97.05%),B:3.7(57.04%),P:1e-178
		Round 2: -411.70 GCACAGCTGAGG T:2582.5(97.05%),B:3.7(57.04%),P:1e-178
		=Final=: -465.93 GCACAGCTGAGG T:725.0(98.91%),B:2.7(135.80%),P:1e-202
		Performing exhaustive masking of motif...
		Reprioritizing potential motifs...
	18 of 25 Initial Sequence: AGAACTTTCTAG... (-382.256)
		Round 1: -382.26 AGAACTTTCTAG T:2327.2(95.83%),B:4.0(57.04%),P:1e-166
		Round 2: -382.26 AGAACTTTCTAG T:2327.2(95.83%),B:4.0(57.04%),P:1e-166
		=Final=: -192.61 AGAACTTTCTAG T:618.0(84.31%),B:2.7(135.80%),P:1e-83
		Performing exhaustive masking of motif...
		Reprioritizing potential motifs...
	19 of 25 Initial Sequence: CTCTTTCTCTCT... (-365.972)
		Round 1: -365.97 CTCTTTCTCTCT T:947.4(72.55%),B:3.0(43.07%),P:1e-158
		Round 2: -365.97 CTCTTTCTCTCT T:947.4(72.55%),B:3.0(43.07%),P:1e-158
		=Final=: -14.49 CTCTTTCTCTCT T:433.0(59.07%),B:1.5(73.80%),P:1e-6
		Performing exhaustive masking of motif...
		Reprioritizing potential motifs...
	20 of 25 Initial Sequence: AGCTGCCCTGGC... (-355.536)
		Round 1: -355.54 AGCTGCCCTGGC T:2139.3(94.61%),B:3.7(57.04%),P:1e-154
		Round 2: -355.54 AGCTGCCCTGGC T:2139.3(94.61%),B:3.7(57.04%),P:1e-154
		=Final=: -184.33 AGCTGCCCTGGC T:613.0(83.63%),B:1.9(92.97%),P:1e-80
		Performing exhaustive masking of motif...
		Reprioritizing potential motifs...
	21 of 25 Initial Sequence: ACAAAACAAAAC... (-279.689)
		Round 1: -279.69 ACAAAACAAAAC T:800.0(66.40%),B:2.9(43.07%),P:1e-121
		Round 2: -279.69 ACAAAACAAAAC T:800.0(66.40%),B:2.9(43.07%),P:1e-121
		=Final=: -5.12 ACAAAACAAAAC T:401.0(54.71%),B:2.1(104.82%),P:1e-2
		Performing exhaustive masking of motif...
		Reprioritizing potential motifs...
	22 of 25 Initial Sequence: GGGGGGAGGGGA... (-277.916)
		Round 1: -277.92 GGGGGGAGGGGA T:795.6(66.22%),B:1.9(24.55%),P:1e-120
		Round 2: -277.92 GGGGGGAGGGGA T:795.6(66.22%),B:1.9(24.55%),P:1e-120
		=Final=: -15.26 GGGGGGAGGGGA T:435.0(59.35%),B:2.1(104.82%),P:1e-6
		Performing exhaustive masking of motif...
		Reprioritizing potential motifs...
	23 of 25 Initial Sequence: ATTTCAAAATGA... (-256.235)
		Round 1: -256.24 ATTTCAAAATGA T:1620.3(89.05%),B:4.2(67.59%),P:1e-111
		Round 2: -256.24 ATTTCAAAATGA T:1620.3(89.05%),B:4.2(67.59%),P:1e-111
		=Final=: -155.08 ATTTCAAAATGA T:594.0(81.04%),B:2.7(135.80%),P:1e-67
		Performing exhaustive masking of motif...
		Reprioritizing potential motifs...
	24 of 25 Initial Sequence: TAAATAAATAAA... (-233.928)
		Round 1: -233.93 TAAATAAATAAA T:723.7(62.73%),B:3.0(43.07%),P:1e-101
		Round 2: -233.93 TAAATAAATAAA T:723.7(62.73%),B:3.0(43.07%),P:1e-101
		=Final=: -2.96 TAAATAAATAAA T:389.0(53.07%),B:1.5(73.80%),P:1e-1
		Performing exhaustive masking of motif...
		Reprioritizing potential motifs...
	25 of 25 Initial Sequence: CCTCTGCTGTTC... (-224.594)
		Round 1: -224.59 CCTCTGCTGTTC T:1483.0(86.78%),B:3.7(57.04%),P:1e-97
		Round 2: -224.59 CCTCTGCTGTTC T:1483.0(86.78%),B:3.7(57.04%),P:1e-97
		=Final=: -132.95 CCTCTGCTGTTC T:578.0(78.85%),B:1.9(92.97%),P:1e-57
		Performing exhaustive masking of motif...
		Reprioritizing potential motifs...

	Finalizing Enrichment Statistics (new in v3.4)
	Reading input files...
	737 total sequences read
	Cache length = 11180
	Using binomial scoring
	Checking enrichment of 25 motif(s)
	|0%                                    50%                                  100%|
	=================================================================================
	Output in file: /expanse/lustre/projects/csd940/zalibhai/mariner_hi-c/biomodal/downstream/results/homer_motif_enrichment/A3_hmc_hyper_vs_genome/homerMotifs.motifs12

	(Motifs in homer2 format)
	Determining similar motifs...	75 reduced to 39 motifs
	Outputing HTML and sequence logos for motif comparison...
	Checking de novo motifs against known motifs...
	Formatting HTML page...
		1 of 39 (1e-217) similar to GATA6/MA1104.3/Jaspar(0.751)
		2 of 39 (1e-202) similar to MyoG(bHLH)/C2C12-MyoG-ChIP-Seq(GSE36024)/Homer(0.724)
		3 of 39 (1e-180) similar to ZNF384/MA1125.2/Jaspar(0.795)
		4 of 39 (1e-172) similar to ZNF24/MA1124.1/Jaspar(0.657)
		5 of 39 (1e-121) similar to IRF:BATF(IRF:bZIP)/pDC-Irf8-ChIP-Seq(GSE66899)/Homer(0.709)
		6 of 39 (1e-116) similar to ZNF418/MA1980.1/Jaspar(0.626)
		7 of 39 (1e-115) similar to PB0206.1_Zic2_2/Jaspar(0.649)
		8 of 39 (1e-114) similar to Oct2(POU,Homeobox)/Bcell-Oct2-ChIP-Seq(GSE21512)/Homer(0.776)
		9 of 39 (1e-113) similar to ZNF677/MA2101.1/Jaspar(0.689)
		10 of 39 (1e-111) similar to SP5/MA1965.2/Jaspar(0.707)
		11 of 39 (1e-109) similar to OSR2/MA1646.2/Jaspar(0.650)
		12 of 39 (1e-105) similar to Ets1-distal(ETS)/CD4+-PolII-ChIP-Seq(Barski_et_al.)/Homer(0.685)
		13 of 39 (1e-101) similar to RUNX-AML(Runt)/CD4+-PolII-ChIP-Seq(Barski_et_al.)/Homer(0.727)
		14 of 39 (1e-97) similar to EWS:ERG-fusion(ETS)/CADO_ES1-EWS:ERG-ChIP-Seq(SRA014231)/Homer(0.878)
		15 of 39 (1e-95) similar to SNAI2/MA0745.3/Jaspar(0.650)
		16 of 39 (1e-95) similar to BARHL1/MA0877.4/Jaspar(0.710)
		17 of 39 (1e-94) similar to THAP1/MA0597.3/Jaspar(0.727)
		18 of 39 (1e-88) similar to HRE(HSF)/Striatum-HSF1-ChIP-Seq(GSE38000)/Homer(0.804)
		19 of 39 (1e-88) similar to NKX2-8/MA0673.2/Jaspar(0.683)
		20 of 39 (1e-85) similar to ZNF610/MA1713.2/Jaspar(0.728)
		21 of 39 (1e-84) similar to HAND2/MA1638.2/Jaspar(0.774)
		22 of 39 (1e-84) similar to EBF1(EBF)/Near-E2A-ChIP-Seq(GSE21512)/Homer(0.717)
		23 of 39 (1e-83) similar to HAND2/MA1638.2/Jaspar(0.774)
		24 of 39 (1e-82) similar to ZNF768/MA1731.2/Jaspar(0.703)
		25 of 39 (1e-80) similar to ZNF75A/MA2097.1/Jaspar(0.800)
		26 of 39 (1e-80) similar to Ahr::Arnt/MA0006.2/Jaspar(0.790)
		27 of 39 (1e-79) similar to PB0099.1_Zfp691_1/Jaspar(0.692)
		28 of 39 (1e-77) similar to ZNF768/MA1731.2/Jaspar(0.725)
		29 of 39 (1e-73) similar to HINFP/MA0131.3/Jaspar(0.749)
		30 of 39 (1e-72) similar to ZNF148(Zf)/MDAMB231-ZNF148-ChIP-Seq(GSE147020)/Homer(0.762)
		31 of 39 (1e-64) similar to HINFP/MA0131.3/Jaspar(0.669)
		32 of 39 (1e-57) similar to Ahr::Arnt/MA0006.2/Jaspar(0.790)
		33 of 39 (1e-57) similar to PB0131.1_Gmeb1_2/Jaspar(0.692)
		34 of 39 (1e-56) similar to HIF1A/MA1106.2/Jaspar(0.686)
		35 of 39 (1e-53) similar to TFAP2A/MA0810.2/Jaspar(0.719)
		36 of 39 (1e-52) similar to CHR(?)/Hela-CellCycle-Expression/Homer(0.771)
		37 of 39 (1e-20) similar to PB0122.1_Foxk1_2/Jaspar(0.836)
		38 of 39 (1e-10) similar to PRDM1/MA0508.4/Jaspar(0.763)
		39 of 39 (1e-6) similar to FOXD3/MA0041.3/Jaspar(0.783)
	Job finished - if results look good, please send beer to ..

	Cleaning up tmp files...


HOMER completed successfully.
  Significant known motifs (q < 0.05): 0

End time: Sun May 31 23:25:54 PDT 2026
=================================================================
