=================================================================
HOMER findMotifsGenome.pl — Single Comparison
=================================================================
Job ID: 49936841
Node: exp-7-01
Start time: Sun May 31 23:04:55 PDT 2026

Arguments:
  Foreground: k27ac_gained_fdr05.bed
  Background: GENOME
  Output dir: C3_k27ac_gained_vs_genome
=================================================================

Foreground: /expanse/lustre/projects/csd940/zalibhai/mariner_hi-c/biomodal/downstream/results/homer_motif_enrichment/beds/k27ac_gained_fdr05.bed (3440 regions)
Background: genome (auto-sampled)

Running findMotifsGenome.pl...
  Genome: mm10
  CPUs:   8
  Flags:  -size given -mask
  Start:  Sun May 31 23:05:03 PDT 2026


	Position file = /expanse/lustre/projects/csd940/zalibhai/mariner_hi-c/biomodal/downstream/results/homer_motif_enrichment/beds/k27ac_gained_fdr05.bed
	Genome = mm10
	Output Directory = /expanse/lustre/projects/csd940/zalibhai/mariner_hi-c/biomodal/downstream/results/homer_motif_enrichment/C3_k27ac_gained_vs_genome
	Using actual sizes of regions (-size given)
	Fragment size set to given
	Will use repeat masked sequences
	Using 8 CPUs
	Found mset for "mouse", will check against vertebrates motifs
	Peak/BED file conversion summary:
		BED/Header formatted lines: 3440
		peakfile formatted lines: 0

	Peak File Statistics:
		Total Peaks: 3440
		Redundant Peak IDs: 0
		Peaks lacking information: 0 (need at least 5 columns per peak)
		Peaks with misformatted coordinates: 0 (should be integer)
		Peaks with misformatted strand: 0 (should be either +/- or 0/1)

	Peak file looks good!

	Background fragment size set to 399 (avg size of targets)
	Could not find background files for 399 bp fragments
	Below are the sizes that are already available prepared.
		65432
		89889
	HOMER will now create background files for 399 bp fragments
	To CANCEL and rerun with a differet "-size <#>", hit <CTRL+C> now!
		5
		4
		3
		2
		1
	Preparsing genome for 399 bp fragments...(will probably take 1-5 min)
	preparse size set to 399

	By default, using /home/zalibhai/homer//data/genomes/mm10//mm10.tss for reference positions
	Output files will be placed in /home/zalibhai/homer//data/genomes/mm10//preparsed//mm10r.399.* ...
	By default, HOMER will set the the preparsed Directory to be group read/write
	Extracting sequences
	Custom genome sequence directory: /home/zalibhai/homer//data/genomes/mm10//

	Extracting sequences from directory: /home/zalibhai/homer//data/genomes/mm10//
	Extracting 74796 sequences from chr1
	Extracting 90968 sequences from chr2
	Extracting 61322 sequences from chr3
	Extracting 68874 sequences from chr4
	Extracting 70244 sequences from chr5
	Extracting 66496 sequences from chr6
	Extracting 84047 sequences from chr7
	Extracting 51891 sequences from chr8
	Extracting 62893 sequences from chr9
	Extracting 57448 sequences from chr10
	Extracting 68137 sequences from chr11
	Extracting 43162 sequences from chr12
	Extracting 50070 sequences from chr13
	Extracting 47266 sequences from chr14
	Extracting 41750 sequences from chr15
	Extracting 39634 sequences from chr16
	Extracting 47664 sequences from chr17
	Extracting 34173 sequences from chr18
	Extracting 33149 sequences from chr19
	Extracting 64115 sequences from chrX
	Extracting 15732 sequences from chrY
	Extracting 174 sequences from chr1_GL456211_random
	Extracting 190 sequences from chr1_GL456212_random
	Extracting 185 sequences from chr1_GL456221_random
	Extracting 63 sequences from chr4_GL456216_random
	Extracting 284 sequences from chr4_GL456350_random
	Extracting 43 sequences from chr4_JH584292_random
	Extracting 184 sequences from chr4_JH584293_random
	Extracting 176 sequences from chr4_JH584294_random
	Extracting 183 sequences from chr5_GL456354_random
	Extracting 82 sequences from chr5_JH584296_random
	Extracting 149 sequences from chr5_JH584297_random
	Extracting 151 sequences from chr5_JH584298_random
	Extracting 384 sequences from chr5_JH584299_random
	Extracting 143 sequences from chr7_GL456219_random
	Extracting 102 sequences from chrUn_JH584304
	Extracting 296 sequences from chrX_GL456233_random
	Extracting 97 sequences from chrY_JH584300_random


!!!!!!!!!!!!!!!!!!!!!!!!!!!!!!!!!!!!!!!!!!!!!!!!!!!!!!!!!!!!!
	Potential Problem with Sequences (ignore if preparsing genome):
		329458 of 1176537 removed because they had >70.00% Ns (i.e. masked repeats)
	Due to 	high repeat content, consider using a non-repeat masked genome


!!!!!!!!!!!!!!!!!!!!!!!!!!!!!!!!!!!!!!!!!!!!!!!!!!!!!!!!!!!!!

	Sequences processed:
		Auto detected maximum sequence length of 399 bp
		100000
		200000
		300000
		400000
		500000
		600000
		700000
		800000
		847079 total

	Frequency Bins: 0.01 0.02 0.03 0.04 0.05 0.06 0.08 0.1 0.12 0.14 0.16
	Freq	Bin	Count
	0.01	0	459478
	0.02	1	243310
	0.03	2	77926
	0.04	3	23994
	0.05	4	10264
	0.06	5	6468
	0.08	6	9541
	0.1	7	7428
	0.12	8	4959
	0.14	9	2550
	0.16	10	958
	11	11	203
	Frequency Bins: 0.2 0.25 0.3 0.35 0.4 0.45 0.5 0.6 0.7 0.8
	Freq	Bin	Count
	0.2	0	168
	0.25	1	4505
	0.3	2	34371
	0.35	3	95853
	0.4	4	156802
	0.45	5	188738
	0.5	6	169994
	0.6	7	165614
	0.7	8	24388
	0.8	9	6574
	10	10	72

	Custom genome sequence directory: /home/zalibhai/homer//data/genomes/mm10//

	Extracting sequences from directory: /home/zalibhai/homer//data/genomes/mm10//
	Extracting 234 sequences from chr1
	Extracting 292 sequences from chr2
	Extracting 98 sequences from chr3
	Extracting 271 sequences from chr4
	Extracting 333 sequences from chr5
	Extracting 196 sequences from chr6
	Extracting 180 sequences from chr7
	Extracting 150 sequences from chr8
	Extracting 232 sequences from chr9
	Extracting 183 sequences from chr10
	Extracting 193 sequences from chr11
	Extracting 100 sequences from chr12
	Extracting 110 sequences from chr13
	Extracting 118 sequences from chr14
	Extracting 181 sequences from chr15
	Extracting 147 sequences from chr16
	Extracting 193 sequences from chr17
	Extracting 114 sequences from chr18
	Extracting 74 sequences from chr19
	Extracting 41 sequences from chrX

	Not removing redundant sequences


	Sequences processed:
		Auto detected maximum sequence length of 400 bp
		3440 total

	Frequency Bins: 0.2 0.25 0.3 0.35 0.4 0.45 0.5 0.6 0.7 0.8
	Freq	Bin	Count
	0.25	1	1
	0.3	2	17
	0.35	3	83
	0.4	4	274
	0.45	5	583
	0.5	6	764
	0.6	7	1382
	0.7	8	274
	0.8	9	61
	10	10	1
	Max distance to merge: direct overlap required (-d given)
	Calculating co-bound peaks relative to reference: /home/zalibhai/homer//data/genomes/mm10//preparsed//mm10r.399.pos

	Comparing peaks: (peakfile, overlapping peaks, logRatio(obs/expected), logP)
		/expanse/lustre/projects/csd940/zalibhai/mariner_hi-c/biomodal/downstream/results/homer_motif_enrichment/C3_k27ac_gained_vs_genome/targetgiven.pos	1933	0.18	-21.38

	Co-bound by 0 peaks: 1174784
	Co-bound by 1 peaks: 1933 (max: 1933 effective total)

	Total sequences set to 100000

	Choosing background that matches in CpG/GC content...
	Bin	# Targets	# Background	Background Weight
	1	1	28	1.002
	2	17	477	1.000
	3	83	2330	1.000
	4	274	7691	1.000
	5	583	16365	1.000
	6	764	21445	1.000
	7	1382	38792	1.000
	8	274	7691	1.000
	9	61	1712	1.000
	10	1	28	1.002
	Assembling sequence file...
	Normalizing lower order oligos using homer2

	Reading input files...
	99999 total sequences read
	Autonormalization: 1-mers (4 total)
		A	25.09%	25.20%	0.996
		C	24.91%	24.80%	1.004
		G	24.91%	24.80%	1.004
		T	25.09%	25.20%	0.996
	Autonormalization: 2-mers (16 total)
		AA	6.70%	6.82%	0.983
		CA	7.78%	7.62%	1.021
		GA	6.32%	6.35%	0.995
		TA	4.29%	4.40%	0.975
		AC	5.11%	5.31%	0.961
		CC	7.06%	7.22%	0.977
		GC	6.42%	5.92%	1.085
		TC	6.32%	6.35%	0.995
		AG	8.14%	7.96%	1.023
		CG	1.93%	2.01%	0.957
		GG	7.06%	7.22%	0.977
		TG	7.78%	7.62%	1.021
		AT	5.14%	5.10%	1.007
		CT	8.14%	7.96%	1.023
		GT	5.11%	5.31%	0.961
		TT	6.70%	6.82%	0.983
	Autonormalization: 3-mers (64 total)
	Normalization weights can be found in file: /expanse/lustre/projects/csd940/zalibhai/mariner_hi-c/biomodal/downstream/results/homer_motif_enrichment/C3_k27ac_gained_vs_genome/seq.autonorm.tsv
	Converging on autonormalization solution:
	...............................................................................
	Final normalization:	Autonormalization: 1-mers (4 total)
		A	25.09%	25.10%	1.000
		C	24.91%	24.90%	1.000
		G	24.91%	24.90%	1.000
		T	25.09%	25.10%	1.000
	Autonormalization: 2-mers (16 total)
		AA	6.70%	6.71%	1.000
		CA	7.78%	7.74%	1.005
		GA	6.32%	6.33%	0.998
		TA	4.29%	4.31%	0.996
		AC	5.11%	5.18%	0.985
		CC	7.06%	7.12%	0.991
		GC	6.42%	6.27%	1.025
		TC	6.32%	6.33%	0.998
		AG	8.14%	8.10%	1.005
		CG	1.93%	1.94%	0.993
		GG	7.06%	7.12%	0.991
		TG	7.78%	7.74%	1.005
		AT	5.14%	5.11%	1.007
		CT	8.14%	8.10%	1.005
		GT	5.11%	5.18%	0.985
		TT	6.70%	6.71%	1.000
	Autonormalization: 3-mers (64 total)
	Finished preparing sequence/group files

	----------------------------------------------------------
	Known motif enrichment

	Reading input files...
	99999 total sequences read
	472 motifs loaded
	Cache length = 11180
	Using binomial scoring
	Checking enrichment of 472 motif(s)
	|0%                                    50%                                  100%|
	=================================================================================
	Preparing HTML output with sequence logos...
		1 of 472 (1e-73) Olig2(bHLH)/Neuron-Olig2-ChIP-Seq(GSE30882)/Homer
		2 of 472 (1e-72) NeuroD1(bHLH)/Islet-NeuroD1-ChIP-Seq(GSE30298)/Homer
		3 of 472 (1e-69) NeuroG2(bHLH)/Fibroblast-NeuroG2-ChIP-Seq(GSE75910)/Homer
		4 of 472 (1e-63) Twist2(bHLH)/Myoblast-Twist2.Ty1-ChIP-Seq(GSE127998)/Homer
		5 of 472 (1e-63) Atoh1(bHLH)/Cerebellum-Atoh1-ChIP-Seq(GSE22111)/Homer
		6 of 472 (1e-59) TCF4(bHLH)/SHSY5Y-TCF4-ChIP-Seq(GSE96915)/Homer
		7 of 472 (1e-57) SCL(bHLH)/HPC7-Scl-ChIP-Seq(GSE13511)/Homer
		8 of 472 (1e-54) BHLHA15(bHLH)/NIH3T3-BHLHB8.HA-ChIP-Seq(GSE119782)/Homer
		9 of 472 (1e-45) NF1-halfsite(CTF)/LNCaP-NF1-ChIP-Seq(Unpublished)/Homer
		10 of 472 (1e-40) Atoh7(bHLH)/Retina-Atoh7-CutnRun(GSE156756)/Homer
		11 of 472 (1e-39) Tgif2(Homeobox)/mES-Tgif2-ChIP-Seq(GSE55404)/Homer
		12 of 472 (1e-37) Ascl1(bHLH)/NeuralTubes-Ascl1-ChIP-Seq(GSE55840)/Homer
		13 of 472 (1e-37) HIC1(Zf)/Treg-ZBTB29-ChIP-Seq(GSE99889)/Homer
		14 of 472 (1e-35) Ptf1a(bHLH)/Panc1-Ptf1a-ChIP-Seq(GSE47459)/Homer
		15 of 472 (1e-34) Mesp1(bHLH)/ESC-Mesp1-ChIP-Seq(GSE165102)/Homer
		16 of 472 (1e-30) AR-halfsite(NR)/LNCaP-AR-ChIP-Seq(GSE27824)/Homer
		17 of 472 (1e-28) HEB(bHLH)/mES-Heb-ChIP-Seq(GSE53233)/Homer
		18 of 472 (1e-28) Tgif1(Homeobox)/mES-Tgif1-ChIP-Seq(GSE55404)/Homer
		19 of 472 (1e-27) Nanog(Homeobox)/mES-Nanog-ChIP-Seq(GSE11724)/Homer
		20 of 472 (1e-26) NF1(CTF)/LNCAP-NF1-ChIP-Seq(Unpublished)/Homer
		21 of 472 (1e-25) Nkx6.1(Homeobox)/Islet-Nkx6.1-ChIP-Seq(GSE40975)/Homer
		22 of 472 (1e-24) Gsx2(Homeobox)/LGE-Gsx2.Flag-ChIP-Seq(GSE162589)/Homer
		23 of 472 (1e-23) PR(NR)/T47D-PR-ChIP-Seq(GSE31130)/Homer
		24 of 472 (1e-23) Meis1(Homeobox)/MastCells-Meis1-ChIP-Seq(GSE48085)/Homer
		25 of 472 (1e-23) DLX2(Homeobox)/BasalGanglia-Dlx2-ChIP-seq(GSE124936)/Homer
		26 of 472 (1e-22) Tbx5(T-box)/HL1-Tbx5.biotin-ChIP-Seq(GSE21529)/Homer
		27 of 472 (1e-22) Smad3(MAD)/NPC-Smad3-ChIP-Seq(GSE36673)/Homer
		28 of 472 (1e-22) Lhx2(Homeobox)/HFSC-Lhx2-ChIP-Seq(GSE48068)/Homer
		29 of 472 (1e-22) Emx2(Homeobox)/Cortex-Emx2-ChIP-Seq(GSE183130)/Homer
		30 of 472 (1e-21) Tlx?(NR)/NPC-H3K4me1-ChIP-Seq(GSE16256)/Homer
		31 of 472 (1e-21) Foxo1(Forkhead)/RAW-Foxo1-ChIP-Seq(Fan_et_al.)/Homer
		32 of 472 (1e-21) Lhx1(Homeobox)/EmbryoCarcinoma-Lhx1-ChIP-Seq(GSE70957)/Homer
		33 of 472 (1e-21) Lhx3(Homeobox)/Neuron-Lhx3-ChIP-Seq(GSE31456)/Homer
		34 of 472 (1e-21) Hoxc6(Homeobox)/EB-Hoxc6.iFlag-ChIP-Seq(GSE142377)/Homer
		35 of 472 (1e-20) LHX9(Homeobox)/Hct116-LHX9.V5-ChIP-Seq(GSE116822)/Homer
		36 of 472 (1e-20) En1(Homeobox)/SUM149-EN1-ChIP-Seq(GSE120957)/Homer
		37 of 472 (1e-20) Hoxd11(Homeobox)/ChickenMSG-Hoxd11.Flag-ChIP-Seq(GSE86088)/Homer
		38 of 472 (1e-20) DLX1(Homeobox)/BasalGanglia-Dlx1-ChIP-seq(GSE124936)/Homer
		39 of 472 (1e-19) Hoxa13(Homeobox)/ChickenMSG-Hoxa13.Flag-ChIP-Seq(GSE86088)/Homer
		40 of 472 (1e-19) Sox10(HMG)/SciaticNerve-Sox3-ChIP-Seq(GSE35132)/Homer
		41 of 472 (1e-18) Hoxa9(Homeobox)/ChickenMSG-Hoxa9.Flag-ChIP-Seq(GSE86088)/Homer
		42 of 472 (1e-18) MRE(NR)/Neuro2A-NR3C2-ChIPnexus(GSE115417)/Homer
		43 of 472 (1e-18) AMYB(HTH)/Testes-AMYB-ChIP-Seq(GSE44588)/Homer
		44 of 472 (1e-17) Zic(Zf)/Cerebellum-ZIC1.2-ChIP-Seq(GSE60731)/Homer
		45 of 472 (1e-17) Mef2b(MADS)/HEK293-Mef2b.V5-ChIP-Seq(GSE67450)/Homer
		46 of 472 (1e-17) Hoxd13(Homeobox)/ChickenMSG-Hoxd13.Flag-ChIP-Seq(GSE86088)/Homer
		47 of 472 (1e-17) NFATC2(RHD)/Islets-NFATC2-ChIP-Seq(GSE158496)/Homer
		48 of 472 (1e-16) Isl1(Homeobox)/Neuron-Isl1-ChIP-Seq(GSE31456)/Homer
		49 of 472 (1e-16) BMYB(HTH)/Hela-BMYB-ChIP-Seq(GSE27030)/Homer
		50 of 472 (1e-15) Sox3(HMG)/NPC-Sox3-ChIP-Seq(GSE33059)/Homer
		51 of 472 (1e-15) Pitx1(Homeobox)/Chicken-Pitx1-ChIP-Seq(GSE38910)/Homer
		52 of 472 (1e-15) MYB(HTH)/ERMYB-Myb-ChIPSeq(GSE22095)/Homer
		53 of 472 (1e-15) DLX5(Homeobox)/BasalGanglia-Dlx5-ChIP-seq(GSE124936)/Homer
		54 of 472 (1e-15) Tcf21(bHLH)/ArterySmoothMuscle-Tcf21-ChIP-Seq(GSE61369)/Homer
		55 of 472 (1e-14) Hoxa11(Homeobox)/ChickenMSG-Hoxa11.Flag-ChIP-Seq(GSE86088)/Homer
		56 of 472 (1e-14) E2A(bHLH)/proBcell-E2A-ChIP-Seq(GSE21978)/Homer
		57 of 472 (1e-14) Sox21(HMG)/ESC-SOX21-ChIP-Seq(GSE110505)/Homer
		58 of 472 (1e-13) Mef2c(MADS)/GM12878-Mef2c-ChIP-Seq(GSE32465)/Homer
		59 of 472 (1e-13) HLF(bZIP)/HSC-HLF.Flag-ChIP-Seq(GSE69817)/Homer
		60 of 472 (1e-13) Atf3(bZIP)/GBM-ATF3-ChIP-Seq(GSE33912)/Homer
		61 of 472 (1e-13) Fos(bZIP)/TSC-Fos-ChIP-Seq(GSE110950)/Homer
		62 of 472 (1e-13) Zic3(Zf)/mES-Zic3-ChIP-Seq(GSE37889)/Homer
		63 of 472 (1e-13) Dlx3(Homeobox)/Kerainocytes-Dlx3-ChIP-Seq(GSE89884)/Homer
		64 of 472 (1e-12) AP-1(bZIP)/ThioMac-PU.1-ChIP-Seq(GSE21512)/Homer
		65 of 472 (1e-12) BATF(bZIP)/Th17-BATF-ChIP-Seq(GSE39756)/Homer
		66 of 472 (1e-12) TATA-Box(TBP)/Promoter/Homer
		67 of 472 (1e-12) Sox6(HMG)/Myotubes-Sox6-ChIP-Seq(GSE32627)/Homer
		68 of 472 (1e-12) Hoxd12(Homeobox)/ChickenMSG-Hoxd12.Flag-ChIP-Seq(GSE86088)/Homer
		69 of 472 (1e-12) SOX1(HMG)/NPC-SOX1-ChIP-Seq(GSE138215)/Homer
		70 of 472 (1e-12) JunB(bZIP)/DendriticCells-Junb-ChIP-Seq(GSE36099)/Homer
		71 of 472 (1e-12) Sox9(HMG)/Limb-SOX9-ChIP-Seq(GSE73225)/Homer
		72 of 472 (1e-12) Bcl6(Zf)/Liver-Bcl6-ChIP-Seq(GSE31578)/Homer
		73 of 472 (1e-12) Zic2(Zf)/ESC-Zic2-ChIP-Seq(SRP197560)/Homer
		74 of 472 (1e-12) THRb(NR)/Liver-NR1A2-ChIP-Seq(GSE52613)/Homer
		75 of 472 (1e-12) NFIL3(bZIP)/HepG2-NFIL3-ChIP-Seq(Encode)/Homer
		76 of 472 (1e-12) Fra1(bZIP)/BT549-Fra1-ChIP-Seq(GSE46166)/Homer
		77 of 472 (1e-12) Smad2(MAD)/ES-SMAD2-ChIP-Seq(GSE29422)/Homer
		78 of 472 (1e-11) Fra2(bZIP)/Striatum-Fra2-ChIP-Seq(GSE43429)/Homer
		79 of 472 (1e-11) Smad4(MAD)/ESC-SMAD4-ChIP-Seq(GSE29422)/Homer
		80 of 472 (1e-11) FOXK1(Forkhead)/HEK293-FOXK1-ChIP-Seq(GSE51673)/Homer
		81 of 472 (1e-10) Slug(Zf)/Mesoderm-Snai2-ChIP-Seq(GSE61475)/Homer
		82 of 472 (1e-10) Ap4(bHLH)/AML-Tfap4-ChIP-Seq(GSE45738)/Homer
		83 of 472 (1e-10) Hoxa10(Homeobox)/ChickenMSG-Hoxa10.Flag-ChIP-Seq(GSE86088)/Homer
		84 of 472 (1e-10) ERG(ETS)/VCaP-ERG-ChIP-Seq(GSE14097)/Homer
		85 of 472 (1e-10) Hoxd10(Homeobox)/ChickenMSG-Hoxd10.Flag-ChIP-Seq(GSE86088)/Homer
		86 of 472 (1e-10) Sox4(HMG)/proB-Sox4-ChIP-Seq(GSE50066)/Homer
		87 of 472 (1e-10) Lhx6/Neurons-Lhx6-ChIP-seq(GSE85704)/Homer
		88 of 472 (1e-10) Nkx3.1(Homeobox)/LNCaP-Nkx3.1-ChIP-Seq(GSE28264)/Homer
		89 of 472 (1e-10) Hoxc10(Homeobox)/EB-Hoxc10.iFlag-ChIP-Seq(GSE142377)/Homer
		90 of 472 (1e-10) MyoG(bHLH)/C2C12-MyoG-ChIP-Seq(GSE36024)/Homer
		91 of 472 (1e-10) Jun-AP1(bZIP)/K562-cJun-ChIP-Seq(GSE31477)/Homer
		92 of 472 (1e-10) ZNF416(Zf)/HEK293-ZNF416.GFP-ChIP-Seq(GSE58341)/Homer
		93 of 472 (1e-10) Fosl2(bZIP)/3T3L1-Fosl2-ChIP-Seq(GSE56872)/Homer
		94 of 472 (1e-10) Rbpj1(?)/Panc1-Rbpj1-ChIP-Seq(GSE47459)/Homer
		95 of 472 (1e-10) Hoxc13(Homeobox)/EB-Hoxc13.HA-ChIP-Seq(GSE142377)/Homer
		96 of 472 (1e-9) Eomes(T-box)/H9-Eomes-ChIP-Seq(GSE26097)/Homer
		97 of 472 (1e-9) Pdx1(Homeobox)/Islet-Pdx1-ChIP-Seq(SRA008281)/Homer
		98 of 472 (1e-9) Oct4(POU,Homeobox)/mES-Oct4-ChIP-Seq(GSE11431)/Homer
		99 of 472 (1e-9) MafA(bZIP)/Islet-MafA-ChIP-Seq(GSE30298)/Homer
		100 of 472 (1e-9) Hand2(bHLH)/Mesoderm-Hand2-ChIP-Seq(GSE61475)/Homer
		101 of 472 (1e-9) TEAD3(TEA)/HepG2-TEAD3-ChIP-Seq(Encode)/Homer
		102 of 472 (1e-9) Snail1(Zf)/LS174T-SNAIL1.HA-ChIP-Seq(GSE127183)/Homer
		103 of 472 (1e-9) Ascl2(bHLH)/ESC-Ascl2-ChIP-Seq(GSE97712)/Homer
		104 of 472 (1e-9) ZBTB9(Zf)/HEK293T-ZBTB9-ChIP-Seq(GSE251687)/Homer
		105 of 472 (1e-9) FoxL2(Forkhead)/Ovary-FoxL2-ChIP-Seq(GSE60858)/Homer
		106 of 472 (1e-8) Unknown(Homeobox)/Limb-p300-ChIP-Seq/Homer
		107 of 472 (1e-8) OCT:OCT-short(POU,Homeobox)/NPC-OCT6-ChIP-Seq(GSE43916)/Homer
		108 of 472 (1e-8) Foxo3(Forkhead)/U2OS-Foxo3-ChIP-Seq(E-MTAB-2701)/Homer
		109 of 472 (1e-8) Rfx6(HTH)/Min6b1-Rfx6.HA-ChIP-Seq(GSE62844)/Homer
		110 of 472 (1e-8) EBF2(EBF)/BrownAdipose-EBF2-ChIP-Seq(GSE97114)/Homer
		111 of 472 (1e-8) Gfi1b(Zf)/HPC7-Gfi1b-ChIP-Seq(GSE22178)/Homer
		112 of 472 (1e-8) CREB5(bZIP)/LNCaP-CREB5.V5-ChIP-Seq(GSE137775)/Homer
		113 of 472 (1e-8) GLIS3(Zf)/Thyroid-Glis3.GFP-ChIP-Seq(GSE103297)/Homer
		114 of 472 (1e-8) MYRF(MYRF)/CFPAC1-MYRF-ChIP-Seq(GSE145627)/Homer
		115 of 472 (1e-8) ZNF91(Zf)/HEK-ZNF91.HA-ChIP-Seq(GSE162571)/Homer
		116 of 472 (1e-8) MafB(bZIP)/BMM-Mafb-ChIP-Seq(GSE75722)/Homer
		117 of 472 (1e-8) ZNF341(Zf)/EBV-ZNF341-ChIP-Seq(GSE113194)/Homer
		118 of 472 (1e-8) EBF1(EBF)/Near-E2A-ChIP-Seq(GSE21512)/Homer
		119 of 472 (1e-8) NFAT(RHD)/Jurkat-NFATC1-ChIP-Seq(Jolma_et_al.)/Homer
		120 of 472 (1e-8) Unknown-ESC-element(?)/mES-Nanog-ChIP-Seq(GSE11724)/Homer
		121 of 472 (1e-8) Pax8(Paired,Homeobox)/Thyroid-Pax8-ChIP-Seq(GSE26938)/Homer
		122 of 472 (1e-8) Znf263(Zf)/K562-Znf263-ChIP-Seq(GSE31477)/Homer
		123 of 472 (1e-8) RBPJ:Ebox(?,bHLH)/Panc1-Rbpj1-ChIP-Seq(GSE47459)/Homer
		124 of 472 (1e-8) Foxa2(Forkhead)/Liver-Foxa2-ChIP-Seq(GSE25694)/Homer
		125 of 472 (1e-8) Foxf1(Forkhead)/Lung-Foxf1-ChIP-Seq(GSE77951)/Homer
		126 of 472 (1e-8) Bapx1(Homeobox)/VertebralCol-Bapx1-ChIP-Seq(GSE36672)/Homer
		127 of 472 (1e-8) Tcf12(bHLH)/GM12878-Tcf12-ChIP-Seq(GSE32465)/Homer
		128 of 472 (1e-7) Fox:Ebox(Forkhead,bHLH)/Panc1-Foxa2-ChIP-Seq(GSE47459)/Homer
		129 of 472 (1e-7) ZNF7(Zf)/HepG2-ZNF7.Flag-ChIP-Seq(Encode)/Homer
		130 of 472 (1e-7) FOXK2(Forkhead)/U2OS-FOXK2-ChIP-Seq(E-MTAB-2204)/Homer
		131 of 472 (1e-7) ETV1(ETS)/GIST48-ETV1-ChIP-Seq(GSE22441)/Homer
		132 of 472 (1e-7) TEAD4(TEA)/Tropoblast-Tead4-ChIP-Seq(GSE37350)/Homer
		133 of 472 (1e-7) CEBP:AP1(bZIP)/ThioMac-CEBPb-ChIP-Seq(GSE21512)/Homer
		134 of 472 (1e-7) NPAS(bHLH)/Liver-NPAS-ChIP-Seq(GSE39860)/Homer
		135 of 472 (1e-7) EHF(ETS)/LoVo-EHF-ChIP-Seq(GSE49402)/Homer
		136 of 472 (1e-7) Brn1(POU,Homeobox)/NPC-Brn1-ChIP-Seq(GSE35496)/Homer
		137 of 472 (1e-7) BMAL1(bHLH)/Liver-Bmal1-ChIP-Seq(GSE39860)/Homer
		138 of 472 (1e-7) PRDM15(Zf)/ESC-Prdm15-ChIP-Seq(GSE73694)/Homer
		139 of 472 (1e-7) Tbet(T-box)/CD8-Tbet-ChIP-Seq(GSE33802)/Homer
		140 of 472 (1e-7) Sox15(HMG)/CPA-Sox15-ChIP-Seq(GSE62909)/Homer
		141 of 472 (1e-7) Mef2a(MADS)/HL1-Mef2a.biotin-ChIP-Seq(GSE21529)/Homer
		142 of 472 (1e-7) CRX(Homeobox)/Retina-Crx-ChIP-Seq(GSE20012)/Homer
		143 of 472 (1e-7) Mef2d(MADS)/Retina-Mef2d-ChIP-Seq(GSE61391)/Homer
		144 of 472 (1e-6) Sox17(HMG)/Endoderm-Sox17-ChIP-Seq(GSE61475)/Homer
		145 of 472 (1e-6) CEBP(bZIP)/ThioMac-CEBPb-ChIP-Seq(GSE21512)/Homer
		146 of 472 (1e-6) RORa(NR)/Liver-Rora-ChIP-Seq(GSE101115)/Homer
		147 of 472 (1e-6) TEAD1(TEAD)/HepG2-TEAD1-ChIP-Seq(Encode)/Homer
		148 of 472 (1e-6) E2A(bHLH),near_PU.1/Bcell-PU.1-ChIP-Seq(GSE21512)/Homer
		149 of 472 (1e-6) HOXB13(Homeobox)/ProstateTumor-HOXB13-ChIP-Seq(GSE56288)/Homer
		150 of 472 (1e-6) ZBTB38(Zf)/Hela-ZBTB38-ChIP-seq(GSE108618)/Homer
		151 of 472 (1e-6) Mixl1(Homeobox)/EpiBlast-Mixl1-ChIP-seq(GSE161164)/Homer
		152 of 472 (1e-6) Barx1(Homeobox)/Stomach-Barx1.3xFlag-ChIP-Seq(GSE69483)/Homer
		153 of 472 (1e-6) PU.1-IRF(ETS:IRF)/Bcell-PU.1-ChIP-Seq(GSE21512)/Homer
		154 of 472 (1e-6) PGR(NR)/EndoStromal-PGR-ChIP-Seq(GSE69539)/Homer
		155 of 472 (1e-6) EWS:FLI1-fusion(ETS)/SK_N_MC-EWS:FLI1-ChIP-Seq(SRA014231)/Homer
		156 of 472 (1e-6) Tbx21(T-box)/GM12878-TBX21-ChIP-Seq(Encode)/Homer
		157 of 472 (1e-6) RUNX-AML(Runt)/CD4+-PolII-ChIP-Seq(Barski_et_al.)/Homer
		158 of 472 (1e-6) Sox2(HMG)/mES-Sox2-ChIP-Seq(GSE11431)/Homer
		159 of 472 (1e-6) Tbr1(T-box)/Cortex-Tbr1-ChIP-Seq(GSE71384)/Homer
		160 of 472 (1e-6) CDX4(Homeobox)/ZebrafishEmbryos-Cdx4.Myc-ChIP-Seq(GSE48254)/Homer
		161 of 472 (1e-6) Nkx2.5(Homeobox)/HL1-Nkx2.5.biotin-ChIP-Seq(GSE21529)/Homer
		162 of 472 (1e-6) Erra(NR)/HepG2-Erra-ChIP-Seq(GSE31477)/Homer
		163 of 472 (1e-6) Prop1(Homeobox)/GHFT1-PROP1.biotin-ChIP-Seq(GSE77302)/Homer
		164 of 472 (1e-6) Etv2(ETS)/ES-ER71-ChIP-Seq(GSE59402)/Homer
		165 of 472 (1e-5) Pitx1:Ebox(Homeobox,bHLH)/Hindlimb-Pitx1-ChIP-Seq(GSE41591)/Homer
		166 of 472 (1e-5) EWS:ERG-fusion(ETS)/CADO_ES1-EWS:ERG-ChIP-Seq(SRA014231)/Homer
		167 of 472 (1e-5) Oct6(POU,Homeobox)/NPC-Pou3f1-ChIP-Seq(GSE35496)/Homer
		168 of 472 (1e-5) Pit1+1bp(Homeobox)/GCrat-Pit1-ChIP-Seq(GSE58009)/Homer
		169 of 472 (1e-5) TRPS1(Zf)/MCF7-TRPS1-ChIP-Seq(GSE107013)/Homer
		170 of 472 (1e-5) SPDEF(ETS)/VCaP-SPDEF-ChIP-Seq(SRA014231)/Homer
		171 of 472 (1e-5) Zac1(Zf)/Neuro2A-Plagl1-ChIP-Seq(GSE75942)/Homer
		172 of 472 (1e-5) FoxD3(forkhead)/ZebrafishEmbryo-Foxd3.biotin-ChIP-seq(GSE106676)/Homer
		173 of 472 (1e-5) bZIP:IRF(bZIP,IRF)/Th17-BatF-ChIP-Seq(GSE39756)/Homer
		174 of 472 (1e-5) Tbx6(T-box)/ESC-Tbx6-ChIP-Seq(GSE93524)/Homer
		175 of 472 (1e-5) Hnf6b(Homeobox)/LNCaP-Hnf6b-ChIP-Seq(GSE106305)/Homer
		176 of 472 (1e-5) RUNX1(Runt)/Jurkat-RUNX1-ChIP-Seq(GSE29180)/Homer
		177 of 472 (1e-5) Hoxc9(Homeobox)/Ainv15-Hoxc9-ChIP-Seq(GSE21812)/Homer
		178 of 472 (1e-5) STAT4(Stat)/CD4-Stat4-ChIP-Seq(GSE22104)/Homer
		179 of 472 (1e-5) Stat3+il21(Stat)/CD4-Stat3-ChIP-Seq(GSE19198)/Homer
		180 of 472 (1e-5) RUNX2(Runt)/PCa-RUNX2-ChIP-Seq(GSE33889)/Homer
		181 of 472 (1e-5) MyoD(bHLH)/Myotube-MyoD-ChIP-Seq(GSE21614)/Homer
		182 of 472 (1e-5) Myf5(bHLH)/GM-Myf5-ChIP-Seq(GSE24852)/Homer
		183 of 472 (1e-5) FOXP1(Forkhead)/H9-FOXP1-ChIP-Seq(GSE31006)/Homer
		184 of 472 (1e-5) Cdx2(Homeobox)/mES-Cdx2-ChIP-Seq(GSE14586)/Homer
		185 of 472 (1e-5) Brachyury(T-box)/Mesoendoderm-Brachyury-ChIP-exo(GSE54963)/Homer
		186 of 472 (1e-5) CArG(MADS)/PUER-Srf-ChIP-Seq(Sullivan_et_al.)/Homer
		187 of 472 (1e-5) ETS1(ETS)/Jurkat-ETS1-ChIP-Seq(GSE17954)/Homer
		188 of 472 (1e-4) ZEB1(Zf)/PDAC-ZEB1-ChIP-Seq(GSE64557)/Homer
		189 of 472 (1e-4) Pit1(Homeobox)/GCrat-Pit1-ChIP-Seq(GSE58009)/Homer
		190 of 472 (1e-4) SF1(NR)/H295R-Nr5a1-ChIP-Seq(GSE44220)/Homer
		191 of 472 (1e-4) Bcl11a(Zf)/HSPC-BCL11A-ChIP-Seq(GSE104676)/Homer
		192 of 472 (1e-4) Six2(Homeobox)/NephronProgenitor-Six2-ChIP-Seq(GSE39837)/Homer
		193 of 472 (1e-4) Atf7(bZIP)/3T3L1-Atf7-ChIP-Seq(GSE56872)/Homer
		194 of 472 (1e-4) Oct11(POU,Homeobox)/NCIH1048-POU2F3-ChIP-seq(GSE115123)/Homer
		195 of 472 (1e-4) X-box(HTH)/NPC-H3K4me1-ChIP-Seq(GSE16256)/Homer
		196 of 472 (1e-4) Phox2a(Homeobox)/Neuron-Phox2a-ChIP-Seq(GSE31456)/Homer
		197 of 472 (1e-4) Nkx2.2(Homeobox)/NPC-Nkx2.2-ChIP-Seq(GSE61673)/Homer
		198 of 472 (1e-4) CHR(?)/Hela-CellCycle-Expression/Homer
		199 of 472 (1e-4) Nkx2.1(Homeobox)/LungAC-Nkx2.1-ChIP-Seq(GSE43252)/Homer
		200 of 472 (1e-4) ETV4(ETS)/HepG2-ETV4-ChIP-Seq(ENCODE)/Homer
		201 of 472 (1e-4) Pbx3(Homeobox)/GM12878-PBX3-ChIP-Seq(GSE32465)/Homer
		202 of 472 (1e-4) RARa(NR)/K562-RARa-ChIP-Seq(Encode)/Homer
		203 of 472 (1e-4) Tbx20(T-box)/Heart-Tbx20-ChIP-Seq(GSE29636)/Homer
		204 of 472 (1e-4) c-Jun-CRE(bZIP)/K562-cJun-ChIP-Seq(GSE31477)/Homer
		205 of 472 (1e-4) FOXM1(Forkhead)/MCF7-FOXM1-ChIP-Seq(GSE72977)/Homer
		206 of 472 (1e-4) ELF3(ETS)/PDAC-ELF3-ChIP-Seq(GSE64557)/Homer
		207 of 472 (1e-4) Atf1(bZIP)/K562-ATF1-ChIP-Seq(GSE31477)/Homer
		208 of 472 (1e-4) PRDM1(Zf)/Hela-PRDM1-ChIP-Seq(GSE31477)/Homer
		209 of 472 (1e-4) Tbox:Smad(T-box,MAD)/ESCd5-Smad2_3-ChIP-Seq(GSE29422)/Homer
		210 of 472 (1e-4) Ets1-distal(ETS)/CD4+-PolII-ChIP-Seq(Barski_et_al.)/Homer
		211 of 472 (1e-4) PAX5(Paired,Homeobox)/GM12878-PAX5-ChIP-Seq(GSE32465)/Homer
		212 of 472 (1e-4) Atf4(bZIP)/MEF-Atf4-ChIP-Seq(GSE35681)/Homer
		213 of 472 (1e-4) FOXA1(Forkhead)/LNCAP-FOXA1-ChIP-Seq(GSE27824)/Homer
		214 of 472 (1e-4) OCT4-SOX2-TCF-NANOG(POU,Homeobox,HMG)/mES-Oct4-ChIP-Seq(GSE11431)/Homer
		215 of 472 (1e-4) GABPA(ETS)/Jurkat-GABPa-ChIP-Seq(GSE17954)/Homer
		216 of 472 (1e-4) ZNF519(Zf)/HEK293-ZNF519.GFP-ChIP-Seq(GSE58341)/Homer
		217 of 472 (1e-4) Rfx1(HTH)/NPC-H3K4me1-ChIP-Seq(GSE16256)/Homer
		218 of 472 (1e-4) PRDM9(Zf)/Testis-DMC1-ChIP-Seq(GSE35498)/Homer
		219 of 472 (1e-4) ZNF322(Zf)/HEK293-ZNF322.GFP-ChIP-Seq(GSE58341)/Homer
		220 of 472 (1e-4) Oct2(POU,Homeobox)/Bcell-Oct2-ChIP-Seq(GSE21512)/Homer
		221 of 472 (1e-3) GRE(NR),IR3/RAW264.7-GRE-ChIP-Seq(Unpublished)/Homer
		222 of 472 (1e-3) Atf2(bZIP)/3T3L1-Atf2-ChIP-Seq(GSE56872)/Homer
		223 of 472 (1e-3) WT1(Zf)/Kidney-WT1-ChIP-Seq(GSE90016)/Homer
		224 of 472 (1e-3) Rfx5(HTH)/GM12878-Rfx5-ChIP-Seq(GSE31477)/Homer
		225 of 472 (1e-3) Fli1(ETS)/CD8-FLI-ChIP-Seq(GSE20898)/Homer
		226 of 472 (1e-3) ERRg(NR)/Kidney-ESRRG-ChIP-Seq(GSE104905)/Homer
		227 of 472 (1e-3) Bach2(bZIP)/OCILy7-Bach2-ChIP-Seq(GSE44420)/Homer
		228 of 472 (1e-3) FOXA1(Forkhead)/MCF7-FOXA1-ChIP-Seq(GSE26831)/Homer
		229 of 472 (1e-3) ZNF264(Zf)/HEK293-ZNF264.GFP-ChIP-Seq(GSE58341)/Homer
		230 of 472 (1e-3) MNT(bHLH)/HepG2-MNT-ChIP-Seq(Encode)/Homer
		231 of 472 (1e-3) Phox2b(Homeobox)/CLBGA-PHOX2B-ChIP-Seq(GSE90683)/Homer
		232 of 472 (1e-3) IRF:BATF(IRF:bZIP)/pDC-Irf8-ChIP-Seq(GSE66899)/Homer
		233 of 472 (1e-3) Hoxd9(Homeobox)/EB-Hoxd9.HA-ChIP-Seq(GSE142377)/Homer
		234 of 472 (1e-3) PBX2(Homeobox)/K562-PBX2-ChIP-Seq(Encode)/Homer
		235 of 472 (1e-3) COUP-TFII(NR)/Artia-Nr2f2-ChIP-Seq(GSE46497)/Homer
		236 of 472 (1e-3) RUNX(Runt)/HPC7-Runx1-ChIP-Seq(GSE22178)/Homer
		237 of 472 (1e-3) TEAD(TEA)/Fibroblast-PU.1-ChIP-Seq(Unpublished)/Homer
		238 of 472 (1e-3) ARE(NR)/LNCAP-AR-ChIP-Seq(GSE27824)/Homer
		239 of 472 (1e-3) LEF1(HMG)/H1-LEF1-ChIP-Seq(GSE64758)/Homer
		240 of 472 (1e-3) Nr5a2(NR)/Pancreas-LRH1-ChIP-Seq(GSE34295)/Homer
		241 of 472 (1e-3) NFkB-p65(RHD)/GM12787-p65-ChIP-Seq(GSE19485)/Homer
		242 of 472 (1e-3) PSE(SNAPc)/K562-mStart-Seq/Homer
		243 of 472 (1e-3) bHLHE41(bHLH)/proB-Bhlhe41-ChIP-Seq(GSE93764)/Homer
		244 of 472 (1e-3) ZNF652/HepG2-ZNF652.Flag-ChIP-Seq(Encode)/Homer
		245 of 472 (1e-3) ZNF711(Zf)/SHSY5Y-ZNF711-ChIP-Seq(GSE20673)/Homer
		246 of 472 (1e-3) GATA3(Zf)/iTreg-Gata3-ChIP-Seq(GSE20898)/Homer
		247 of 472 (1e-3) ERE(NR),IR3/MCF7-ERa-ChIP-Seq(Unpublished)/Homer
		248 of 472 (1e-3) NPAS2(bHLH)/Liver-NPAS2-ChIP-Seq(GSE39860)/Homer
		249 of 472 (1e-2) MITF(bHLH)/MastCells-MITF-ChIP-Seq(GSE48085)/Homer
		250 of 472 (1e-2) TEAD2(TEA)/Py2T-Tead2-ChIP-Seq(GSE55709)/Homer
		251 of 472 (1e-2) Chop(bZIP)/MEF-Chop-ChIP-Seq(GSE35681)/Homer
		252 of 472 (1e-2) Zfp281(Zf)/ES-Zfp281-ChIP-Seq(GSE81042)/Homer
		253 of 472 (1e-2) RORgt(NR)/EL4-RORgt.Flag-ChIP-Seq(GSE56019)/Homer
		254 of 472 (1e-2) RORgt(NR)/EL4-RORgt.Flag-ChIP-Seq(GSE56019)/Homer
		255 of 472 (1e-2) PU.1(ETS)/ThioMac-PU.1-ChIP-Seq(GSE21512)/Homer
		256 of 472 (1e-2) PPARa(NR),DR1/Liver-Ppara-ChIP-Seq(GSE47954)/Homer
		257 of 472 (1e-2) FXR(NR),IR1/Liver-FXR-ChIP-Seq(Chong_et_al.)/Homer
		258 of 472 (1e-2) MYNN(Zf)/HEK293-MYNN.eGFP-ChIP-Seq(Encode)/Homer
		259 of 472 (1e-2) JunD(bZIP)/K562-JunD-ChIP-Seq/Homer
		260 of 472 (1e-2) Pknox1(Homeobox)/ES-Prep1-ChIP-Seq(GSE63282)/Homer
		261 of 472 (1e-2) HNF6(Homeobox)/Liver-Hnf6-ChIP-Seq(ERP000394)/Homer
		262 of 472 (1e-2) EBF(EBF)/proBcell-EBF-ChIP-Seq(GSE21978)/Homer
		263 of 472 (1e-2) ZBTB12(Zf)/HEK293-ZBTB12.GFP-ChIP-Seq(GSE58341)/Homer
		264 of 472 (1e-2) STAT1(Stat)/HelaS3-STAT1-ChIP-Seq(GSE12782)/Homer
		265 of 472 (1e-2) p63(p53)/Keratinocyte-p63-ChIP-Seq(GSE17611)/Homer
		266 of 472 (1e-2) ERb(NR),IR3/Ovary-ERb-ChIP-Seq(GSE203391)/Homer
		267 of 472 (1e-2) Foxa3(Forkhead)/Liver-Foxa3-ChIP-Seq(GSE77670)/Homer
		268 of 472 (1e-2) Gata6(Zf)/HUG1N-GATA6-ChIP-Seq(GSE51936)/Homer
		269 of 472 (1e-2) Sox7(HMG)/ESC-Sox7-ChIP-Seq(GSE133899)/Homer
		270 of 472 (1e-2) Elf4(ETS)/BMDM-Elf4-ChIP-Seq(GSE88699)/Homer
		271 of 472 (1e-2) PAX6(Paired,Homeobox)/Forebrain-Pax6-ChIP-Seq(GSE66961)/Homer
		272 of 472 (1e-2) GATA(Zf),IR3/iTreg-Gata3-ChIP-Seq(GSE20898)/Homer
		273 of 472 (1e-2) Nr5a2(NR)/mES-Nr5a2-ChIP-Seq(GSE19019)/Homer
		274 of 472 (1e-2) Arnt:Ahr(bHLH)/MCF7-Arnt-ChIP-Seq(Lo_et_al.)/Homer
		275 of 472 (1e-2) IRF8(IRF)/BMDM-IRF8-ChIP-Seq(GSE77884)/Homer
		276 of 472 (1e-2) RORg(NR)/Liver-Rorc-ChIP-Seq(GSE101115)/Homer
		277 of 472 (1e-2) Esrrb(NR)/mES-Esrrb-ChIP-Seq(GSE11431)/Homer
		278 of 472 (1e-2) NFAT:AP1(RHD,bZIP)/Jurkat-NFATC1-ChIP-Seq(Jolma_et_al.)/Homer
		279 of 472 (1e-2) Brn2(POU,Homeobox)/NPC-Brn2-ChIP-Seq(GSE35496)/Homer
		280 of 472 (1e-2) RXR(NR),DR1/3T3L1-RXR-ChIP-Seq(GSE13511)/Homer
		281 of 472 (1e-2) Pax7(Paired,Homeobox),longest/Myoblast-Pax7-ChIP-Seq(GSE25064)/Homer
		282 of 472 (1e-2) HIF-1b(HLH)/T47D-HIF1b-ChIP-Seq(GSE59937)/Homer
		283 of 472 (1e-2) IRF4(IRF)/GM12878-IRF4-ChIP-Seq(GSE32465)/Homer
		284 of 472 (1e-2) Gata2(Zf)/K562-GATA2-ChIP-Seq(GSE18829)/Homer
		285 of 472 (1e-2) PPARE(NR),DR1/3T3L1-Pparg-ChIP-Seq(GSE13511)/Homer
		286 of 472 (1e-2) FXR(NR),ER2/Liver-FXR-ChIP-Seq(GSE133700)/Homer
		287 of 472 (1e-2) ZFX(Zf)/mES-Zfx-ChIP-Seq(GSE11431)/Homer
		288 of 472 (1e-2) RFX(HTH)/K562-RFX3-ChIP-Seq(SRA012198)/Homer
		289 of 472 (1e-2) Pax7(Paired,Homeobox)/Myoblast-Pax7-ChIP-Seq(GSE25064)/Homer
		290 of 472 (1e-2) Six1(Homeobox)/Myoblast-Six1-ChIP-Chip(GSE20150)/Homer
		291 of 472 (1e-2) ZNF189(Zf)/HEK293-ZNF189.GFP-ChIP-Seq(GSE58341)/Homer
		292 of 472 (1e-2) ZNF675(Zf)/HEK293-ZNF675.GFP-ChIP-Seq(GSE58341)/Homer
		293 of 472 (1e-2) Max(bHLH)/K562-Max-ChIP-Seq(GSE31477)/Homer
		294 of 472 (1e-2) NFE2L2(bZIP)/HepG2-NFE2L2-ChIP-Seq(Encode)/Homer
		295 of 472 (1e-2) ETS:E-box(ETS,bHLH)/HPC7-Scl-ChIP-Seq(GSE22178)/Homer
		296 of 472 (1e-2) Oct4:Sox17(POU,Homeobox,HMG)/F9-Sox17-ChIP-Seq(GSE44553)/Homer
		297 of 472 (1e-2) Otx2(Homeobox)/EpiLC-Otx2-ChIP-Seq(GSE56098)/Homer
		298 of 472 (1e-2) PRDM10(Zf)/HEK293-PRDM10.eGFP-ChIP-Seq(Encode)/Homer
		299 of 472 (1e-2) DMRT1(DM)/Testis-DMRT1-ChIP-Seq(GSE64892)/Homer
		300 of 472 (1e-2) THRb(NR)/HepG2-THRb.Flag-ChIP-Seq(Encode)/Homer
		301 of 472 (1e-2) POU4F3(POU,Homeobox)/MEF-Pou4f3-ChIP-Seq(GSE150279)/Homer
		302 of 472 (1e-2) GRHL2(CP2)/HBE-GRHL2-ChIP-Seq(GSE46194)/Homer
		303 of 472 (1e-2) Gli3(Zf)/E11.5-Gli3-ChIP-Chip(GSE151646)/Homer
		304 of 472 (1e-2) c-Myc(bHLH)/mES-cMyc-ChIP-Seq(GSE11431)/Homer
		305 of 472 (1e-2) PU.1:IRF8(ETS:IRF)/pDC-Irf8-ChIP-Seq(GSE66899)/Homer
		306 of 472 (1e-2) Twist(bHLH)/HMLE-TWIST1-ChIP-Seq(Chang_et_al)/Homer
		307 of 472 (1e-2) ZNF143|STAF(Zf)/CUTLL-ZNF143-ChIP-Seq(GSE29600)/Homer
		308 of 472 (1e-2) PAX3:FKHR-fusion(Paired,Homeobox)/Rh4-PAX3:FKHR-ChIP-Seq(GSE19063)/Homer
		309 of 472 (1e-2) Gata1(Zf)/K562-GATA1-ChIP-Seq(GSE18829)/Homer
		310 of 472 (1e-2) Foxh1(Forkhead)/hESC-FOXH1-ChIP-Seq(GSE29422)/Homer
		311 of 472 (1e-2) CTCF(Zf)/CD4+-CTCF-ChIP-Seq(Barski_et_al.)/Homer
	----------------------------------------------------------
	De novo motif finding (HOMER)

	Number of Trial motifs (-T) set to 8 (from 10) to work well with 8 CPUs
	Scanning input files...
	Parsing sequences...
	|0%                                   50%                                  100%|
	================================================================================
	Total number of Oligos: 32896
	Autoadjustment for sequence coverage in background: 0.84x

	Oligos: 32896 of 34497 max
	Tree  : 67032 of 172485 max
	Optimizing memory usage...
	Cache length = 11180
	Using binomial scoring

	Global Optimization Phase: Looking for enriched oligos with up to 2 mismatches...

	Screening oligos 32896 (allowing 0 mismatches):
	|0%                                   50%                                  100%|
	================================================================================
		0.43% skipped, 99.57% checked (32755 of 32896), of those checked:
		0.43% not in target, 0.00% increased p-value, 0.00% high p-value

	Screening oligos 32896 (allowing 1 mismatches):
	|0%                                   50%                                  100%|
	================================================================================
		0.43% skipped, 99.57% checked (32755 of 32896), of those checked:
		0.00% not in target, 44.88% increased p-value, 60.28% high p-value

	Screening oligos 32896 (allowing 2 mismatches):
	|0%                                   50%                                  100%|
	================================================================================
		72.74% skipped, 27.26% checked (8968 of 32896), of those checked:
		0.00% not in target, 23.15% increased p-value, 0.00% high p-value
	Reading input files...
	99999 total sequences read
	Cache length = 11180
	Using binomial scoring

	Local Optimization Phase:
	1 of 25 Initial Sequence: CCATCTGT... (-63.346)
		Round 1: -154.63 CCATCTGT T:770.0(20.06%),B:8510.8(10.06%),P:1e-67
		Round 2: -154.63 CCATCTGT T:770.0(20.06%),B:8510.8(10.06%),P:1e-67
		=Final=: -222.81 CCATCTGT T:682.0(19.83%),B:8019.7(8.38%),P:1e-96
		Performing exhaustive masking of motif...
		Reprioritizing potential motifs...
	2 of 25 Initial Sequence: TTAATTAG... (-21.010)
		Round 1: -30.03 TTAATTAG T:678.0(17.89%),B:11550.9(13.41%),P:1e-13
		Round 2: -33.23 KTAATTWG T:1986.0(43.86%),B:37510.9(37.34%),P:1e-14
		Round 3: -37.54 KTAATTWG T:1709.0(39.16%),B:31428.6(32.41%),P:1e-16
		Round 4: -37.54 KTAATTWG T:1709.0(39.16%),B:31428.6(32.41%),P:1e-16
		=Final=: -83.18 KTAATTWG T:1412.0(41.05%),B:29505.4(30.84%),P:1e-36
		Performing exhaustive masking of motif...
		Reprioritizing potential motifs...
	3 of 25 Initial Sequence: TGTTGGCA... (-17.992)
		Round 1: -25.16 TGTTGGCA T:806.0(20.89%),B:14464.0(16.50%),P:1e-10
		Round 2: -30.56 HNTTGGCA T:1473.0(34.84%),B:27435.3(28.96%),P:1e-13
		Round 3: -31.11 YYTTGGCA T:1376.0(32.97%),B:25412.5(27.15%),P:1e-13
		Round 4: -31.11 YYTTGGCA T:1376.0(32.97%),B:25412.5(27.15%),P:1e-13
		=Final=: -103.70 YYTTGGCA T:2095.0(60.90%),B:46752.3(48.86%),P:1e-45
		Performing exhaustive masking of motif...
		Reprioritizing potential motifs...
	4 of 25 Initial Sequence: TGCCAGCC... (-16.331)
		Round 1: -26.60 TGCCAGCC T:1676.0(38.57%),B:32061.7(32.94%),P:1e-11
		Round 2: -29.06 TGSCAGCY T:2075.0(45.30%),B:39935.6(39.21%),P:1e-12
		Round 3: -29.06 TGSCAGCY T:2075.0(45.30%),B:39935.6(39.21%),P:1e-12
		=Final=: -111.43 TGSCAGCY T:1944.0(56.51%),B:42108.2(44.01%),P:1e-48
		Performing exhaustive masking of motif...
		Reprioritizing potential motifs...
	5 of 25 Initial Sequence: TGCTATTT... (-16.040)
		Round 1: -27.86 TGCTATTT T:604.0(16.11%),B:10259.8(12.00%),P:1e-12
		Round 2: -27.86 TGCTATTT T:604.0(16.11%),B:10259.8(12.00%),P:1e-12
		=Final=: -68.63 TGCTATTT T:1287.0(37.41%),B:27150.2(28.38%),P:1e-29
		Performing exhaustive masking of motif...
		Reprioritizing potential motifs...
	6 of 25 Initial Sequence: AAACAGTC... (-14.763)
		Round 1: -21.59 AAACAGTC T:949.0(24.11%),B:17715.7(19.81%),P:1e-9
		Round 2: -21.59 AAACAGTC T:949.0(24.11%),B:17715.7(19.81%),P:1e-9
		=Final=: -74.39 AAACAGTC T:1798.0(52.27%),B:40328.1(42.15%),P:1e-32
		Performing exhaustive masking of motif...
		Reprioritizing potential motifs...
	7 of 25 Initial Sequence: GTGACTCA... (-14.545)
		Round 1: -30.18 GTGACTCA T:343.0(9.49%),B:5144.7(6.21%),P:1e-13
		Round 2: -30.18 GTGACTCA T:343.0(9.49%),B:5144.7(6.21%),P:1e-13
		=Final=: -40.69 GTGACTCA T:1861.0(54.10%),B:44681.4(46.70%),P:1e-17
		Performing exhaustive masking of motif...
		Reprioritizing potential motifs...
	8 of 25 Initial Sequence: CACTGACA... (-11.754)
		Round 1: -13.12 CACTGACA T:114.0(3.26%),B:1654.3(2.04%),P:1e-5
		Round 2: -13.12 CACTGACA T:114.0(3.26%),B:1654.3(2.04%),P:1e-5
		=Final=: -38.89 CACTGACA T:2329.0(67.70%),B:58105.7(60.73%),P:1e-16
		Performing exhaustive masking of motif...
		Reprioritizing potential motifs...
	9 of 25 Initial Sequence: AAAAGGCA... (-11.807)
		Round 1: -19.69 AAAAGGCA T:1415.0(33.73%),B:27627.0(29.13%),P:1e-8
		Round 2: -22.67 AAAAGGCA T:1842.0(41.46%),B:36088.3(36.22%),P:1e-9
		Round 3: -22.67 AAAAGGCA T:1842.0(41.46%),B:36088.3(36.22%),P:1e-9
		=Final=: -74.59 AAAAGGCA T:1385.0(40.26%),B:29315.2(30.64%),P:1e-32
		Performing exhaustive masking of motif...
		Reprioritizing potential motifs...
	10 of 25 Initial Sequence: CTTGATAC... (-10.572)
		Round 1: -13.62 CTTGATAC T:106.0(3.03%),B:1487.7(1.84%),P:1e-5
		Round 2: -13.62 CTTGATAC T:106.0(3.03%),B:1487.7(1.84%),P:1e-5
		=Final=: -40.34 CTTGATAC T:1588.0(46.16%),B:37227.1(38.91%),P:1e-17
		Performing exhaustive masking of motif...
		Reprioritizing potential motifs...
	11 of 25 Initial Sequence: ATAGAAAA... (-9.821)
		Round 1: -18.38 ATAGAAAA T:666.0(17.60%),B:12234.9(14.14%),P:1e-7
		Round 2: -22.05 ATAGAAAA T:1298.0(31.43%),B:24866.9(26.65%),P:1e-9
		Round 3: -22.05 ATAGAAAA T:1298.0(31.43%),B:24866.9(26.65%),P:1e-9
		=Final=: -67.25 ATAGAAAA T:2039.0(59.27%),B:47503.9(49.65%),P:1e-29
		Performing exhaustive masking of motif...
		Reprioritizing potential motifs...
	12 of 25 Initial Sequence: TGACATAT... (-9.779)
		Round 1: -18.85 TGACATAT T:685.0(18.06%),B:12587.9(14.52%),P:1e-8
		Round 2: -21.26 TGACATAT T:1234.0(30.15%),B:23648.7(25.53%),P:1e-9
		Round 3: -21.26 TGACATAT T:1234.0(30.15%),B:23648.7(25.53%),P:1e-9
		=Final=: -59.60 TGACATAT T:933.0(27.12%),B:18772.5(19.62%),P:1e-25
		Performing exhaustive masking of motif...
		Reprioritizing potential motifs...
	Remaining seeds don't look promising (After initial 5 motifs, logp -9.287 > -9.537)

	Finalizing Enrichment Statistics (new in v3.4)
	Reading input files...
	99999 total sequences read
	Cache length = 11180
	Using binomial scoring
	Checking enrichment of 12 motif(s)
	|0%                                    50%                                  100%|
	=================================================================================
	Output in file: /expanse/lustre/projects/csd940/zalibhai/mariner_hi-c/biomodal/downstream/results/homer_motif_enrichment/C3_k27ac_gained_vs_genome/homerMotifs.motifs8


	Number of Trial motifs (-T) set to 8 (from 10) to work well with 8 CPUs
	Scanning input files...
	Parsing sequences...
	|0%                                   50%                                  100%|
	================================================================================
	Total number of Oligos: 523453
	Autoadjustment for sequence coverage in background: 0.84x

	Oligos: 523453 of 551887 max
	Tree  : 1069200 of 2759435 max
	Optimizing memory usage...
	Cache length = 11180
	Using binomial scoring

	Global Optimization Phase: Looking for enriched oligos with up to 2 mismatches...

	Screening oligos 523453 (allowing 0 mismatches):
	|0%                                   50%                                  100%|
	================================================================================
		28.93% skipped, 71.07% checked (371996 of 523453), of those checked:
		28.93% not in target, 0.00% increased p-value, 0.00% high p-value

	Screening oligos 523453 (allowing 1 mismatches):
	|0%                                   50%                                  100%|
	================================================================================
		28.93% skipped, 71.07% checked (371996 of 523453), of those checked:
		0.00% not in target, 29.03% increased p-value, 46.27% high p-value

	Screening oligos 523453 (allowing 2 mismatches):
	|0%                                   50%                                  100%|
	================================================================================
		82.68% skipped, 17.32% checked (90656 of 523453), of those checked:
		0.00% not in target, 10.19% increased p-value, 0.00% high p-value
	Reading input files...
	99999 total sequences read
	Cache length = 11180
	Using binomial scoring

	Local Optimization Phase:
	1 of 25 Initial Sequence: TGCCATATGG... (-52.766)
		Round 1: -123.52 TGCCATATGG T:1093.0(27.22%),B:14591.4(16.67%),P:1e-53
		Round 2: -178.78 TGCCATATGG T:977.0(24.73%),B:11050.7(12.90%),P:1e-77
		Round 3: -181.02 DGCCATATGG T:696.0(18.32%),B:6861.9(8.22%),P:1e-78
		Round 4: -187.44 NRCCATMTGG T:796.0(20.66%),B:8160.5(9.69%),P:1e-81
		Round 5: -187.44 NRCCATMTGG T:796.0(20.66%),B:8160.5(9.69%),P:1e-81
		=Final=: -159.25 NRCCATMTGG T:498.0(14.48%),B:5831.4(6.09%),P:1e-69
		Performing exhaustive masking of motif...
		Reprioritizing potential motifs...
	2 of 25 Initial Sequence: AAATAGCACT... (-25.624)
		Round 1: -35.52 AAATAGCACT T:684.0(18.03%),B:11281.4(13.15%),P:1e-15
		Round 2: -35.52 AAATAGCACT T:684.0(18.03%),B:11281.4(13.15%),P:1e-15
		=Final=: -84.65 AAATAGCACT T:2090.0(60.76%),B:47765.0(49.92%),P:1e-36
		Performing exhaustive masking of motif...
		Reprioritizing potential motifs...
	3 of 25 Initial Sequence: CCATCTGCTA... (-23.342)
		Round 1: -46.40 CCATCTGCTA T:253.0(7.09%),B:3018.7(3.70%),P:1e-20
		Round 2: -46.40 CCATCTGCTA T:253.0(7.09%),B:3018.7(3.70%),P:1e-20
		=Final=: -85.68 CCATCTGCTA T:1967.0(57.18%),B:44252.7(46.25%),P:1e-37
		Performing exhaustive masking of motif...
		Reprioritizing potential motifs...
	4 of 25 Initial Sequence: CATTTCATTA... (-23.206)
		Round 1: -36.32 CATTTCATTA T:846.0(21.81%),B:14366.0(16.43%),P:1e-15
		Round 2: -37.15 CATTTCATTA T:1161.0(28.65%),B:20468.3(22.57%),P:1e-16
		Round 3: -37.82 CATTTCATTA T:1092.0(27.20%),B:19046.4(21.18%),P:1e-16
		Round 4: -37.82 CATTTCATTA T:1092.0(27.20%),B:19046.4(21.18%),P:1e-16
		=Final=: -76.17 CATTTCATTA T:986.0(28.66%),B:19169.0(20.03%),P:1e-33
		Performing exhaustive masking of motif...
		Reprioritizing potential motifs...
	5 of 25 Initial Sequence: CAGTTGGCAG... (-17.339)
		Round 1: -38.49 CAGTTGGCAG T:888.0(22.75%),B:15014.1(17.11%),P:1e-16
		Round 2: -38.49 CAGTTGGCAG T:888.0(22.75%),B:15014.1(17.11%),P:1e-16
		=Final=: -91.49 CAGTTGGCAG T:1991.0(57.88%),B:44560.0(46.57%),P:1e-39
		Performing exhaustive masking of motif...
		Reprioritizing potential motifs...
	6 of 25 Initial Sequence: GTGTCATAGG... (-15.895)
		Round 1: -16.50 GTGTCATAGG T:15.0(0.44%),B:51.0(0.06%),P:1e-7
		Round 2: -22.49 GTGTAATAGG T:26.0(0.75%),B:118.7(0.15%),P:1e-9
		Round 3: -22.49 GTGTAATAGG T:26.0(0.75%),B:118.7(0.15%),P:1e-9
		=Final=: -44.56 GTGTAATAGG T:1941.0(56.42%),B:46557.0(48.66%),P:1e-19
		Performing exhaustive masking of motif...
		Reprioritizing potential motifs...
	7 of 25 Initial Sequence: TTCAATCTTA... (-15.997)
		Round 1: -28.68 TTCAATCTTA T:81.0(2.33%),B:742.3(0.92%),P:1e-12
		Round 2: -28.68 TTCAATCTTA T:81.0(2.33%),B:742.3(0.92%),P:1e-12
		=Final=: -40.35 TTCAATCTTA T:90.0(2.62%),B:860.5(0.90%),P:1e-17
		Performing exhaustive masking of motif...
		Reprioritizing potential motifs...
	8 of 25 Initial Sequence: TATTTAGAAC... (-15.457)
		Round 1: -34.64 TATTTAGAAC T:74.0(2.13%),B:568.7(0.71%),P:1e-15
		Round 2: -40.71 TATTWAGAAC T:78.0(2.24%),B:552.1(0.69%),P:1e-17
		Round 3: -40.71 TATTWAGAAC T:78.0(2.24%),B:552.1(0.69%),P:1e-17
		=Final=: -50.73 TATTWAGAAC T:77.0(2.24%),B:550.7(0.58%),P:1e-22
		Performing exhaustive masking of motif...
		Reprioritizing potential motifs...
	9 of 25 Initial Sequence: GTACCTGTAG... (-14.942)
		Round 1: -15.52 GTACCTGTAG T:17.0(0.49%),B:73.6(0.09%),P:1e-6
		Round 2: -15.52 GTACCTGTAG T:17.0(0.49%),B:73.6(0.09%),P:1e-6
		=Final=: -33.98 GTACCTGTAG T:1964.0(57.09%),B:48204.4(50.38%),P:1e-14
		Performing exhaustive masking of motif...
		Reprioritizing potential motifs...
	10 of 25 Initial Sequence: TAGCTGCAGT... (-19.977)
		Round 1: -6.36 TAGCTGCAGT T:133.0(3.79%),B:2352.8(2.90%),P:1e-2
		Round 2: -7.14 TAGCTGCAGT T:296.0(8.25%),B:5653.0(6.82%),P:1e-3
		Round 3: -12.99 TAGCTGCAGT T:73.0(2.10%),B:930.9(1.16%),P:1e-5
		Round 4: -14.29 KMGCYGCAGT T:67.0(1.93%),B:794.0(0.99%),P:1e-6
		Round 5: -14.29 KMGCYGCAGT T:67.0(1.93%),B:794.0(0.99%),P:1e-6
		=Final=: -35.11 KMGCYGCAGT T:1954.0(56.80%),B:47810.4(49.97%),P:1e-15
		Performing exhaustive masking of motif...
		Reprioritizing potential motifs...
	11 of 25 Initial Sequence: TCACAGCAGG... (-20.561)
		Round 1: -5.75 TCACAGCAGG T:556.0(14.93%),B:11419.7(13.30%),P:1e-2
		Round 2: -8.72 TCACAGCAGG T:154.0(4.38%),B:2615.2(3.21%),P:1e-3
		Round 3: -10.30 TBACAGCAGG T:167.0(4.74%),B:2789.9(3.42%),P:1e-4
		Round 4: -10.30 TBACAGCAGG T:167.0(4.74%),B:2789.9(3.42%),P:1e-4
		=Final=: -55.54 TBACAGCAGG T:2028.0(58.95%),B:48076.5(50.25%),P:1e-24
		Performing exhaustive masking of motif...
		Reprioritizing potential motifs...
	12 of 25 Initial Sequence: GATGCTGTCA... (-15.802)
		Round 1: -11.31 GATGCTGTCA T:368.0(10.15%),B:6762.8(8.10%),P:1e-4
		Round 2: -15.32 GATGCTGGCA T:95.0(2.72%),B:1231.2(1.53%),P:1e-6
		Round 3: -18.92 GATGCTGGCA T:876.0(22.48%),B:16456.8(18.59%),P:1e-8
		Round 4: -19.00 KATGYTGGCA T:138.0(3.93%),B:1870.5(2.31%),P:1e-8
		Round 5: -19.00 KATGYTGGCA T:138.0(3.93%),B:1870.5(2.31%),P:1e-8
		=Final=: -74.32 KATGYTGGCA T:1978.0(57.50%),B:45301.6(47.35%),P:1e-32
		Performing exhaustive masking of motif...
		Reprioritizing potential motifs...
	13 of 25 Initial Sequence: AGCATTCTGC... (-14.405)
		Round 1: -27.06 AGCATTCTGC T:79.0(2.27%),B:739.0(0.92%),P:1e-11
		Round 2: -28.84 AGCATTCTGC T:99.0(2.84%),B:993.0(1.23%),P:1e-12
		Round 3: -28.84 AGCATTCTGC T:99.0(2.84%),B:993.0(1.23%),P:1e-12
		=Final=: -58.36 AGCATTCTGC T:2027.0(58.92%),B:47827.3(49.99%),P:1e-25
		Performing exhaustive masking of motif...
		Reprioritizing potential motifs...
	14 of 25 Initial Sequence: GGCTCCTATC... (-13.449)
		Round 1: -20.88 GGCTCCTATC T:22.0(0.64%),B:90.2(0.11%),P:1e-9
		Round 2: -20.88 GGCTCCTATC T:22.0(0.64%),B:90.2(0.11%),P:1e-9
		=Final=: -26.51 GGCTCCTATC T:2216.0(64.42%),B:56143.0(58.68%),P:1e-11
		Performing exhaustive masking of motif...
		Reprioritizing potential motifs...
	15 of 25 Initial Sequence: TAATTTCCTA... (-12.911)
		Round 1: -22.16 TAATTTCCTA T:537.0(14.45%),B:9306.6(10.98%),P:1e-9
		Round 2: -25.24 TAATTTCCTA T:587.0(15.69%),B:10063.1(11.82%),P:1e-10
		Round 3: -25.24 TAATTTCCTA T:587.0(15.69%),B:10063.1(11.82%),P:1e-10
		=Final=: -53.01 TAATTTCCTA T:525.0(15.26%),B:9400.1(9.82%),P:1e-23
		Performing exhaustive masking of motif...
		Reprioritizing potential motifs...
	16 of 25 Initial Sequence: AGTGACTTCA... (-12.893)
		Round 1: -18.05 AGTGACTTCA T:38.0(1.10%),B:292.4(0.36%),P:1e-7
		Round 2: -19.50 AGTTACTTCA T:33.0(0.95%),B:215.2(0.27%),P:1e-8
		Round 3: -20.29 AGTKACTTCA T:42.0(1.21%),B:318.6(0.40%),P:1e-8
		Round 4: -20.29 AGTKACTTCA T:42.0(1.21%),B:318.6(0.40%),P:1e-8
		=Final=: -25.48 AGTKACTTCA T:41.0(1.19%),B:317.6(0.33%),P:1e-11
		Performing exhaustive masking of motif...
		Reprioritizing potential motifs...
	17 of 25 Initial Sequence: GCGACATCTT... (-12.764)
		Round 1: -18.37 GCGACATCTT T:34.0(0.98%),B:238.4(0.30%),P:1e-7
		Round 2: -20.63 GYGACATCTT T:37.0(1.07%),B:253.0(0.31%),P:1e-8
		Round 3: -20.63 GYGACATCTT T:37.0(1.07%),B:253.0(0.31%),P:1e-8
		=Final=: -33.95 GYGACATCTT T:1710.0(49.71%),B:41164.2(43.02%),P:1e-14
		Performing exhaustive masking of motif...
		Reprioritizing potential motifs...
	18 of 25 Initial Sequence: CGGGCATGAG... (-12.036)
		Round 1: -22.87 CGGGCATGAG T:65.0(1.87%),B:600.4(0.75%),P:1e-9
		Round 2: -24.57 CSGGCATGAG T:81.0(2.33%),B:809.9(1.01%),P:1e-10
		Round 3: -25.49 CSGGCATGAG T:102.0(2.92%),B:1102.8(1.37%),P:1e-11
		Round 4: -25.49 CSGGCATGAG T:102.0(2.92%),B:1102.8(1.37%),P:1e-11
		=Final=: -47.47 CSGGCATGAG T:1972.0(57.33%),B:47170.5(49.30%),P:1e-20
		Performing exhaustive masking of motif...
		Reprioritizing potential motifs...
	19 of 25 Initial Sequence: AAGAGAGCTG... (-12.313)
		Round 1: -22.96 AAGAGAGCTG T:101.0(2.89%),B:1140.5(1.41%),P:1e-9
		Round 2: -22.96 AAGAGAGCTG T:101.0(2.89%),B:1140.5(1.41%),P:1e-9
		=Final=: -34.18 AAGAGAGCTG T:117.0(3.40%),B:1426.0(1.49%),P:1e-14
		Performing exhaustive masking of motif...
		Reprioritizing potential motifs...
	20 of 25 Initial Sequence: GGCTGTGTTA... (-11.417)
		Round 1: -12.57 GGCTGTGTTA T:15.0(0.44%),B:71.0(0.09%),P:1e-5
		Round 2: -16.03 TGCYGTGTTA T:20.0(0.58%),B:99.7(0.12%),P:1e-6
		Round 3: -16.03 TGCYGTGTTA T:20.0(0.58%),B:99.7(0.12%),P:1e-6
		=Final=: -33.64 TGCYGTGTTA T:2002.0(58.20%),B:49305.2(51.53%),P:1e-14
		Performing exhaustive masking of motif...
		Reprioritizing potential motifs...
	21 of 25 Initial Sequence: AGAAAAGCCT... (-12.360)
		Round 1: -22.92 AGAAAAGCCT T:156.0(4.43%),B:2055.3(2.54%),P:1e-9
		Round 2: -23.99 AGAAAAGCCT T:222.0(6.25%),B:3192.9(3.91%),P:1e-10
		Round 3: -23.99 AGAAAAGCCT T:222.0(6.25%),B:3192.9(3.91%),P:1e-10
		=Final=: -47.91 AGAAAAGCCT T:1926.0(55.99%),B:45847.1(47.92%),P:1e-20
		Performing exhaustive masking of motif...
		Reprioritizing potential motifs...
	22 of 25 Initial Sequence: GGTTTTTCTT... (-22.982)
		Round 1: -4.07 GGTTTTTCTT T:412.0(11.29%),B:8576.1(10.16%),P:1e-1
		Round 2: -4.85 GGTTTTTCTT T:302.0(8.41%),B:6063.3(7.30%),P:1e-2
		Round 3: -5.79 GGTTTTTCTT T:136.0(3.88%),B:2457.6(3.02%),P:1e-2
		Round 4: -10.15 GGTTTTTCTT T:59.0(1.70%),B:766.4(0.95%),P:1e-4
		Round 5: -10.68 KGTTWTTCTT T:55.0(1.59%),B:682.3(0.85%),P:1e-4
		Round 6: -10.68 KGTTWTTCTT T:55.0(1.59%),B:682.3(0.85%),P:1e-4
		=Final=: -20.35 KGTTWTTCTT T:1894.0(55.06%),B:47828.9(49.99%),P:1e-8
		Performing exhaustive masking of motif...
		Reprioritizing potential motifs...
	23 of 25 Initial Sequence: TGATTTTCTT... (-21.706)
		Round 1: -4.87 TGATTTTCTT T:220.0(6.20%),B:4304.2(5.24%),P:1e-2
		Round 2: -8.51 TGATTTTCHT T:145.0(4.13%),B:2462.6(3.03%),P:1e-3
		Round 3: -10.29 TRATTTTCHT T:111.0(3.18%),B:1709.2(2.11%),P:1e-4
		Round 4: -11.22 TRATTKTCHT T:144.0(4.10%),B:2294.7(2.83%),P:1e-4
		Round 5: -11.22 TRATTKTCHT T:144.0(4.10%),B:2294.7(2.83%),P:1e-4
		=Final=: -35.23 TRATTKTCHT T:1931.0(56.13%),B:47155.8(49.28%),P:1e-15
		Performing exhaustive masking of motif...
		Reprioritizing potential motifs...
	24 of 25 Initial Sequence: AACTGCCAAA... (-12.313)
		Round 1: -21.56 AACTGCCAAA T:32.0(0.93%),B:186.8(0.23%),P:1e-9
		Round 2: -21.56 AACTGCCAAA T:32.0(0.93%),B:186.8(0.23%),P:1e-9
		=Final=: -27.30 AACTGCCAAA T:32.0(0.93%),B:186.8(0.20%),P:1e-11
		Performing exhaustive masking of motif...
		Reprioritizing potential motifs...
	25 of 25 Initial Sequence: ATTTTCCATT... (-11.616)
		Round 1: -13.08 ATTTTCCATT T:17.0(0.49%),B:88.2(0.11%),P:1e-5
		Round 2: -23.85 ATTTTCCATG T:42.0(1.21%),B:281.3(0.35%),P:1e-10
		Round 3: -23.85 ATTTTCCATG T:42.0(1.21%),B:281.3(0.35%),P:1e-10
		=Final=: -29.29 ATTTTCCATG T:41.0(1.19%),B:280.1(0.29%),P:1e-12
		Performing exhaustive masking of motif...
		Reprioritizing potential motifs...

	Finalizing Enrichment Statistics (new in v3.4)
	Reading input files...
	99999 total sequences read
	Cache length = 11180
	Using binomial scoring
	Checking enrichment of 25 motif(s)
	|0%                                    50%                                  100%|
	=================================================================================
	Output in file: /expanse/lustre/projects/csd940/zalibhai/mariner_hi-c/biomodal/downstream/results/homer_motif_enrichment/C3_k27ac_gained_vs_genome/homerMotifs.motifs10


	Number of Trial motifs (-T) set to 8 (from 10) to work well with 8 CPUs
	-blen automatically set to 2
	Scanning input files...
	Parsing sequences...
	|0%                                   50%                                  100%|
	================================================================================
	Total number of Oligos: 6401219
	Autoadjustment for sequence coverage in background: 0.83x

	Oligos: 6401219 of 8830118 max
	Tree  : 13637596 of 44150590 max
	Optimizing memory usage...
	Cache length = 11180
	Using binomial scoring

	Global Optimization Phase: Looking for enriched oligos with up to 2 mismatches...

	Screening oligos 6401219 (allowing 0 mismatches):
	|0%                                   50%                                  100%|
	================================================================================
		82.92% skipped, 17.08% checked (1093534 of 6401219), of those checked:
		82.92% not in target, 0.00% increased p-value, 0.00% high p-value

	Screening oligos 6401219 (allowing 1 mismatches):
	|0%                                   50%                                  100%|
	================================================================================
		82.92% skipped, 17.08% checked (1093534 of 6401219), of those checked:
		0.00% not in target, 13.80% increased p-value, 4.70% high p-value

	Screening oligos 6401219 (allowing 2 mismatches):
	|0%                                   50%                                  100%|
	================================================================================
		97.63% skipped, 2.37% checked (151754 of 6401219), of those checked:
		0.00% not in target, 1.70% increased p-value, 0.00% high p-value
	Reading input files...
	99999 total sequences read
	Cache length = 11180
	Using binomial scoring

	Local Optimization Phase:
	1 of 25 Initial Sequence: AACAGATGGCAC... (-50.995)
		Round 1: -92.25 AACAGATGGCAC T:185.0(5.24%),B:1304.2(1.62%),P:1e-40
		Round 2: -99.77 AACAGATGGCAC T:288.0(8.03%),B:2528.2(3.12%),P:1e-43
		Round 3: -111.83 AACAGATGGCAC T:283.0(7.90%),B:2290.3(2.83%),P:1e-48
		Round 4: -120.55 AACAGATGGCAC T:506.0(13.68%),B:5268.7(6.39%),P:1e-52
		Round 5: -131.91 RACAGATGGYAC T:557.0(14.95%),B:5795.7(7.00%),P:1e-57
		Round 6: -139.85 RACAGATGGHDY T:885.0(22.69%),B:10640.8(12.48%),P:1e-60
		Round 7: -166.97 RVCAGATGGNNN T:830.0(21.44%),B:9091.4(10.76%),P:1e-72
		Round 8: -175.76 RVCAGATGGHNH T:703.0(18.49%),B:7033.0(8.43%),P:1e-76
		Round 9: -176.83 NVCAGATGGNNN T:705.0(18.53%),B:7046.5(8.45%),P:1e-76
		Round 10: -178.67 DVCAGATGGNNN T:686.0(18.08%),B:6750.4(8.11%),P:1e-77
		=Final=: -230.14 DVCAGATGGNNN T:598.0(17.38%),B:6378.0(6.67%),P:1e-99
		Performing exhaustive masking of motif...
		Reprioritizing potential motifs...
	2 of 25 Initial Sequence: GTGTCATAGGCC... (-41.151)
		Round 1: -46.60 GTGTCATAGGCC T:11.0(0.32%),B:2.4(0.00%),P:1e-20
		Round 2: -46.60 GTGTCATAGGCC T:11.0(0.32%),B:2.4(0.00%),P:1e-20
		=Final=: -34.04 GTGTCATAGGCC T:1994.0(57.97%),B:49039.5(51.25%),P:1e-14
		Performing exhaustive masking of motif...
		Reprioritizing potential motifs...
	3 of 25 Initial Sequence: GATGGCTCCTAT... (-41.151)
		Round 1: -46.60 GATGGCTCCTAT T:11.0(0.32%),B:2.9(0.00%),P:1e-20
		Round 2: -46.60 GATGGCTCCTAT T:11.0(0.32%),B:2.9(0.00%),P:1e-20
		=Final=: -73.12 GATGGCTCCTAT T:2985.0(86.77%),B:75573.9(78.99%),P:1e-31
		Performing exhaustive masking of motif...
		Reprioritizing potential motifs...
	4 of 25 Initial Sequence: GGGATGGCTCCT... (-46.601)
		Round 1: -3.56 DGGATGGCTCCN T:21.0(0.61%),B:289.2(0.36%),P:1e-1
		Round 2: -3.88 NNNNNNNNNNNN T:1724.0(39.42%),B:37794.2(37.71%),P:1e-1
		Round 3: -3.88 NNNNNNNNNNNN T:1724.0(39.42%),B:37794.2(37.71%),P:1e-1
		=Final=: 1.00 NNNNNNNNNNNN T:0.0(0.00%),B:0.0(0.00%),P:1e0
		Performing exhaustive masking of motif...
		Reprioritizing potential motifs...
	5 of 25 Initial Sequence: GGTGTCATAGGC... (-41.151)
		Round 1: -11.44 GGTGTCATAGGC T:60.0(1.73%),B:746.2(0.93%),P:1e-4
		Round 2: -11.44 GGTGTCATAGGC T:60.0(1.73%),B:746.2(0.93%),P:1e-4
		=Final=: -48.46 GGTGTCATAGGC T:1993.0(57.94%),B:47673.3(49.83%),P:1e-21
		Performing exhaustive masking of motif...
		Reprioritizing potential motifs...
	6 of 25 Initial Sequence: TGGCTCCTATCT... (-41.151)
		Round 1: -3.37 TGGCTCCTATCT T:217.0(6.11%),B:4416.0(5.38%),P:1e-1
		Round 2: -4.11 NNNNNNNNNNNN T:1701.0(39.02%),B:37182.2(37.23%),P:1e-1
		Round 3: -4.11 NNNNNNNNNNNN T:1701.0(39.02%),B:37182.2(37.23%),P:1e-1
		=Final=: 1.00 NNNNNNNNNNNN T:0.0(0.00%),B:0.0(0.00%),P:1e0
		Performing exhaustive masking of motif...
		Reprioritizing potential motifs...
	7 of 25 Initial Sequence: TGCTACAGGTAC... (-30.580)
		Round 1: -44.68 TGCTACAGGTAC T:13.0(0.38%),B:4.5(0.01%),P:1e-19
		Round 2: -44.68 TGCTACAGGTAC T:13.0(0.38%),B:4.5(0.01%),P:1e-19
		=Final=: -48.42 TGCTACAGGTAC T:2742.0(79.71%),B:69545.6(72.68%),P:1e-21
		Performing exhaustive masking of motif...
		Reprioritizing potential motifs...
	8 of 25 Initial Sequence: TGTGCTACAGGT... (-46.601)
		Round 1: -4.33 TGTGCTACAGGT T:79.0(2.27%),B:1402.3(1.74%),P:1e-1
		Round 2: -4.33 TGTGCTACAGGT T:79.0(2.27%),B:1402.3(1.74%),P:1e-1
		=Final=: -33.22 TGTGCTACAGGT T:1948.0(56.63%),B:47835.1(49.99%),P:1e-14
		Performing exhaustive masking of motif...
		Reprioritizing potential motifs...
	9 of 25 Initial Sequence: TGTCATAGGCCC... (-30.580)
		Round 1: -4.47 TGTCATAGGCCC T:83.0(2.38%),B:1475.9(1.83%),P:1e-1
		Round 2: -7.97 TGTCATMGGCCC T:83.0(2.38%),B:1286.9(1.60%),P:1e-3
		Round 3: -7.97 TGTCATMGGCCC T:83.0(2.38%),B:1286.9(1.60%),P:1e-3
		=Final=: -49.07 TGTCATMGGCCC T:1846.0(53.66%),B:43529.5(45.49%),P:1e-21
		Performing exhaustive masking of motif...
		Reprioritizing potential motifs...
	10 of 25 Initial Sequence: GTCATAGGCCCT... (-30.580)
		Round 1: -4.00 GTCATAGGCCCT T:37.0(1.07%),B:576.0(0.72%),P:1e-1
		Round 2: -7.32 GTCACAGGCCCT T:37.0(1.07%),B:462.8(0.58%),P:1e-3
		Round 3: -10.94 DTCACAGSCMCT T:144.0(4.10%),B:2302.3(2.84%),P:1e-4
		Round 4: -12.13 NWCACAGNCHCT T:188.0(5.32%),B:3067.4(3.77%),P:1e-5
		Round 5: -13.67 DTCACAGKCHCT T:162.0(4.60%),B:2507.9(3.09%),P:1e-5
		Round 6: -13.67 DTCACAGKCHCT T:162.0(4.60%),B:2507.9(3.09%),P:1e-5
		=Final=: -63.28 DTCACAGKCHCT T:2030.0(59.01%),B:47539.8(49.69%),P:1e-27
		Performing exhaustive masking of motif...
		Reprioritizing potential motifs...
	11 of 25 Initial Sequence: GGATGGCTCCTA... (-30.580)
		Round 1: -17.12 GGATGGCTCCTA T:6.0(0.17%),B:3.3(0.00%),P:1e-7
		Round 2: -17.12 GGATGGCTCCTA T:6.0(0.17%),B:3.3(0.00%),P:1e-7
		=Final=: -65.78 GGATGGCTCCTA T:2013.0(58.52%),B:46879.1(49.00%),P:1e-28
		Performing exhaustive masking of motif...
		Reprioritizing potential motifs...
	12 of 25 Initial Sequence: TAGCCACACTGG... (-30.580)
		Round 1: -30.58 TAGCCACACTGG T:8.0(0.23%),B:2.9(0.00%),P:1e-13
		Round 2: -30.58 TAGCCACACTGG T:8.0(0.23%),B:2.9(0.00%),P:1e-13
		=Final=: -51.58 TAGCCACACTGG T:2353.0(68.40%),B:57693.9(60.30%),P:1e-22
		Performing exhaustive masking of motif...
		Reprioritizing potential motifs...
	13 of 25 Initial Sequence: CCACACTGGCTG... (-35.806)
		Round 1: -7.37 CCACACTGGCTG T:24.0(0.70%),B:248.0(0.31%),P:1e-3
		Round 2: -8.26 RMACACTGGCTG T:8.0(0.23%),B:29.2(0.04%),P:1e-3
		Round 3: -8.26 RMACACTGGCTG T:8.0(0.23%),B:29.2(0.04%),P:1e-3
		=Final=: -32.36 RMACACTGGCTG T:1895.0(55.09%),B:46444.7(48.54%),P:1e-14
		Performing exhaustive masking of motif...
		Reprioritizing potential motifs...
	14 of 25 Initial Sequence: GCTCCTATCTCT... (-28.790)
		Round 1: -5.15 GCTCCTATCTCT T:38.0(1.10%),B:547.7(0.68%),P:1e-2
		Round 2: -9.44 GCTCCTATCTCT T:57.0(1.64%),B:750.5(0.94%),P:1e-4
		Round 3: -12.10 GCTCCTHTCTCT T:76.0(2.19%),B:1006.2(1.25%),P:1e-5
		Round 4: -13.10 GCTCCTWTCTCT T:74.0(2.13%),B:942.6(1.17%),P:1e-5
		Round 5: -14.70 GCTCCTWTCTCT T:74.0(2.13%),B:900.5(1.12%),P:1e-6
		Round 6: -14.70 GCTCCTWTCTCT T:74.0(2.13%),B:900.5(1.12%),P:1e-6
		=Final=: -33.94 GCTCCTWTCTCT T:1949.0(56.66%),B:47789.5(49.95%),P:1e-14
		Performing exhaustive masking of motif...
		Reprioritizing potential motifs...
	15 of 25 Initial Sequence: CCATCTGTTCTG... (-25.487)
		Round 1: -7.65 CCATCTGTTCTG T:448.0(12.21%),B:8799.8(10.44%),P:1e-3
		Round 2: -7.65 CCATCTGTTCTG T:448.0(12.21%),B:8799.8(10.44%),P:1e-3
		=Final=: -40.79 CCATCTGTTCTG T:1915.0(55.67%),B:46173.1(48.26%),P:1e-17
		Performing exhaustive masking of motif...
		Reprioritizing potential motifs...
	16 of 25 Initial Sequence: CCTGTAGCACAC... (-25.487)
		Round 1: -7.71 CCTGTAGCACAC T:5.0(0.15%),B:9.7(0.01%),P:1e-3
		Round 2: -11.26 CCTGMAGCAGAC T:4.0(0.12%),B:2.0(0.00%),P:1e-4
		Round 3: -11.26 CCTGMAGCAGAC T:4.0(0.12%),B:2.0(0.00%),P:1e-4
		=Final=: -23.68 CCTGMAGCAGAC T:1737.0(50.49%),B:43042.6(44.99%),P:1e-10
		Performing exhaustive masking of motif...
		Reprioritizing potential motifs...
	17 of 25 Initial Sequence: GCTACAGGTACA... (-15.792)
		Round 1: -8.18 GCTACAGGTACA T:231.0(6.50%),B:4200.4(5.13%),P:1e-3
		Round 2: -8.18 GCTACAGGTACA T:231.0(6.50%),B:4200.4(5.13%),P:1e-3
		=Final=: -38.79 GCTACAGGTACA T:1955.0(56.83%),B:47478.4(49.62%),P:1e-16
		Performing exhaustive masking of motif...
		Reprioritizing potential motifs...
	18 of 25 Initial Sequence: TGCCATCTGTCA... (-15.792)
		Round 1: -11.92 TGCCATCTGTCA T:14.0(0.41%),B:65.2(0.08%),P:1e-5
		Round 2: -16.96 TGCCATBTGTCA T:15.0(0.44%),B:49.4(0.06%),P:1e-7
		Round 3: -16.96 TGCCATBTGTCA T:15.0(0.44%),B:49.4(0.06%),P:1e-7
		=Final=: -64.15 TGCCATBTGTCA T:1973.0(57.35%),B:45878.3(47.95%),P:1e-27
		Performing exhaustive masking of motif...
		Reprioritizing potential motifs...
	19 of 25 Initial Sequence: ACCTGGTGCACT... (-15.792)
		Round 1: -2.29 ACCTGGTGCACT T:155.0(4.41%),B:3216.6(3.95%),P:1e0
		Round 2: -2.54 NNNNNNNNNNNN T:1516.0(35.65%),B:33755.6(34.48%),P:1e-1
		Round 3: -2.54 NNNNNNNNNNNN T:1516.0(35.65%),B:33755.6(34.48%),P:1e-1
		=Final=: 1.00 NNNNNNNNNNNN T:0.0(0.00%),B:0.0(0.00%),P:1e0
		Performing exhaustive masking of motif...
		Reprioritizing potential motifs...
	20 of 25 Initial Sequence: CTGGGAGCCAGG... (-15.792)
		Round 1: -5.91 CTGGGAGCCAGG T:63.0(1.81%),B:992.7(1.23%),P:1e-2
		Round 2: -9.78 CTGGGAGCCAGG T:143.0(4.07%),B:2343.9(2.89%),P:1e-4
		Round 3: -10.91 CTGGGAGCCAGG T:109.0(3.12%),B:1639.4(2.03%),P:1e-4
		Round 4: -11.74 CTGGGAGCCAGG T:132.0(3.77%),B:2028.1(2.51%),P:1e-5
		Round 5: -14.09 CTGGRAGCCNGG T:105.0(3.01%),B:1446.5(1.80%),P:1e-6
		Round 6: -14.17 CTGGGAGCCNGG T:108.0(3.09%),B:1497.2(1.86%),P:1e-6
		Round 7: -14.70 CTGGRAGCCNGG T:124.0(3.54%),B:1756.6(2.18%),P:1e-6
		Round 8: -14.70 CTGGRAGCCNGG T:124.0(3.54%),B:1756.6(2.18%),P:1e-6
		=Final=: -26.34 CTGGRAGCCNGG T:136.0(3.95%),B:1985.5(2.08%),P:1e-11
		Performing exhaustive masking of motif...
		Reprioritizing potential motifs...
	21 of 25 Initial Sequence: GCTACAGTTACA... (-15.792)
		Round 1: -6.05 NCTACAGTTACH T:30.0(0.87%),B:375.7(0.47%),P:1e-2
		Round 2: -6.05 NCTACAGTTACH T:30.0(0.87%),B:375.7(0.47%),P:1e-2
		=Final=: -22.59 NCTACAGTTACH T:1759.0(51.13%),B:43786.5(45.76%),P:1e-9
		Performing exhaustive masking of motif...
		Reprioritizing potential motifs...
	22 of 25 Initial Sequence: CCATAGCCACAC... (-15.792)
		Round 1: -7.95 CCATAGCCACAC T:7.0(0.20%),B:22.7(0.03%),P:1e-3
		Round 2: -10.76 CCATAGCCACRC T:19.0(0.55%),B:130.6(0.16%),P:1e-4
		Round 3: -12.05 CCATRGCCACRC T:22.0(0.64%),B:154.3(0.19%),P:1e-5
		Round 4: -12.05 CCATRGCCACRC T:22.0(0.64%),B:154.3(0.19%),P:1e-5
		=Final=: -15.94 CCATRGCCACRC T:23.0(0.67%),B:169.9(0.18%),P:1e-6
		Performing exhaustive masking of motif...
		Reprioritizing potential motifs...
	23 of 25 Initial Sequence: CCCCTTTCTCTT... (-15.792)
		Round 1: -7.16 CCCCTTTCTCYT T:9.0(0.26%),B:45.9(0.06%),P:1e-3
		Round 2: -10.46 CCCCYTTCTCCT T:23.0(0.67%),B:185.2(0.23%),P:1e-4
		Round 3: -15.46 CCCCCTTCTCCT T:21.0(0.61%),B:113.2(0.14%),P:1e-6
		Round 4: -21.02 CCCCCTTCYCCT T:72.0(2.07%),B:733.4(0.91%),P:1e-9
		Round 5: -21.02 CCCCCTTCYCCT T:72.0(2.07%),B:733.4(0.91%),P:1e-9
		=Final=: -31.60 CCCCCTTCYCCT T:75.0(2.18%),B:751.6(0.79%),P:1e-13
		Performing exhaustive masking of motif...
		Reprioritizing potential motifs...
	24 of 25 Initial Sequence: CAGTTACAGCTG... (-13.054)
		Round 1: -9.19 CAGTTACAGCTG T:34.0(0.98%),B:368.2(0.46%),P:1e-3
		Round 2: -14.31 CAGTTACAGCTG T:15.0(0.44%),B:61.4(0.08%),P:1e-6
		Round 3: -18.16 CAGTTASAGCTG T:19.0(0.55%),B:77.0(0.10%),P:1e-7
		Round 4: -18.16 CAGTTASAGCTG T:19.0(0.55%),B:77.0(0.10%),P:1e-7
		=Final=: -26.50 CAGTTASAGCTG T:1923.0(55.90%),B:47872.0(50.03%),P:1e-11
		Performing exhaustive masking of motif...
		Reprioritizing potential motifs...
	25 of 25 Initial Sequence: AATTGACTTCAT... (-12.148)
		Round 1: -30.58 AATTGACTTCAT T:8.0(0.23%),B:2.9(0.00%),P:1e-13
		Round 2: -30.58 AATTGACTTCAT T:8.0(0.23%),B:2.9(0.00%),P:1e-13
		=Final=: -33.91 AATTGACTTCAT T:2039.0(59.27%),B:50318.8(52.59%),P:1e-14
		Performing exhaustive masking of motif...
		Reprioritizing potential motifs...

	Finalizing Enrichment Statistics (new in v3.4)
	Reading input files...
	99999 total sequences read
	Cache length = 11180
	Using binomial scoring
	Checking enrichment of 25 motif(s)
	|0%                                    50%                                  100%|
	=================================================================================
	Output in file: /expanse/lustre/projects/csd940/zalibhai/mariner_hi-c/biomodal/downstream/results/homer_motif_enrichment/C3_k27ac_gained_vs_genome/homerMotifs.motifs12

	(Motifs in homer2 format)
	Determining similar motifs...	59 reduced to 34 motifs
	Outputing HTML and sequence logos for motif comparison...
	Checking de novo motifs against known motifs...
	Formatting HTML page...
		1 of 34 (1e-99) similar to Atoh1/MA1467.3/Jaspar(0.958)
		2 of 34 (1e-56) similar to HIC1(Zf)/Treg-ZBTB29-ChIP-Seq(GSE99889)/Homer(0.889)
		3 of 34 (1e-48) similar to Nfe2l2/MA0150.3/Jaspar(0.701)
		4 of 34 (1e-46) similar to ZFP42/MA1651.2/Jaspar(0.594)
		5 of 34 (1e-44) similar to Sox5/MA0087.3/Jaspar(0.659)
		6 of 34 (1e-44) similar to MAFF/MA0495.4/Jaspar(0.619)
		7 of 34 (1e-41) similar to Zic2/MA1629.2/Jaspar(0.856)
		8 of 34 (1e-39) similar to Nr2e1/MA0676.1/Jaspar(0.711)
		9 of 34 (1e-37) similar to Mef2c(MADS)/GM12878-Mef2c-ChIP-Seq(GSE32465)/Homer(0.730)
		10 of 34 (1e-36) similar to LHX9/MA0701.3/Jaspar(0.834)
		11 of 34 (1e-35) similar to Hoxa10(Homeobox)/ChickenMSG-Hoxa10.Flag-ChIP-Seq(GSE86088)/Homer(0.803)
		12 of 34 (1e-35) similar to Nfat5/MA0606.3/Jaspar(0.768)
		13 of 34 (1e-34) similar to Foxo1(Forkhead)/RAW-Foxo1-ChIP-Seq(Fan_et_al.)/Homer(0.774)
		14 of 34 (1e-33) similar to NFYB/MA0502.3/Jaspar(0.679)
		15 of 34 (1e-33) similar to Runx1/MA0002.3/Jaspar(0.608)
		16 of 34 (1e-32) similar to PB0141.1_Isgf3g_2/Jaspar(0.574)
		17 of 34 (1e-32) similar to HIC2/MA0738.2/Jaspar(0.685)
		18 of 34 (1e-31) similar to AR-halfsite(NR)/LNCaP-AR-ChIP-Seq(GSE27824)/Homer(0.685)
		19 of 34 (1e-30) similar to Smad4(MAD)/ESC-SMAD4-ChIP-Seq(GSE29422)/Homer(0.597)
		20 of 34 (1e-29) similar to PB0117.1_Eomes_2/Jaspar(0.740)
		21 of 34 (1e-27) similar to PB0091.1_Zbtb3_1/Jaspar(0.653)
		22 of 34 (1e-26) similar to PRDM1/MA0508.4/Jaspar(0.761)
		23 of 34 (1e-24) similar to MEIS1/MA0498.3/Jaspar(0.771)
		24 of 34 (1e-22) similar to MYF5/MA1641.2/Jaspar(0.678)
		25 of 34 (1e-22) similar to BNC2/MA1928.2/Jaspar(0.961)
		26 of 34 (1e-21) similar to DMRT3/MA0610.2/Jaspar(0.770)
		27 of 34 (1e-20) similar to PB0187.1_Tcf7_2/Jaspar(0.695)
		28 of 34 (1e-18) similar to PB0090.1_Zbtb12_1/Jaspar(0.683)
		29 of 34 (1e-16) similar to IRF:BATF(IRF:bZIP)/pDC-Irf8-ChIP-Seq(GSE66899)/Homer(0.703)
		30 of 34 (1e-15) similar to PB0172.1_Sox1_2/Jaspar(0.717)
		31 of 34 (1e-13) similar to MyoG(bHLH)/C2C12-MyoG-ChIP-Seq(GSE36024)/Homer(0.660)
		32 of 34 (1e-12) similar to ERG(ETS)/VCaP-ERG-ChIP-Seq(GSE14097)/Homer(0.612)
		33 of 34 (1e-9) similar to ELK1::HOXA1/MA1931.1/Jaspar(0.632)
		34 of 34 (1e-4) similar to PB0137.1_Irf3_2/Jaspar(0.695)
	Job finished - if results look good, please send beer to ..

	Cleaning up tmp files...


HOMER completed successfully.
  Significant known motifs (q < 0.05): 1

End time: Sun May 31 23:28:20 PDT 2026
=================================================================
