===========================================
Stage 4: edgeR Differential Analysis
===========================================
Job ID:     49936761
Node:       exp-5-29
Timepoint:  250831
Resolution: 5000 bp (5 kb)
Start:      Mon Jun  1 02:09:21 PDT 2026
===========================================
Loading required package: limma
Warning message:
package ‘yaml’ was built under R version 4.4.3 
R packages OK
Warning messages:
1: package ‘yaml’ was built under R version 4.4.3 
2: package ‘dplyr’ was built under R version 4.4.3 

========================================
Stage 4: edgeR Differential Analysis
Timepoint:  250831
Resolution: 5000 bp (5 kb)
========================================

Config loaded: /expanse/lustre/projects/csd940/zalibhai/mariner_hi-c/stripes/stripenn/config/stripenn_config.yaml

=== Loading Score Data ===
  Union stripes: 4008
  ctrl_M1: loaded (median O_Sum=3443)
  ctrl_M2: loaded (median O_Sum=3120)
  ctrl_M3: loaded (median O_Sum=3135)
  mut_M1: loaded (median O_Sum=3431)
  mut_M2: loaded (median O_Sum=3838)
  mut_M3: loaded (median O_Sum=3471)

  Count matrix: 4008 stripes x 6 samples
  After filtering: 4008 stripes

=== Creating DGEList ===
  DGEList: 4008 stripes x 6 samples
  Groups: ctrl, mut

  Library sizes:
    ctrl_M1 (ctrl): 14557309
    ctrl_M2 (ctrl): 13216097
    ctrl_M3 (ctrl): 13274735
    mut_M1 (mut): 14481941
    mut_M2 (mut): 16218094
    mut_M3 (mut): 14673439

=== Filtering ===
  SKIPPING low-count filtering (per design decision)
  Retaining ALL 4008 stripes for analysis

=== Normalization ===
  Method: TMM
  Normalization factors:
    ctrl_M1: 1.0021
    ctrl_M2: 0.9990
    ctrl_M3: 0.9973
    mut_M1: 0.9989
    mut_M2: 1.0026
    mut_M3: 1.0001

=== Generating MDS Plot ===
  Saved: mds_plot.{pdf,svg,jpg}

=== Dispersion Estimation ===
  Common dispersion: 0.0004
  Common BCV: 0.020
  Tagwise BCV range: 0.013 - 0.206
  Median tagwise BCV: 0.018
  Saved: bcv_plot.{pdf,svg,jpg}

=== Quasi-Likelihood GLM ===
  Saved: ql_dispersion_plot.{pdf,svg,jpg}

=== Differential Testing ===

  Results (FDR < 0.05):
    Significant: 102 / 4008 (2.5%)
    Up in mutant: 66
    Down in mutant: 36

  Exploratory (FDR < 0.10): 250

=== Generating Volcano Plot ===
  Saved: volcano_plot.{pdf,svg,jpg}
  Saved: ma_plot.{pdf,svg,jpg}

=== Saving Outputs ===
  Saved: dge_object.rds
  Saved: fit_object.rds
  Saved: all_results.tsv/rds
  Saved: significant_FDR05.tsv (102 stripes)
  Saved: count_matrix.tsv
  Saved: summary.txt

========================================
Stage 4 complete.
End: 2026-06-01 02:09:32.33775
========================================

edgeR complete. Results: /expanse/lustre/projects/csd940/zalibhai/stripes/stripenn/outputs/250831/res_5kb/04_edgeR/all_results.tsv
End: Mon Jun  1 02:09:32 PDT 2026
===========================================
