===========================================
Stage 5: Integration & Classification
===========================================
Job ID:     49936763
Node:       exp-5-29
Timepoint:  250831
Resolution: 5000 bp (5 kb)
Start:      Mon Jun  1 02:09:32 PDT 2026
===========================================
Warning messages:
1: package ‘yaml’ was built under R version 4.4.3 
2: package ‘dplyr’ was built under R version 4.4.3 

========================================
Stage 5: Integration & Classification
Timepoint:  250831
Resolution: 5000 bp (5 kb)
========================================

=== Loading Data ===
  Union stripes: 4008
  edgeR results: 4008 stripes

=== Merging Data ===
  Merged: 4008 stripes

=== Direction Classification ===
  FDR threshold:    0.05
  logFC threshold:  0.30
  Tiered: high_fdr=0.10, medium_logfc=0.20

Direction classification:

   gained      lost unchanged 
      949       776      2283 

Source x Direction:
              
               gained lost unchanged
  control_only      0  776         0
  mutant_only     949    0         0
  shared            0    0      2283

=== Adding Derived Metrics ===

=== Creating BEDPE Output ===

=== Saving Outputs ===
  Saved: 05_final_differential.tsv/rds (4008 stripes)
  Saved: 05_final_differential.bedpe
  Saved: 05_stripes_lost.tsv (776 stripes)
  Saved: 05_stripes_gained.tsv (949 stripes)
  Saved: 05_stripes_unchanged.tsv (2283 stripes)
  Saved: 05_summary.txt

========================================
Stage 5 complete.
End: 2026-06-01 02:09:36.518562
========================================

Integration complete. Output: /expanse/lustre/projects/csd940/zalibhai/stripes/stripenn/outputs/250831/res_5kb/05_final_differential.tsv
End: Mon Jun  1 02:09:36 PDT 2026
===========================================
