===========================================
Stage 6: Cross-Resolution Comparison
===========================================
Job ID:     49936765
Node:       exp-5-29
Timepoint:  250831
Start:      Mon Jun  1 02:09:36 PDT 2026
===========================================
Warning messages:
1: package ‘yaml’ was built under R version 4.4.3 
2: package ‘dplyr’ was built under R version 4.4.3 
3: package ‘futile.logger’ was built under R version 4.4.3 

========================================
Stage 6: Cross-Resolution Comparison
Timepoint: 250831
========================================

=== Loading Results ===
  5kb:  4008 stripes
  10kb: 1879 stripes

=== Per-Resolution Statistics ===

  5kb: 4008 total, 102 sig FDR<0.05
    lost=776, gained=949, strengthened=0, weakened=0

  10kb: 1879 total, 55 sig FDR<0.05
    lost=401, gained=483, strengthened=0, weakened=0

=== Cross-Resolution Matching ===
  Matched:  1401 stripes
  5kb-only: 2607 stripes
  10kb-only:478 stripes

=== Concordance Analysis ===
  Both significant: 21 / 1401 matched
  Direction concordant (both sig): 15 / 21
  logFC correlation: 0.738

=== Building High-Confidence Set ===
  both_concordant: 749
  both_discordant: 652
  5kb_only:        2607
  10kb_only:       478
  Total:           4486

=== Generating Plots ===
  Saved: logFC_correlation.{pdf,svg,jpg}
  Saved: direction_by_resolution.{pdf,svg,jpg}

=== Saving Outputs ===
  Saved: cross_res_merged.tsv (4486 stripes)
  Saved: cross_res_summary.txt

========================================
Stage 6 complete.
End: 2026-06-01 02:09:43.125125
========================================

Cross-resolution comparison complete.
Output: /expanse/lustre/projects/csd940/zalibhai/stripes/stripenn/outputs/250831/cross_res_merged.tsv
End: Mon Jun  1 02:09:43 PDT 2026
===========================================
