=========================================
Duet evoC Bap1 Run
=========================================
Job ID: 47632802
Node: exp-16-56
CPUs: 16
Memory: 128GB
Start time: Tue Mar 24 18:34:09 PDT 2026
=========================================


 N E X T F L O W   ~  version 25.04.8

Launching `/expanse/lustre/projects/csd940/zalibhai/biomodal/pipelines/duet/1.5.0/main.nf` [curious_wiles] DSL2 - revision: c04799865d

creating /expanse/lustre/projects/csd940/zalibhai/biomodal/evoC-run/output/duet-1.5.0_evoC_Bap1_run_6bp/diagnostics
[-        ] resolve_align:FASTQC_RAW       -
[-        ] resolve_align:PRELUDE          -
[-        ] resolve_align:FASTQC_RESOLVED  -
[-        ] resolve_align:BWA_MEM2         -
[-        ] res…align:SAMTOOLS_MERGE_LANES -
[-        ] resolve_align:PRESEQ           -

[-        ] resolve_align:FASTQC_RAW       -
[-        ] resolve_align:PRELUDE          -
[-        ] resolve_align:FASTQC_RESOLVED  -
[-        ] resolve_align:BWA_MEM2         -
[-        ] res…align:SAMTOOLS_MERGE_LANES -
[-        ] resolve_align:PRESEQ           -
[-        ] bamlet:BAMLET                  -
[-        ] bamlet:QUALIMAP_BAMQC          -
[-        ] bam_stats_genome:TSS_BIAS      -
[-        ] bam…:DEEPTOOLS_PLOTFINGERPRINT -
[-        ] bam_stats_genome:PICARD_GCBIAS -
[-        ] bam…LONG_CTRL_GENETIC_ACCURACY -
[-        ] var…t_calling:HAPLOTYPE_CALLER -
[-        ] var…nt_calling:SPLIT_INTERVALS -
[-        ] var…calling:GENOMICS_DB_IMPORT -
[-        ] variant_calling:GENOTYPE_GVCFS -
[-        ] var…t_calling:MERGE_JOINT_VCFS -
[-        ] variant_calling:ASM            -
[-        ] var…_calling:MERGE_ASM_OUTPUTS -

[-        ] resolve_align:FASTQC_RAW       -
[-        ] resolve_align:PRELUDE          -
[-        ] resolve_align:FASTQC_RESOLVED  -
[-        ] resolve_align:BWA_MEM2         -
[-        ] res…align:SAMTOOLS_MERGE_LANES -
[-        ] resolve_align:PRESEQ           -
[-        ] bamlet:BAMLET                  -
[-        ] bamlet:QUALIMAP_BAMQC          -
[-        ] bam_stats_genome:TSS_BIAS      -
[-        ] bam…:DEEPTOOLS_PLOTFINGERPRINT -
[-        ] bam_stats_genome:PICARD_GCBIAS -
[-        ] bam…LONG_CTRL_GENETIC_ACCURACY -
[-        ] var…t_calling:HAPLOTYPE_CALLER -
[-        ] var…nt_calling:SPLIT_INTERVALS -
[-        ] var…calling:GENOMICS_DB_IMPORT -
[-        ] variant_calling:GENOTYPE_GVCFS -
[-        ] var…t_calling:MERGE_JOINT_VCFS -
[-        ] variant_calling:ASM            -
[-        ] var…_calling:MERGE_ASM_OUTPUTS -
[-        ] variant_calling:MUTECT2        -
Plus 9 more processes waiting for tasks…
Running somatic variant calling with Mutect2

[-        ] resolve_align:FASTQC_RAW       -
[-        ] resolve_align:PRELUDE          -
[-        ] resolve_align:FASTQC_RESOLVED  -
[-        ] resolve_align:BWA_MEM2         -
[-        ] res…align:SAMTOOLS_MERGE_LANES -
[-        ] resolve_align:PRESEQ           -
[-        ] bamlet:BAMLET                  -
[-        ] bamlet:QUALIMAP_BAMQC          -
[-        ] bam_stats_genome:TSS_BIAS      -
[-        ] bam…:DEEPTOOLS_PLOTFINGERPRINT -
[-        ] bam_stats_genome:PICARD_GCBIAS -
[-        ] bam…LONG_CTRL_GENETIC_ACCURACY -
[-        ] var…t_calling:HAPLOTYPE_CALLER -
[-        ] var…nt_calling:SPLIT_INTERVALS -
[-        ] var…calling:GENOMICS_DB_IMPORT -
[-        ] variant_calling:GENOTYPE_GVCFS -
[-        ] var…t_calling:MERGE_JOINT_VCFS -
[-        ] variant_calling:ASM            -
[-        ] var…_calling:MERGE_ASM_OUTPUTS -
[-        ] variant_calling:MUTECT2        -
Plus 13 more processes waiting for tasks…
Running somatic variant calling with Mutect2

[-        ] resolve_align:FASTQC_RAW       | 0 of 8
[-        ] resolve_align:PRELUDE          -
[-        ] resolve_align:FASTQC_RESOLVED  -
[-        ] resolve_align:BWA_MEM2         -
[-        ] res…align:SAMTOOLS_MERGE_LANES -
[-        ] resolve_align:PRESEQ           -
[-        ] bamlet:BAMLET                  -
[-        ] bamlet:QUALIMAP_BAMQC          -
[-        ] bam_stats_genome:TSS_BIAS      -
[-        ] bam…:DEEPTOOLS_PLOTFINGERPRINT -
[-        ] bam_stats_genome:PICARD_GCBIAS -
[-        ] bam…LONG_CTRL_GENETIC_ACCURACY -
[-        ] var…t_calling:HAPLOTYPE_CALLER -
[-        ] var…nt_calling:SPLIT_INTERVALS -
[-        ] var…calling:GENOMICS_DB_IMPORT -
[-        ] variant_calling:GENOTYPE_GVCFS -
[-        ] var…t_calling:MERGE_JOINT_VCFS -
[-        ] variant_calling:ASM            -
[-        ] var…_calling:MERGE_ASM_OUTPUTS -
[-        ] variant_calling:MUTECT2        -
Plus 13 more processes waiting for tasks…
Running somatic variant calling with Mutect2

executor >  slurm (1)
[e0/c0b49d] res…AW (evoC-Bap1-mut-F, L000) | 0 of 8
[-        ] resolve_align:PRELUDE          | 0 of 8
[-        ] resolve_align:FASTQC_RESOLVED  -
[-        ] resolve_align:BWA_MEM2         -
[-        ] res…align:SAMTOOLS_MERGE_LANES -
[-        ] resolve_align:PRESEQ           -
[-        ] bamlet:BAMLET                  -
[-        ] bamlet:QUALIMAP_BAMQC          -
[-        ] bam_stats_genome:TSS_BIAS      -
[-        ] bam…:DEEPTOOLS_PLOTFINGERPRINT -
[-        ] bam_stats_genome:PICARD_GCBIAS -
[-        ] bam…LONG_CTRL_GENETIC_ACCURACY -
[-        ] var…t_calling:HAPLOTYPE_CALLER -
[-        ] var…nt_calling:SPLIT_INTERVALS -
[-        ] var…calling:GENOMICS_DB_IMPORT -
[-        ] variant_calling:GENOTYPE_GVCFS -
[-        ] var…t_calling:MERGE_JOINT_VCFS -
[-        ] variant_calling:ASM            -
[-        ] var…_calling:MERGE_ASM_OUTPUTS -
[-        ] variant_calling:MUTECT2        -
Plus 13 more processes waiting for tasks…
Running somatic variant calling with Mutect2

executor >  slurm (2)
[b1/d81cd4] res…W (evoC-Bap1-ctrl-M, L000) | 0 of 8
[-        ] resolve_align:PRELUDE          | 0 of 8
[-        ] resolve_align:FASTQC_RESOLVED  -
[-        ] resolve_align:BWA_MEM2         -
[-        ] res…align:SAMTOOLS_MERGE_LANES -
[-        ] resolve_align:PRESEQ           -
[-        ] bamlet:BAMLET                  -
[-        ] bamlet:QUALIMAP_BAMQC          -
[-        ] bam_stats_genome:TSS_BIAS      -
[-        ] bam…:DEEPTOOLS_PLOTFINGERPRINT -
[-        ] bam_stats_genome:PICARD_GCBIAS -
[-        ] bam…LONG_CTRL_GENETIC_ACCURACY -
[-        ] var…t_calling:HAPLOTYPE_CALLER -
[-        ] var…nt_calling:SPLIT_INTERVALS -
[-        ] var…calling:GENOMICS_DB_IMPORT -
[-        ] variant_calling:GENOTYPE_GVCFS -
[-        ] var…t_calling:MERGE_JOINT_VCFS -
[-        ] variant_calling:ASM            -
[-        ] var…_calling:MERGE_ASM_OUTPUTS -
[-        ] variant_calling:MUTECT2        -
Plus 13 more processes waiting for tasks…
Running somatic variant calling with Mutect2

executor >  slurm (3)
[39/2a328d] res…(evoC-Bap1-mut-M-B2, L004) | 0 of 8
[-        ] resolve_align:PRELUDE          | 0 of 8
[-        ] resolve_align:FASTQC_RESOLVED  -
[-        ] resolve_align:BWA_MEM2         -
[-        ] res…align:SAMTOOLS_MERGE_LANES -
[-        ] resolve_align:PRESEQ           -
[-        ] bamlet:BAMLET                  -
[-        ] bamlet:QUALIMAP_BAMQC          -
[-        ] bam_stats_genome:TSS_BIAS      -
[-        ] bam…:DEEPTOOLS_PLOTFINGERPRINT -
[-        ] bam_stats_genome:PICARD_GCBIAS -
[-        ] bam…LONG_CTRL_GENETIC_ACCURACY -
[-        ] var…t_calling:HAPLOTYPE_CALLER -
[-        ] var…nt_calling:SPLIT_INTERVALS -
[-        ] var…calling:GENOMICS_DB_IMPORT -
[-        ] variant_calling:GENOTYPE_GVCFS -
[-        ] var…t_calling:MERGE_JOINT_VCFS -
[-        ] variant_calling:ASM            -
[-        ] var…_calling:MERGE_ASM_OUTPUTS -
[-        ] variant_calling:MUTECT2        -
Plus 13 more processes waiting for tasks…
Running somatic variant calling with Mutect2

executor >  slurm (4)
[9e/874e81] res…AW (evoC-Bap1-mut-M, L000) | 0 of 8
[-        ] resolve_align:PRELUDE          | 0 of 8
[-        ] resolve_align:FASTQC_RESOLVED  -
[-        ] resolve_align:BWA_MEM2         -
[-        ] res…align:SAMTOOLS_MERGE_LANES -
[-        ] resolve_align:PRESEQ           -
[-        ] bamlet:BAMLET                  -
[-        ] bamlet:QUALIMAP_BAMQC          -
[-        ] bam_stats_genome:TSS_BIAS      -
[-        ] bam…:DEEPTOOLS_PLOTFINGERPRINT -
[-        ] bam_stats_genome:PICARD_GCBIAS -
[-        ] bam…LONG_CTRL_GENETIC_ACCURACY -
[-        ] var…t_calling:HAPLOTYPE_CALLER -
[-        ] var…nt_calling:SPLIT_INTERVALS -
[-        ] var…calling:GENOMICS_DB_IMPORT -
[-        ] variant_calling:GENOTYPE_GVCFS -
[-        ] var…t_calling:MERGE_JOINT_VCFS -
[-        ] variant_calling:ASM            -
[-        ] var…_calling:MERGE_ASM_OUTPUTS -
[-        ] variant_calling:MUTECT2        -
Plus 13 more processes waiting for tasks…
Running somatic variant calling with Mutect2

executor >  slurm (5)
[3d/8549a8] res…evoC-Bap1-ctrl-F-B2, L004) | 0 of 8
[-        ] resolve_align:PRELUDE          | 0 of 8
[-        ] resolve_align:FASTQC_RESOLVED  -
[-        ] resolve_align:BWA_MEM2         -
[-        ] res…align:SAMTOOLS_MERGE_LANES -
[-        ] resolve_align:PRESEQ           -
[-        ] bamlet:BAMLET                  -
[-        ] bamlet:QUALIMAP_BAMQC          -
[-        ] bam_stats_genome:TSS_BIAS      -
[-        ] bam…:DEEPTOOLS_PLOTFINGERPRINT -
[-        ] bam_stats_genome:PICARD_GCBIAS -
[-        ] bam…LONG_CTRL_GENETIC_ACCURACY -
[-        ] var…t_calling:HAPLOTYPE_CALLER -
[-        ] var…nt_calling:SPLIT_INTERVALS -
[-        ] var…calling:GENOMICS_DB_IMPORT -
[-        ] variant_calling:GENOTYPE_GVCFS -
[-        ] var…t_calling:MERGE_JOINT_VCFS -
[-        ] variant_calling:ASM            -
[-        ] var…_calling:MERGE_ASM_OUTPUTS -
[-        ] variant_calling:MUTECT2        -
Plus 13 more processes waiting for tasks…
Running somatic variant calling with Mutect2

executor >  slurm (7)
[bf/09b2f1] res…evoC-Bap1-ctrl-M-B2, L004) | 0 of 8
[-        ] resolve_align:PRELUDE          | 0 of 8
[-        ] resolve_align:FASTQC_RESOLVED  -
[-        ] resolve_align:BWA_MEM2         -
[-        ] res…align:SAMTOOLS_MERGE_LANES -
[-        ] resolve_align:PRESEQ           -
[-        ] bamlet:BAMLET                  -
[-        ] bamlet:QUALIMAP_BAMQC          -
[-        ] bam_stats_genome:TSS_BIAS      -
[-        ] bam…:DEEPTOOLS_PLOTFINGERPRINT -
[-        ] bam_stats_genome:PICARD_GCBIAS -
[-        ] bam…LONG_CTRL_GENETIC_ACCURACY -
[-        ] var…t_calling:HAPLOTYPE_CALLER -
[-        ] var…nt_calling:SPLIT_INTERVALS -
[-        ] var…calling:GENOMICS_DB_IMPORT -
[-        ] variant_calling:GENOTYPE_GVCFS -
[-        ] var…t_calling:MERGE_JOINT_VCFS -
[-        ] variant_calling:ASM            -
[-        ] var…_calling:MERGE_ASM_OUTPUTS -
[-        ] variant_calling:MUTECT2        -
Plus 13 more processes waiting for tasks…
Running somatic variant calling with Mutect2

executor >  slurm (8)
[72/a4ee92] res…(evoC-Bap1-mut-F-B2, L004) | 0 of 8
[-        ] resolve_align:PRELUDE          | 0 of 8
[-        ] resolve_align:FASTQC_RESOLVED  -
[-        ] resolve_align:BWA_MEM2         -
[-        ] res…align:SAMTOOLS_MERGE_LANES -
[-        ] resolve_align:PRESEQ           -
[-        ] bamlet:BAMLET                  -
[-        ] bamlet:QUALIMAP_BAMQC          -
[-        ] bam_stats_genome:TSS_BIAS      -
[-        ] bam…:DEEPTOOLS_PLOTFINGERPRINT -
[-        ] bam_stats_genome:PICARD_GCBIAS -
[-        ] bam…LONG_CTRL_GENETIC_ACCURACY -
[-        ] var…t_calling:HAPLOTYPE_CALLER -
[-        ] var…nt_calling:SPLIT_INTERVALS -
[-        ] var…calling:GENOMICS_DB_IMPORT -
[-        ] variant_calling:GENOTYPE_GVCFS -
[-        ] var…t_calling:MERGE_JOINT_VCFS -
[-        ] variant_calling:ASM            -
[-        ] var…_calling:MERGE_ASM_OUTPUTS -
[-        ] variant_calling:MUTECT2        -
Plus 13 more processes waiting for tasks…
Running somatic variant calling with Mutect2

executor >  slurm (9)
[72/a4ee92] res…(evoC-Bap1-mut-F-B2, L004) | 0 of 8
[2a/ba0877] res…(evoC-Bap1-mut-M-B2, L004) | 0 of 8
[-        ] resolve_align:FASTQC_RESOLVED  -
[-        ] resolve_align:BWA_MEM2         -
[-        ] res…align:SAMTOOLS_MERGE_LANES -
[-        ] resolve_align:PRESEQ           -
[-        ] bamlet:BAMLET                  -
[-        ] bamlet:QUALIMAP_BAMQC          -
[-        ] bam_stats_genome:TSS_BIAS      -
[-        ] bam…:DEEPTOOLS_PLOTFINGERPRINT -
[-        ] bam_stats_genome:PICARD_GCBIAS -
[-        ] bam…LONG_CTRL_GENETIC_ACCURACY -
[-        ] var…t_calling:HAPLOTYPE_CALLER -
[-        ] var…nt_calling:SPLIT_INTERVALS -
[-        ] var…calling:GENOMICS_DB_IMPORT -
[-        ] variant_calling:GENOTYPE_GVCFS -
[-        ] var…t_calling:MERGE_JOINT_VCFS -
[-        ] variant_calling:ASM            -
[-        ] var…_calling:MERGE_ASM_OUTPUTS -
[-        ] variant_calling:MUTECT2        -
Plus 13 more processes waiting for tasks…
Running somatic variant calling with Mutect2

executor >  slurm (11)
[72/a4ee92] res…(evoC-Bap1-mut-F-B2, L004) | 0 of 8
[6d/cbf86a] res…E (evoC-Bap1-ctrl-M, L000) | 0 of 8
[-        ] resolve_align:FASTQC_RESOLVED  -
[-        ] resolve_align:BWA_MEM2         -
[-        ] res…align:SAMTOOLS_MERGE_LANES -
[-        ] resolve_align:PRESEQ           -
[-        ] bamlet:BAMLET                  -
[-        ] bamlet:QUALIMAP_BAMQC          -
[-        ] bam_stats_genome:TSS_BIAS      -
[-        ] bam…:DEEPTOOLS_PLOTFINGERPRINT -
[-        ] bam_stats_genome:PICARD_GCBIAS -
[-        ] bam…LONG_CTRL_GENETIC_ACCURACY -
[-        ] var…t_calling:HAPLOTYPE_CALLER -
[-        ] var…nt_calling:SPLIT_INTERVALS -
[-        ] var…calling:GENOMICS_DB_IMPORT -
[-        ] variant_calling:GENOTYPE_GVCFS -
[-        ] var…t_calling:MERGE_JOINT_VCFS -
[-        ] variant_calling:ASM            -
[-        ] var…_calling:MERGE_ASM_OUTPUTS -
[-        ] variant_calling:MUTECT2        -
Plus 13 more processes waiting for tasks…
Running somatic variant calling with Mutect2

executor >  slurm (12)
[72/a4ee92] res…(evoC-Bap1-mut-F-B2, L004) | 0 of 8
[5c/45d63f] res…DE (evoC-Bap1-mut-M, L000) | 0 of 8
[-        ] resolve_align:FASTQC_RESOLVED  -
[-        ] resolve_align:BWA_MEM2         -
[-        ] res…align:SAMTOOLS_MERGE_LANES -
[-        ] resolve_align:PRESEQ           -
[-        ] bamlet:BAMLET                  -
[-        ] bamlet:QUALIMAP_BAMQC          -
[-        ] bam_stats_genome:TSS_BIAS      -
[-        ] bam…:DEEPTOOLS_PLOTFINGERPRINT -
[-        ] bam_stats_genome:PICARD_GCBIAS -
[-        ] bam…LONG_CTRL_GENETIC_ACCURACY -
[-        ] var…t_calling:HAPLOTYPE_CALLER -
[-        ] var…nt_calling:SPLIT_INTERVALS -
[-        ] var…calling:GENOMICS_DB_IMPORT -
[-        ] variant_calling:GENOTYPE_GVCFS -
[-        ] var…t_calling:MERGE_JOINT_VCFS -
[-        ] variant_calling:ASM            -
[-        ] var…_calling:MERGE_ASM_OUTPUTS -
[-        ] variant_calling:MUTECT2        -
Plus 13 more processes waiting for tasks…
Running somatic variant calling with Mutect2

executor >  slurm (13)
[72/a4ee92] res…(evoC-Bap1-mut-F-B2, L004) | 0 of 8
[97/1215b2] res…evoC-Bap1-ctrl-M-B2, L004) | 0 of 8
[-        ] resolve_align:FASTQC_RESOLVED  -
[-        ] resolve_align:BWA_MEM2         -
[-        ] res…align:SAMTOOLS_MERGE_LANES -
[-        ] resolve_align:PRESEQ           -
[-        ] bamlet:BAMLET                  -
[-        ] bamlet:QUALIMAP_BAMQC          -
[-        ] bam_stats_genome:TSS_BIAS      -
[-        ] bam…:DEEPTOOLS_PLOTFINGERPRINT -
[-        ] bam_stats_genome:PICARD_GCBIAS -
[-        ] bam…LONG_CTRL_GENETIC_ACCURACY -
[-        ] var…t_calling:HAPLOTYPE_CALLER -
[-        ] var…nt_calling:SPLIT_INTERVALS -
[-        ] var…calling:GENOMICS_DB_IMPORT -
[-        ] variant_calling:GENOTYPE_GVCFS -
[-        ] var…t_calling:MERGE_JOINT_VCFS -
[-        ] variant_calling:ASM            -
[-        ] var…_calling:MERGE_ASM_OUTPUTS -
[-        ] variant_calling:MUTECT2        -
Plus 13 more processes waiting for tasks…
Running somatic variant calling with Mutect2

executor >  slurm (14)
[72/a4ee92] res…(evoC-Bap1-mut-F-B2, L004) | 0 of 8
[7c/714ceb] res…(evoC-Bap1-mut-F-B2, L004) | 0 of 8
[-        ] resolve_align:FASTQC_RESOLVED  -
[-        ] resolve_align:BWA_MEM2         -
[-        ] res…align:SAMTOOLS_MERGE_LANES -
[-        ] resolve_align:PRESEQ           -
[-        ] bamlet:BAMLET                  -
[-        ] bamlet:QUALIMAP_BAMQC          -
[-        ] bam_stats_genome:TSS_BIAS      -
[-        ] bam…:DEEPTOOLS_PLOTFINGERPRINT -
[-        ] bam_stats_genome:PICARD_GCBIAS -
[-        ] bam…LONG_CTRL_GENETIC_ACCURACY -
[-        ] var…t_calling:HAPLOTYPE_CALLER -
[-        ] var…nt_calling:SPLIT_INTERVALS -
[-        ] var…calling:GENOMICS_DB_IMPORT -
[-        ] variant_calling:GENOTYPE_GVCFS -
[-        ] var…t_calling:MERGE_JOINT_VCFS -
[-        ] variant_calling:ASM            -
[-        ] var…_calling:MERGE_ASM_OUTPUTS -
[-        ] variant_calling:MUTECT2        -
Plus 13 more processes waiting for tasks…
Running somatic variant calling with Mutect2

executor >  slurm (15)
[72/a4ee92] res…(evoC-Bap1-mut-F-B2, L004) | 0 of 8
[c2/41afd1] res…evoC-Bap1-ctrl-F-B2, L004) | 0 of 8
[-        ] resolve_align:FASTQC_RESOLVED  -
[-        ] resolve_align:BWA_MEM2         -
[-        ] res…align:SAMTOOLS_MERGE_LANES -
[-        ] resolve_align:PRESEQ           -
[-        ] bamlet:BAMLET                  -
[-        ] bamlet:QUALIMAP_BAMQC          -
[-        ] bam_stats_genome:TSS_BIAS      -
[-        ] bam…:DEEPTOOLS_PLOTFINGERPRINT -
[-        ] bam_stats_genome:PICARD_GCBIAS -
[-        ] bam…LONG_CTRL_GENETIC_ACCURACY -
[-        ] var…t_calling:HAPLOTYPE_CALLER -
[-        ] var…nt_calling:SPLIT_INTERVALS -
[-        ] var…calling:GENOMICS_DB_IMPORT -
[-        ] variant_calling:GENOTYPE_GVCFS -
[-        ] var…t_calling:MERGE_JOINT_VCFS -
[-        ] variant_calling:ASM            -
[-        ] var…_calling:MERGE_ASM_OUTPUTS -
[-        ] variant_calling:MUTECT2        -
Plus 13 more processes waiting for tasks…
Running somatic variant calling with Mutect2

executor >  slurm (16)
[72/a4ee92] res…(evoC-Bap1-mut-F-B2, L004) | 0 of 8
[06/1e4a7f] res…DE (evoC-Bap1-mut-F, L000) | 0 of 8
[-        ] resolve_align:FASTQC_RESOLVED  -
[-        ] resolve_align:BWA_MEM2         -
[-        ] res…align:SAMTOOLS_MERGE_LANES -
[-        ] resolve_align:PRESEQ           -
[-        ] bamlet:BAMLET                  -
[-        ] bamlet:QUALIMAP_BAMQC          -
[-        ] bam_stats_genome:TSS_BIAS      -
[-        ] bam…:DEEPTOOLS_PLOTFINGERPRINT -
[-        ] bam_stats_genome:PICARD_GCBIAS -
[-        ] bam…LONG_CTRL_GENETIC_ACCURACY -
[-        ] var…t_calling:HAPLOTYPE_CALLER -
[-        ] var…nt_calling:SPLIT_INTERVALS -
[-        ] var…calling:GENOMICS_DB_IMPORT -
[-        ] variant_calling:GENOTYPE_GVCFS -
[-        ] var…t_calling:MERGE_JOINT_VCFS -
[-        ] variant_calling:ASM            -
[-        ] var…_calling:MERGE_ASM_OUTPUTS -
[-        ] variant_calling:MUTECT2        -
Plus 13 more processes waiting for tasks…
Running somatic variant calling with Mutect2

executor >  slurm (16)
[72/a4ee92] res…(evoC-Bap1-mut-F-B2, L004) | 0 of 8
[06/1e4a7f] res…DE (evoC-Bap1-mut-F, L000) | 0 of 8
[-        ] resolve_align:FASTQC_RESOLVED  -
[-        ] resolve_align:BWA_MEM2         -
[-        ] res…align:SAMTOOLS_MERGE_LANES -
[-        ] resolve_align:PRESEQ           -
[-        ] bamlet:BAMLET                  -
[-        ] bamlet:QUALIMAP_BAMQC          -
[-        ] bam_stats_genome:TSS_BIAS      -
[-        ] bam…:DEEPTOOLS_PLOTFINGERPRINT -
[-        ] bam_stats_genome:PICARD_GCBIAS -
[-        ] bam…LONG_CTRL_GENETIC_ACCURACY -
[-        ] var…t_calling:HAPLOTYPE_CALLER -
[-        ] var…nt_calling:SPLIT_INTERVALS -
[-        ] var…calling:GENOMICS_DB_IMPORT -
[-        ] variant_calling:GENOTYPE_GVCFS -
[-        ] var…t_calling:MERGE_JOINT_VCFS -
[-        ] variant_calling:ASM            -
[-        ] var…_calling:MERGE_ASM_OUTPUTS -
[-        ] variant_calling:MUTECT2        -
Plus 13 more processes waiting for tasks…


executor >  slurm (16)
[72/a4ee92] res…(evoC-Bap1-mut-F-B2, L004) | 0 of 8
[06/1e4a7f] res…DE (evoC-Bap1-mut-F, L000) | 0 of 8
[-        ] resolve_align:FASTQC_RESOLVED  -
[-        ] resolve_align:BWA_MEM2         -
[-        ] res…align:SAMTOOLS_MERGE_LANES -
[-        ] resolve_align:PRESEQ           -
[-        ] bamlet:BAMLET                  -
[-        ] bamlet:QUALIMAP_BAMQC          -
[-        ] bam_stats_genome:TSS_BIAS      -
[-        ] bam…:DEEPTOOLS_PLOTFINGERPRINT -
[-        ] bam_stats_genome:PICARD_GCBIAS -
[-        ] bam…LONG_CTRL_GENETIC_ACCURACY -
[-        ] var…t_calling:HAPLOTYPE_CALLER -
[-        ] var…nt_calling:SPLIT_INTERVALS -
[-        ] var…calling:GENOMICS_DB_IMPORT -
[-        ] variant_calling:GENOTYPE_GVCFS -
[-        ] var…t_calling:MERGE_JOINT_VCFS -
[-        ] variant_calling:ASM            -
[-        ] var…_calling:MERGE_ASM_OUTPUTS -
[-        ] variant_calling:MUTECT2        -
Plus 13 more processes waiting for tasks…

slurmstepd: error: *** JOB 47632802 ON exp-16-56 CANCELLED AT 2026-03-24T18:37:43 ***
