=========================================
Duet evoC Bap1 Run
=========================================
Job ID: 47711871
Node: exp-1-34
CPUs: 32
Memory: 128GB
Start time: Sun Mar 29 00:52:01 PDT 2026
=========================================


 N E X T F L O W   ~  version 25.04.8

Launching `/expanse/lustre/projects/csd940/zalibhai/biomodal/pipelines/duet/1.5.0/main.nf` [elegant_cori] DSL2 - revision: c04799865d

[-        ] resolve_align:FASTQC_RAW       -
[-        ] resolve_align:PRELUDE          -
[-        ] resolve_align:FASTQC_RESOLVED  -
[-        ] resolve_align:BWA_MEM2         -
[-        ] res…align:SAMTOOLS_MERGE_LANES -
[-        ] resolve_align:PRESEQ           -

[-        ] resolve_align:FASTQC_RAW       -
[-        ] resolve_align:PRELUDE          -
[-        ] resolve_align:FASTQC_RESOLVED  -
[-        ] resolve_align:BWA_MEM2         -
[-        ] res…align:SAMTOOLS_MERGE_LANES -
[-        ] resolve_align:PRESEQ           -
[-        ] bamlet:BAMLET                  -
[-        ] bamlet:QUALIMAP_BAMQC          -
[-        ] bam_stats_genome:TSS_BIAS      -
[-        ] bam…:DEEPTOOLS_PLOTFINGERPRINT -
[-        ] bam_stats_genome:PICARD_GCBIAS -
[-        ] bam…LONG_CTRL_GENETIC_ACCURACY -
[-        ] var…t_calling:HAPLOTYPE_CALLER -
[-        ] var…nt_calling:SPLIT_INTERVALS -
[-        ] var…calling:GENOMICS_DB_IMPORT -
[-        ] variant_calling:GENOTYPE_GVCFS -
[-        ] var…t_calling:MERGE_JOINT_VCFS -
[-        ] variant_calling:ASM            -
[-        ] var…_calling:MERGE_ASM_OUTPUTS -
Running somatic variant calling with Mutect2

[-        ] resolve_align:FASTQC_RAW       -
[-        ] resolve_align:PRELUDE          -
[-        ] resolve_align:FASTQC_RESOLVED  -
[-        ] resolve_align:BWA_MEM2         -
[-        ] res…align:SAMTOOLS_MERGE_LANES -
[-        ] resolve_align:PRESEQ           -
[-        ] bamlet:BAMLET                  -
[-        ] bamlet:QUALIMAP_BAMQC          -
[-        ] bam_stats_genome:TSS_BIAS      -
[-        ] bam…:DEEPTOOLS_PLOTFINGERPRINT -
[-        ] bam_stats_genome:PICARD_GCBIAS -
[-        ] bam…LONG_CTRL_GENETIC_ACCURACY -
[-        ] var…t_calling:HAPLOTYPE_CALLER -
[-        ] var…nt_calling:SPLIT_INTERVALS -
[-        ] var…calling:GENOMICS_DB_IMPORT -
[-        ] variant_calling:GENOTYPE_GVCFS -
[-        ] var…t_calling:MERGE_JOINT_VCFS -
[-        ] variant_calling:ASM            -
[-        ] var…_calling:MERGE_ASM_OUTPUTS -
[-        ] variant_calling:MUTECT2        -
Plus 11 more processes waiting for tasks…
Running somatic variant calling with Mutect2

[-        ] resolve_align:FASTQC_RAW       -
[-        ] resolve_align:PRELUDE          -
[-        ] resolve_align:FASTQC_RESOLVED  -
[-        ] resolve_align:BWA_MEM2         -
[-        ] res…align:SAMTOOLS_MERGE_LANES -
[-        ] resolve_align:PRESEQ           -
[-        ] bamlet:BAMLET                  -
[-        ] bamlet:QUALIMAP_BAMQC          -
[-        ] bam_stats_genome:TSS_BIAS      -
[-        ] bam…:DEEPTOOLS_PLOTFINGERPRINT -
[-        ] bam_stats_genome:PICARD_GCBIAS -
[-        ] bam…LONG_CTRL_GENETIC_ACCURACY -
[-        ] var…t_calling:HAPLOTYPE_CALLER -
[-        ] var…nt_calling:SPLIT_INTERVALS -
[-        ] var…calling:GENOMICS_DB_IMPORT -
[-        ] variant_calling:GENOTYPE_GVCFS -
[-        ] var…t_calling:MERGE_JOINT_VCFS -
[-        ] variant_calling:ASM            -
[-        ] var…_calling:MERGE_ASM_OUTPUTS -
[-        ] variant_calling:MUTECT2        -
Plus 13 more processes waiting for tasks…
Running somatic variant calling with Mutect2

[6e/60a732] res…evoC-Bap1-ctrl-M-B2, L004) | 1 of 1, cached: 1
[-        ] resolve_align:PRELUDE          -
[-        ] resolve_align:FASTQC_RESOLVED  -
[-        ] resolve_align:BWA_MEM2         -
[-        ] res…align:SAMTOOLS_MERGE_LANES -
[-        ] resolve_align:PRESEQ           -
[-        ] bamlet:BAMLET                  -
[-        ] bamlet:QUALIMAP_BAMQC          -
[-        ] bam_stats_genome:TSS_BIAS      -
[-        ] bam…:DEEPTOOLS_PLOTFINGERPRINT -
[-        ] bam_stats_genome:PICARD_GCBIAS -
[-        ] bam…LONG_CTRL_GENETIC_ACCURACY -
[-        ] var…t_calling:HAPLOTYPE_CALLER -
[-        ] var…nt_calling:SPLIT_INTERVALS -
[-        ] var…calling:GENOMICS_DB_IMPORT -
[-        ] variant_calling:GENOTYPE_GVCFS -
[-        ] var…t_calling:MERGE_JOINT_VCFS -
[-        ] variant_calling:ASM            -
[-        ] var…_calling:MERGE_ASM_OUTPUTS -
[-        ] variant_calling:MUTECT2        -
Plus 13 more processes waiting for tasks…
Running somatic variant calling with Mutect2

[1e/61ad25] res…AW (evoC-Bap1-mut-M, L000) | 2 of 2, cached: 2
[-        ] resolve_align:PRELUDE          -
[-        ] resolve_align:FASTQC_RESOLVED  -
[-        ] resolve_align:BWA_MEM2         -
[-        ] res…align:SAMTOOLS_MERGE_LANES -
[-        ] resolve_align:PRESEQ           -
[-        ] bamlet:BAMLET                  -
[-        ] bamlet:QUALIMAP_BAMQC          -
[-        ] bam_stats_genome:TSS_BIAS      -
[-        ] bam…:DEEPTOOLS_PLOTFINGERPRINT -
[-        ] bam_stats_genome:PICARD_GCBIAS -
[-        ] bam…LONG_CTRL_GENETIC_ACCURACY -
[-        ] var…t_calling:HAPLOTYPE_CALLER -
[-        ] var…nt_calling:SPLIT_INTERVALS -
[-        ] var…calling:GENOMICS_DB_IMPORT -
[-        ] variant_calling:GENOTYPE_GVCFS -
[-        ] var…t_calling:MERGE_JOINT_VCFS -
[-        ] variant_calling:ASM            -
[-        ] var…_calling:MERGE_ASM_OUTPUTS -
[-        ] variant_calling:MUTECT2        -
Plus 13 more processes waiting for tasks…
Running somatic variant calling with Mutect2

[1e/61ad25] res…AW (evoC-Bap1-mut-M, L000) | 2 of 2, cached: 2
[31/d2d078] res…E (evoC-Bap1-ctrl-F, L000) | 2 of 2, cached: 2
[-        ] resolve_align:FASTQC_RESOLVED  -
[-        ] resolve_align:BWA_MEM2         -
[-        ] res…align:SAMTOOLS_MERGE_LANES -
[-        ] resolve_align:PRESEQ           -
[-        ] bamlet:BAMLET                  -
[-        ] bamlet:QUALIMAP_BAMQC          -
[-        ] bam_stats_genome:TSS_BIAS      -
[-        ] bam…:DEEPTOOLS_PLOTFINGERPRINT -
[-        ] bam_stats_genome:PICARD_GCBIAS -
[-        ] bam…LONG_CTRL_GENETIC_ACCURACY -
[-        ] var…t_calling:HAPLOTYPE_CALLER -
[-        ] var…nt_calling:SPLIT_INTERVALS -
[-        ] var…calling:GENOMICS_DB_IMPORT -
[-        ] variant_calling:GENOTYPE_GVCFS -
[-        ] var…t_calling:MERGE_JOINT_VCFS -
[-        ] variant_calling:ASM            -
[-        ] var…_calling:MERGE_ASM_OUTPUTS -
[-        ] variant_calling:MUTECT2        -
Plus 13 more processes waiting for tasks…
Running somatic variant calling with Mutect2

[27/237a62] res…AW (evoC-Bap1-mut-F, L000) | 4 of 4, cached: 4
[73/0b0fdb] res…evoC-Bap1-ctrl-M-B2, L004) | 3 of 3, cached: 3
[-        ] resolve_align:FASTQC_RESOLVED  -
[-        ] resolve_align:BWA_MEM2         -
[-        ] res…align:SAMTOOLS_MERGE_LANES -
[-        ] resolve_align:PRESEQ           -
[-        ] bamlet:BAMLET                  -
[-        ] bamlet:QUALIMAP_BAMQC          -
[-        ] bam_stats_genome:TSS_BIAS      -
[-        ] bam…:DEEPTOOLS_PLOTFINGERPRINT -
[-        ] bam_stats_genome:PICARD_GCBIAS -
[-        ] bam…LONG_CTRL_GENETIC_ACCURACY -
[-        ] var…t_calling:HAPLOTYPE_CALLER -
[-        ] var…nt_calling:SPLIT_INTERVALS -
[-        ] var…calling:GENOMICS_DB_IMPORT -
[-        ] variant_calling:GENOTYPE_GVCFS -
[-        ] var…t_calling:MERGE_JOINT_VCFS -
[-        ] variant_calling:ASM            -
[-        ] var…_calling:MERGE_ASM_OUTPUTS -
[-        ] variant_calling:MUTECT2        -
Plus 13 more processes waiting for tasks…
Running somatic variant calling with Mutect2

[f8/639867] res…W (evoC-Bap1-ctrl-F, L000) | 5 of 5, cached: 5
[73/0b0fdb] res…evoC-Bap1-ctrl-M-B2, L004) | 3 of 3, cached: 3
[-        ] resolve_align:FASTQC_RESOLVED  -
[-        ] resolve_align:BWA_MEM2         -
[-        ] res…align:SAMTOOLS_MERGE_LANES -
[-        ] resolve_align:PRESEQ           -
[-        ] bamlet:BAMLET                  -
[-        ] bamlet:QUALIMAP_BAMQC          -
[-        ] bam_stats_genome:TSS_BIAS      -
[-        ] bam…:DEEPTOOLS_PLOTFINGERPRINT -
[-        ] bam_stats_genome:PICARD_GCBIAS -
[-        ] bam…LONG_CTRL_GENETIC_ACCURACY -
[-        ] var…t_calling:HAPLOTYPE_CALLER -
[-        ] var…nt_calling:SPLIT_INTERVALS -
[-        ] var…calling:GENOMICS_DB_IMPORT -
[-        ] variant_calling:GENOTYPE_GVCFS -
[-        ] var…t_calling:MERGE_JOINT_VCFS -
[-        ] variant_calling:ASM            -
[-        ] var…_calling:MERGE_ASM_OUTPUTS -
[-        ] variant_calling:MUTECT2        -
Plus 13 more processes waiting for tasks…
Running somatic variant calling with Mutect2

[f8/639867] res…W (evoC-Bap1-ctrl-F, L000) | 5 of 5, cached: 5
[be/464c94] res…(evoC-Bap1-mut-F-B2, L004) | 4 of 4, cached: 4
[-        ] resolve_align:FASTQC_RESOLVED  -
[-        ] resolve_align:BWA_MEM2         -
[-        ] res…align:SAMTOOLS_MERGE_LANES -
[-        ] resolve_align:PRESEQ           -
[-        ] bamlet:BAMLET                  -
[-        ] bamlet:QUALIMAP_BAMQC          -
[-        ] bam_stats_genome:TSS_BIAS      -
[-        ] bam…:DEEPTOOLS_PLOTFINGERPRINT -
[-        ] bam_stats_genome:PICARD_GCBIAS -
[-        ] bam…LONG_CTRL_GENETIC_ACCURACY -
[-        ] var…t_calling:HAPLOTYPE_CALLER -
[-        ] var…nt_calling:SPLIT_INTERVALS -
[-        ] var…calling:GENOMICS_DB_IMPORT -
[-        ] variant_calling:GENOTYPE_GVCFS -
[-        ] var…t_calling:MERGE_JOINT_VCFS -
[-        ] variant_calling:ASM            -
[-        ] var…_calling:MERGE_ASM_OUTPUTS -
[-        ] variant_calling:MUTECT2        -
Plus 13 more processes waiting for tasks…
Running somatic variant calling with Mutect2

[c5/ea6e30] res…(evoC-Bap1-mut-F-B2, L004) | 8 of 8, cached: 8 ✔
[62/0c1c8d] res…(evoC-Bap1-mut-M-B2, L004) | 5 of 5, cached: 5
[-        ] resolve_align:FASTQC_RESOLVED  -
[-        ] resolve_align:BWA_MEM2         -
[-        ] res…align:SAMTOOLS_MERGE_LANES -
[-        ] resolve_align:PRESEQ           -
[-        ] bamlet:BAMLET                  -
[-        ] bamlet:QUALIMAP_BAMQC          -
[-        ] bam_stats_genome:TSS_BIAS      -
[-        ] bam…:DEEPTOOLS_PLOTFINGERPRINT -
[-        ] bam_stats_genome:PICARD_GCBIAS -
[-        ] bam…LONG_CTRL_GENETIC_ACCURACY -
[-        ] var…t_calling:HAPLOTYPE_CALLER -
[-        ] var…nt_calling:SPLIT_INTERVALS -
[-        ] var…calling:GENOMICS_DB_IMPORT -
[-        ] variant_calling:GENOTYPE_GVCFS -
[-        ] var…t_calling:MERGE_JOINT_VCFS -
[-        ] variant_calling:ASM            -
[-        ] var…_calling:MERGE_ASM_OUTPUTS -
[-        ] variant_calling:MUTECT2        -
Plus 13 more processes waiting for tasks…
Running somatic variant calling with Mutect2

[c5/ea6e30] res…(evoC-Bap1-mut-F-B2, L004) | 8 of 8, cached: 8 ✔
[ee/becbb5] res…DE (evoC-Bap1-mut-M, L000) | 6 of 6, cached: 6
[-        ] resolve_align:FASTQC_RESOLVED  -
[-        ] resolve_align:BWA_MEM2         -
[-        ] res…align:SAMTOOLS_MERGE_LANES -
[-        ] resolve_align:PRESEQ           -
[-        ] bamlet:BAMLET                  -
[-        ] bamlet:QUALIMAP_BAMQC          -
[-        ] bam_stats_genome:TSS_BIAS      -
[-        ] bam…:DEEPTOOLS_PLOTFINGERPRINT -
[-        ] bam_stats_genome:PICARD_GCBIAS -
[-        ] bam…LONG_CTRL_GENETIC_ACCURACY -
[-        ] var…t_calling:HAPLOTYPE_CALLER -
[-        ] var…nt_calling:SPLIT_INTERVALS -
[-        ] var…calling:GENOMICS_DB_IMPORT -
[-        ] variant_calling:GENOTYPE_GVCFS -
[-        ] var…t_calling:MERGE_JOINT_VCFS -
[-        ] variant_calling:ASM            -
[-        ] var…_calling:MERGE_ASM_OUTPUTS -
[-        ] variant_calling:MUTECT2        -
Plus 13 more processes waiting for tasks…
Running somatic variant calling with Mutect2

[c5/ea6e30] res…(evoC-Bap1-mut-F-B2, L004) | 8 of 8, cached: 8 ✔
[80/867b17] res…E (evoC-Bap1-ctrl-M, L000) | 7 of 7, cached: 7
[-        ] resolve_align:FASTQC_RESOLVED  -
[-        ] resolve_align:BWA_MEM2         -
[-        ] res…align:SAMTOOLS_MERGE_LANES -
[-        ] resolve_align:PRESEQ           -
[-        ] bamlet:BAMLET                  -
[-        ] bamlet:QUALIMAP_BAMQC          -
[-        ] bam_stats_genome:TSS_BIAS      -
[-        ] bam…:DEEPTOOLS_PLOTFINGERPRINT -
[-        ] bam_stats_genome:PICARD_GCBIAS -
[-        ] bam…LONG_CTRL_GENETIC_ACCURACY -
[-        ] var…t_calling:HAPLOTYPE_CALLER -
[-        ] var…nt_calling:SPLIT_INTERVALS -
[-        ] var…calling:GENOMICS_DB_IMPORT -
[-        ] variant_calling:GENOTYPE_GVCFS -
[-        ] var…t_calling:MERGE_JOINT_VCFS -
[-        ] variant_calling:ASM            -
[-        ] var…_calling:MERGE_ASM_OUTPUTS -
[-        ] variant_calling:MUTECT2        -
Plus 13 more processes waiting for tasks…
Running somatic variant calling with Mutect2

[c5/ea6e30] res…(evoC-Bap1-mut-F-B2, L004) | 8 of 8, cached: 8 ✔
[94/d508a3] res…evoC-Bap1-ctrl-F-B2, L004) | 8 of 8, cached: 8 ✔
[-        ] resolve_align:FASTQC_RESOLVED  -
[df/d82591] res…evoC-Bap1-ctrl-M-B2, L004) | 3 of 3, cached: 3
[-        ] res…align:SAMTOOLS_MERGE_LANES -
[-        ] resolve_align:PRESEQ           -
[-        ] bamlet:BAMLET                  -
[-        ] bamlet:QUALIMAP_BAMQC          -
[-        ] bam_stats_genome:TSS_BIAS      -
[-        ] bam…:DEEPTOOLS_PLOTFINGERPRINT -
[-        ] bam_stats_genome:PICARD_GCBIAS -
[-        ] bam…LONG_CTRL_GENETIC_ACCURACY -
[-        ] var…t_calling:HAPLOTYPE_CALLER -
[-        ] var…nt_calling:SPLIT_INTERVALS -
[-        ] var…calling:GENOMICS_DB_IMPORT -
[-        ] variant_calling:GENOTYPE_GVCFS -
[-        ] var…t_calling:MERGE_JOINT_VCFS -
[-        ] variant_calling:ASM            -
[-        ] var…_calling:MERGE_ASM_OUTPUTS -
[-        ] variant_calling:MUTECT2        -
Plus 13 more processes waiting for tasks…
Running somatic variant calling with Mutect2

[c5/ea6e30] res…(evoC-Bap1-mut-F-B2, L004) | 8 of 8, cached: 8 ✔
[94/d508a3] res…evoC-Bap1-ctrl-F-B2, L004) | 8 of 8, cached: 8 ✔
[-        ] resolve_align:FASTQC_RESOLVED  -
[a8/616be2] res…evoC-Bap1-ctrl-F-B2, L004) | 8 of 8, cached: 8 ✔
[-        ] res…align:SAMTOOLS_MERGE_LANES -
[-        ] resolve_align:PRESEQ           -
[-        ] bamlet:BAMLET                  -
[-        ] bamlet:QUALIMAP_BAMQC          -
[-        ] bam_stats_genome:TSS_BIAS      -
[-        ] bam…:DEEPTOOLS_PLOTFINGERPRINT -
[-        ] bam_stats_genome:PICARD_GCBIAS -
[-        ] bam…LONG_CTRL_GENETIC_ACCURACY -
[-        ] var…t_calling:HAPLOTYPE_CALLER -
[-        ] var…nt_calling:SPLIT_INTERVALS -
[-        ] var…calling:GENOMICS_DB_IMPORT -
[-        ] variant_calling:GENOTYPE_GVCFS -
[-        ] var…t_calling:MERGE_JOINT_VCFS -
[-        ] variant_calling:ASM            -
[-        ] var…_calling:MERGE_ASM_OUTPUTS -
[-        ] variant_calling:MUTECT2        -
Plus 13 more processes waiting for tasks…
Running somatic variant calling with Mutect2

[c5/ea6e30] res…(evoC-Bap1-mut-F-B2, L004) | 8 of 8, cached: 8 ✔
[94/d508a3] res…evoC-Bap1-ctrl-F-B2, L004) | 8 of 8, cached: 8 ✔
[-        ] resolve_align:FASTQC_RESOLVED  -
[a8/616be2] res…evoC-Bap1-ctrl-F-B2, L004) | 8 of 8, cached: 8 ✔
[-        ] res…align:SAMTOOLS_MERGE_LANES -
[-        ] resolve_align:PRESEQ           -
[00/a956c4] bam…MLET (evoC-Bap1-ctrl-F-B2) | 3 of 3, cached: 3
[-        ] bamlet:QUALIMAP_BAMQC          -
[-        ] bam_stats_genome:TSS_BIAS      -
[-        ] bam…:DEEPTOOLS_PLOTFINGERPRINT -
[-        ] bam_stats_genome:PICARD_GCBIAS -
[-        ] bam…LONG_CTRL_GENETIC_ACCURACY -
[-        ] var…t_calling:HAPLOTYPE_CALLER -
[-        ] var…nt_calling:SPLIT_INTERVALS -
[-        ] var…calling:GENOMICS_DB_IMPORT -
[-        ] variant_calling:GENOTYPE_GVCFS -
[-        ] var…t_calling:MERGE_JOINT_VCFS -
[-        ] variant_calling:ASM            -
[-        ] var…_calling:MERGE_ASM_OUTPUTS -
[-        ] variant_calling:MUTECT2        -
Plus 13 more processes waiting for tasks…
Running somatic variant calling with Mutect2

[c5/ea6e30] res…(evoC-Bap1-mut-F-B2, L004) | 8 of 8, cached: 8 ✔
[94/d508a3] res…evoC-Bap1-ctrl-F-B2, L004) | 8 of 8, cached: 8 ✔
[-        ] resolve_align:FASTQC_RESOLVED  -
[a8/616be2] res…evoC-Bap1-ctrl-F-B2, L004) | 8 of 8, cached: 8 ✔
[-        ] res…align:SAMTOOLS_MERGE_LANES -
[-        ] resolve_align:PRESEQ           -
[7b/5a08c1] bam…t:BAMLET (evoC-Bap1-mut-F) | 4 of 4, cached: 4
[-        ] bamlet:QUALIMAP_BAMQC          -
[-        ] bam_stats_genome:TSS_BIAS      -
[-        ] bam…:DEEPTOOLS_PLOTFINGERPRINT -
[-        ] bam_stats_genome:PICARD_GCBIAS -
[-        ] bam…LONG_CTRL_GENETIC_ACCURACY -
[-        ] var…t_calling:HAPLOTYPE_CALLER -
[-        ] var…nt_calling:SPLIT_INTERVALS -
[-        ] var…calling:GENOMICS_DB_IMPORT -
[-        ] variant_calling:GENOTYPE_GVCFS -
[-        ] var…t_calling:MERGE_JOINT_VCFS -
[-        ] variant_calling:ASM            -
[-        ] var…_calling:MERGE_ASM_OUTPUTS -
[-        ] variant_calling:MUTECT2        -
[79/ff8b77] mbi…ap1-ctrl-F-B2-CHH-5-prime) | 2 of 2, cached: 2
Plus 12 more processes waiting for tasks…
Running somatic variant calling with Mutect2

[c5/ea6e30] res…(evoC-Bap1-mut-F-B2, L004) | 8 of 8, cached: 8 ✔
[94/d508a3] res…evoC-Bap1-ctrl-F-B2, L004) | 8 of 8, cached: 8 ✔
[-        ] resolve_align:FASTQC_RESOLVED  -
[a8/616be2] res…evoC-Bap1-ctrl-F-B2, L004) | 8 of 8, cached: 8 ✔
[-        ] res…align:SAMTOOLS_MERGE_LANES -
[-        ] resolve_align:PRESEQ           -
[8d/ede468] bam…AMLET (evoC-Bap1-mut-F-B2) | 5 of 5, cached: 5
[e7/93c471] bam…P_BAMQC (evoC-Bap1-ctrl-M) | 2 of 2, cached: 2
[-        ] bam_stats_genome:TSS_BIAS      -
[-        ] bam…:DEEPTOOLS_PLOTFINGERPRINT -
[a0/ae2497] bam…_GCBIAS (evoC-Bap1-ctrl-M) | 2 of 2, cached: 2
[54/59c035] bam…CCURACY (evoC-Bap1-ctrl-M) | 1 of 1, cached: 1
[-        ] var…t_calling:HAPLOTYPE_CALLER -
[-        ] var…nt_calling:SPLIT_INTERVALS -
[-        ] var…calling:GENOMICS_DB_IMPORT -
[-        ] variant_calling:GENOTYPE_GVCFS -
[-        ] var…t_calling:MERGE_JOINT_VCFS -
[-        ] variant_calling:ASM            -
[-        ] var…_calling:MERGE_ASM_OUTPUTS -
[-        ] variant_calling:MUTECT2        -
[2a/d287dd] mbi…C-Bap1-ctrl-M-CHG-5-prime) | 5 of 5, cached: 5
[f9/0dcffd] epi…ARR (evoC-Bap1-ctrl-M-CHH) | 1 of 1, cached: 1
Plus 11 more processes waiting for tasks…
Running somatic variant calling with Mutect2

[c5/ea6e30] res…(evoC-Bap1-mut-F-B2, L004) | 8 of 8, cached: 8 ✔
[94/d508a3] res…evoC-Bap1-ctrl-F-B2, L004) | 8 of 8, cached: 8 ✔
[-        ] resolve_align:FASTQC_RESOLVED  -
[a8/616be2] res…evoC-Bap1-ctrl-F-B2, L004) | 8 of 8, cached: 8 ✔
[-        ] res…align:SAMTOOLS_MERGE_LANES -
[-        ] resolve_align:PRESEQ           -
[36/398552] bam…t:BAMLET (evoC-Bap1-mut-M) | 6 of 6, cached: 6
[e7/93c471] bam…P_BAMQC (evoC-Bap1-ctrl-M) | 2 of 2, cached: 2
[-        ] bam_stats_genome:TSS_BIAS      -
[-        ] bam…:DEEPTOOLS_PLOTFINGERPRINT -
[a0/ae2497] bam…_GCBIAS (evoC-Bap1-ctrl-M) | 2 of 2, cached: 2
[54/59c035] bam…CCURACY (evoC-Bap1-ctrl-M) | 1 of 1, cached: 1
[-        ] var…t_calling:HAPLOTYPE_CALLER -
[-        ] var…nt_calling:SPLIT_INTERVALS -
[-        ] var…calling:GENOMICS_DB_IMPORT -
[-        ] variant_calling:GENOTYPE_GVCFS -
[-        ] var…t_calling:MERGE_JOINT_VCFS -
[-        ] variant_calling:ASM            -
[-        ] var…_calling:MERGE_ASM_OUTPUTS -
[-        ] variant_calling:MUTECT2        -
[6a/0f0d2c] mbi…ap1-ctrl-M-B2-CHH-5-prime) | 9 of 9, cached: 9
[ed/29ed89] epi…R (evoC-Bap1-mut-F-B2-CHG) | 4 of 4, cached: 4
[-        ] epi…ant_genome:MODALITY_EXPORT | 0 of 1
[bc/c7ecc9] epi…R (evoC-Bap1-ctrl-F-B2-CG) | 1 of 1, cached: 1
Plus 9 more processes waiting for tasks…
Running somatic variant calling with Mutect2

executor >  slurm (1)
[c5/ea6e30] res…(evoC-Bap1-mut-F-B2, L004) | 8 of 8, cached: 8 ✔
[94/d508a3] res…evoC-Bap1-ctrl-F-B2, L004) | 8 of 8, cached: 8 ✔
[-        ] resolve_align:FASTQC_RESOLVED  -
[a8/616be2] res…evoC-Bap1-ctrl-F-B2, L004) | 8 of 8, cached: 8 ✔
[-        ] res…align:SAMTOOLS_MERGE_LANES -
[-        ] resolve_align:PRESEQ           -
[b5/f552dc] bam…AMLET (evoC-Bap1-mut-M-B2) | 7 of 7, cached: 7
[89/896480] bam…AP_BAMQC (evoC-Bap1-mut-M) | 5 of 5, cached: 5
[c2/4fd2e6] bam…TSS_BIAS (evoC-Bap1-mut-M) | 4 of 4, cached: 4
[-        ] bam…:DEEPTOOLS_PLOTFINGERPRINT -
[51/9d332f] bam…CBIAS (evoC-Bap1-mut-F-B2) | 3 of 3, cached: 3
[1d/a68b5d] bam…URACY (evoC-Bap1-mut-F-B2) | 2 of 2, cached: 2
[-        ] var…t_calling:HAPLOTYPE_CALLER -
[-        ] var…nt_calling:SPLIT_INTERVALS -
[-        ] var…calling:GENOMICS_DB_IMPORT -
[-        ] variant_calling:GENOTYPE_GVCFS -
[-        ] var…t_calling:MERGE_JOINT_VCFS -
[-        ] variant_calling:ASM            -
[-        ] var…_calling:MERGE_ASM_OUTPUTS -
[-        ] variant_calling:MUTECT2        -
[03/7274d8] mbi…C-Bap1-ctrl-M-CHH-5-prime) | 14 of 14, cached: 14
[8b/4c7e5d] epi…ZARR (evoC-Bap1-mut-M-CHG) | 9 of 9, cached: 9
[2f/34e662] epi…ORT (evoC-Bap1-ctrl-M_CHH) | 0 of 3
[3f/32ab7b] epi…R (evoC-Bap1-ctrl-M-B2-CG) | 3 of 3, cached: 3
[34/bb4ccb] epi…ZARR (evoC-Bap1-ctrl-M-CG) | 5 of 5, cached: 5
Plus 8 more processes waiting for tasks…
Running somatic variant calling with Mutect2

executor >  slurm (3)
[c5/ea6e30] res…(evoC-Bap1-mut-F-B2, L004) | 8 of 8, cached: 8 ✔
[94/d508a3] res…evoC-Bap1-ctrl-F-B2, L004) | 8 of 8, cached: 8 ✔
[-        ] resolve_align:FASTQC_RESOLVED  -
[a8/616be2] res…evoC-Bap1-ctrl-F-B2, L004) | 8 of 8, cached: 8 ✔
[-        ] res…align:SAMTOOLS_MERGE_LANES -
[-        ] resolve_align:PRESEQ           -
[b5/f552dc] bam…AMLET (evoC-Bap1-mut-M-B2) | 7 of 7, cached: 7
[89/896480] bam…AP_BAMQC (evoC-Bap1-mut-M) | 5 of 5, cached: 5
[d7/91957f] bam…SS_BIAS (evoC-Bap1-ctrl-M) | 6 of 6, cached: 6
[-        ] bam…:DEEPTOOLS_PLOTFINGERPRINT -
[f7/e7e012] bam…BIAS (evoC-Bap1-ctrl-M-B2) | 5 of 5, cached: 5
[f3/12d355] bam…RACY (evoC-Bap1-ctrl-M-B2) | 3 of 3, cached: 3
[6d/56ee13] var…_CALLER (evoC-Bap1-ctrl-M) | 2 of 2, cached: 2
[-        ] var…nt_calling:SPLIT_INTERVALS | 0 of 1
[-        ] var…calling:GENOMICS_DB_IMPORT -
[-        ] variant_calling:GENOTYPE_GVCFS -
[-        ] var…t_calling:MERGE_JOINT_VCFS -
[-        ] variant_calling:ASM            -
[-        ] var…_calling:MERGE_ASM_OUTPUTS -
[e3/8fbd91] var…:MUTECT2 (evoC-Bap1-mut-M) | 2 of 2, cached: 2
[3e/eb9c1a] mbi…Bap1-mut-F-B2-CHH-5-prime) | 18 of 18, cached: 18
[97/13c119] epi…ZARR (evoC-Bap1-ctrl-M-CG) | 12 of 12, cached: 12
[07/ce1ffc] epi… (evoC-Bap1-ctrl-F-B2_CHH) | 0 of 4
[67/5fca69] epi…2ZARR (evoC-Bap1-mut-M-CG) | 5 of 5, cached: 5
[34/bb4ccb] epi…ZARR (evoC-Bap1-ctrl-M-CG) | 5 of 5, cached: 5
Plus 8 more processes waiting for tasks…
Running somatic variant calling with Mutect2

executor >  slurm (4)
[c5/ea6e30] res…(evoC-Bap1-mut-F-B2, L004) | 8 of 8, cached: 8 ✔
[94/d508a3] res…evoC-Bap1-ctrl-F-B2, L004) | 8 of 8, cached: 8 ✔
[-        ] resolve_align:FASTQC_RESOLVED  -
[a8/616be2] res…evoC-Bap1-ctrl-F-B2, L004) | 8 of 8, cached: 8 ✔
[-        ] res…align:SAMTOOLS_MERGE_LANES -
[-        ] resolve_align:PRESEQ           -
[b5/f552dc] bam…AMLET (evoC-Bap1-mut-M-B2) | 7 of 7, cached: 7
[89/896480] bam…AP_BAMQC (evoC-Bap1-mut-M) | 5 of 5, cached: 5
[55/973891] bam…BIAS (evoC-Bap1-ctrl-M-B2) | 7 of 7, cached: 7
[-        ] bam…:DEEPTOOLS_PLOTFINGERPRINT -
[f7/e7e012] bam…BIAS (evoC-Bap1-ctrl-M-B2) | 5 of 5, cached: 5
[6b/b3b67f] bam…ACCURACY (evoC-Bap1-mut-F) | 5 of 5, cached: 5
[36/e57fae] var…LLER (evoC-Bap1-ctrl-F-B2) | 3 of 3, cached: 3
[-        ] var…nt_calling:SPLIT_INTERVALS | 0 of 1
[-        ] var…calling:GENOMICS_DB_IMPORT -
[-        ] variant_calling:GENOTYPE_GVCFS -
[-        ] var…t_calling:MERGE_JOINT_VCFS -
[-        ] variant_calling:ASM            -
[-        ] var…_calling:MERGE_ASM_OUTPUTS -
[39/49a127] var…TECT2 (evoC-Bap1-mut-M-B2) | 3 of 3, cached: 3
[59/6932f1] mbi…voC-Bap1-mut-M-CG-5-prime) | 19 of 19, cached: 19
[6f/34e6c1] epi…2ZARR (evoC-Bap1-mut-M-CG) | 16 of 16, cached: 16
[4f/3f5fac] epi…XPORT (evoC-Bap1-mut-F_CG) | 2 of 6, cached: 2
[fa/0f51dc] epi…RR (evoC-Bap1-mut-M-B2-CG) | 6 of 6, cached: 6
[a1/894596] epi…RR (evoC-Bap1-mut-M-B2-CG) | 7 of 7, cached: 7
[cd/0be07a] epi…PORT (evoC-Bap1-ctrl-M_CG) | 1 of 1, cached: 1
Plus 7 more processes waiting for tasks…
Running somatic variant calling with Mutect2

executor >  slurm (4)
[c5/ea6e30] res…(evoC-Bap1-mut-F-B2, L004) | 8 of 8, cached: 8 ✔
[94/d508a3] res…evoC-Bap1-ctrl-F-B2, L004) | 8 of 8, cached: 8 ✔
[-        ] resolve_align:FASTQC_RESOLVED  -
[a8/616be2] res…evoC-Bap1-ctrl-F-B2, L004) | 8 of 8, cached: 8 ✔
[-        ] res…align:SAMTOOLS_MERGE_LANES -
[-        ] resolve_align:PRESEQ           -
[b5/f552dc] bam…AMLET (evoC-Bap1-mut-M-B2) | 7 of 7, cached: 7
[9e/31fda0] bam…BAMQC (evoC-Bap1-mut-F-B2) | 6 of 6, cached: 6
[55/973891] bam…BIAS (evoC-Bap1-ctrl-M-B2) | 7 of 7, cached: 7
[-        ] bam…:DEEPTOOLS_PLOTFINGERPRINT -
[f7/e7e012] bam…BIAS (evoC-Bap1-ctrl-M-B2) | 5 of 5, cached: 5
[6b/b3b67f] bam…ACCURACY (evoC-Bap1-mut-F) | 5 of 5, cached: 5
[44/9c45f8] var…LLER (evoC-Bap1-ctrl-M-B2) | 4 of 4, cached: 4
[-        ] var…nt_calling:SPLIT_INTERVALS | 0 of 1
[-        ] var…calling:GENOMICS_DB_IMPORT -
[-        ] variant_calling:GENOTYPE_GVCFS -
[-        ] var…t_calling:MERGE_JOINT_VCFS -
[-        ] variant_calling:ASM            -
[-        ] var…_calling:MERGE_ASM_OUTPUTS -
[39/49a127] var…TECT2 (evoC-Bap1-mut-M-B2) | 3 of 3, cached: 3
[09/72a12c] mbi…-Bap1-mut-M-B2-CG-5-prime) | 20 of 20, cached: 20
[a9/362250] epi…R (evoC-Bap1-ctrl-M-B2-CG) | 20 of 20, cached: 20
[74/248854] epi… (evoC-Bap1-ctrl-M-B2_CHG) | 3 of 9, cached: 3
[fa/0f51dc] epi…RR (evoC-Bap1-mut-M-B2-CG) | 6 of 6, cached: 6
[53/d0158d] epi…XPORT (evoC-Bap1-mut-M_CG) | 2 of 2, cached: 2
[a1/894596] epi…RR (evoC-Bap1-mut-M-B2-CG) | 7 of 7, cached: 7
[d8/66000e] epi…RT (evoC-Bap1-mut-M-B2_CG) | 2 of 2, cached: 2
Plus 6 more processes waiting for tasks…
Running somatic variant calling with Mutect2

executor >  slurm (5)
[c5/ea6e30] res…(evoC-Bap1-mut-F-B2, L004) | 8 of 8, cached: 8 ✔
[94/d508a3] res…evoC-Bap1-ctrl-F-B2, L004) | 8 of 8, cached: 8 ✔
[-        ] resolve_align:FASTQC_RESOLVED  -
[a8/616be2] res…evoC-Bap1-ctrl-F-B2, L004) | 8 of 8, cached: 8 ✔
[-        ] res…align:SAMTOOLS_MERGE_LANES -
[-        ] resolve_align:PRESEQ           -
[b5/f552dc] bam…AMLET (evoC-Bap1-mut-M-B2) | 7 of 7, cached: 7
[85/bf0608] bam…BAMQC (evoC-Bap1-mut-M-B2) | 7 of 7, cached: 7
[55/973891] bam…BIAS (evoC-Bap1-ctrl-M-B2) | 7 of 7, cached: 7
[-        ] bam…:DEEPTOOLS_PLOTFINGERPRINT -
[4c/da4033] bam…CBIAS (evoC-Bap1-mut-M-B2) | 6 of 6, cached: 6
[43/e5dd2f] bam…ACCURACY (evoC-Bap1-mut-M) | 6 of 6, cached: 6
[51/4c4713] var…ALLER (evoC-Bap1-mut-F-B2) | 6 of 6, cached: 6
[ab/68d0ab] var…NTERVALS (GRCm38_filtered) | 0 of 1
[-        ] var…calling:GENOMICS_DB_IMPORT -
[-        ] variant_calling:GENOTYPE_GVCFS -
[-        ] var…t_calling:MERGE_JOINT_VCFS -
[-        ] variant_calling:ASM            -
[-        ] var…_calling:MERGE_ASM_OUTPUTS -
[b4/e56bdd] var…ECT2 (evoC-Bap1-ctrl-M-B2) | 5 of 5, cached: 5
[31/c32951] mbi…oC-Bap1-mut-M-CHG-5-prime) | 21 of 21, cached: 21
[a9/362250] epi…R (evoC-Bap1-ctrl-M-B2-CG) | 20 of 20, cached: 20
[a5/752cdf] epi…T (evoC-Bap1-ctrl-M-B2_CG) | 7 of 13, cached: 7
[7e/76aed4] epi…RR (evoC-Bap1-mut-F-B2-CG) | 7 of 7, cached: 7
[f9/914dab] epi…T (evoC-Bap1-ctrl-M-B2_CG) | 3 of 3, cached: 3
[a1/894596] epi…RR (evoC-Bap1-mut-M-B2-CG) | 7 of 7, cached: 7
[b1/0a3acd] epi…XPORT (evoC-Bap1-mut-M_CG) | 3 of 3, cached: 3
Plus 6 more processes waiting for tasks…
Running somatic variant calling with Mutect2

executor >  slurm (5)
[c5/ea6e30] res…(evoC-Bap1-mut-F-B2, L004) | 8 of 8, cached: 8 ✔
[94/d508a3] res…evoC-Bap1-ctrl-F-B2, L004) | 8 of 8, cached: 8 ✔
[-        ] resolve_align:FASTQC_RESOLVED  -
[a8/616be2] res…evoC-Bap1-ctrl-F-B2, L004) | 8 of 8, cached: 8 ✔
[-        ] res…align:SAMTOOLS_MERGE_LANES -
[-        ] resolve_align:PRESEQ           -
[b5/f552dc] bam…AMLET (evoC-Bap1-mut-M-B2) | 7 of 7, cached: 7
[85/bf0608] bam…BAMQC (evoC-Bap1-mut-M-B2) | 7 of 7, cached: 7
[55/973891] bam…BIAS (evoC-Bap1-ctrl-M-B2) | 7 of 7, cached: 7
[-        ] bam…:DEEPTOOLS_PLOTFINGERPRINT -
[ca/b6d966] bam…D_GCBIAS (evoC-Bap1-mut-F) | 7 of 7, cached: 7
[43/e5dd2f] bam…ACCURACY (evoC-Bap1-mut-M) | 6 of 6, cached: 6
[e1/92b5ba] var…E_CALLER (evoC-Bap1-mut-F) | 7 of 7, cached: 7
[ab/68d0ab] var…NTERVALS (GRCm38_filtered) | 0 of 1
[-        ] var…calling:GENOMICS_DB_IMPORT -
[-        ] variant_calling:GENOTYPE_GVCFS -
[-        ] var…t_calling:MERGE_JOINT_VCFS -
[-        ] variant_calling:ASM            -
[-        ] var…_calling:MERGE_ASM_OUTPUTS -
[d8/e6f093] var…:MUTECT2 (evoC-Bap1-mut-F) | 6 of 6, cached: 6
[31/c32951] mbi…oC-Bap1-mut-M-CHG-5-prime) | 21 of 21, cached: 21
[a9/362250] epi…R (evoC-Bap1-ctrl-M-B2-CG) | 20 of 20, cached: 20
[a5/afea0d] epi…ORT (evoC-Bap1-ctrl-M_CHG) | 11 of 17, cached: 11
[7e/76aed4] epi…RR (evoC-Bap1-mut-F-B2-CG) | 7 of 7, cached: 7
[fc/53dbf6] epi…RT (evoC-Bap1-mut-F-B2_CG) | 5 of 5, cached: 5
[a1/894596] epi…RR (evoC-Bap1-mut-M-B2-CG) | 7 of 7, cached: 7
[b1/0a3acd] epi…XPORT (evoC-Bap1-mut-M_CG) | 3 of 3, cached: 3
Plus 6 more processes waiting for tasks…
Running somatic variant calling with Mutect2

executor >  slurm (6)
[c5/ea6e30] res…(evoC-Bap1-mut-F-B2, L004) | 8 of 8, cached: 8 ✔
[94/d508a3] res…evoC-Bap1-ctrl-F-B2, L004) | 8 of 8, cached: 8 ✔
[-        ] resolve_align:FASTQC_RESOLVED  -
[a8/616be2] res…evoC-Bap1-ctrl-F-B2, L004) | 8 of 8, cached: 8 ✔
[-        ] res…align:SAMTOOLS_MERGE_LANES -
[-        ] resolve_align:PRESEQ           -
[b5/f552dc] bam…AMLET (evoC-Bap1-mut-M-B2) | 7 of 7, cached: 7
[85/bf0608] bam…BAMQC (evoC-Bap1-mut-M-B2) | 7 of 7, cached: 7
[55/973891] bam…BIAS (evoC-Bap1-ctrl-M-B2) | 7 of 7, cached: 7
[-        ] bam…:DEEPTOOLS_PLOTFINGERPRINT -
[ca/b6d966] bam…D_GCBIAS (evoC-Bap1-mut-F) | 7 of 7, cached: 7
[bc/f6f301] bam…URACY (evoC-Bap1-mut-M-B2) | 7 of 7, cached: 7
[e1/92b5ba] var…E_CALLER (evoC-Bap1-mut-F) | 7 of 7, cached: 7
[ab/68d0ab] var…NTERVALS (GRCm38_filtered) | 0 of 1
[-        ] var…calling:GENOMICS_DB_IMPORT -
[-        ] variant_calling:GENOTYPE_GVCFS -
[-        ] var…t_calling:MERGE_JOINT_VCFS -
[-        ] variant_calling:ASM            -
[-        ] var…_calling:MERGE_ASM_OUTPUTS -
[d8/e6f093] var…:MUTECT2 (evoC-Bap1-mut-F) | 6 of 6, cached: 6
[31/c32951] mbi…oC-Bap1-mut-M-CHG-5-prime) | 21 of 21, cached: 21
[a9/362250] epi…R (evoC-Bap1-ctrl-M-B2-CG) | 20 of 20, cached: 20
[62/495676] epi…T (evoC-Bap1-mut-M-B2_CHH) | 12 of 18, cached: 12
[7e/76aed4] epi…RR (evoC-Bap1-mut-F-B2-CG) | 7 of 7, cached: 7
[fc/53dbf6] epi…RT (evoC-Bap1-mut-F-B2_CG) | 5 of 5, cached: 5
[a1/894596] epi…RR (evoC-Bap1-mut-M-B2-CG) | 7 of 7, cached: 7
[b1/0a3acd] epi…XPORT (evoC-Bap1-mut-M_CG) | 3 of 3, cached: 3
Plus 6 more processes waiting for tasks…
Running somatic variant calling with Mutect2

executor >  slurm (7)
[c5/ea6e30] res…(evoC-Bap1-mut-F-B2, L004) | 8 of 8, cached: 8 ✔
[94/d508a3] res…evoC-Bap1-ctrl-F-B2, L004) | 8 of 8, cached: 8 ✔
[-        ] resolve_align:FASTQC_RESOLVED  -
[a8/616be2] res…evoC-Bap1-ctrl-F-B2, L004) | 8 of 8, cached: 8 ✔
[-        ] res…align:SAMTOOLS_MERGE_LANES -
[-        ] resolve_align:PRESEQ           -
[b8/9c4b9b] bam…:BAMLET (evoC-Bap1-ctrl-F) | 8 of 8, cached: 8 ✔
[85/bf0608] bam…BAMQC (evoC-Bap1-mut-M-B2) | 7 of 7, cached: 7
[55/973891] bam…BIAS (evoC-Bap1-ctrl-M-B2) | 7 of 7, cached: 7
[-        ] bam…:DEEPTOOLS_PLOTFINGERPRINT -
[ca/b6d966] bam…D_GCBIAS (evoC-Bap1-mut-F) | 7 of 7, cached: 7
[bc/f6f301] bam…URACY (evoC-Bap1-mut-M-B2) | 7 of 7, cached: 7
[e1/92b5ba] var…E_CALLER (evoC-Bap1-mut-F) | 7 of 7, cached: 7
[ab/68d0ab] var…NTERVALS (GRCm38_filtered) | 0 of 1
[-        ] var…calling:GENOMICS_DB_IMPORT -
[-        ] variant_calling:GENOTYPE_GVCFS -
[-        ] var…t_calling:MERGE_JOINT_VCFS -
[-        ] variant_calling:ASM            -
[-        ] var…_calling:MERGE_ASM_OUTPUTS -
[6c/0aef18] var…MUTECT2 (evoC-Bap1-ctrl-M) | 7 of 7, cached: 7
[31/c32951] mbi…oC-Bap1-mut-M-CHG-5-prime) | 21 of 21, cached: 21
[a9/362250] epi…R (evoC-Bap1-ctrl-M-B2-CG) | 20 of 20, cached: 20
[b8/872cd4] epi… (evoC-Bap1-ctrl-F-B2_CHG) | 13 of 19, cached: 13
[7e/76aed4] epi…RR (evoC-Bap1-mut-F-B2-CG) | 7 of 7, cached: 7
[fc/53dbf6] epi…RT (evoC-Bap1-mut-F-B2_CG) | 5 of 5, cached: 5
[a1/894596] epi…RR (evoC-Bap1-mut-M-B2-CG) | 7 of 7, cached: 7
[41/fa8169] epi…T (evoC-Bap1-ctrl-M-B2_CG) | 6 of 6, cached: 6
Plus 6 more processes waiting for tasks…
Running somatic variant calling with Mutect2

executor >  slurm (7)
[c5/ea6e30] res…(evoC-Bap1-mut-F-B2, L004) | 8 of 8, cached: 8 ✔
[94/d508a3] res…evoC-Bap1-ctrl-F-B2, L004) | 8 of 8, cached: 8 ✔
[-        ] resolve_align:FASTQC_RESOLVED  -
[a8/616be2] res…evoC-Bap1-ctrl-F-B2, L004) | 8 of 8, cached: 8 ✔
[-        ] res…align:SAMTOOLS_MERGE_LANES -
[-        ] resolve_align:PRESEQ           -
[b8/9c4b9b] bam…:BAMLET (evoC-Bap1-ctrl-F) | 8 of 8, cached: 8 ✔
[58/14f034] bam…P_BAMQC (evoC-Bap1-ctrl-F) | 8 of 8, cached: 8 ✔
[55/973891] bam…BIAS (evoC-Bap1-ctrl-M-B2) | 7 of 7, cached: 7
[-        ] bam…:DEEPTOOLS_PLOTFINGERPRINT -
[a9/59a231] bam…_GCBIAS (evoC-Bap1-ctrl-F) | 8 of 8, cached: 8 ✔
[bc/f6f301] bam…URACY (evoC-Bap1-mut-M-B2) | 7 of 7, cached: 7
[e1/92b5ba] var…E_CALLER (evoC-Bap1-mut-F) | 7 of 7, cached: 7
[ab/68d0ab] var…NTERVALS (GRCm38_filtered) | 0 of 1
[-        ] var…calling:GENOMICS_DB_IMPORT -
[-        ] variant_calling:GENOTYPE_GVCFS -
[-        ] var…t_calling:MERGE_JOINT_VCFS -
[-        ] variant_calling:ASM            -
[-        ] var…_calling:MERGE_ASM_OUTPUTS -
[80/cf6696] var…MUTECT2 (evoC-Bap1-ctrl-F) | 8 of 8, cached: 8 ✔
[7b/de2f07] mbi…C-Bap1-ctrl-F-CHH-5-prime) | 22 of 22, cached: 22
[ea/83d832] epi…ARR (evoC-Bap1-ctrl-F-CHH) | 22 of 22, cached: 22
[8f/9af1dc] epi…XPORT (evoC-Bap1-mut-M_CG) | 14 of 21, cached: 14
[99/bfb703] epi…ZARR (evoC-Bap1-ctrl-F-CG) | 8 of 8, cached: 8 ✔
[ea/d56e79] epi…XPORT (evoC-Bap1-mut-F_CG) | 7 of 7, cached: 7
[a1/894596] epi…RR (evoC-Bap1-mut-M-B2-CG) | 7 of 7, cached: 7
[41/fa8169] epi…T (evoC-Bap1-ctrl-M-B2_CG) | 6 of 6, cached: 6
Plus 6 more processes waiting for tasks…
Running somatic variant calling with Mutect2

executor >  slurm (8)
[c5/ea6e30] res…(evoC-Bap1-mut-F-B2, L004) | 8 of 8, cached: 8 ✔
[94/d508a3] res…evoC-Bap1-ctrl-F-B2, L004) | 8 of 8, cached: 8 ✔
[-        ] resolve_align:FASTQC_RESOLVED  -
[a8/616be2] res…evoC-Bap1-ctrl-F-B2, L004) | 8 of 8, cached: 8 ✔
[-        ] res…align:SAMTOOLS_MERGE_LANES -
[-        ] resolve_align:PRESEQ           -
[b8/9c4b9b] bam…:BAMLET (evoC-Bap1-ctrl-F) | 8 of 8, cached: 8 ✔
[58/14f034] bam…P_BAMQC (evoC-Bap1-ctrl-F) | 8 of 8, cached: 8 ✔
[6a/c7990a] bam…SS_BIAS (evoC-Bap1-ctrl-F) | 8 of 8, cached: 8 ✔
[-        ] bam…:DEEPTOOLS_PLOTFINGERPRINT -
[a9/59a231] bam…_GCBIAS (evoC-Bap1-ctrl-F) | 8 of 8, cached: 8 ✔
[4e/8e1db6] bam…CCURACY (evoC-Bap1-ctrl-F) | 8 of 8, cached: 8 ✔
[e1/92b5ba] var…E_CALLER (evoC-Bap1-mut-F) | 7 of 7, cached: 7
[ab/68d0ab] var…NTERVALS (GRCm38_filtered) | 0 of 1
[-        ] var…calling:GENOMICS_DB_IMPORT -
[-        ] variant_calling:GENOTYPE_GVCFS -
[-        ] var…t_calling:MERGE_JOINT_VCFS -
[-        ] variant_calling:ASM            -
[-        ] var…_calling:MERGE_ASM_OUTPUTS -
[80/cf6696] var…MUTECT2 (evoC-Bap1-ctrl-F) | 8 of 8, cached: 8 ✔
[71/303d64] mbi…C-Bap1-ctrl-F-CHG-5-prime) | 24 of 24, cached: 24 ✔
[ea/83d832] epi…ARR (evoC-Bap1-ctrl-F-CHH) | 22 of 22, cached: 22
[6b/02e0a9] epi…ORT (evoC-Bap1-ctrl-F_CHH) | 14 of 21, cached: 14
[99/bfb703] epi…ZARR (evoC-Bap1-ctrl-F-CG) | 8 of 8, cached: 8 ✔
[a1/090fac] epi…PORT (evoC-Bap1-ctrl-F_CG) | 8 of 8, cached: 8 ✔
[a1/894596] epi…RR (evoC-Bap1-mut-M-B2-CG) | 7 of 7, cached: 7
[06/bdbb70] epi…RT (evoC-Bap1-mut-F-B2_CG) | 7 of 7, cached: 7
Plus 6 more processes waiting for tasks…
Running somatic variant calling with Mutect2

executor >  slurm (8)
[c5/ea6e30] res…(evoC-Bap1-mut-F-B2, L004) | 8 of 8, cached: 8 ✔
[94/d508a3] res…evoC-Bap1-ctrl-F-B2, L004) | 8 of 8, cached: 8 ✔
[-        ] resolve_align:FASTQC_RESOLVED  -
[a8/616be2] res…evoC-Bap1-ctrl-F-B2, L004) | 8 of 8, cached: 8 ✔
[-        ] res…align:SAMTOOLS_MERGE_LANES -
[-        ] resolve_align:PRESEQ           -
[b8/9c4b9b] bam…:BAMLET (evoC-Bap1-ctrl-F) | 8 of 8, cached: 8 ✔
[58/14f034] bam…P_BAMQC (evoC-Bap1-ctrl-F) | 8 of 8, cached: 8 ✔
[6a/c7990a] bam…SS_BIAS (evoC-Bap1-ctrl-F) | 8 of 8, cached: 8 ✔
[-        ] bam…:DEEPTOOLS_PLOTFINGERPRINT -
[a9/59a231] bam…_GCBIAS (evoC-Bap1-ctrl-F) | 8 of 8, cached: 8 ✔
[4e/8e1db6] bam…CCURACY (evoC-Bap1-ctrl-F) | 8 of 8, cached: 8 ✔
[e1/92b5ba] var…E_CALLER (evoC-Bap1-mut-F) | 7 of 7, cached: 7
[ab/68d0ab] var…NTERVALS (GRCm38_filtered) | 0 of 1
[-        ] var…calling:GENOMICS_DB_IMPORT -
[-        ] variant_calling:GENOTYPE_GVCFS -
[-        ] var…t_calling:MERGE_JOINT_VCFS -
[-        ] variant_calling:ASM            -
[-        ] var…_calling:MERGE_ASM_OUTPUTS -
[80/cf6696] var…MUTECT2 (evoC-Bap1-ctrl-F) | 8 of 8, cached: 8 ✔
[71/303d64] mbi…C-Bap1-ctrl-F-CHG-5-prime) | 24 of 24, cached: 24 ✔
[ea/83d832] epi…ARR (evoC-Bap1-ctrl-F-CHH) | 22 of 22, cached: 22
[ac/466f44] epi…ORT (evoC-Bap1-ctrl-F_CHG) | 15 of 22, cached: 15
[99/bfb703] epi…ZARR (evoC-Bap1-ctrl-F-CG) | 8 of 8, cached: 8 ✔
[a1/090fac] epi…PORT (evoC-Bap1-ctrl-F_CG) | 8 of 8, cached: 8 ✔
[bf/858655] epi…ZARR (evoC-Bap1-ctrl-F-CG) | 8 of 8, cached: 8 ✔
[06/bdbb70] epi…RT (evoC-Bap1-mut-F-B2_CG) | 7 of 7, cached: 7
Plus 6 more processes waiting for tasks…
Running somatic variant calling with Mutect2

executor >  slurm (8)
[c5/ea6e30] res…(evoC-Bap1-mut-F-B2, L004) | 8 of 8, cached: 8 ✔
[94/d508a3] res…evoC-Bap1-ctrl-F-B2, L004) | 8 of 8, cached: 8 ✔
[-        ] resolve_align:FASTQC_RESOLVED  -
[a8/616be2] res…evoC-Bap1-ctrl-F-B2, L004) | 8 of 8, cached: 8 ✔
[-        ] res…align:SAMTOOLS_MERGE_LANES -
[-        ] resolve_align:PRESEQ           -
[b8/9c4b9b] bam…:BAMLET (evoC-Bap1-ctrl-F) | 8 of 8, cached: 8 ✔
[58/14f034] bam…P_BAMQC (evoC-Bap1-ctrl-F) | 8 of 8, cached: 8 ✔
[6a/c7990a] bam…SS_BIAS (evoC-Bap1-ctrl-F) | 8 of 8, cached: 8 ✔
[-        ] bam…:DEEPTOOLS_PLOTFINGERPRINT -
[a9/59a231] bam…_GCBIAS (evoC-Bap1-ctrl-F) | 8 of 8, cached: 8 ✔
[4e/8e1db6] bam…CCURACY (evoC-Bap1-ctrl-F) | 8 of 8, cached: 8 ✔
[e1/92b5ba] var…E_CALLER (evoC-Bap1-mut-F) | 7 of 7, cached: 7
[ab/68d0ab] var…NTERVALS (GRCm38_filtered) | 0 of 1
[-        ] var…calling:GENOMICS_DB_IMPORT -
[-        ] variant_calling:GENOTYPE_GVCFS -
[-        ] var…t_calling:MERGE_JOINT_VCFS -
[-        ] variant_calling:ASM            -
[-        ] var…_calling:MERGE_ASM_OUTPUTS -
[80/cf6696] var…MUTECT2 (evoC-Bap1-ctrl-F) | 8 of 8, cached: 8 ✔
[71/303d64] mbi…C-Bap1-ctrl-F-CHG-5-prime) | 24 of 24, cached: 24 ✔
[ea/83d832] epi…ARR (evoC-Bap1-ctrl-F-CHH) | 22 of 22, cached: 22
[ac/466f44] epi…ORT (evoC-Bap1-ctrl-F_CHG) | 15 of 22, cached: 15
[99/bfb703] epi…ZARR (evoC-Bap1-ctrl-F-CG) | 8 of 8, cached: 8 ✔
[a1/090fac] epi…PORT (evoC-Bap1-ctrl-F_CG) | 8 of 8, cached: 8 ✔
[bf/858655] epi…ZARR (evoC-Bap1-ctrl-F-CG) | 8 of 8, cached: 8 ✔
[41/191b27] epi…PORT (evoC-Bap1-ctrl-F_CG) | 8 of 8, cached: 8 ✔
Plus 6 more processes waiting for tasks…
Running somatic variant calling with Mutect2

executor >  slurm (8)
[c5/ea6e30] res…(evoC-Bap1-mut-F-B2, L004) | 8 of 8, cached: 8 ✔
[94/d508a3] res…evoC-Bap1-ctrl-F-B2, L004) | 8 of 8, cached: 8 ✔
[-        ] resolve_align:FASTQC_RESOLVED  -
[a8/616be2] res…evoC-Bap1-ctrl-F-B2, L004) | 8 of 8, cached: 8 ✔
[-        ] res…align:SAMTOOLS_MERGE_LANES -
[-        ] resolve_align:PRESEQ           -
[b8/9c4b9b] bam…:BAMLET (evoC-Bap1-ctrl-F) | 8 of 8, cached: 8 ✔
[58/14f034] bam…P_BAMQC (evoC-Bap1-ctrl-F) | 8 of 8, cached: 8 ✔
[6a/c7990a] bam…SS_BIAS (evoC-Bap1-ctrl-F) | 8 of 8, cached: 8 ✔
[-        ] bam…:DEEPTOOLS_PLOTFINGERPRINT -
[a9/59a231] bam…_GCBIAS (evoC-Bap1-ctrl-F) | 8 of 8, cached: 8 ✔
[4e/8e1db6] bam…CCURACY (evoC-Bap1-ctrl-F) | 8 of 8, cached: 8 ✔
[e1/92b5ba] var…E_CALLER (evoC-Bap1-mut-F) | 7 of 7, cached: 7
[ab/68d0ab] var…NTERVALS (GRCm38_filtered) | 0 of 1
[-        ] var…calling:GENOMICS_DB_IMPORT -
[-        ] variant_calling:GENOTYPE_GVCFS -
[-        ] var…t_calling:MERGE_JOINT_VCFS -
[-        ] variant_calling:ASM            -
[-        ] var…_calling:MERGE_ASM_OUTPUTS -
[80/cf6696] var…MUTECT2 (evoC-Bap1-ctrl-F) | 8 of 8, cached: 8 ✔
[71/303d64] mbi…C-Bap1-ctrl-F-CHG-5-prime) | 24 of 24, cached: 24 ✔
[f1/6d891f] epi… (evoC-Bap1-ctrl-M-B2-CHH) | 23 of 23, cached: 23
[ac/466f44] epi…ORT (evoC-Bap1-ctrl-F_CHG) | 15 of 23, cached: 15
[99/bfb703] epi…ZARR (evoC-Bap1-ctrl-F-CG) | 8 of 8, cached: 8 ✔
[a1/090fac] epi…PORT (evoC-Bap1-ctrl-F_CG) | 8 of 8, cached: 8 ✔
[bf/858655] epi…ZARR (evoC-Bap1-ctrl-F-CG) | 8 of 8, cached: 8 ✔
[41/191b27] epi…PORT (evoC-Bap1-ctrl-F_CG) | 8 of 8, cached: 8 ✔
Plus 6 more processes waiting for tasks…
Running somatic variant calling with Mutect2

executor >  slurm (9)
[c5/ea6e30] res…(evoC-Bap1-mut-F-B2, L004) | 8 of 8, cached: 8 ✔
[94/d508a3] res…evoC-Bap1-ctrl-F-B2, L004) | 8 of 8, cached: 8 ✔
[-        ] resolve_align:FASTQC_RESOLVED  -
[a8/616be2] res…evoC-Bap1-ctrl-F-B2, L004) | 8 of 8, cached: 8 ✔
[-        ] res…align:SAMTOOLS_MERGE_LANES -
[-        ] resolve_align:PRESEQ           -
[b8/9c4b9b] bam…:BAMLET (evoC-Bap1-ctrl-F) | 8 of 8, cached: 8 ✔
[58/14f034] bam…P_BAMQC (evoC-Bap1-ctrl-F) | 8 of 8, cached: 8 ✔
[6a/c7990a] bam…SS_BIAS (evoC-Bap1-ctrl-F) | 8 of 8, cached: 8 ✔
[-        ] bam…:DEEPTOOLS_PLOTFINGERPRINT -
[a9/59a231] bam…_GCBIAS (evoC-Bap1-ctrl-F) | 8 of 8, cached: 8 ✔
[4e/8e1db6] bam…CCURACY (evoC-Bap1-ctrl-F) | 8 of 8, cached: 8 ✔
[ce/d6ff13] var…_CALLER (evoC-Bap1-ctrl-F) | 8 of 8, cached: 8 ✔
[ab/68d0ab] var…NTERVALS (GRCm38_filtered) | 0 of 1
[-        ] var…calling:GENOMICS_DB_IMPORT -
[-        ] variant_calling:GENOTYPE_GVCFS -
[-        ] var…t_calling:MERGE_JOINT_VCFS -
[-        ] variant_calling:ASM            -
[-        ] var…_calling:MERGE_ASM_OUTPUTS -
[80/cf6696] var…MUTECT2 (evoC-Bap1-ctrl-F) | 8 of 8, cached: 8 ✔
[71/303d64] mbi…C-Bap1-ctrl-F-CHG-5-prime) | 24 of 24, cached: 24 ✔
[ad/16786e] epi…ZARR (evoC-Bap1-ctrl-F-CG) | 24 of 24, cached: 24 ✔
[67/49d9ea] epi… (evoC-Bap1-ctrl-M-B2_CHH) | 15 of 23, cached: 15
[99/bfb703] epi…ZARR (evoC-Bap1-ctrl-F-CG) | 8 of 8, cached: 8 ✔
[a1/090fac] epi…PORT (evoC-Bap1-ctrl-F_CG) | 8 of 8, cached: 8 ✔
[bf/858655] epi…ZARR (evoC-Bap1-ctrl-F-CG) | 8 of 8, cached: 8 ✔
[41/191b27] epi…PORT (evoC-Bap1-ctrl-F_CG) | 8 of 8, cached: 8 ✔
Plus 6 more processes waiting for tasks…
Running somatic variant calling with Mutect2

executor >  slurm (9)
[c5/ea6e30] res…(evoC-Bap1-mut-F-B2, L004) | 8 of 8, cached: 8 ✔
[94/d508a3] res…evoC-Bap1-ctrl-F-B2, L004) | 8 of 8, cached: 8 ✔
[-        ] resolve_align:FASTQC_RESOLVED  -
[a8/616be2] res…evoC-Bap1-ctrl-F-B2, L004) | 8 of 8, cached: 8 ✔
[-        ] res…align:SAMTOOLS_MERGE_LANES -
[-        ] resolve_align:PRESEQ           -
[b8/9c4b9b] bam…:BAMLET (evoC-Bap1-ctrl-F) | 8 of 8, cached: 8 ✔
[58/14f034] bam…P_BAMQC (evoC-Bap1-ctrl-F) | 8 of 8, cached: 8 ✔
[6a/c7990a] bam…SS_BIAS (evoC-Bap1-ctrl-F) | 8 of 8, cached: 8 ✔
[-        ] bam…:DEEPTOOLS_PLOTFINGERPRINT -
[a9/59a231] bam…_GCBIAS (evoC-Bap1-ctrl-F) | 8 of 8, cached: 8 ✔
[4e/8e1db6] bam…CCURACY (evoC-Bap1-ctrl-F) | 8 of 8, cached: 8 ✔
[ce/d6ff13] var…_CALLER (evoC-Bap1-ctrl-F) | 8 of 8, cached: 8 ✔
[ab/68d0ab] var…NTERVALS (GRCm38_filtered) | 0 of 1
[-        ] var…calling:GENOMICS_DB_IMPORT -
[-        ] variant_calling:GENOTYPE_GVCFS -
[-        ] var…t_calling:MERGE_JOINT_VCFS -
[-        ] variant_calling:ASM            -
[-        ] var…_calling:MERGE_ASM_OUTPUTS -
[80/cf6696] var…MUTECT2 (evoC-Bap1-ctrl-F) | 8 of 8, cached: 8 ✔
[71/303d64] mbi…C-Bap1-ctrl-F-CHG-5-prime) | 24 of 24, cached: 24 ✔
[ad/16786e] epi…ZARR (evoC-Bap1-ctrl-F-CG) | 24 of 24, cached: 24 ✔
[67/49d9ea] epi… (evoC-Bap1-ctrl-M-B2_CHH) | 15 of 23, cached: 15
[a3/ccd062] epi… (evoC_Bap1_run-genome-CG) | 2 of 2, cached: 2
[99/bfb703] epi…ZARR (evoC-Bap1-ctrl-F-CG) | 8 of 8, cached: 8 ✔
[a1/090fac] epi…PORT (evoC-Bap1-ctrl-F_CG) | 8 of 8, cached: 8 ✔
[bf/858655] epi…ZARR (evoC-Bap1-ctrl-F-CG) | 8 of 8, cached: 8 ✔
[41/191b27] epi…PORT (evoC-Bap1-ctrl-F_CG) | 8 of 8, cached: 8 ✔
[0e/f525a2] summary:DQSPY (evoC_Bap1_run)  | 1 of 1, cached: 1 ✔
Plus 4 more processes waiting for tasks…
Running somatic variant calling with Mutect2

executor >  slurm (9)
[c5/ea6e30] res…(evoC-Bap1-mut-F-B2, L004) | 8 of 8, cached: 8 ✔
[94/d508a3] res…evoC-Bap1-ctrl-F-B2, L004) | 8 of 8, cached: 8 ✔
[-        ] resolve_align:FASTQC_RESOLVED  -
[a8/616be2] res…evoC-Bap1-ctrl-F-B2, L004) | 8 of 8, cached: 8 ✔
[-        ] res…align:SAMTOOLS_MERGE_LANES -
[-        ] resolve_align:PRESEQ           -
[b8/9c4b9b] bam…:BAMLET (evoC-Bap1-ctrl-F) | 8 of 8, cached: 8 ✔
[58/14f034] bam…P_BAMQC (evoC-Bap1-ctrl-F) | 8 of 8, cached: 8 ✔
[6a/c7990a] bam…SS_BIAS (evoC-Bap1-ctrl-F) | 8 of 8, cached: 8 ✔
[-        ] bam…:DEEPTOOLS_PLOTFINGERPRINT -
[a9/59a231] bam…_GCBIAS (evoC-Bap1-ctrl-F) | 8 of 8, cached: 8 ✔
[4e/8e1db6] bam…CCURACY (evoC-Bap1-ctrl-F) | 8 of 8, cached: 8 ✔
[ce/d6ff13] var…_CALLER (evoC-Bap1-ctrl-F) | 8 of 8, cached: 8 ✔
[ab/68d0ab] var…NTERVALS (GRCm38_filtered) | 0 of 1
[-        ] var…calling:GENOMICS_DB_IMPORT -
[-        ] variant_calling:GENOTYPE_GVCFS -
[-        ] var…t_calling:MERGE_JOINT_VCFS -
[-        ] variant_calling:ASM            -
[-        ] var…_calling:MERGE_ASM_OUTPUTS -
[80/cf6696] var…MUTECT2 (evoC-Bap1-ctrl-F) | 8 of 8, cached: 8 ✔
[71/303d64] mbi…C-Bap1-ctrl-F-CHG-5-prime) | 24 of 24, cached: 24 ✔
[ad/16786e] epi…ZARR (evoC-Bap1-ctrl-F-CG) | 24 of 24, cached: 24 ✔
[7a/af244c] epi…PORT (evoC-Bap1-ctrl-F_CG) | 16 of 24, cached: 16
[55/6e2d06] epi…(evoC_Bap1_run-genome-CHG) | 3 of 3, cached: 3 ✔
[99/bfb703] epi…ZARR (evoC-Bap1-ctrl-F-CG) | 8 of 8, cached: 8 ✔
[a1/090fac] epi…PORT (evoC-Bap1-ctrl-F_CG) | 8 of 8, cached: 8 ✔
[bf/858655] epi…ZARR (evoC-Bap1-ctrl-F-CG) | 8 of 8, cached: 8 ✔
[41/191b27] epi…PORT (evoC-Bap1-ctrl-F_CG) | 8 of 8, cached: 8 ✔
[0e/f525a2] summary:DQSPY (evoC_Bap1_run)  | 1 of 1, cached: 1 ✔
Plus 4 more processes waiting for tasks…
Running somatic variant calling with Mutect2

executor >  slurm (9)
[c5/ea6e30] res…(evoC-Bap1-mut-F-B2, L004) | 8 of 8, cached: 8 ✔
[94/d508a3] res…evoC-Bap1-ctrl-F-B2, L004) | 8 of 8, cached: 8 ✔
[-        ] resolve_align:FASTQC_RESOLVED  -
[a8/616be2] res…evoC-Bap1-ctrl-F-B2, L004) | 8 of 8, cached: 8 ✔
[-        ] res…align:SAMTOOLS_MERGE_LANES -
[-        ] resolve_align:PRESEQ           -
[b8/9c4b9b] bam…:BAMLET (evoC-Bap1-ctrl-F) | 8 of 8, cached: 8 ✔
[58/14f034] bam…P_BAMQC (evoC-Bap1-ctrl-F) | 8 of 8, cached: 8 ✔
[6a/c7990a] bam…SS_BIAS (evoC-Bap1-ctrl-F) | 8 of 8, cached: 8 ✔
[-        ] bam…:DEEPTOOLS_PLOTFINGERPRINT -
[a9/59a231] bam…_GCBIAS (evoC-Bap1-ctrl-F) | 8 of 8, cached: 8 ✔
[4e/8e1db6] bam…CCURACY (evoC-Bap1-ctrl-F) | 8 of 8, cached: 8 ✔
[ce/d6ff13] var…_CALLER (evoC-Bap1-ctrl-F) | 8 of 8, cached: 8 ✔
[ab/68d0ab] var…NTERVALS (GRCm38_filtered) | 0 of 1
[-        ] var…calling:GENOMICS_DB_IMPORT -
[-        ] variant_calling:GENOTYPE_GVCFS -
[-        ] var…t_calling:MERGE_JOINT_VCFS -
[-        ] variant_calling:ASM            -
[-        ] var…_calling:MERGE_ASM_OUTPUTS -
[80/cf6696] var…MUTECT2 (evoC-Bap1-ctrl-F) | 8 of 8, cached: 8 ✔
[71/303d64] mbi…C-Bap1-ctrl-F-CHG-5-prime) | 24 of 24, cached: 24 ✔
[ad/16786e] epi…ZARR (evoC-Bap1-ctrl-F-CG) | 24 of 24, cached: 24 ✔
[7a/af244c] epi…PORT (evoC-Bap1-ctrl-F_CG) | 16 of 24, cached: 16
[55/6e2d06] epi…(evoC_Bap1_run-genome-CHG) | 3 of 3, cached: 3 ✔
[99/bfb703] epi…ZARR (evoC-Bap1-ctrl-F-CG) | 8 of 8, cached: 8 ✔
[a1/090fac] epi…PORT (evoC-Bap1-ctrl-F_CG) | 8 of 8, cached: 8 ✔
[bf/858655] epi…ZARR (evoC-Bap1-ctrl-F-CG) | 8 of 8, cached: 8 ✔
[41/191b27] epi…PORT (evoC-Bap1-ctrl-F_CG) | 8 of 8, cached: 8 ✔
[ab/4b9b86] epi…voC_Bap1_run-long_ctrl-CG) | 1 of 1, cached: 1 ✔
[0e/f525a2] summary:DQSPY (evoC_Bap1_run)  | 1 of 1, cached: 1 ✔
Plus 3 more processes waiting for tasks…
Running somatic variant calling with Mutect2

executor >  slurm (9)
[c5/ea6e30] res…(evoC-Bap1-mut-F-B2, L004) | 8 of 8, cached: 8 ✔
[94/d508a3] res…evoC-Bap1-ctrl-F-B2, L004) | 8 of 8, cached: 8 ✔
[-        ] resolve_align:FASTQC_RESOLVED  -
[a8/616be2] res…evoC-Bap1-ctrl-F-B2, L004) | 8 of 8, cached: 8 ✔
[-        ] res…align:SAMTOOLS_MERGE_LANES -
[-        ] resolve_align:PRESEQ           -
[b8/9c4b9b] bam…:BAMLET (evoC-Bap1-ctrl-F) | 8 of 8, cached: 8 ✔
[58/14f034] bam…P_BAMQC (evoC-Bap1-ctrl-F) | 8 of 8, cached: 8 ✔
[6a/c7990a] bam…SS_BIAS (evoC-Bap1-ctrl-F) | 8 of 8, cached: 8 ✔
[-        ] bam…:DEEPTOOLS_PLOTFINGERPRINT -
[a9/59a231] bam…_GCBIAS (evoC-Bap1-ctrl-F) | 8 of 8, cached: 8 ✔
[4e/8e1db6] bam…CCURACY (evoC-Bap1-ctrl-F) | 8 of 8, cached: 8 ✔
[ce/d6ff13] var…_CALLER (evoC-Bap1-ctrl-F) | 8 of 8, cached: 8 ✔
[ab/68d0ab] var…NTERVALS (GRCm38_filtered) | 0 of 1
[-        ] var…calling:GENOMICS_DB_IMPORT -
[-        ] variant_calling:GENOTYPE_GVCFS -
[-        ] var…t_calling:MERGE_JOINT_VCFS -
[-        ] variant_calling:ASM            -
[-        ] var…_calling:MERGE_ASM_OUTPUTS -
[80/cf6696] var…MUTECT2 (evoC-Bap1-ctrl-F) | 8 of 8, cached: 8 ✔
[71/303d64] mbi…C-Bap1-ctrl-F-CHG-5-prime) | 24 of 24, cached: 24 ✔
[ad/16786e] epi…ZARR (evoC-Bap1-ctrl-F-CG) | 24 of 24, cached: 24 ✔
[7a/af244c] epi…PORT (evoC-Bap1-ctrl-F_CG) | 16 of 24, cached: 16
[55/6e2d06] epi…(evoC_Bap1_run-genome-CHG) | 3 of 3, cached: 3 ✔
[99/bfb703] epi…ZARR (evoC-Bap1-ctrl-F-CG) | 8 of 8, cached: 8 ✔
[a1/090fac] epi…PORT (evoC-Bap1-ctrl-F_CG) | 8 of 8, cached: 8 ✔
[bf/858655] epi…ZARR (evoC-Bap1-ctrl-F-CG) | 8 of 8, cached: 8 ✔
[41/191b27] epi…PORT (evoC-Bap1-ctrl-F_CG) | 8 of 8, cached: 8 ✔
[ab/4b9b86] epi…voC_Bap1_run-long_ctrl-CG) | 1 of 1, cached: 1 ✔
[0e/f525a2] summary:DQSPY (evoC_Bap1_run)  | 1 of 1, cached: 1 ✔
Plus 3 more processes waiting for tasks…
Running somatic variant calling with Mutect2

executor >  slurm (9)
[c5/ea6e30] res…(evoC-Bap1-mut-F-B2, L004) | 8 of 8, cached: 8 ✔
[94/d508a3] res…evoC-Bap1-ctrl-F-B2, L004) | 8 of 8, cached: 8 ✔
[-        ] resolve_align:FASTQC_RESOLVED  -
[a8/616be2] res…evoC-Bap1-ctrl-F-B2, L004) | 8 of 8, cached: 8 ✔
[-        ] res…align:SAMTOOLS_MERGE_LANES -
[-        ] resolve_align:PRESEQ           -
[b8/9c4b9b] bam…:BAMLET (evoC-Bap1-ctrl-F) | 8 of 8, cached: 8 ✔
[58/14f034] bam…P_BAMQC (evoC-Bap1-ctrl-F) | 8 of 8, cached: 8 ✔
[6a/c7990a] bam…SS_BIAS (evoC-Bap1-ctrl-F) | 8 of 8, cached: 8 ✔
[-        ] bam…:DEEPTOOLS_PLOTFINGERPRINT -
[a9/59a231] bam…_GCBIAS (evoC-Bap1-ctrl-F) | 8 of 8, cached: 8 ✔
[4e/8e1db6] bam…CCURACY (evoC-Bap1-ctrl-F) | 8 of 8, cached: 8 ✔
[ce/d6ff13] var…_CALLER (evoC-Bap1-ctrl-F) | 8 of 8, cached: 8 ✔
[ab/68d0ab] var…NTERVALS (GRCm38_filtered) | 1 of 1 ✔
[-        ] var…calling:GENOMICS_DB_IMPORT | 0 of 20
[-        ] variant_calling:GENOTYPE_GVCFS -
[-        ] var…t_calling:MERGE_JOINT_VCFS -
[-        ] variant_calling:ASM            -
[-        ] var…_calling:MERGE_ASM_OUTPUTS -
[80/cf6696] var…MUTECT2 (evoC-Bap1-ctrl-F) | 8 of 8, cached: 8 ✔
[71/303d64] mbi…C-Bap1-ctrl-F-CHG-5-prime) | 24 of 24, cached: 24 ✔
[ad/16786e] epi…ZARR (evoC-Bap1-ctrl-F-CG) | 24 of 24, cached: 24 ✔
[7a/af244c] epi…PORT (evoC-Bap1-ctrl-F_CG) | 16 of 24, cached: 16
[55/6e2d06] epi…(evoC_Bap1_run-genome-CHG) | 3 of 3, cached: 3 ✔
[99/bfb703] epi…ZARR (evoC-Bap1-ctrl-F-CG) | 8 of 8, cached: 8 ✔
[a1/090fac] epi…PORT (evoC-Bap1-ctrl-F_CG) | 8 of 8, cached: 8 ✔
[bf/858655] epi…ZARR (evoC-Bap1-ctrl-F-CG) | 8 of 8, cached: 8 ✔
[41/191b27] epi…PORT (evoC-Bap1-ctrl-F_CG) | 8 of 8, cached: 8 ✔
[ab/4b9b86] epi…voC_Bap1_run-long_ctrl-CG) | 1 of 1, cached: 1 ✔
[0e/f525a2] summary:DQSPY (evoC_Bap1_run)  | 1 of 1, cached: 1 ✔
Plus 3 more processes waiting for tasks…


executor >  slurm (10)
[c5/ea6e30] res…(evoC-Bap1-mut-F-B2, L004) | 8 of 8, cached: 8 ✔
[94/d508a3] res…evoC-Bap1-ctrl-F-B2, L004) | 8 of 8, cached: 8 ✔
[-        ] resolve_align:FASTQC_RESOLVED  -
[a8/616be2] res…evoC-Bap1-ctrl-F-B2, L004) | 8 of 8, cached: 8 ✔
[-        ] res…align:SAMTOOLS_MERGE_LANES -
[-        ] resolve_align:PRESEQ           -
[b8/9c4b9b] bam…:BAMLET (evoC-Bap1-ctrl-F) | 8 of 8, cached: 8 ✔
[58/14f034] bam…P_BAMQC (evoC-Bap1-ctrl-F) | 8 of 8, cached: 8 ✔
[6a/c7990a] bam…SS_BIAS (evoC-Bap1-ctrl-F) | 8 of 8, cached: 8 ✔
[-        ] bam…:DEEPTOOLS_PLOTFINGERPRINT -
[a9/59a231] bam…_GCBIAS (evoC-Bap1-ctrl-F) | 8 of 8, cached: 8 ✔
[4e/8e1db6] bam…CCURACY (evoC-Bap1-ctrl-F) | 8 of 8, cached: 8 ✔
[ce/d6ff13] var…_CALLER (evoC-Bap1-ctrl-F) | 8 of 8, cached: 8 ✔
[ab/68d0ab] var…NTERVALS (GRCm38_filtered) | 1 of 1 ✔
[67/d8953f] var…DB_IMPORT (Interval: 0015) | 0 of 20
[-        ] variant_calling:GENOTYPE_GVCFS -
[-        ] var…t_calling:MERGE_JOINT_VCFS -
[-        ] variant_calling:ASM            -
[-        ] var…_calling:MERGE_ASM_OUTPUTS -
[80/cf6696] var…MUTECT2 (evoC-Bap1-ctrl-F) | 8 of 8, cached: 8 ✔
[71/303d64] mbi…C-Bap1-ctrl-F-CHG-5-prime) | 24 of 24, cached: 24 ✔
[ad/16786e] epi…ZARR (evoC-Bap1-ctrl-F-CG) | 24 of 24, cached: 24 ✔
[7a/af244c] epi…PORT (evoC-Bap1-ctrl-F_CG) | 16 of 24, cached: 16
[55/6e2d06] epi…(evoC_Bap1_run-genome-CHG) | 3 of 3, cached: 3 ✔
[99/bfb703] epi…ZARR (evoC-Bap1-ctrl-F-CG) | 8 of 8, cached: 8 ✔
[a1/090fac] epi…PORT (evoC-Bap1-ctrl-F_CG) | 8 of 8, cached: 8 ✔
[bf/858655] epi…ZARR (evoC-Bap1-ctrl-F-CG) | 8 of 8, cached: 8 ✔
[41/191b27] epi…PORT (evoC-Bap1-ctrl-F_CG) | 8 of 8, cached: 8 ✔
[ab/4b9b86] epi…voC_Bap1_run-long_ctrl-CG) | 1 of 1, cached: 1 ✔
[0e/f525a2] summary:DQSPY (evoC_Bap1_run)  | 1 of 1, cached: 1 ✔
Plus 3 more processes waiting for tasks…


executor >  slurm (12)
[c5/ea6e30] res…(evoC-Bap1-mut-F-B2, L004) | 8 of 8, cached: 8 ✔
[94/d508a3] res…evoC-Bap1-ctrl-F-B2, L004) | 8 of 8, cached: 8 ✔
[-        ] resolve_align:FASTQC_RESOLVED  -
[a8/616be2] res…evoC-Bap1-ctrl-F-B2, L004) | 8 of 8, cached: 8 ✔
[-        ] res…align:SAMTOOLS_MERGE_LANES -
[-        ] resolve_align:PRESEQ           -
[b8/9c4b9b] bam…:BAMLET (evoC-Bap1-ctrl-F) | 8 of 8, cached: 8 ✔
[58/14f034] bam…P_BAMQC (evoC-Bap1-ctrl-F) | 8 of 8, cached: 8 ✔
[6a/c7990a] bam…SS_BIAS (evoC-Bap1-ctrl-F) | 8 of 8, cached: 8 ✔
[-        ] bam…:DEEPTOOLS_PLOTFINGERPRINT -
[a9/59a231] bam…_GCBIAS (evoC-Bap1-ctrl-F) | 8 of 8, cached: 8 ✔
[4e/8e1db6] bam…CCURACY (evoC-Bap1-ctrl-F) | 8 of 8, cached: 8 ✔
[ce/d6ff13] var…_CALLER (evoC-Bap1-ctrl-F) | 8 of 8, cached: 8 ✔
[ab/68d0ab] var…NTERVALS (GRCm38_filtered) | 1 of 1 ✔
[6f/de6472] var…DB_IMPORT (Interval: 0009) | 0 of 20
[-        ] variant_calling:GENOTYPE_GVCFS -
[-        ] var…t_calling:MERGE_JOINT_VCFS -
[-        ] variant_calling:ASM            -
[-        ] var…_calling:MERGE_ASM_OUTPUTS -
[80/cf6696] var…MUTECT2 (evoC-Bap1-ctrl-F) | 8 of 8, cached: 8 ✔
[71/303d64] mbi…C-Bap1-ctrl-F-CHG-5-prime) | 24 of 24, cached: 24 ✔
[ad/16786e] epi…ZARR (evoC-Bap1-ctrl-F-CG) | 24 of 24, cached: 24 ✔
[7a/af244c] epi…PORT (evoC-Bap1-ctrl-F_CG) | 16 of 24, cached: 16
[55/6e2d06] epi…(evoC_Bap1_run-genome-CHG) | 3 of 3, cached: 3 ✔
[99/bfb703] epi…ZARR (evoC-Bap1-ctrl-F-CG) | 8 of 8, cached: 8 ✔
[a1/090fac] epi…PORT (evoC-Bap1-ctrl-F_CG) | 8 of 8, cached: 8 ✔
[bf/858655] epi…ZARR (evoC-Bap1-ctrl-F-CG) | 8 of 8, cached: 8 ✔
[41/191b27] epi…PORT (evoC-Bap1-ctrl-F_CG) | 8 of 8, cached: 8 ✔
[ab/4b9b86] epi…voC_Bap1_run-long_ctrl-CG) | 1 of 1, cached: 1 ✔
[0e/f525a2] summary:DQSPY (evoC_Bap1_run)  | 1 of 1, cached: 1 ✔
Plus 3 more processes waiting for tasks…

executor >  slurm (13)
[c5/ea6e30] res…(evoC-Bap1-mut-F-B2, L004) | 8 of 8, cached: 8 ✔
[94/d508a3] res…evoC-Bap1-ctrl-F-B2, L004) | 8 of 8, cached: 8 ✔
[-        ] resolve_align:FASTQC_RESOLVED  -
[a8/616be2] res…evoC-Bap1-ctrl-F-B2, L004) | 8 of 8, cached: 8 ✔
[-        ] res…align:SAMTOOLS_MERGE_LANES -
[-        ] resolve_align:PRESEQ           -
[b8/9c4b9b] bam…:BAMLET (evoC-Bap1-ctrl-F) | 8 of 8, cached: 8 ✔
[58/14f034] bam…P_BAMQC (evoC-Bap1-ctrl-F) | 8 of 8, cached: 8 ✔
[6a/c7990a] bam…SS_BIAS (evoC-Bap1-ctrl-F) | 8 of 8, cached: 8 ✔
[-        ] bam…:DEEPTOOLS_PLOTFINGERPRINT -
[a9/59a231] bam…_GCBIAS (evoC-Bap1-ctrl-F) | 8 of 8, cached: 8 ✔
[4e/8e1db6] bam…CCURACY (evoC-Bap1-ctrl-F) | 8 of 8, cached: 8 ✔
[ce/d6ff13] var…_CALLER (evoC-Bap1-ctrl-F) | 8 of 8, cached: 8 ✔
[ab/68d0ab] var…NTERVALS (GRCm38_filtered) | 1 of 1 ✔
[bb/238245] var…DB_IMPORT (Interval: 0010) | 0 of 20
[-        ] variant_calling:GENOTYPE_GVCFS -
[-        ] var…t_calling:MERGE_JOINT_VCFS -
[-        ] variant_calling:ASM            -
[-        ] var…_calling:MERGE_ASM_OUTPUTS -
[80/cf6696] var…MUTECT2 (evoC-Bap1-ctrl-F) | 8 of 8, cached: 8 ✔
[71/303d64] mbi…C-Bap1-ctrl-F-CHG-5-prime) | 24 of 24, cached: 24 ✔
[ad/16786e] epi…ZARR (evoC-Bap1-ctrl-F-CG) | 24 of 24, cached: 24 ✔
[7a/af244c] epi…PORT (evoC-Bap1-ctrl-F_CG) | 16 of 24, cached: 16
[55/6e2d06] epi…(evoC_Bap1_run-genome-CHG) | 3 of 3, cached: 3 ✔
[99/bfb703] epi…ZARR (evoC-Bap1-ctrl-F-CG) | 8 of 8, cached: 8 ✔
[a1/090fac] epi…PORT (evoC-Bap1-ctrl-F_CG) | 8 of 8, cached: 8 ✔
[bf/858655] epi…ZARR (evoC-Bap1-ctrl-F-CG) | 8 of 8, cached: 8 ✔
[41/191b27] epi…PORT (evoC-Bap1-ctrl-F_CG) | 8 of 8, cached: 8 ✔
[ab/4b9b86] epi…voC_Bap1_run-long_ctrl-CG) | 1 of 1, cached: 1 ✔
[0e/f525a2] summary:DQSPY (evoC_Bap1_run)  | 1 of 1, cached: 1 ✔
Plus 3 more processes waiting for tasks…

executor >  slurm (14)
[c5/ea6e30] res…(evoC-Bap1-mut-F-B2, L004) | 8 of 8, cached: 8 ✔
[94/d508a3] res…evoC-Bap1-ctrl-F-B2, L004) | 8 of 8, cached: 8 ✔
[-        ] resolve_align:FASTQC_RESOLVED  -
[a8/616be2] res…evoC-Bap1-ctrl-F-B2, L004) | 8 of 8, cached: 8 ✔
[-        ] res…align:SAMTOOLS_MERGE_LANES -
[-        ] resolve_align:PRESEQ           -
[b8/9c4b9b] bam…:BAMLET (evoC-Bap1-ctrl-F) | 8 of 8, cached: 8 ✔
[58/14f034] bam…P_BAMQC (evoC-Bap1-ctrl-F) | 8 of 8, cached: 8 ✔
[6a/c7990a] bam…SS_BIAS (evoC-Bap1-ctrl-F) | 8 of 8, cached: 8 ✔
[-        ] bam…:DEEPTOOLS_PLOTFINGERPRINT -
[a9/59a231] bam…_GCBIAS (evoC-Bap1-ctrl-F) | 8 of 8, cached: 8 ✔
[4e/8e1db6] bam…CCURACY (evoC-Bap1-ctrl-F) | 8 of 8, cached: 8 ✔
[ce/d6ff13] var…_CALLER (evoC-Bap1-ctrl-F) | 8 of 8, cached: 8 ✔
[ab/68d0ab] var…NTERVALS (GRCm38_filtered) | 1 of 1 ✔
[5d/521719] var…DB_IMPORT (Interval: 0013) | 0 of 20
[-        ] variant_calling:GENOTYPE_GVCFS -
[-        ] var…t_calling:MERGE_JOINT_VCFS -
[-        ] variant_calling:ASM            -
[-        ] var…_calling:MERGE_ASM_OUTPUTS -
[80/cf6696] var…MUTECT2 (evoC-Bap1-ctrl-F) | 8 of 8, cached: 8 ✔
[71/303d64] mbi…C-Bap1-ctrl-F-CHG-5-prime) | 24 of 24, cached: 24 ✔
[ad/16786e] epi…ZARR (evoC-Bap1-ctrl-F-CG) | 24 of 24, cached: 24 ✔
[7a/af244c] epi…PORT (evoC-Bap1-ctrl-F_CG) | 16 of 24, cached: 16
[55/6e2d06] epi…(evoC_Bap1_run-genome-CHG) | 3 of 3, cached: 3 ✔
[99/bfb703] epi…ZARR (evoC-Bap1-ctrl-F-CG) | 8 of 8, cached: 8 ✔
[a1/090fac] epi…PORT (evoC-Bap1-ctrl-F_CG) | 8 of 8, cached: 8 ✔
[bf/858655] epi…ZARR (evoC-Bap1-ctrl-F-CG) | 8 of 8, cached: 8 ✔
[41/191b27] epi…PORT (evoC-Bap1-ctrl-F_CG) | 8 of 8, cached: 8 ✔
[ab/4b9b86] epi…voC_Bap1_run-long_ctrl-CG) | 1 of 1, cached: 1 ✔
[0e/f525a2] summary:DQSPY (evoC_Bap1_run)  | 1 of 1, cached: 1 ✔
Plus 3 more processes waiting for tasks…

executor >  slurm (15)
[c5/ea6e30] res…(evoC-Bap1-mut-F-B2, L004) | 8 of 8, cached: 8 ✔
[94/d508a3] res…evoC-Bap1-ctrl-F-B2, L004) | 8 of 8, cached: 8 ✔
[-        ] resolve_align:FASTQC_RESOLVED  -
[a8/616be2] res…evoC-Bap1-ctrl-F-B2, L004) | 8 of 8, cached: 8 ✔
[-        ] res…align:SAMTOOLS_MERGE_LANES -
[-        ] resolve_align:PRESEQ           -
[b8/9c4b9b] bam…:BAMLET (evoC-Bap1-ctrl-F) | 8 of 8, cached: 8 ✔
[58/14f034] bam…P_BAMQC (evoC-Bap1-ctrl-F) | 8 of 8, cached: 8 ✔
[6a/c7990a] bam…SS_BIAS (evoC-Bap1-ctrl-F) | 8 of 8, cached: 8 ✔
[-        ] bam…:DEEPTOOLS_PLOTFINGERPRINT -
[a9/59a231] bam…_GCBIAS (evoC-Bap1-ctrl-F) | 8 of 8, cached: 8 ✔
[4e/8e1db6] bam…CCURACY (evoC-Bap1-ctrl-F) | 8 of 8, cached: 8 ✔
[ce/d6ff13] var…_CALLER (evoC-Bap1-ctrl-F) | 8 of 8, cached: 8 ✔
[ab/68d0ab] var…NTERVALS (GRCm38_filtered) | 1 of 1 ✔
[ce/4d556a] var…DB_IMPORT (Interval: 0001) | 0 of 20
[-        ] variant_calling:GENOTYPE_GVCFS -
[-        ] var…t_calling:MERGE_JOINT_VCFS -
[-        ] variant_calling:ASM            -
[-        ] var…_calling:MERGE_ASM_OUTPUTS -
[80/cf6696] var…MUTECT2 (evoC-Bap1-ctrl-F) | 8 of 8, cached: 8 ✔
[71/303d64] mbi…C-Bap1-ctrl-F-CHG-5-prime) | 24 of 24, cached: 24 ✔
[ad/16786e] epi…ZARR (evoC-Bap1-ctrl-F-CG) | 24 of 24, cached: 24 ✔
[7a/af244c] epi…PORT (evoC-Bap1-ctrl-F_CG) | 16 of 24, cached: 16
[55/6e2d06] epi…(evoC_Bap1_run-genome-CHG) | 3 of 3, cached: 3 ✔
[99/bfb703] epi…ZARR (evoC-Bap1-ctrl-F-CG) | 8 of 8, cached: 8 ✔
[a1/090fac] epi…PORT (evoC-Bap1-ctrl-F_CG) | 8 of 8, cached: 8 ✔
[bf/858655] epi…ZARR (evoC-Bap1-ctrl-F-CG) | 8 of 8, cached: 8 ✔
[41/191b27] epi…PORT (evoC-Bap1-ctrl-F_CG) | 8 of 8, cached: 8 ✔
[ab/4b9b86] epi…voC_Bap1_run-long_ctrl-CG) | 1 of 1, cached: 1 ✔
[0e/f525a2] summary:DQSPY (evoC_Bap1_run)  | 1 of 1, cached: 1 ✔
Plus 3 more processes waiting for tasks…

executor >  slurm (16)
[c5/ea6e30] res…(evoC-Bap1-mut-F-B2, L004) | 8 of 8, cached: 8 ✔
[94/d508a3] res…evoC-Bap1-ctrl-F-B2, L004) | 8 of 8, cached: 8 ✔
[-        ] resolve_align:FASTQC_RESOLVED  -
[a8/616be2] res…evoC-Bap1-ctrl-F-B2, L004) | 8 of 8, cached: 8 ✔
[-        ] res…align:SAMTOOLS_MERGE_LANES -
[-        ] resolve_align:PRESEQ           -
[b8/9c4b9b] bam…:BAMLET (evoC-Bap1-ctrl-F) | 8 of 8, cached: 8 ✔
[58/14f034] bam…P_BAMQC (evoC-Bap1-ctrl-F) | 8 of 8, cached: 8 ✔
[6a/c7990a] bam…SS_BIAS (evoC-Bap1-ctrl-F) | 8 of 8, cached: 8 ✔
[-        ] bam…:DEEPTOOLS_PLOTFINGERPRINT -
[a9/59a231] bam…_GCBIAS (evoC-Bap1-ctrl-F) | 8 of 8, cached: 8 ✔
[4e/8e1db6] bam…CCURACY (evoC-Bap1-ctrl-F) | 8 of 8, cached: 8 ✔
[ce/d6ff13] var…_CALLER (evoC-Bap1-ctrl-F) | 8 of 8, cached: 8 ✔
[ab/68d0ab] var…NTERVALS (GRCm38_filtered) | 1 of 1 ✔
[1b/088741] var…DB_IMPORT (Interval: 0003) | 0 of 20
[-        ] variant_calling:GENOTYPE_GVCFS -
[-        ] var…t_calling:MERGE_JOINT_VCFS -
[-        ] variant_calling:ASM            -
[-        ] var…_calling:MERGE_ASM_OUTPUTS -
[80/cf6696] var…MUTECT2 (evoC-Bap1-ctrl-F) | 8 of 8, cached: 8 ✔
[71/303d64] mbi…C-Bap1-ctrl-F-CHG-5-prime) | 24 of 24, cached: 24 ✔
[ad/16786e] epi…ZARR (evoC-Bap1-ctrl-F-CG) | 24 of 24, cached: 24 ✔
[7a/af244c] epi…PORT (evoC-Bap1-ctrl-F_CG) | 16 of 24, cached: 16
[55/6e2d06] epi…(evoC_Bap1_run-genome-CHG) | 3 of 3, cached: 3 ✔
[99/bfb703] epi…ZARR (evoC-Bap1-ctrl-F-CG) | 8 of 8, cached: 8 ✔
[a1/090fac] epi…PORT (evoC-Bap1-ctrl-F_CG) | 8 of 8, cached: 8 ✔
[bf/858655] epi…ZARR (evoC-Bap1-ctrl-F-CG) | 8 of 8, cached: 8 ✔
[41/191b27] epi…PORT (evoC-Bap1-ctrl-F_CG) | 8 of 8, cached: 8 ✔
[ab/4b9b86] epi…voC_Bap1_run-long_ctrl-CG) | 1 of 1, cached: 1 ✔
[0e/f525a2] summary:DQSPY (evoC_Bap1_run)  | 1 of 1, cached: 1 ✔
Plus 3 more processes waiting for tasks…

executor >  slurm (17)
[c5/ea6e30] res…(evoC-Bap1-mut-F-B2, L004) | 8 of 8, cached: 8 ✔
[94/d508a3] res…evoC-Bap1-ctrl-F-B2, L004) | 8 of 8, cached: 8 ✔
[-        ] resolve_align:FASTQC_RESOLVED  -
[a8/616be2] res…evoC-Bap1-ctrl-F-B2, L004) | 8 of 8, cached: 8 ✔
[-        ] res…align:SAMTOOLS_MERGE_LANES -
[-        ] resolve_align:PRESEQ           -
[b8/9c4b9b] bam…:BAMLET (evoC-Bap1-ctrl-F) | 8 of 8, cached: 8 ✔
[58/14f034] bam…P_BAMQC (evoC-Bap1-ctrl-F) | 8 of 8, cached: 8 ✔
[6a/c7990a] bam…SS_BIAS (evoC-Bap1-ctrl-F) | 8 of 8, cached: 8 ✔
[-        ] bam…:DEEPTOOLS_PLOTFINGERPRINT -
[a9/59a231] bam…_GCBIAS (evoC-Bap1-ctrl-F) | 8 of 8, cached: 8 ✔
[4e/8e1db6] bam…CCURACY (evoC-Bap1-ctrl-F) | 8 of 8, cached: 8 ✔
[ce/d6ff13] var…_CALLER (evoC-Bap1-ctrl-F) | 8 of 8, cached: 8 ✔
[ab/68d0ab] var…NTERVALS (GRCm38_filtered) | 1 of 1 ✔
[ab/8f4e19] var…DB_IMPORT (Interval: 0017) | 0 of 20
[-        ] variant_calling:GENOTYPE_GVCFS -
[-        ] var…t_calling:MERGE_JOINT_VCFS -
[-        ] variant_calling:ASM            -
[-        ] var…_calling:MERGE_ASM_OUTPUTS -
[80/cf6696] var…MUTECT2 (evoC-Bap1-ctrl-F) | 8 of 8, cached: 8 ✔
[71/303d64] mbi…C-Bap1-ctrl-F-CHG-5-prime) | 24 of 24, cached: 24 ✔
[ad/16786e] epi…ZARR (evoC-Bap1-ctrl-F-CG) | 24 of 24, cached: 24 ✔
[7a/af244c] epi…PORT (evoC-Bap1-ctrl-F_CG) | 16 of 24, cached: 16
[55/6e2d06] epi…(evoC_Bap1_run-genome-CHG) | 3 of 3, cached: 3 ✔
[99/bfb703] epi…ZARR (evoC-Bap1-ctrl-F-CG) | 8 of 8, cached: 8 ✔
[a1/090fac] epi…PORT (evoC-Bap1-ctrl-F_CG) | 8 of 8, cached: 8 ✔
[bf/858655] epi…ZARR (evoC-Bap1-ctrl-F-CG) | 8 of 8, cached: 8 ✔
[41/191b27] epi…PORT (evoC-Bap1-ctrl-F_CG) | 8 of 8, cached: 8 ✔
[ab/4b9b86] epi…voC_Bap1_run-long_ctrl-CG) | 1 of 1, cached: 1 ✔
[0e/f525a2] summary:DQSPY (evoC_Bap1_run)  | 1 of 1, cached: 1 ✔
Plus 3 more processes waiting for tasks…

executor >  slurm (18)
[c5/ea6e30] res…(evoC-Bap1-mut-F-B2, L004) | 8 of 8, cached: 8 ✔
[94/d508a3] res…evoC-Bap1-ctrl-F-B2, L004) | 8 of 8, cached: 8 ✔
[-        ] resolve_align:FASTQC_RESOLVED  -
[a8/616be2] res…evoC-Bap1-ctrl-F-B2, L004) | 8 of 8, cached: 8 ✔
[-        ] res…align:SAMTOOLS_MERGE_LANES -
[-        ] resolve_align:PRESEQ           -
[b8/9c4b9b] bam…:BAMLET (evoC-Bap1-ctrl-F) | 8 of 8, cached: 8 ✔
[58/14f034] bam…P_BAMQC (evoC-Bap1-ctrl-F) | 8 of 8, cached: 8 ✔
[6a/c7990a] bam…SS_BIAS (evoC-Bap1-ctrl-F) | 8 of 8, cached: 8 ✔
[-        ] bam…:DEEPTOOLS_PLOTFINGERPRINT -
[a9/59a231] bam…_GCBIAS (evoC-Bap1-ctrl-F) | 8 of 8, cached: 8 ✔
[4e/8e1db6] bam…CCURACY (evoC-Bap1-ctrl-F) | 8 of 8, cached: 8 ✔
[ce/d6ff13] var…_CALLER (evoC-Bap1-ctrl-F) | 8 of 8, cached: 8 ✔
[ab/68d0ab] var…NTERVALS (GRCm38_filtered) | 1 of 1 ✔
[6f/cfe6f3] var…DB_IMPORT (Interval: 0002) | 0 of 20
[-        ] variant_calling:GENOTYPE_GVCFS -
[-        ] var…t_calling:MERGE_JOINT_VCFS -
[-        ] variant_calling:ASM            -
[-        ] var…_calling:MERGE_ASM_OUTPUTS -
[80/cf6696] var…MUTECT2 (evoC-Bap1-ctrl-F) | 8 of 8, cached: 8 ✔
[71/303d64] mbi…C-Bap1-ctrl-F-CHG-5-prime) | 24 of 24, cached: 24 ✔
[ad/16786e] epi…ZARR (evoC-Bap1-ctrl-F-CG) | 24 of 24, cached: 24 ✔
[7a/af244c] epi…PORT (evoC-Bap1-ctrl-F_CG) | 16 of 24, cached: 16
[55/6e2d06] epi…(evoC_Bap1_run-genome-CHG) | 3 of 3, cached: 3 ✔
[99/bfb703] epi…ZARR (evoC-Bap1-ctrl-F-CG) | 8 of 8, cached: 8 ✔
[a1/090fac] epi…PORT (evoC-Bap1-ctrl-F_CG) | 8 of 8, cached: 8 ✔
[bf/858655] epi…ZARR (evoC-Bap1-ctrl-F-CG) | 8 of 8, cached: 8 ✔
[41/191b27] epi…PORT (evoC-Bap1-ctrl-F_CG) | 8 of 8, cached: 8 ✔
[ab/4b9b86] epi…voC_Bap1_run-long_ctrl-CG) | 1 of 1, cached: 1 ✔
[0e/f525a2] summary:DQSPY (evoC_Bap1_run)  | 1 of 1, cached: 1 ✔
Plus 3 more processes waiting for tasks…

executor >  slurm (20)
[c5/ea6e30] res…(evoC-Bap1-mut-F-B2, L004) | 8 of 8, cached: 8 ✔
[94/d508a3] res…evoC-Bap1-ctrl-F-B2, L004) | 8 of 8, cached: 8 ✔
[-        ] resolve_align:FASTQC_RESOLVED  -
[a8/616be2] res…evoC-Bap1-ctrl-F-B2, L004) | 8 of 8, cached: 8 ✔
[-        ] res…align:SAMTOOLS_MERGE_LANES -
[-        ] resolve_align:PRESEQ           -
[b8/9c4b9b] bam…:BAMLET (evoC-Bap1-ctrl-F) | 8 of 8, cached: 8 ✔
[58/14f034] bam…P_BAMQC (evoC-Bap1-ctrl-F) | 8 of 8, cached: 8 ✔
[6a/c7990a] bam…SS_BIAS (evoC-Bap1-ctrl-F) | 8 of 8, cached: 8 ✔
[-        ] bam…:DEEPTOOLS_PLOTFINGERPRINT -
[a9/59a231] bam…_GCBIAS (evoC-Bap1-ctrl-F) | 8 of 8, cached: 8 ✔
[4e/8e1db6] bam…CCURACY (evoC-Bap1-ctrl-F) | 8 of 8, cached: 8 ✔
[ce/d6ff13] var…_CALLER (evoC-Bap1-ctrl-F) | 8 of 8, cached: 8 ✔
[ab/68d0ab] var…NTERVALS (GRCm38_filtered) | 1 of 1 ✔
[bd/9219ab] var…DB_IMPORT (Interval: 0000) | 0 of 20
[-        ] variant_calling:GENOTYPE_GVCFS -
[-        ] var…t_calling:MERGE_JOINT_VCFS -
[-        ] variant_calling:ASM            -
[-        ] var…_calling:MERGE_ASM_OUTPUTS -
[80/cf6696] var…MUTECT2 (evoC-Bap1-ctrl-F) | 8 of 8, cached: 8 ✔
[71/303d64] mbi…C-Bap1-ctrl-F-CHG-5-prime) | 24 of 24, cached: 24 ✔
[ad/16786e] epi…ZARR (evoC-Bap1-ctrl-F-CG) | 24 of 24, cached: 24 ✔
[7a/af244c] epi…PORT (evoC-Bap1-ctrl-F_CG) | 16 of 24, cached: 16
[55/6e2d06] epi…(evoC_Bap1_run-genome-CHG) | 3 of 3, cached: 3 ✔
[99/bfb703] epi…ZARR (evoC-Bap1-ctrl-F-CG) | 8 of 8, cached: 8 ✔
[a1/090fac] epi…PORT (evoC-Bap1-ctrl-F_CG) | 8 of 8, cached: 8 ✔
[bf/858655] epi…ZARR (evoC-Bap1-ctrl-F-CG) | 8 of 8, cached: 8 ✔
[41/191b27] epi…PORT (evoC-Bap1-ctrl-F_CG) | 8 of 8, cached: 8 ✔
[ab/4b9b86] epi…voC_Bap1_run-long_ctrl-CG) | 1 of 1, cached: 1 ✔
[0e/f525a2] summary:DQSPY (evoC_Bap1_run)  | 1 of 1, cached: 1 ✔
Plus 3 more processes waiting for tasks…

executor >  slurm (21)
[c5/ea6e30] res…(evoC-Bap1-mut-F-B2, L004) | 8 of 8, cached: 8 ✔
[94/d508a3] res…evoC-Bap1-ctrl-F-B2, L004) | 8 of 8, cached: 8 ✔
[-        ] resolve_align:FASTQC_RESOLVED  -
[a8/616be2] res…evoC-Bap1-ctrl-F-B2, L004) | 8 of 8, cached: 8 ✔
[-        ] res…align:SAMTOOLS_MERGE_LANES -
[-        ] resolve_align:PRESEQ           -
[b8/9c4b9b] bam…:BAMLET (evoC-Bap1-ctrl-F) | 8 of 8, cached: 8 ✔
[58/14f034] bam…P_BAMQC (evoC-Bap1-ctrl-F) | 8 of 8, cached: 8 ✔
[6a/c7990a] bam…SS_BIAS (evoC-Bap1-ctrl-F) | 8 of 8, cached: 8 ✔
[-        ] bam…:DEEPTOOLS_PLOTFINGERPRINT -
[a9/59a231] bam…_GCBIAS (evoC-Bap1-ctrl-F) | 8 of 8, cached: 8 ✔
[4e/8e1db6] bam…CCURACY (evoC-Bap1-ctrl-F) | 8 of 8, cached: 8 ✔
[ce/d6ff13] var…_CALLER (evoC-Bap1-ctrl-F) | 8 of 8, cached: 8 ✔
[ab/68d0ab] var…NTERVALS (GRCm38_filtered) | 1 of 1 ✔
[dc/88294d] var…DB_IMPORT (Interval: 0016) | 0 of 20
[-        ] variant_calling:GENOTYPE_GVCFS -
[-        ] var…t_calling:MERGE_JOINT_VCFS -
[-        ] variant_calling:ASM            -
[-        ] var…_calling:MERGE_ASM_OUTPUTS -
[80/cf6696] var…MUTECT2 (evoC-Bap1-ctrl-F) | 8 of 8, cached: 8 ✔
[71/303d64] mbi…C-Bap1-ctrl-F-CHG-5-prime) | 24 of 24, cached: 24 ✔
[ad/16786e] epi…ZARR (evoC-Bap1-ctrl-F-CG) | 24 of 24, cached: 24 ✔
[7a/af244c] epi…PORT (evoC-Bap1-ctrl-F_CG) | 16 of 24, cached: 16
[55/6e2d06] epi…(evoC_Bap1_run-genome-CHG) | 3 of 3, cached: 3 ✔
[99/bfb703] epi…ZARR (evoC-Bap1-ctrl-F-CG) | 8 of 8, cached: 8 ✔
[a1/090fac] epi…PORT (evoC-Bap1-ctrl-F_CG) | 8 of 8, cached: 8 ✔
[bf/858655] epi…ZARR (evoC-Bap1-ctrl-F-CG) | 8 of 8, cached: 8 ✔
[41/191b27] epi…PORT (evoC-Bap1-ctrl-F_CG) | 8 of 8, cached: 8 ✔
[ab/4b9b86] epi…voC_Bap1_run-long_ctrl-CG) | 1 of 1, cached: 1 ✔
[0e/f525a2] summary:DQSPY (evoC_Bap1_run)  | 1 of 1, cached: 1 ✔
Plus 3 more processes waiting for tasks…

executor >  slurm (22)
[c5/ea6e30] res…(evoC-Bap1-mut-F-B2, L004) | 8 of 8, cached: 8 ✔
[94/d508a3] res…evoC-Bap1-ctrl-F-B2, L004) | 8 of 8, cached: 8 ✔
[-        ] resolve_align:FASTQC_RESOLVED  -
[a8/616be2] res…evoC-Bap1-ctrl-F-B2, L004) | 8 of 8, cached: 8 ✔
[-        ] res…align:SAMTOOLS_MERGE_LANES -
[-        ] resolve_align:PRESEQ           -
[b8/9c4b9b] bam…:BAMLET (evoC-Bap1-ctrl-F) | 8 of 8, cached: 8 ✔
[58/14f034] bam…P_BAMQC (evoC-Bap1-ctrl-F) | 8 of 8, cached: 8 ✔
[6a/c7990a] bam…SS_BIAS (evoC-Bap1-ctrl-F) | 8 of 8, cached: 8 ✔
[-        ] bam…:DEEPTOOLS_PLOTFINGERPRINT -
[a9/59a231] bam…_GCBIAS (evoC-Bap1-ctrl-F) | 8 of 8, cached: 8 ✔
[4e/8e1db6] bam…CCURACY (evoC-Bap1-ctrl-F) | 8 of 8, cached: 8 ✔
[ce/d6ff13] var…_CALLER (evoC-Bap1-ctrl-F) | 8 of 8, cached: 8 ✔
[ab/68d0ab] var…NTERVALS (GRCm38_filtered) | 1 of 1 ✔
[66/a69380] var…DB_IMPORT (Interval: 0018) | 0 of 20
[-        ] variant_calling:GENOTYPE_GVCFS -
[-        ] var…t_calling:MERGE_JOINT_VCFS -
[-        ] variant_calling:ASM            -
[-        ] var…_calling:MERGE_ASM_OUTPUTS -
[80/cf6696] var…MUTECT2 (evoC-Bap1-ctrl-F) | 8 of 8, cached: 8 ✔
[71/303d64] mbi…C-Bap1-ctrl-F-CHG-5-prime) | 24 of 24, cached: 24 ✔
[ad/16786e] epi…ZARR (evoC-Bap1-ctrl-F-CG) | 24 of 24, cached: 24 ✔
[7a/af244c] epi…PORT (evoC-Bap1-ctrl-F_CG) | 16 of 24, cached: 16
[55/6e2d06] epi…(evoC_Bap1_run-genome-CHG) | 3 of 3, cached: 3 ✔
[99/bfb703] epi…ZARR (evoC-Bap1-ctrl-F-CG) | 8 of 8, cached: 8 ✔
[a1/090fac] epi…PORT (evoC-Bap1-ctrl-F_CG) | 8 of 8, cached: 8 ✔
[bf/858655] epi…ZARR (evoC-Bap1-ctrl-F-CG) | 8 of 8, cached: 8 ✔
[41/191b27] epi…PORT (evoC-Bap1-ctrl-F_CG) | 8 of 8, cached: 8 ✔
[ab/4b9b86] epi…voC_Bap1_run-long_ctrl-CG) | 1 of 1, cached: 1 ✔
[0e/f525a2] summary:DQSPY (evoC_Bap1_run)  | 1 of 1, cached: 1 ✔
Plus 3 more processes waiting for tasks…

executor >  slurm (23)
[c5/ea6e30] res…(evoC-Bap1-mut-F-B2, L004) | 8 of 8, cached: 8 ✔
[94/d508a3] res…evoC-Bap1-ctrl-F-B2, L004) | 8 of 8, cached: 8 ✔
[-        ] resolve_align:FASTQC_RESOLVED  -
[a8/616be2] res…evoC-Bap1-ctrl-F-B2, L004) | 8 of 8, cached: 8 ✔
[-        ] res…align:SAMTOOLS_MERGE_LANES -
[-        ] resolve_align:PRESEQ           -
[b8/9c4b9b] bam…:BAMLET (evoC-Bap1-ctrl-F) | 8 of 8, cached: 8 ✔
[58/14f034] bam…P_BAMQC (evoC-Bap1-ctrl-F) | 8 of 8, cached: 8 ✔
[6a/c7990a] bam…SS_BIAS (evoC-Bap1-ctrl-F) | 8 of 8, cached: 8 ✔
[-        ] bam…:DEEPTOOLS_PLOTFINGERPRINT -
[a9/59a231] bam…_GCBIAS (evoC-Bap1-ctrl-F) | 8 of 8, cached: 8 ✔
[4e/8e1db6] bam…CCURACY (evoC-Bap1-ctrl-F) | 8 of 8, cached: 8 ✔
[ce/d6ff13] var…_CALLER (evoC-Bap1-ctrl-F) | 8 of 8, cached: 8 ✔
[ab/68d0ab] var…NTERVALS (GRCm38_filtered) | 1 of 1 ✔
[82/7e6e40] var…DB_IMPORT (Interval: 0004) | 0 of 20
[-        ] variant_calling:GENOTYPE_GVCFS -
[-        ] var…t_calling:MERGE_JOINT_VCFS -
[-        ] variant_calling:ASM            -
[-        ] var…_calling:MERGE_ASM_OUTPUTS -
[80/cf6696] var…MUTECT2 (evoC-Bap1-ctrl-F) | 8 of 8, cached: 8 ✔
[71/303d64] mbi…C-Bap1-ctrl-F-CHG-5-prime) | 24 of 24, cached: 24 ✔
[ad/16786e] epi…ZARR (evoC-Bap1-ctrl-F-CG) | 24 of 24, cached: 24 ✔
[7a/af244c] epi…PORT (evoC-Bap1-ctrl-F_CG) | 16 of 24, cached: 16
[55/6e2d06] epi…(evoC_Bap1_run-genome-CHG) | 3 of 3, cached: 3 ✔
[99/bfb703] epi…ZARR (evoC-Bap1-ctrl-F-CG) | 8 of 8, cached: 8 ✔
[a1/090fac] epi…PORT (evoC-Bap1-ctrl-F_CG) | 8 of 8, cached: 8 ✔
[bf/858655] epi…ZARR (evoC-Bap1-ctrl-F-CG) | 8 of 8, cached: 8 ✔
[41/191b27] epi…PORT (evoC-Bap1-ctrl-F_CG) | 8 of 8, cached: 8 ✔
[ab/4b9b86] epi…voC_Bap1_run-long_ctrl-CG) | 1 of 1, cached: 1 ✔
[0e/f525a2] summary:DQSPY (evoC_Bap1_run)  | 1 of 1, cached: 1 ✔
Plus 3 more processes waiting for tasks…

executor >  slurm (24)
[c5/ea6e30] res…(evoC-Bap1-mut-F-B2, L004) | 8 of 8, cached: 8 ✔
[94/d508a3] res…evoC-Bap1-ctrl-F-B2, L004) | 8 of 8, cached: 8 ✔
[-        ] resolve_align:FASTQC_RESOLVED  -
[a8/616be2] res…evoC-Bap1-ctrl-F-B2, L004) | 8 of 8, cached: 8 ✔
[-        ] res…align:SAMTOOLS_MERGE_LANES -
[-        ] resolve_align:PRESEQ           -
[b8/9c4b9b] bam…:BAMLET (evoC-Bap1-ctrl-F) | 8 of 8, cached: 8 ✔
[58/14f034] bam…P_BAMQC (evoC-Bap1-ctrl-F) | 8 of 8, cached: 8 ✔
[6a/c7990a] bam…SS_BIAS (evoC-Bap1-ctrl-F) | 8 of 8, cached: 8 ✔
[-        ] bam…:DEEPTOOLS_PLOTFINGERPRINT -
[a9/59a231] bam…_GCBIAS (evoC-Bap1-ctrl-F) | 8 of 8, cached: 8 ✔
[4e/8e1db6] bam…CCURACY (evoC-Bap1-ctrl-F) | 8 of 8, cached: 8 ✔
[ce/d6ff13] var…_CALLER (evoC-Bap1-ctrl-F) | 8 of 8, cached: 8 ✔
[ab/68d0ab] var…NTERVALS (GRCm38_filtered) | 1 of 1 ✔
[81/fe0776] var…DB_IMPORT (Interval: 0012) | 0 of 20, retries: 2
[-        ] variant_calling:GENOTYPE_GVCFS -
[-        ] var…t_calling:MERGE_JOINT_VCFS -
[-        ] variant_calling:ASM            -
[-        ] var…_calling:MERGE_ASM_OUTPUTS -
[80/cf6696] var…MUTECT2 (evoC-Bap1-ctrl-F) | 8 of 8, cached: 8 ✔
[71/303d64] mbi…C-Bap1-ctrl-F-CHG-5-prime) | 24 of 24, cached: 24 ✔
[ad/16786e] epi…ZARR (evoC-Bap1-ctrl-F-CG) | 24 of 24, cached: 24 ✔
[7a/af244c] epi…PORT (evoC-Bap1-ctrl-F_CG) | 16 of 24, cached: 16
[55/6e2d06] epi…(evoC_Bap1_run-genome-CHG) | 3 of 3, cached: 3 ✔
[99/bfb703] epi…ZARR (evoC-Bap1-ctrl-F-CG) | 8 of 8, cached: 8 ✔
[a1/090fac] epi…PORT (evoC-Bap1-ctrl-F_CG) | 8 of 8, cached: 8 ✔
[bf/858655] epi…ZARR (evoC-Bap1-ctrl-F-CG) | 8 of 8, cached: 8 ✔
[41/191b27] epi…PORT (evoC-Bap1-ctrl-F_CG) | 8 of 8, cached: 8 ✔
[ab/4b9b86] epi…voC_Bap1_run-long_ctrl-CG) | 1 of 1, cached: 1 ✔
[0e/f525a2] summary:DQSPY (evoC_Bap1_run)  | 1 of 1, cached: 1 ✔
Plus 3 more processes waiting for tasks…
[92/e6b9a1] NOTE: Error submitting process 'variant_calling:GENOMICS_DB_IMPORT (Interval: 0008)' for execution -- Execution is retried (1)
[81/fe0776] NOTE: Error submitting process 'variant_calling:GENOMICS_DB_IMPORT (Interval: 0012)' for execution -- Execution is retried (1)

executor >  slurm (24)
[c5/ea6e30] res…(evoC-Bap1-mut-F-B2, L004) | 8 of 8, cached: 8 ✔
[94/d508a3] res…evoC-Bap1-ctrl-F-B2, L004) | 8 of 8, cached: 8 ✔
[-        ] resolve_align:FASTQC_RESOLVED  -
[a8/616be2] res…evoC-Bap1-ctrl-F-B2, L004) | 8 of 8, cached: 8 ✔
[-        ] res…align:SAMTOOLS_MERGE_LANES -
[-        ] resolve_align:PRESEQ           -
[b8/9c4b9b] bam…:BAMLET (evoC-Bap1-ctrl-F) | 8 of 8, cached: 8 ✔
[58/14f034] bam…P_BAMQC (evoC-Bap1-ctrl-F) | 8 of 8, cached: 8 ✔
[6a/c7990a] bam…SS_BIAS (evoC-Bap1-ctrl-F) | 8 of 8, cached: 8 ✔
[-        ] bam…:DEEPTOOLS_PLOTFINGERPRINT -
[a9/59a231] bam…_GCBIAS (evoC-Bap1-ctrl-F) | 8 of 8, cached: 8 ✔
[4e/8e1db6] bam…CCURACY (evoC-Bap1-ctrl-F) | 8 of 8, cached: 8 ✔
[ce/d6ff13] var…_CALLER (evoC-Bap1-ctrl-F) | 8 of 8, cached: 8 ✔
[ab/68d0ab] var…NTERVALS (GRCm38_filtered) | 1 of 1 ✔
[72/0e3106] var…DB_IMPORT (Interval: 0019) | 0 of 20, retries: 5
[-        ] variant_calling:GENOTYPE_GVCFS -
[-        ] var…t_calling:MERGE_JOINT_VCFS -
[-        ] variant_calling:ASM            -
[-        ] var…_calling:MERGE_ASM_OUTPUTS -
[80/cf6696] var…MUTECT2 (evoC-Bap1-ctrl-F) | 8 of 8, cached: 8 ✔
[71/303d64] mbi…C-Bap1-ctrl-F-CHG-5-prime) | 24 of 24, cached: 24 ✔
[ad/16786e] epi…ZARR (evoC-Bap1-ctrl-F-CG) | 24 of 24, cached: 24 ✔
[7a/af244c] epi…PORT (evoC-Bap1-ctrl-F_CG) | 16 of 24, cached: 16
[55/6e2d06] epi…(evoC_Bap1_run-genome-CHG) | 3 of 3, cached: 3 ✔
[99/bfb703] epi…ZARR (evoC-Bap1-ctrl-F-CG) | 8 of 8, cached: 8 ✔
[a1/090fac] epi…PORT (evoC-Bap1-ctrl-F_CG) | 8 of 8, cached: 8 ✔
[bf/858655] epi…ZARR (evoC-Bap1-ctrl-F-CG) | 8 of 8, cached: 8 ✔
[41/191b27] epi…PORT (evoC-Bap1-ctrl-F_CG) | 8 of 8, cached: 8 ✔
[ab/4b9b86] epi…voC_Bap1_run-long_ctrl-CG) | 1 of 1, cached: 1 ✔
[0e/f525a2] summary:DQSPY (evoC_Bap1_run)  | 1 of 1, cached: 1 ✔
Plus 3 more processes waiting for tasks…
[92/e6b9a1] NOTE: Error submitting process 'variant_calling:GENOMICS_DB_IMPORT (Interval: 0008)' for execution -- Execution is retried (1)
[81/fe0776] NOTE: Error submitting process 'variant_calling:GENOMICS_DB_IMPORT (Interval: 0012)' for execution -- Execution is retried (1)
[45/589221] NOTE: Error submitting process 'variant_calling:GENOMICS_DB_IMPORT (Interval: 0011)' for execution -- Execution is retried (1)
[c0/d0e023] NOTE: Error submitting process 'variant_calling:GENOMICS_DB_IMPORT (Interval: 0006)' for execution -- Execution is retried (1)
[72/0e3106] NOTE: Error submitting process 'variant_calling:GENOMICS_DB_IMPORT (Interval: 0019)' for execution -- Execution is retried (1)

executor >  slurm (24)
[c5/ea6e30] res…(evoC-Bap1-mut-F-B2, L004) | 8 of 8, cached: 8 ✔
[94/d508a3] res…evoC-Bap1-ctrl-F-B2, L004) | 8 of 8, cached: 8 ✔
[-        ] resolve_align:FASTQC_RESOLVED  -
[a8/616be2] res…evoC-Bap1-ctrl-F-B2, L004) | 8 of 8, cached: 8 ✔
[-        ] res…align:SAMTOOLS_MERGE_LANES -
[-        ] resolve_align:PRESEQ           -
[b8/9c4b9b] bam…:BAMLET (evoC-Bap1-ctrl-F) | 8 of 8, cached: 8 ✔
[58/14f034] bam…P_BAMQC (evoC-Bap1-ctrl-F) | 8 of 8, cached: 8 ✔
[6a/c7990a] bam…SS_BIAS (evoC-Bap1-ctrl-F) | 8 of 8, cached: 8 ✔
[-        ] bam…:DEEPTOOLS_PLOTFINGERPRINT -
[a9/59a231] bam…_GCBIAS (evoC-Bap1-ctrl-F) | 8 of 8, cached: 8 ✔
[4e/8e1db6] bam…CCURACY (evoC-Bap1-ctrl-F) | 8 of 8, cached: 8 ✔
[ce/d6ff13] var…_CALLER (evoC-Bap1-ctrl-F) | 8 of 8, cached: 8 ✔
[ab/68d0ab] var…NTERVALS (GRCm38_filtered) | 1 of 1 ✔
[72/0e3106] var…DB_IMPORT (Interval: 0019) | 0 of 20, retries: 5
[-        ] variant_calling:GENOTYPE_GVCFS -
[-        ] var…t_calling:MERGE_JOINT_VCFS -
[-        ] variant_calling:ASM            -
[-        ] var…_calling:MERGE_ASM_OUTPUTS -
[80/cf6696] var…MUTECT2 (evoC-Bap1-ctrl-F) | 8 of 8, cached: 8 ✔
[71/303d64] mbi…C-Bap1-ctrl-F-CHG-5-prime) | 24 of 24, cached: 24 ✔
[ad/16786e] epi…ZARR (evoC-Bap1-ctrl-F-CG) | 24 of 24, cached: 24 ✔
[7a/af244c] epi…PORT (evoC-Bap1-ctrl-F_CG) | 16 of 24, cached: 16
[55/6e2d06] epi…(evoC_Bap1_run-genome-CHG) | 3 of 3, cached: 3 ✔
[99/bfb703] epi…ZARR (evoC-Bap1-ctrl-F-CG) | 8 of 8, cached: 8 ✔
[a1/090fac] epi…PORT (evoC-Bap1-ctrl-F_CG) | 8 of 8, cached: 8 ✔
[bf/858655] epi…ZARR (evoC-Bap1-ctrl-F-CG) | 8 of 8, cached: 8 ✔
[41/191b27] epi…PORT (evoC-Bap1-ctrl-F_CG) | 8 of 8, cached: 8 ✔
[ab/4b9b86] epi…voC_Bap1_run-long_ctrl-CG) | 1 of 1, cached: 1 ✔
[0e/f525a2] summary:DQSPY (evoC_Bap1_run)  | 1 of 1, cached: 1 ✔
Plus 3 more processes waiting for tasks…
[92/e6b9a1] NOTE: Error submitting process 'variant_calling:GENOMICS_DB_IMPORT (Interval: 0008)' for execution -- Execution is retried (1)
[81/fe0776] NOTE: Error submitting process 'variant_calling:GENOMICS_DB_IMPORT (Interval: 0012)' for execution -- Execution is retried (1)
[45/589221] NOTE: Error submitting process 'variant_calling:GENOMICS_DB_IMPORT (Interval: 0011)' for execution -- Execution is retried (1)
[c0/d0e023] NOTE: Error submitting process 'variant_calling:GENOMICS_DB_IMPORT (Interval: 0006)' for execution -- Execution is retried (1)
[72/0e3106] NOTE: Error submitting process 'variant_calling:GENOMICS_DB_IMPORT (Interval: 0019)' for execution -- Execution is retried (1)
ERROR ~ Error executing process > 'variant_calling:GENOMICS_DB_IMPORT (Interval: 0008)'

Caused by:
  Failed to submit process to grid scheduler for execution


Command executed:

  sbatch .command.run

Command exit status:
  1

Command output:
  sbatch: error: Project balance is not enough to run the job.
  sbatch: error: Batch job submission failed: Job violates accounting/QOS policy (job submit limit, user's size and/or time limits)

Work dir:
  /expanse/lustre/scratch/zalibhai/temp_project/work/58/7fe6bb0c62bda899584c2db785dc06

Container:
  /expanse/lustre/projects/csd940/zalibhai/biomodal/images/europe-docker.pkg.dev-cegx-releases-eu-prod-gatk-0.3.0.img

Tip: you can try to figure out what's wrong by changing to the process work dir and showing the script file named `.command.sh`

 -- Check '.nextflow.log' file for details
WARN: Killing running tasks (23)

executor >  slurm (24)
[c5/ea6e30] res…(evoC-Bap1-mut-F-B2, L004) | 8 of 8, cached: 8 ✔
[94/d508a3] res…evoC-Bap1-ctrl-F-B2, L004) | 8 of 8, cached: 8 ✔
[-        ] resolve_align:FASTQC_RESOLVED  -
[a8/616be2] res…evoC-Bap1-ctrl-F-B2, L004) | 8 of 8, cached: 8 ✔
[-        ] res…align:SAMTOOLS_MERGE_LANES -
[-        ] resolve_align:PRESEQ           -
[b8/9c4b9b] bam…:BAMLET (evoC-Bap1-ctrl-F) | 8 of 8, cached: 8 ✔
[58/14f034] bam…P_BAMQC (evoC-Bap1-ctrl-F) | 8 of 8, cached: 8 ✔
[6a/c7990a] bam…SS_BIAS (evoC-Bap1-ctrl-F) | 8 of 8, cached: 8 ✔
[-        ] bam…:DEEPTOOLS_PLOTFINGERPRINT -
[a9/59a231] bam…_GCBIAS (evoC-Bap1-ctrl-F) | 8 of 8, cached: 8 ✔
[4e/8e1db6] bam…CCURACY (evoC-Bap1-ctrl-F) | 8 of 8, cached: 8 ✔
[ce/d6ff13] var…_CALLER (evoC-Bap1-ctrl-F) | 8 of 8, cached: 8 ✔
[ab/68d0ab] var…NTERVALS (GRCm38_filtered) | 1 of 1 ✔
[3c/db267f] var…DB_IMPORT (Interval: 0005) | 0 of 20, retries: 5
[-        ] variant_calling:GENOTYPE_GVCFS -
[-        ] var…t_calling:MERGE_JOINT_VCFS -
[-        ] variant_calling:ASM            -
[-        ] var…_calling:MERGE_ASM_OUTPUTS -
[80/cf6696] var…MUTECT2 (evoC-Bap1-ctrl-F) | 8 of 8, cached: 8 ✔
[71/303d64] mbi…C-Bap1-ctrl-F-CHG-5-prime) | 24 of 24, cached: 24 ✔
[ad/16786e] epi…ZARR (evoC-Bap1-ctrl-F-CG) | 24 of 24, cached: 24 ✔
[67/49d9ea] epi… (evoC-Bap1-ctrl-M-B2_CHH) | 16 of 24, cached: 16
[55/6e2d06] epi…(evoC_Bap1_run-genome-CHG) | 3 of 3, cached: 3 ✔
[99/bfb703] epi…ZARR (evoC-Bap1-ctrl-F-CG) | 8 of 8, cached: 8 ✔
[a1/090fac] epi…PORT (evoC-Bap1-ctrl-F_CG) | 8 of 8, cached: 8 ✔
[bf/858655] epi…ZARR (evoC-Bap1-ctrl-F-CG) | 8 of 8, cached: 8 ✔
[41/191b27] epi…PORT (evoC-Bap1-ctrl-F_CG) | 8 of 8, cached: 8 ✔
[ab/4b9b86] epi…voC_Bap1_run-long_ctrl-CG) | 1 of 1, cached: 1 ✔
[0e/f525a2] summary:DQSPY (evoC_Bap1_run)  | 1 of 1, cached: 1 ✔
Plus 3 more processes waiting for tasks…
[92/e6b9a1] NOTE: Error submitting process 'variant_calling:GENOMICS_DB_IMPORT (Interval: 0008)' for execution -- Execution is retried (1)
[81/fe0776] NOTE: Error submitting process 'variant_calling:GENOMICS_DB_IMPORT (Interval: 0012)' for execution -- Execution is retried (1)
[45/589221] NOTE: Error submitting process 'variant_calling:GENOMICS_DB_IMPORT (Interval: 0011)' for execution -- Execution is retried (1)
[c0/d0e023] NOTE: Error submitting process 'variant_calling:GENOMICS_DB_IMPORT (Interval: 0006)' for execution -- Execution is retried (1)
[72/0e3106] NOTE: Error submitting process 'variant_calling:GENOMICS_DB_IMPORT (Interval: 0019)' for execution -- Execution is retried (1)
ERROR ~ Error executing process > 'variant_calling:GENOMICS_DB_IMPORT (Interval: 0008)'

Caused by:
  Failed to submit process to grid scheduler for execution


Command executed:

  sbatch .command.run

Command exit status:
  1

Command output:
  sbatch: error: Project balance is not enough to run the job.
  sbatch: error: Batch job submission failed: Job violates accounting/QOS policy (job submit limit, user's size and/or time limits)

Work dir:
  /expanse/lustre/scratch/zalibhai/temp_project/work/58/7fe6bb0c62bda899584c2db785dc06

Container:
  /expanse/lustre/projects/csd940/zalibhai/biomodal/images/europe-docker.pkg.dev-cegx-releases-eu-prod-gatk-0.3.0.img

Tip: you can try to figure out what's wrong by changing to the process work dir and showing the script file named `.command.sh`

 -- Check '.nextflow.log' file for details

2026-03-29T00:53:26.746Z  ERROR  Command execution failed
    error message: exit status 1
Run 'biomodal run duet --input-path /expanse/lustre/projects/csd940/zalibhai/biomodal/evoC-run/input --output-path /expanse/lustre/projects/csd940/zalibhai/biomodal/evoC-run/output --meta-file /expanse/lustre/projects/csd940/zalibhai/biomodal/evoC-run/input/metadata.csv --run-name evoC_Bap1_run --tag evoC_Bap1_run --mode 6bp --additional-profile deep_seq --chg-chh-contexts --quantification-output cxreport,bismark,bedmethyl,bedgraph --compute-asm --use-gvcf --reference-genome-name GRCm38 --additional-params run_by_default.fastqc.raw=true,call_somatic_variants=true --resume --help' for help

=========================================
End time: Sun Mar 29 00:53:26 PDT 2026
=========================================
