===========================================
A1: CALDER2 Subcompartment Calling
===========================================
Job ID:     49843387
Node:       exp-9-35
CPUs:       8
Timepoint:  250831
Sample:     ctrl_merged
Input:      /expanse/lustre/projects/csd940/zalibhai/stripes/StripeCaller/data/hic/250831/ctrl_merged.hic
Work dir:   /expanse/lustre/projects/csd940/zalibhai/sniper/calder2/250831/ctrl_merged
Repo dir:   /expanse/lustre/projects/csd940/zalibhai/mariner_hi-c/ML/cmpts/outputs/calder2/early/250831/ctrl_merged
Start:      Thu May 28 09:28:52 PDT 2026
===========================================
===========================================
A1: CALDER2 Subcompartment Calling
===========================================
Timepoint:  250831
Sample:     ctrl_merged
Input:      /expanse/lustre/projects/csd940/zalibhai/stripes/StripeCaller/data/hic/250831/ctrl_merged.hic
Work dir:   /expanse/lustre/projects/csd940/zalibhai/sniper/calder2/250831/ctrl_merged
Repo dir:   /expanse/lustre/projects/csd940/zalibhai/mariner_hi-c/ML/cmpts/outputs/calder2/early/250831/ctrl_merged
Start:      Thu May 28 09:28:54 2026
===========================================

[ 1 ] Begin process contact matrix and compute correlation score at: 2026-05-28 09:28:54 
[ 1 ] Begin process contact matrix and compute correlation score at: 2026-05-28 09:28:54 
[ 2 ] Begin process contact matrix and compute correlation score at: 2026-05-28 09:28:54 
[ 2 ] Begin process contact matrix and compute correlation score at: 2026-05-28 09:28:54 
[ 4 ] Begin process contact matrix and compute correlation score at: 2026-05-28 09:28:54 
[ 3 ] Begin process contact matrix and compute correlation score at: 2026-05-28 09:28:54 
[ 3 ] Begin process contact matrix and compute correlation score at: 2026-05-28 09:28:54 
[ 4 ] Begin process contact matrix and compute correlation score at: 2026-05-28 09:28:54 
[ 4 ] Finish process contact matrix and compute correlation score at: 2026-05-28 09:29:05 
[ 4 ] Begin compute compartment domains and their hierachy at: 2026-05-28 09:29:05 
[ 3 ] Finish process contact matrix and compute correlation score at: 2026-05-28 09:29:07 
[ 3 ] Begin compute compartment domains and their hierachy at: 2026-05-28 09:29:07 
[ 2 ] Finish process contact matrix and compute correlation score at: 2026-05-28 09:29:08 
[ 2 ] Begin compute compartment domains and their hierachy at: 2026-05-28 09:29:08 
[ 4 ] Computing compartments
[ 4 ] Finish process contact matrix and compute correlation score at: 2026-05-28 09:29:09 
[ 4 ] Begin compute compartment domains and their hierachy at: 2026-05-28 09:29:09 
[ 3 ] Computing compartments
[ 1 ] Finish process contact matrix and compute correlation score at: 2026-05-28 09:29:09 
[ 1 ] Begin compute compartment domains and their hierachy at: 2026-05-28 09:29:09 
[ 2 ] Computing compartments
[ 3 ] Finish process contact matrix and compute correlation score at: 2026-05-28 09:29:10 
[ 3 ] Begin compute compartment domains and their hierachy at: 2026-05-28 09:29:10 
[ 4 ] Correlation between PC1 and reference compartment is : 0.77196 
[ 2 ] Correlation between PC1 and reference compartment is : 0.8384 
[ 3 ] Correlation between PC1 and reference compartment is : 0.75531 
[ 1 ] Finish process contact matrix and compute correlation score at: 2026-05-28 09:29:14 
[ 1 ] Begin compute compartment domains and their hierachy at: 2026-05-28 09:29:14 
[ 1 ] Computing compartments
[ 4 ] Computing compartments
[ 2 ] Finish process contact matrix and compute correlation score at: 2026-05-28 09:29:15 
[ 2 ] Begin compute compartment domains and their hierachy at: 2026-05-28 09:29:15 
[ 3 ] Computing compartments
[ 4 ] Finish compute compartment domains and their hierachy at:  2026-05-28 09:29:17 
[ 8 ] Begin process contact matrix and compute correlation score at: 2026-05-28 09:29:17 
[ 1 ] Correlation between PC1 and reference compartment is : 0.79938 
[ 3 ] Finish compute compartment domains and their hierachy at:  2026-05-28 09:29:19 
[ 7 ] Begin process contact matrix and compute correlation score at: 2026-05-28 09:29:19 
[ 4 ] Correlation between PC1 and reference compartment is : 0.78466 
[ 2 ] Finish compute compartment domains and their hierachy at:  2026-05-28 09:29:20 
[ 6 ] Begin process contact matrix and compute correlation score at: 2026-05-28 09:29:20 
[ 1 ] Computing compartments
[ 2 ] Computing compartments
[ 3 ] Correlation between PC1 and reference compartment is : 0.75702 
[ 8 ] Finish process contact matrix and compute correlation score at: 2026-05-28 09:29:22 
[ 8 ] Begin compute compartment domains and their hierachy at: 2026-05-28 09:29:22 
[ 8 ] Computing compartments
[ 7 ] Finish process contact matrix and compute correlation score at: 2026-05-28 09:29:24 
[ 7 ] Begin compute compartment domains and their hierachy at: 2026-05-28 09:29:24 
[ 8 ] Correlation between PC1 and reference compartment is : 0.78684 
[ 6 ] Finish process contact matrix and compute correlation score at: 2026-05-28 09:29:25 
[ 6 ] Begin compute compartment domains and their hierachy at: 2026-05-28 09:29:25 
[ 7 ] Computing compartments
[ 1 ] Finish compute compartment domains and their hierachy at:  2026-05-28 09:29:26 
[ 5 ] Begin process contact matrix and compute correlation score at: 2026-05-28 09:29:26 
[ 6 ] Computing compartments
[ 8 ] Finish compute compartment domains and their hierachy at:  2026-05-28 09:29:27 
[ 12 ] Begin process contact matrix and compute correlation score at: 2026-05-28 09:29:27 
[ 7 ] Correlation between PC1 and reference compartment is : 0.80469 
[ 6 ] Correlation between PC1 and reference compartment is : 0.78251 
[ 2 ] Correlation between PC1 and reference compartment is : 0.82856 
[ 12 ] Finish process contact matrix and compute correlation score at: 2026-05-28 09:29:31 
[ 12 ] Begin compute compartment domains and their hierachy at: 2026-05-28 09:29:31 
[ 7 ] Finish compute compartment domains and their hierachy at:  2026-05-28 09:29:31 
[ 11 ] Begin process contact matrix and compute correlation score at: 2026-05-28 09:29:31 
[ 12 ] Computing compartments
[ 1 ] Correlation between PC1 and reference compartment is : 0.78555 
[ 6 ] Finish compute compartment domains and their hierachy at:  2026-05-28 09:29:33 
[ 10 ] Begin process contact matrix and compute correlation score at: 2026-05-28 09:29:33 
[ 12 ] Correlation between PC1 and reference compartment is : 0.82078 
[ 5 ] Finish process contact matrix and compute correlation score at: 2026-05-28 09:29:33 
[ 5 ] Begin compute compartment domains and their hierachy at: 2026-05-28 09:29:33 
[ 4 ] Finish compute compartment domains and their hierachy at:  2026-05-28 09:29:34 
[ 5 ] Computing compartments
[ 11 ] Finish process contact matrix and compute correlation score at: 2026-05-28 09:29:36 
[ 11 ] Begin compute compartment domains and their hierachy at: 2026-05-28 09:29:36 
[ 12 ] Finish compute compartment domains and their hierachy at:  2026-05-28 09:29:36 
[ 16 ] Begin process contact matrix and compute correlation score at: 2026-05-28 09:29:36 
[ 5 ] Correlation between PC1 and reference compartment is : 0.72789 
[ 11 ] Computing compartments
[ 10 ] Finish process contact matrix and compute correlation score at: 2026-05-28 09:29:38 
[ 10 ] Begin compute compartment domains and their hierachy at: 2026-05-28 09:29:38 
[ 3 ] Finish compute compartment domains and their hierachy at:  2026-05-28 09:29:38 
[ 11 ] Correlation between PC1 and reference compartment is : 0.79929 
[ 10 ] Computing compartments
[ 16 ] Finish process contact matrix and compute correlation score at: 2026-05-28 09:29:39 
[ 16 ] Begin compute compartment domains and their hierachy at: 2026-05-28 09:29:39 
[ 16 ] Computing compartments
[ 16 ] Correlation between PC1 and reference compartment is : 0.72156 
[ 5 ] Finish compute compartment domains and their hierachy at:  2026-05-28 09:29:41 
[ 9 ] Begin process contact matrix and compute correlation score at: 2026-05-28 09:29:41 
[ 11 ] Finish compute compartment domains and their hierachy at:  2026-05-28 09:29:41 
[ 15 ] Begin process contact matrix and compute correlation score at: 2026-05-28 09:29:41 
[ 10 ] Correlation between PC1 and reference compartment is : 0.73758 
[ 16 ] Finish compute compartment domains and their hierachy at:  2026-05-28 09:29:44 
[ 10 ] Finish compute compartment domains and their hierachy at:  2026-05-28 09:29:45 
[ 14 ] Begin process contact matrix and compute correlation score at: 2026-05-28 09:29:45 
[ 15 ] Finish process contact matrix and compute correlation score at: 2026-05-28 09:29:45 
[ 15 ] Begin compute compartment domains and their hierachy at: 2026-05-28 09:29:45 
[ 2 ] Finish compute compartment domains and their hierachy at:  2026-05-28 09:29:45 
[ 9 ] Finish process contact matrix and compute correlation score at: 2026-05-28 09:29:45 
[ 9 ] Begin compute compartment domains and their hierachy at: 2026-05-28 09:29:45 
[ 15 ] Computing compartments
[ 15 ] Correlation between PC1 and reference compartment is : 0.70096 
[ 9 ] Computing compartments
[ 9 ] Correlation between PC1 and reference compartment is : 0.75996 
[ 8 ] Begin process contact matrix and compute correlation score at: 2026-05-28 09:29:47 
[ 14 ] Finish process contact matrix and compute correlation score at: 2026-05-28 09:29:48 
[ 14 ] Begin compute compartment domains and their hierachy at: 2026-05-28 09:29:48 
[ 15 ] Finish compute compartment domains and their hierachy at:  2026-05-28 09:29:48 
[ 19 ] Begin process contact matrix and compute correlation score at: 2026-05-28 09:29:48 
[ 1 ] Finish compute compartment domains and their hierachy at:  2026-05-28 09:29:49 
[ 14 ] Computing compartments
[ 9 ] Finish compute compartment domains and their hierachy at:  2026-05-28 09:29:50 
[ 13 ] Begin process contact matrix and compute correlation score at: 2026-05-28 09:29:50 
[ 19 ] Finish process contact matrix and compute correlation score at: 2026-05-28 09:29:50 
[ 19 ] Begin compute compartment domains and their hierachy at: 2026-05-28 09:29:50 
[ 19 ] Computing compartments
[ 14 ] Correlation between PC1 and reference compartment is : 0.74523 
[ 19 ] Correlation between PC1 and reference compartment is : 0.84068 
[ 8 ] Finish process contact matrix and compute correlation score at: 2026-05-28 09:29:52 
[ 8 ] Begin compute compartment domains and their hierachy at: 2026-05-28 09:29:52 
[ 19 ] Finish compute compartment domains and their hierachy at:  2026-05-28 09:29:53 
[ 7 ] Begin process contact matrix and compute correlation score at: 2026-05-28 09:29:53 
[ 13 ] Finish process contact matrix and compute correlation score at: 2026-05-28 09:29:53 
[ 13 ] Begin compute compartment domains and their hierachy at: 2026-05-28 09:29:53 
[ 13 ] Computing compartments
[ 14 ] Finish compute compartment domains and their hierachy at:  2026-05-28 09:29:54 
[ 18 ] Begin process contact matrix and compute correlation score at: 2026-05-28 09:29:54 
[ 13 ] Correlation between PC1 and reference compartment is : 0.66843 
[ 8 ] Computing compartments
[ 18 ] Finish process contact matrix and compute correlation score at: 2026-05-28 09:29:56 
[ 18 ] Begin compute compartment domains and their hierachy at: 2026-05-28 09:29:56 
[ 18 ] Computing compartments
[ 18 ] Correlation between PC1 and reference compartment is : 0.77926 
[ 13 ] Finish compute compartment domains and their hierachy at:  2026-05-28 09:29:57 
[ 17 ] Begin process contact matrix and compute correlation score at: 2026-05-28 09:29:57 
[ 7 ] Finish process contact matrix and compute correlation score at: 2026-05-28 09:29:59 
[ 7 ] Begin compute compartment domains and their hierachy at: 2026-05-28 09:29:59 
[ 18 ] Finish compute compartment domains and their hierachy at:  2026-05-28 09:30:00 
[ 17 ] Finish process contact matrix and compute correlation score at: 2026-05-28 09:30:00 
[ 17 ] Begin compute compartment domains and their hierachy at: 2026-05-28 09:30:00 
[ 8 ] Correlation between PC1 and reference compartment is : 0.79144 
[ 17 ] Computing compartments
[ 17 ] Correlation between PC1 and reference compartment is : 0.7962 
[ 17 ] Finish compute compartment domains and their hierachy at:  2026-05-28 09:30:02 
[ 7 ] Computing compartments
[ 6 ] Begin process contact matrix and compute correlation score at: 2026-05-28 09:30:03 
[ 8 ] Finish compute compartment domains and their hierachy at:  2026-05-28 09:30:05 
[ 7 ] Correlation between PC1 and reference compartment is : 0.826 
[ 6 ] Finish process contact matrix and compute correlation score at: 2026-05-28 09:30:08 
[ 6 ] Begin compute compartment domains and their hierachy at: 2026-05-28 09:30:08 
[ 5 ] Begin process contact matrix and compute correlation score at: 2026-05-28 09:30:09 
[ 6 ] Computing compartments
[ 7 ] Finish compute compartment domains and their hierachy at:  2026-05-28 09:30:12 
[ 12 ] Begin process contact matrix and compute correlation score at: 2026-05-28 09:30:12 
[ 5 ] Finish process contact matrix and compute correlation score at: 2026-05-28 09:30:13 
[ 5 ] Begin compute compartment domains and their hierachy at: 2026-05-28 09:30:13 
[ 6 ] Correlation between PC1 and reference compartment is : 0.79069 
[ 12 ] Finish process contact matrix and compute correlation score at: 2026-05-28 09:30:16 
[ 12 ] Begin compute compartment domains and their hierachy at: 2026-05-28 09:30:16 
[ 5 ] Computing compartments
[ 12 ] Computing compartments
[ 11 ] Begin process contact matrix and compute correlation score at: 2026-05-28 09:30:21 
[ 12 ] Correlation between PC1 and reference compartment is : 0.8252 
[ 5 ] Correlation between PC1 and reference compartment is : 0.74158 
[ 6 ] Finish compute compartment domains and their hierachy at:  2026-05-28 09:30:21 
[ 11 ] Finish process contact matrix and compute correlation score at: 2026-05-28 09:30:24 
[ 11 ] Begin compute compartment domains and their hierachy at: 2026-05-28 09:30:24 
[ 12 ] Finish compute compartment domains and their hierachy at:  2026-05-28 09:30:26 
[ 11 ] Computing compartments
[ 5 ] Finish compute compartment domains and their hierachy at:  2026-05-28 09:30:27 
[ 11 ] Correlation between PC1 and reference compartment is : 0.81985 
[ 10 ] Begin process contact matrix and compute correlation score at: 2026-05-28 09:30:31 
[ 16 ] Begin process contact matrix and compute correlation score at: 2026-05-28 09:30:31 
[ 11 ] Finish compute compartment domains and their hierachy at:  2026-05-28 09:30:34 
[ 16 ] Finish process contact matrix and compute correlation score at: 2026-05-28 09:30:34 
[ 16 ] Begin compute compartment domains and their hierachy at: 2026-05-28 09:30:34 
[ 10 ] Finish process contact matrix and compute correlation score at: 2026-05-28 09:30:35 
[ 10 ] Begin compute compartment domains and their hierachy at: 2026-05-28 09:30:35 
[ 16 ] Computing compartments
[ 9 ] Begin process contact matrix and compute correlation score at: 2026-05-28 09:30:37 
[ 10 ] Computing compartments
[ 16 ] Correlation between PC1 and reference compartment is : 0.73978 
[ 9 ] Finish process contact matrix and compute correlation score at: 2026-05-28 09:30:41 
[ 9 ] Begin compute compartment domains and their hierachy at: 2026-05-28 09:30:41 
[ 10 ] Correlation between PC1 and reference compartment is : 0.71862 
[ 15 ] Begin process contact matrix and compute correlation score at: 2026-05-28 09:30:42 
[ 9 ] Computing compartments
[ 16 ] Finish compute compartment domains and their hierachy at:  2026-05-28 09:30:43 
[ 15 ] Finish process contact matrix and compute correlation score at: 2026-05-28 09:30:45 
[ 15 ] Begin compute compartment domains and their hierachy at: 2026-05-28 09:30:45 
[ 9 ] Correlation between PC1 and reference compartment is : 0.77698 
[ 15 ] Computing compartments
[ 10 ] Finish compute compartment domains and their hierachy at:  2026-05-28 09:30:46 
[ 15 ] Correlation between PC1 and reference compartment is : 0.7123 
[ 9 ] Finish compute compartment domains and their hierachy at:  2026-05-28 09:30:51 
[ 15 ] Finish compute compartment domains and their hierachy at:  2026-05-28 09:30:52 
[ 14 ] Begin process contact matrix and compute correlation score at: 2026-05-28 09:30:54 
[ 19 ] Begin process contact matrix and compute correlation score at: 2026-05-28 09:30:56 
[ 19 ] Finish process contact matrix and compute correlation score at: 2026-05-28 09:30:58 
[ 19 ] Begin compute compartment domains and their hierachy at: 2026-05-28 09:30:58 
[ 13 ] Begin process contact matrix and compute correlation score at: 2026-05-28 09:30:58 
[ 14 ] Finish process contact matrix and compute correlation score at: 2026-05-28 09:30:58 
[ 14 ] Begin compute compartment domains and their hierachy at: 2026-05-28 09:30:58 
[ 19 ] Computing compartments
[ 19 ] Correlation between PC1 and reference compartment is : 0.84603 
[ 14 ] Computing compartments
[ 19 ] Finish compute compartment domains and their hierachy at:  2026-05-28 09:31:01 
[ 13 ] Finish process contact matrix and compute correlation score at: 2026-05-28 09:31:01 
[ 13 ] Begin compute compartment domains and their hierachy at: 2026-05-28 09:31:01 
[ 14 ] Correlation between PC1 and reference compartment is : 0.75137 
[ 13 ] Computing compartments
[ 13 ] Correlation between PC1 and reference compartment is : 0.68619 
[ 14 ] Finish compute compartment domains and their hierachy at:  2026-05-28 09:31:07 
[ 13 ] Finish compute compartment domains and their hierachy at:  2026-05-28 09:31:10 
[ 18 ] Begin process contact matrix and compute correlation score at: 2026-05-28 09:31:13 
[ 18 ] Finish process contact matrix and compute correlation score at: 2026-05-28 09:31:15 
[ 18 ] Begin compute compartment domains and their hierachy at: 2026-05-28 09:31:15 
[ 17 ] Begin process contact matrix and compute correlation score at: 2026-05-28 09:31:16 
[ 18 ] Computing compartments
[ 18 ] Correlation between PC1 and reference compartment is : 0.78369 
[ 17 ] Finish process contact matrix and compute correlation score at: 2026-05-28 09:31:18 
[ 17 ] Begin compute compartment domains and their hierachy at: 2026-05-28 09:31:18 
[ 17 ] Computing compartments
[ 17 ] Correlation between PC1 and reference compartment is : 0.81132 
[ 18 ] Finish compute compartment domains and their hierachy at:  2026-05-28 09:31:21 
[ 17 ] Finish compute compartment domains and their hierachy at:  2026-05-28 09:31:24 

Copied 5 result files to repo: /expanse/lustre/projects/csd940/zalibhai/mariner_hi-c/ML/cmpts/outputs/calder2/early/250831/ctrl_merged/sub_compartments

--- Summary Statistics ---
Total rows:         237045
Chromosomes found:  19 / 19

Depth-2 label distribution:
  A.1    75865 bins  ( 32.0%)
  A.2    44865 bins  ( 18.9%)
  B.1    36785 bins  ( 15.5%)
  B.2    79530 bins  ( 33.6%)

Reference correlations (cor_with_ref.txt):
  Median cor: 0.785
  Min cor:    0.686 (chr chr13)

===========================================
A1 COMPLETE: 250831 / ctrl_merged
Finished:    Thu May 28 09:31:29 2026
===========================================

End: Thu May 28 09:31:29 PDT 2026
===========================================
