===========================================
A1: CALDER2 Subcompartment Calling
===========================================
Job ID:     49843388
Node:       exp-1-56
CPUs:       8
Timepoint:  250831
Sample:     mut_merged
Input:      /expanse/lustre/projects/csd940/zalibhai/stripes/StripeCaller/data/hic/250831/mut_merged.hic
Work dir:   /expanse/lustre/projects/csd940/zalibhai/sniper/calder2/250831/mut_merged
Repo dir:   /expanse/lustre/projects/csd940/zalibhai/mariner_hi-c/ML/cmpts/outputs/calder2/early/250831/mut_merged
Start:      Thu May 28 09:28:52 PDT 2026
===========================================
===========================================
A1: CALDER2 Subcompartment Calling
===========================================
Timepoint:  250831
Sample:     mut_merged
Input:      /expanse/lustre/projects/csd940/zalibhai/stripes/StripeCaller/data/hic/250831/mut_merged.hic
Work dir:   /expanse/lustre/projects/csd940/zalibhai/sniper/calder2/250831/mut_merged
Repo dir:   /expanse/lustre/projects/csd940/zalibhai/mariner_hi-c/ML/cmpts/outputs/calder2/early/250831/mut_merged
Start:      Thu May 28 09:28:54 2026
===========================================

[ 1 ] Begin process contact matrix and compute correlation score at: 2026-05-28 09:28:54 
[ 1 ] Begin process contact matrix and compute correlation score at: 2026-05-28 09:28:54 
[ 2 ] Begin process contact matrix and compute correlation score at: 2026-05-28 09:28:54 
[ 3 ] Begin process contact matrix and compute correlation score at: 2026-05-28 09:28:54 
[ 4 ] Begin process contact matrix and compute correlation score at: 2026-05-28 09:28:54 
[ 4 ] Begin process contact matrix and compute correlation score at: 2026-05-28 09:28:54 
[ 3 ] Begin process contact matrix and compute correlation score at: 2026-05-28 09:28:55 
[ 4 ] Finish process contact matrix and compute correlation score at: 2026-05-28 09:29:02 
[ 4 ] Begin compute compartment domains and their hierachy at: 2026-05-28 09:29:02 
[ 4 ] Computing compartments
[ 3 ] Finish process contact matrix and compute correlation score at: 2026-05-28 09:29:04 
[ 3 ] Begin compute compartment domains and their hierachy at: 2026-05-28 09:29:04 
[ 3 ] Computing compartments
[ 4 ] Correlation between PC1 and reference compartment is : 0.74033 
[ 3 ] Correlation between PC1 and reference compartment is : 0.7403 
[ 2 ] Finish process contact matrix and compute correlation score at: 2026-05-28 09:29:10 
[ 2 ] Begin compute compartment domains and their hierachy at: 2026-05-28 09:29:10 
[ 1 ] Finish process contact matrix and compute correlation score at: 2026-05-28 09:29:10 
[ 1 ] Begin compute compartment domains and their hierachy at: 2026-05-28 09:29:10 
[ 4 ] Finish process contact matrix and compute correlation score at: 2026-05-28 09:29:11 
[ 4 ] Begin compute compartment domains and their hierachy at: 2026-05-28 09:29:11 
[ 4 ] Finish compute compartment domains and their hierachy at:  2026-05-28 09:29:12 
[ 8 ] Begin process contact matrix and compute correlation score at: 2026-05-28 09:29:12 
[ 1 ] Computing compartments
[ 2 ] Begin process contact matrix and compute correlation score at: 2026-05-28 09:29:12 
[ 2 ] Computing compartments
[ 3 ] Finish process contact matrix and compute correlation score at: 2026-05-28 09:29:13 
[ 3 ] Begin compute compartment domains and their hierachy at: 2026-05-28 09:29:13 
[ 1 ] Finish process contact matrix and compute correlation score at: 2026-05-28 09:29:14 
[ 1 ] Begin compute compartment domains and their hierachy at: 2026-05-28 09:29:14 
[ 4 ] Computing compartments
[ 1 ] Correlation between PC1 and reference compartment is : 0.78231 
[ 8 ] Finish process contact matrix and compute correlation score at: 2026-05-28 09:29:17 
[ 8 ] Begin compute compartment domains and their hierachy at: 2026-05-28 09:29:17 
[ 2 ] Correlation between PC1 and reference compartment is : 0.82055 
[ 8 ] Computing compartments
[ 8 ] Correlation between PC1 and reference compartment is : 0.77826 
[ 3 ] Computing compartments
[ 3 ] Finish compute compartment domains and their hierachy at:  2026-05-28 09:29:20 
[ 7 ] Begin process contact matrix and compute correlation score at: 2026-05-28 09:29:20 
[ 4 ] Correlation between PC1 and reference compartment is : 0.75278 
[ 1 ] Computing compartments
[ 8 ] Finish compute compartment domains and their hierachy at:  2026-05-28 09:29:21 
[ 12 ] Begin process contact matrix and compute correlation score at: 2026-05-28 09:29:21 
[ 1 ] Finish compute compartment domains and their hierachy at:  2026-05-28 09:29:22 
[ 5 ] Begin process contact matrix and compute correlation score at: 2026-05-28 09:29:22 
[ 2 ] Finish compute compartment domains and their hierachy at:  2026-05-28 09:29:23 
[ 6 ] Begin process contact matrix and compute correlation score at: 2026-05-28 09:29:23 
[ 7 ] Finish process contact matrix and compute correlation score at: 2026-05-28 09:29:25 
[ 7 ] Begin compute compartment domains and their hierachy at: 2026-05-28 09:29:25 
[ 3 ] Correlation between PC1 and reference compartment is : 0.74471 
[ 7 ] Computing compartments
[ 7 ] Correlation between PC1 and reference compartment is : 0.75853 
[ 12 ] Finish process contact matrix and compute correlation score at: 2026-05-28 09:29:28 
[ 12 ] Begin compute compartment domains and their hierachy at: 2026-05-28 09:29:28 
[ 5 ] Finish process contact matrix and compute correlation score at: 2026-05-28 09:29:28 
[ 5 ] Begin compute compartment domains and their hierachy at: 2026-05-28 09:29:28 
[ 12 ] Computing compartments
[ 12 ] Correlation between PC1 and reference compartment is : 0.7963 
[ 5 ] Computing compartments
[ 1 ] Correlation between PC1 and reference compartment is : 0.77374 
[ 6 ] Finish process contact matrix and compute correlation score at: 2026-05-28 09:29:31 
[ 6 ] Begin compute compartment domains and their hierachy at: 2026-05-28 09:29:31 
[ 5 ] Correlation between PC1 and reference compartment is : 0.71961 
[ 12 ] Finish compute compartment domains and their hierachy at:  2026-05-28 09:29:32 
[ 16 ] Begin process contact matrix and compute correlation score at: 2026-05-28 09:29:32 
[ 2 ] Finish process contact matrix and compute correlation score at: 2026-05-28 09:29:32 
[ 2 ] Begin compute compartment domains and their hierachy at: 2026-05-28 09:29:32 
[ 6 ] Computing compartments
[ 7 ] Finish compute compartment domains and their hierachy at:  2026-05-28 09:29:34 
[ 11 ] Begin process contact matrix and compute correlation score at: 2026-05-28 09:29:34 
[ 6 ] Correlation between PC1 and reference compartment is : 0.76782 
[ 16 ] Finish process contact matrix and compute correlation score at: 2026-05-28 09:29:35 
[ 16 ] Begin compute compartment domains and their hierachy at: 2026-05-28 09:29:35 
[ 5 ] Finish compute compartment domains and their hierachy at:  2026-05-28 09:29:36 
[ 9 ] Begin process contact matrix and compute correlation score at: 2026-05-28 09:29:36 
[ 16 ] Computing compartments
[ 4 ] Finish compute compartment domains and their hierachy at:  2026-05-28 09:29:36 
[ 16 ] Correlation between PC1 and reference compartment is : 0.67142 
[ 11 ] Finish process contact matrix and compute correlation score at: 2026-05-28 09:29:37 
[ 11 ] Begin compute compartment domains and their hierachy at: 2026-05-28 09:29:37 
[ 2 ] Computing compartments
[ 6 ] Finish compute compartment domains and their hierachy at:  2026-05-28 09:29:38 
[ 10 ] Begin process contact matrix and compute correlation score at: 2026-05-28 09:29:38 
[ 11 ] Computing compartments
[ 3 ] Finish compute compartment domains and their hierachy at:  2026-05-28 09:29:39 
[ 11 ] Correlation between PC1 and reference compartment is : 0.80246 
[ 9 ] Finish process contact matrix and compute correlation score at: 2026-05-28 09:29:39 
[ 9 ] Begin compute compartment domains and their hierachy at: 2026-05-28 09:29:39 
[ 16 ] Finish compute compartment domains and their hierachy at:  2026-05-28 09:29:40 
[ 9 ] Computing compartments
[ 9 ] Correlation between PC1 and reference compartment is : 0.72278 
[ 11 ] Finish compute compartment domains and their hierachy at:  2026-05-28 09:29:41 
[ 15 ] Begin process contact matrix and compute correlation score at: 2026-05-28 09:29:41 
[ 9 ] Finish compute compartment domains and their hierachy at:  2026-05-28 09:29:43 
[ 13 ] Begin process contact matrix and compute correlation score at: 2026-05-28 09:29:43 
[ 10 ] Finish process contact matrix and compute correlation score at: 2026-05-28 09:29:43 
[ 10 ] Begin compute compartment domains and their hierachy at: 2026-05-28 09:29:43 
[ 15 ] Finish process contact matrix and compute correlation score at: 2026-05-28 09:29:45 
[ 15 ] Begin compute compartment domains and their hierachy at: 2026-05-28 09:29:45 
[ 15 ] Computing compartments
[ 2 ] Correlation between PC1 and reference compartment is : 0.81485 
[ 15 ] Correlation between PC1 and reference compartment is : 0.692 
[ 10 ] Computing compartments
[ 13 ] Finish process contact matrix and compute correlation score at: 2026-05-28 09:29:46 
[ 13 ] Begin compute compartment domains and their hierachy at: 2026-05-28 09:29:46 
[ 8 ] Begin process contact matrix and compute correlation score at: 2026-05-28 09:29:47 
[ 13 ] Computing compartments
[ 13 ] Correlation between PC1 and reference compartment is : 0.66352 
[ 1 ] Finish compute compartment domains and their hierachy at:  2026-05-28 09:29:48 
[ 10 ] Correlation between PC1 and reference compartment is : 0.74368 
[ 15 ] Finish compute compartment domains and their hierachy at:  2026-05-28 09:29:48 
[ 19 ] Begin process contact matrix and compute correlation score at: 2026-05-28 09:29:48 
[ 13 ] Finish compute compartment domains and their hierachy at:  2026-05-28 09:29:50 
[ 17 ] Begin process contact matrix and compute correlation score at: 2026-05-28 09:29:50 
[ 19 ] Finish process contact matrix and compute correlation score at: 2026-05-28 09:29:50 
[ 19 ] Begin compute compartment domains and their hierachy at: 2026-05-28 09:29:50 
[ 19 ] Computing compartments
[ 19 ] Correlation between PC1 and reference compartment is : 0.82151 
[ 10 ] Finish compute compartment domains and their hierachy at:  2026-05-28 09:29:50 
[ 14 ] Begin process contact matrix and compute correlation score at: 2026-05-28 09:29:51 
[ 7 ] Begin process contact matrix and compute correlation score at: 2026-05-28 09:29:52 
[ 17 ] Finish process contact matrix and compute correlation score at: 2026-05-28 09:29:52 
[ 17 ] Begin compute compartment domains and their hierachy at: 2026-05-28 09:29:52 
[ 19 ] Finish compute compartment domains and their hierachy at:  2026-05-28 09:29:52 
[ 8 ] Finish process contact matrix and compute correlation score at: 2026-05-28 09:29:52 
[ 8 ] Begin compute compartment domains and their hierachy at: 2026-05-28 09:29:52 
[ 17 ] Computing compartments
[ 17 ] Correlation between PC1 and reference compartment is : 0.77299 
[ 17 ] Finish compute compartment domains and their hierachy at:  2026-05-28 09:29:55 
[ 8 ] Computing compartments
[ 14 ] Finish process contact matrix and compute correlation score at: 2026-05-28 09:29:55 
[ 14 ] Begin compute compartment domains and their hierachy at: 2026-05-28 09:29:55 
[ 14 ] Computing compartments
[ 14 ] Correlation between PC1 and reference compartment is : 0.70553 
[ 14 ] Finish compute compartment domains and their hierachy at:  2026-05-28 09:29:58 
[ 18 ] Begin process contact matrix and compute correlation score at: 2026-05-28 09:29:58 
[ 7 ] Finish process contact matrix and compute correlation score at: 2026-05-28 09:29:58 
[ 7 ] Begin compute compartment domains and their hierachy at: 2026-05-28 09:29:58 
[ 2 ] Finish compute compartment domains and their hierachy at:  2026-05-28 09:29:59 
[ 8 ] Correlation between PC1 and reference compartment is : 0.78726 
[ 7 ] Computing compartments
[ 18 ] Finish process contact matrix and compute correlation score at: 2026-05-28 09:30:01 
[ 18 ] Begin compute compartment domains and their hierachy at: 2026-05-28 09:30:01 
[ 18 ] Computing compartments
[ 18 ] Correlation between PC1 and reference compartment is : 0.75483 
[ 7 ] Correlation between PC1 and reference compartment is : 0.81289 
[ 18 ] Finish compute compartment domains and their hierachy at:  2026-05-28 09:30:04 
[ 8 ] Finish compute compartment domains and their hierachy at:  2026-05-28 09:30:05 
[ 5 ] Begin process contact matrix and compute correlation score at: 2026-05-28 09:30:07 
[ 7 ] Finish compute compartment domains and their hierachy at:  2026-05-28 09:30:08 
[ 6 ] Begin process contact matrix and compute correlation score at: 2026-05-28 09:30:11 
[ 12 ] Begin process contact matrix and compute correlation score at: 2026-05-28 09:30:11 
[ 5 ] Finish process contact matrix and compute correlation score at: 2026-05-28 09:30:12 
[ 5 ] Begin compute compartment domains and their hierachy at: 2026-05-28 09:30:12 
[ 12 ] Finish process contact matrix and compute correlation score at: 2026-05-28 09:30:15 
[ 12 ] Begin compute compartment domains and their hierachy at: 2026-05-28 09:30:15 
[ 5 ] Computing compartments
[ 11 ] Begin process contact matrix and compute correlation score at: 2026-05-28 09:30:16 
[ 6 ] Finish process contact matrix and compute correlation score at: 2026-05-28 09:30:16 
[ 6 ] Begin compute compartment domains and their hierachy at: 2026-05-28 09:30:16 
[ 12 ] Computing compartments
[ 11 ] Finish process contact matrix and compute correlation score at: 2026-05-28 09:30:19 
[ 11 ] Begin compute compartment domains and their hierachy at: 2026-05-28 09:30:19 
[ 5 ] Correlation between PC1 and reference compartment is : 0.72825 
[ 12 ] Correlation between PC1 and reference compartment is : 0.79922 
[ 6 ] Computing compartments
[ 11 ] Computing compartments
[ 12 ] Finish compute compartment domains and their hierachy at:  2026-05-28 09:30:24 
[ 11 ] Correlation between PC1 and reference compartment is : 0.81799 
[ 6 ] Correlation between PC1 and reference compartment is : 0.76928 
[ 5 ] Finish compute compartment domains and their hierachy at:  2026-05-28 09:30:27 
[ 11 ] Finish compute compartment domains and their hierachy at:  2026-05-28 09:30:28 
[ 16 ] Begin process contact matrix and compute correlation score at: 2026-05-28 09:30:29 
[ 6 ] Finish compute compartment domains and their hierachy at:  2026-05-28 09:30:30 
[ 16 ] Finish process contact matrix and compute correlation score at: 2026-05-28 09:30:32 
[ 16 ] Begin compute compartment domains and their hierachy at: 2026-05-28 09:30:32 
[ 16 ] Computing compartments
[ 9 ] Begin process contact matrix and compute correlation score at: 2026-05-28 09:30:35 
[ 16 ] Correlation between PC1 and reference compartment is : 0.71015 
[ 15 ] Begin process contact matrix and compute correlation score at: 2026-05-28 09:30:36 
[ 9 ] Finish process contact matrix and compute correlation score at: 2026-05-28 09:30:39 
[ 9 ] Begin compute compartment domains and their hierachy at: 2026-05-28 09:30:39 
[ 10 ] Begin process contact matrix and compute correlation score at: 2026-05-28 09:30:39 
[ 15 ] Finish process contact matrix and compute correlation score at: 2026-05-28 09:30:40 
[ 15 ] Begin compute compartment domains and their hierachy at: 2026-05-28 09:30:40 
[ 16 ] Finish compute compartment domains and their hierachy at:  2026-05-28 09:30:40 
[ 15 ] Computing compartments
[ 9 ] Computing compartments
[ 15 ] Correlation between PC1 and reference compartment is : 0.68999 
[ 10 ] Finish process contact matrix and compute correlation score at: 2026-05-28 09:30:43 
[ 10 ] Begin compute compartment domains and their hierachy at: 2026-05-28 09:30:43 
[ 9 ] Correlation between PC1 and reference compartment is : 0.77167 
[ 10 ] Computing compartments
[ 15 ] Finish compute compartment domains and their hierachy at:  2026-05-28 09:30:47 
[ 10 ] Correlation between PC1 and reference compartment is : 0.72867 
[ 9 ] Finish compute compartment domains and their hierachy at:  2026-05-28 09:30:49 
[ 19 ] Begin process contact matrix and compute correlation score at: 2026-05-28 09:30:51 
[ 10 ] Finish compute compartment domains and their hierachy at:  2026-05-28 09:30:52 
[ 19 ] Finish process contact matrix and compute correlation score at: 2026-05-28 09:30:52 
[ 19 ] Begin compute compartment domains and their hierachy at: 2026-05-28 09:30:52 
[ 19 ] Computing compartments
[ 19 ] Correlation between PC1 and reference compartment is : 0.83985 
[ 19 ] Finish compute compartment domains and their hierachy at:  2026-05-28 09:30:55 
[ 13 ] Begin process contact matrix and compute correlation score at: 2026-05-28 09:30:55 
[ 13 ] Finish process contact matrix and compute correlation score at: 2026-05-28 09:30:58 
[ 13 ] Begin compute compartment domains and their hierachy at: 2026-05-28 09:30:58 
[ 14 ] Begin process contact matrix and compute correlation score at: 2026-05-28 09:30:59 
[ 13 ] Computing compartments
[ 14 ] Finish process contact matrix and compute correlation score at: 2026-05-28 09:31:02 
[ 14 ] Begin compute compartment domains and their hierachy at: 2026-05-28 09:31:02 
[ 13 ] Correlation between PC1 and reference compartment is : 0.68651 
[ 14 ] Computing compartments
[ 13 ] Finish compute compartment domains and their hierachy at:  2026-05-28 09:31:06 
[ 14 ] Correlation between PC1 and reference compartment is : 0.72989 
[ 14 ] Finish compute compartment domains and their hierachy at:  2026-05-28 09:31:10 
[ 17 ] Begin process contact matrix and compute correlation score at: 2026-05-28 09:31:11 
[ 17 ] Finish process contact matrix and compute correlation score at: 2026-05-28 09:31:14 
[ 17 ] Begin compute compartment domains and their hierachy at: 2026-05-28 09:31:14 
[ 17 ] Computing compartments
[ 18 ] Begin process contact matrix and compute correlation score at: 2026-05-28 09:31:16 
[ 17 ] Correlation between PC1 and reference compartment is : 0.78505 
[ 18 ] Finish process contact matrix and compute correlation score at: 2026-05-28 09:31:18 
[ 18 ] Begin compute compartment domains and their hierachy at: 2026-05-28 09:31:18 
[ 18 ] Computing compartments
[ 17 ] Finish compute compartment domains and their hierachy at:  2026-05-28 09:31:19 
[ 18 ] Correlation between PC1 and reference compartment is : 0.76385 
[ 18 ] Finish compute compartment domains and their hierachy at:  2026-05-28 09:31:23 

Copied 5 result files to repo: /expanse/lustre/projects/csd940/zalibhai/mariner_hi-c/ML/cmpts/outputs/calder2/early/250831/mut_merged/sub_compartments

--- Summary Statistics ---
Total rows:         237020
Chromosomes found:  19 / 19

Depth-2 label distribution:
  A.1    85185 bins  ( 35.9%)
  A.2    45955 bins  ( 19.4%)
  B.1    34025 bins  ( 14.4%)
  B.2    71855 bins  ( 30.3%)

Reference correlations (cor_with_ref.txt):
  Median cor: 0.769
  Min cor:    0.687 (chr chr13)

===========================================
A1 COMPLETE: 250831 / mut_merged
Finished:    Thu May 28 09:31:28 2026
===========================================

End: Thu May 28 09:31:28 PDT 2026
===========================================
