INFO [2025-11-21 12:55:07] $x
INFO [2025-11-21 12:55:07] venn_list
INFO [2025-11-21 12:55:07] 
INFO [2025-11-21 12:55:07] $filename
INFO [2025-11-21 12:55:07] NULL
INFO [2025-11-21 12:55:07] 
INFO [2025-11-21 12:55:07] $category.names
INFO [2025-11-21 12:55:07] c("5kb", "10kb", "25kb")
INFO [2025-11-21 12:55:07] 
INFO [2025-11-21 12:55:07] $col
INFO [2025-11-21 12:55:07] [1] "transparent"
INFO [2025-11-21 12:55:07] 
INFO [2025-11-21 12:55:07] $fill
INFO [2025-11-21 12:55:07] c("#d73027", "#4575b4", "#1b7837")
INFO [2025-11-21 12:55:07] 
INFO [2025-11-21 12:55:07] $alpha
INFO [2025-11-21 12:55:07] [1] 0.5
INFO [2025-11-21 12:55:07] 
INFO [2025-11-21 12:55:07] $cex
INFO [2025-11-21 12:55:07] [1] 1.5
INFO [2025-11-21 12:55:07] 
INFO [2025-11-21 12:55:07] $cat.cex
INFO [2025-11-21 12:55:07] [1] 1.5
INFO [2025-11-21 12:55:07] 
INFO [2025-11-21 12:55:07] $cat.fontface
INFO [2025-11-21 12:55:07] [1] "bold"
INFO [2025-11-21 12:55:07] 
INFO [2025-11-21 12:55:07] $main
INFO [2025-11-21 12:55:07] [1] "Differential Loops Across Resolutions"
INFO [2025-11-21 12:55:07] 
INFO [2025-11-21 12:55:07] $main.cex
INFO [2025-11-21 12:55:07] [1] 1.8
INFO [2025-11-21 12:55:07] 
