INFO [2025-12-02 23:11:24] $x
INFO [2025-12-02 23:11:24] venn_list
INFO [2025-12-02 23:11:24] 
INFO [2025-12-02 23:11:24] $filename
INFO [2025-12-02 23:11:24] NULL
INFO [2025-12-02 23:11:24] 
INFO [2025-12-02 23:11:24] $category.names
INFO [2025-12-02 23:11:24] c("5kb", "10kb", "25kb")
INFO [2025-12-02 23:11:24] 
INFO [2025-12-02 23:11:24] $col
INFO [2025-12-02 23:11:24] [1] "transparent"
INFO [2025-12-02 23:11:24] 
INFO [2025-12-02 23:11:24] $fill
INFO [2025-12-02 23:11:24] c("#d73027", "#4575b4", "#1b7837")
INFO [2025-12-02 23:11:24] 
INFO [2025-12-02 23:11:24] $alpha
INFO [2025-12-02 23:11:24] [1] 0.5
INFO [2025-12-02 23:11:24] 
INFO [2025-12-02 23:11:24] $cex
INFO [2025-12-02 23:11:24] [1] 1.5
INFO [2025-12-02 23:11:24] 
INFO [2025-12-02 23:11:24] $cat.cex
INFO [2025-12-02 23:11:24] [1] 1.5
INFO [2025-12-02 23:11:24] 
INFO [2025-12-02 23:11:24] $cat.fontface
INFO [2025-12-02 23:11:24] [1] "bold"
INFO [2025-12-02 23:11:24] 
INFO [2025-12-02 23:11:24] $main
INFO [2025-12-02 23:11:24] [1] "Differential Loops Across Resolutions"
INFO [2025-12-02 23:11:24] 
INFO [2025-12-02 23:11:24] $main.cex
INFO [2025-12-02 23:11:24] [1] 1.8
INFO [2025-12-02 23:11:24] 
