INFO [2025-12-02 23:11:25] $x
INFO [2025-12-02 23:11:25] venn_list_final
INFO [2025-12-02 23:11:25] 
INFO [2025-12-02 23:11:25] $filename
INFO [2025-12-02 23:11:25] NULL
INFO [2025-12-02 23:11:25] 
INFO [2025-12-02 23:11:25] $category.names
INFO [2025-12-02 23:11:25] c("5kb", "10kb", "25kb")
INFO [2025-12-02 23:11:25] 
INFO [2025-12-02 23:11:25] $col
INFO [2025-12-02 23:11:25] [1] "transparent"
INFO [2025-12-02 23:11:25] 
INFO [2025-12-02 23:11:25] $fill
INFO [2025-12-02 23:11:25] c("#d73027", "#4575b4", "#1b7837")
INFO [2025-12-02 23:11:25] 
INFO [2025-12-02 23:11:25] $alpha
INFO [2025-12-02 23:11:25] [1] 0.5
INFO [2025-12-02 23:11:25] 
INFO [2025-12-02 23:11:25] $cex
INFO [2025-12-02 23:11:25] [1] 1.5
INFO [2025-12-02 23:11:25] 
INFO [2025-12-02 23:11:25] $cat.cex
INFO [2025-12-02 23:11:25] [1] 1.5
INFO [2025-12-02 23:11:25] 
INFO [2025-12-02 23:11:25] $cat.fontface
INFO [2025-12-02 23:11:25] [1] "bold"
INFO [2025-12-02 23:11:25] 
INFO [2025-12-02 23:11:25] $main
INFO [2025-12-02 23:11:25] [1] "Final Loops Across Resolutions\n(|logFC| > 0.3, FDR < 0.03)"
INFO [2025-12-02 23:11:25] 
INFO [2025-12-02 23:11:25] $main.cex
INFO [2025-12-02 23:11:25] [1] 1.5
INFO [2025-12-02 23:11:25] 
