=================================================================
HOMER findMotifsGenome.pl — Single Comparison
=================================================================
Job ID: 49936842
Node: exp-8-05
Start time: Sun May 31 23:04:55 PDT 2026

Arguments:
  Foreground: k27ac_lost_fdr05.bed
  Background: GENOME
  Output dir: C4_k27ac_lost_vs_genome
=================================================================

Foreground: /expanse/lustre/projects/csd940/zalibhai/mariner_hi-c/biomodal/downstream/results/homer_motif_enrichment/beds/k27ac_lost_fdr05.bed (5457 regions)
Background: genome (auto-sampled)

Running findMotifsGenome.pl...
  Genome: mm10
  CPUs:   8
  Flags:  -size given -mask
  Start:  Sun May 31 23:05:03 PDT 2026


	Position file = /expanse/lustre/projects/csd940/zalibhai/mariner_hi-c/biomodal/downstream/results/homer_motif_enrichment/beds/k27ac_lost_fdr05.bed
	Genome = mm10
	Output Directory = /expanse/lustre/projects/csd940/zalibhai/mariner_hi-c/biomodal/downstream/results/homer_motif_enrichment/C4_k27ac_lost_vs_genome
	Using actual sizes of regions (-size given)
	Fragment size set to given
	Will use repeat masked sequences
	Using 8 CPUs
	Found mset for "mouse", will check against vertebrates motifs
	Peak/BED file conversion summary:
		BED/Header formatted lines: 5457
		peakfile formatted lines: 0

	Peak File Statistics:
		Total Peaks: 5457
		Redundant Peak IDs: 0
		Peaks lacking information: 0 (need at least 5 columns per peak)
		Peaks with misformatted coordinates: 0 (should be integer)
		Peaks with misformatted strand: 0 (should be either +/- or 0/1)

	Peak file looks good!

	Background fragment size set to 399 (avg size of targets)
	Could not find background files for 399 bp fragments
	Below are the sizes that are already available prepared.
		65432
		89889
	HOMER will now create background files for 399 bp fragments
	To CANCEL and rerun with a differet "-size <#>", hit <CTRL+C> now!
		5
		4
		3
		2
		1
	Preparsing genome for 399 bp fragments...(will probably take 1-5 min)
	preparse size set to 399

	By default, using /home/zalibhai/homer//data/genomes/mm10//mm10.tss for reference positions
	Output files will be placed in /home/zalibhai/homer//data/genomes/mm10//preparsed//mm10r.399.* ...
	By default, HOMER will set the the preparsed Directory to be group read/write
	Extracting sequences
	Custom genome sequence directory: /home/zalibhai/homer//data/genomes/mm10//

	Extracting sequences from directory: /home/zalibhai/homer//data/genomes/mm10//
	Extracting 74796 sequences from chr1
	Extracting 90968 sequences from chr2
	Extracting 61322 sequences from chr3
	Extracting 68874 sequences from chr4
	Extracting 70244 sequences from chr5
	Extracting 66496 sequences from chr6
	Extracting 84047 sequences from chr7
	Extracting 51891 sequences from chr8
	Extracting 62893 sequences from chr9
	Extracting 57448 sequences from chr10
	Extracting 68137 sequences from chr11
	Extracting 43162 sequences from chr12
	Extracting 50070 sequences from chr13
	Extracting 47266 sequences from chr14
	Extracting 41750 sequences from chr15
	Extracting 39634 sequences from chr16
	Extracting 47664 sequences from chr17
	Extracting 34173 sequences from chr18
	Extracting 33149 sequences from chr19
	Extracting 64115 sequences from chrX
	Extracting 15732 sequences from chrY
	Extracting 174 sequences from chr1_GL456211_random
	Extracting 190 sequences from chr1_GL456212_random
	Extracting 185 sequences from chr1_GL456221_random
	Extracting 63 sequences from chr4_GL456216_random
	Extracting 284 sequences from chr4_GL456350_random
	Extracting 43 sequences from chr4_JH584292_random
	Extracting 184 sequences from chr4_JH584293_random
	Extracting 176 sequences from chr4_JH584294_random
	Extracting 183 sequences from chr5_GL456354_random
	Extracting 82 sequences from chr5_JH584296_random
	Extracting 149 sequences from chr5_JH584297_random
	Extracting 151 sequences from chr5_JH584298_random
	Extracting 384 sequences from chr5_JH584299_random
	Extracting 143 sequences from chr7_GL456219_random
	Extracting 102 sequences from chrUn_JH584304
	Extracting 296 sequences from chrX_GL456233_random
	Extracting 97 sequences from chrY_JH584300_random


!!!!!!!!!!!!!!!!!!!!!!!!!!!!!!!!!!!!!!!!!!!!!!!!!!!!!!!!!!!!!
	Potential Problem with Sequences (ignore if preparsing genome):
		329458 of 1176537 removed because they had >70.00% Ns (i.e. masked repeats)
	Due to 	high repeat content, consider using a non-repeat masked genome


!!!!!!!!!!!!!!!!!!!!!!!!!!!!!!!!!!!!!!!!!!!!!!!!!!!!!!!!!!!!!

	Sequences processed:
		Auto detected maximum sequence length of 399 bp
		100000
		200000
		300000
		400000
		500000
		600000
		700000
		800000
		847079 total

	Frequency Bins: 0.01 0.02 0.03 0.04 0.05 0.06 0.08 0.1 0.12 0.14 0.16
	Freq	Bin	Count
	0.01	0	459478
	0.02	1	243310
	0.03	2	77926
	0.04	3	23994
	0.05	4	10264
	0.06	5	6468
	0.08	6	9541
	0.1	7	7428
	0.12	8	4959
	0.14	9	2550
	0.16	10	958
	11	11	203
	Frequency Bins: 0.2 0.25 0.3 0.35 0.4 0.45 0.5 0.6 0.7 0.8
	Freq	Bin	Count
	0.2	0	168
	0.25	1	4505
	0.3	2	34371
	0.35	3	95853
	0.4	4	156802
	0.45	5	188738
	0.5	6	169994
	0.6	7	165614
	0.7	8	24388
	0.8	9	6574
	10	10	72

!!!! Might have something wrong with preparsed files
!!!! Rerun and add "-preparse" to the command line to force recreation of the files
	Custom genome sequence directory: /home/zalibhai/homer//data/genomes/mm10//

	Extracting sequences from directory: /home/zalibhai/homer//data/genomes/mm10//
	Extracting 397 sequences from chr1
	Extracting 431 sequences from chr2
	Extracting 313 sequences from chr3
	Extracting 420 sequences from chr4
	Extracting 293 sequences from chr5
	Extracting 300 sequences from chr6
	Extracting 263 sequences from chr7
	Extracting 284 sequences from chr8
	Extracting 286 sequences from chr9
	Extracting 336 sequences from chr10
	Extracting 271 sequences from chr11
	Extracting 271 sequences from chr12
	Extracting 242 sequences from chr13
	Extracting 225 sequences from chr14
	Extracting 256 sequences from chr15
	Extracting 225 sequences from chr16
	Extracting 198 sequences from chr17
	Extracting 228 sequences from chr18
	Extracting 145 sequences from chr19
	Extracting 73 sequences from chrX

	Not removing redundant sequences


	Sequences processed:
		Auto detected maximum sequence length of 400 bp
		5457 total

	Frequency Bins: 0.2 0.25 0.3 0.35 0.4 0.45 0.5 0.6 0.7 0.8
	Freq	Bin	Count
	0.3	2	19
	0.35	3	146
	0.4	4	442
	0.45	5	1017
	0.5	6	1397
	0.6	7	2147
	0.7	8	255
	0.8	9	34
	Max distance to merge: direct overlap required (-d given)
	Calculating co-bound peaks relative to reference: /home/zalibhai/homer//data/genomes/mm10//preparsed//mm10r.399.pos

	Comparing peaks: (peakfile, overlapping peaks, logRatio(obs/expected), logP)
		/expanse/lustre/projects/csd940/zalibhai/mariner_hi-c/biomodal/downstream/results/homer_motif_enrichment/C4_k27ac_lost_vs_genome/targetgiven.pos	3000	0.14	-21.94

	Co-bound by 0 peaks: 1173717
	Co-bound by 1 peaks: 3000 (max: 3000 effective total)

	Total sequences set to 100000

	Choosing background that matches in CpG/GC content...
	Bin	# Targets	# Background	Background Weight
	2	19	329	1.001
	3	146	2529	1.000
	4	442	7658	1.000
	5	1017	17620	1.000
	6	1397	24203	1.000
	7	2147	37197	1.000
	8	255	4418	1.000
	9	34	589	1.000
	Assembling sequence file...
	Normalizing lower order oligos using homer2

	Reading input files...
	100000 total sequences read
	Autonormalization: 1-mers (4 total)
		A	25.65%	25.70%	0.998
		C	24.35%	24.30%	1.002
		G	24.35%	24.30%	1.002
		T	25.65%	25.70%	0.998
	Autonormalization: 2-mers (16 total)
		AA	7.07%	7.05%	1.002
		CA	7.82%	7.69%	1.016
		GA	6.31%	6.38%	0.990
		TA	4.45%	4.58%	0.973
		AC	5.04%	5.36%	0.940
		CC	6.78%	6.94%	0.977
		GC	6.21%	5.62%	1.106
		TC	6.31%	6.38%	0.990
		AG	8.15%	7.98%	1.022
		CG	1.59%	1.69%	0.943
		GG	6.78%	6.94%	0.977
		TG	7.82%	7.69%	1.016
		AT	5.40%	5.30%	1.017
		CT	8.15%	7.98%	1.022
		GT	5.04%	5.36%	0.940
		TT	7.07%	7.05%	1.002
	Autonormalization: 3-mers (64 total)
	Normalization weights can be found in file: /expanse/lustre/projects/csd940/zalibhai/mariner_hi-c/biomodal/downstream/results/homer_motif_enrichment/C4_k27ac_lost_vs_genome/seq.autonorm.tsv
	Converging on autonormalization solution:
	...............................................................................
	Final normalization:	Autonormalization: 1-mers (4 total)
		A	25.65%	25.66%	1.000
		C	24.35%	24.34%	1.000
		G	24.35%	24.34%	1.000
		T	25.65%	25.66%	1.000
	Autonormalization: 2-mers (16 total)
		AA	7.07%	7.05%	1.003
		CA	7.82%	7.78%	1.005
		GA	6.31%	6.34%	0.996
		TA	4.45%	4.49%	0.991
		AC	5.04%	5.16%	0.976
		CC	6.78%	6.85%	0.990
		GC	6.21%	5.99%	1.037
		TC	6.31%	6.34%	0.996
		AG	8.15%	8.10%	1.006
		CG	1.59%	1.62%	0.987
		GG	6.78%	6.85%	0.990
		TG	7.82%	7.78%	1.005
		AT	5.40%	5.34%	1.010
		CT	8.15%	8.10%	1.006
		GT	5.04%	5.16%	0.976
		TT	7.07%	7.05%	1.003
	Autonormalization: 3-mers (64 total)
	Finished preparing sequence/group files

	----------------------------------------------------------
	Known motif enrichment

	Reading input files...
	100000 total sequences read
	472 motifs loaded
	Cache length = 11180
	Using binomial scoring
	Checking enrichment of 472 motif(s)
	|0%                                    50%                                  100%|
	=================================================================================
	Preparing HTML output with sequence logos...
		1 of 472 (1e-237) NeuroD1(bHLH)/Islet-NeuroD1-ChIP-Seq(GSE30298)/Homer
		2 of 472 (1e-214) Olig2(bHLH)/Neuron-Olig2-ChIP-Seq(GSE30882)/Homer
		3 of 472 (1e-194) Mesp1(bHLH)/ESC-Mesp1-ChIP-Seq(GSE165102)/Homer
		4 of 472 (1e-183) NeuroG2(bHLH)/Fibroblast-NeuroG2-ChIP-Seq(GSE75910)/Homer
		5 of 472 (1e-177) Atoh1(bHLH)/Cerebellum-Atoh1-ChIP-Seq(GSE22111)/Homer
		6 of 472 (1e-167) NF1-halfsite(CTF)/LNCaP-NF1-ChIP-Seq(Unpublished)/Homer
		7 of 472 (1e-156) BHLHA15(bHLH)/NIH3T3-BHLHB8.HA-ChIP-Seq(GSE119782)/Homer
		8 of 472 (1e-146) TCF4(bHLH)/SHSY5Y-TCF4-ChIP-Seq(GSE96915)/Homer
		9 of 472 (1e-143) Twist2(bHLH)/Myoblast-Twist2.Ty1-ChIP-Seq(GSE127998)/Homer
		10 of 472 (1e-133) NF1(CTF)/LNCAP-NF1-ChIP-Seq(Unpublished)/Homer
		11 of 472 (1e-129) Atoh7(bHLH)/Retina-Atoh7-CutnRun(GSE156756)/Homer
		12 of 472 (1e-96) Ascl1(bHLH)/NeuralTubes-Ascl1-ChIP-Seq(GSE55840)/Homer
		13 of 472 (1e-96) SCL(bHLH)/HPC7-Scl-ChIP-Seq(GSE13511)/Homer
		14 of 472 (1e-92) HIC1(Zf)/Treg-ZBTB29-ChIP-Seq(GSE99889)/Homer
		15 of 472 (1e-80) Ptf1a(bHLH)/Panc1-Ptf1a-ChIP-Seq(GSE47459)/Homer
		16 of 472 (1e-79) Mef2b(MADS)/HEK293-Mef2b.V5-ChIP-Seq(GSE67450)/Homer
		17 of 472 (1e-74) Tlx?(NR)/NPC-H3K4me1-ChIP-Seq(GSE16256)/Homer
		18 of 472 (1e-73) Mef2c(MADS)/GM12878-Mef2c-ChIP-Seq(GSE32465)/Homer
		19 of 472 (1e-70) RORgt(NR)/EL4-RORgt.Flag-ChIP-Seq(GSE56019)/Homer
		20 of 472 (1e-70) RORgt(NR)/EL4-RORgt.Flag-ChIP-Seq(GSE56019)/Homer
		21 of 472 (1e-69) RORg(NR)/Liver-Rorc-ChIP-Seq(GSE101115)/Homer
		22 of 472 (1e-68) Tgif2(Homeobox)/mES-Tgif2-ChIP-Seq(GSE55404)/Homer
		23 of 472 (1e-66) RORa(NR)/Liver-Rora-ChIP-Seq(GSE101115)/Homer
		24 of 472 (1e-65) AR-halfsite(NR)/LNCaP-AR-ChIP-Seq(GSE27824)/Homer
		25 of 472 (1e-63) Mef2d(MADS)/Retina-Mef2d-ChIP-Seq(GSE61391)/Homer
		26 of 472 (1e-61) Mef2a(MADS)/HL1-Mef2a.biotin-ChIP-Seq(GSE21529)/Homer
		27 of 472 (1e-55) Zic(Zf)/Cerebellum-ZIC1.2-ChIP-Seq(GSE60731)/Homer
		28 of 472 (1e-51) Foxo1(Forkhead)/RAW-Foxo1-ChIP-Seq(Fan_et_al.)/Homer
		29 of 472 (1e-49) HEB(bHLH)/mES-Heb-ChIP-Seq(GSE53233)/Homer
		30 of 472 (1e-46) Pitx1(Homeobox)/Chicken-Pitx1-ChIP-Seq(GSE38910)/Homer
		31 of 472 (1e-42) Nanog(Homeobox)/mES-Nanog-ChIP-Seq(GSE11724)/Homer
		32 of 472 (1e-40) Tgif1(Homeobox)/mES-Tgif1-ChIP-Seq(GSE55404)/Homer
		33 of 472 (1e-40) Hoxc6(Homeobox)/EB-Hoxc6.iFlag-ChIP-Seq(GSE142377)/Homer
		34 of 472 (1e-38) PR(NR)/T47D-PR-ChIP-Seq(GSE31130)/Homer
		35 of 472 (1e-37) Zic3(Zf)/mES-Zic3-ChIP-Seq(GSE37889)/Homer
		36 of 472 (1e-34) Smad3(MAD)/NPC-Smad3-ChIP-Seq(GSE36673)/Homer
		37 of 472 (1e-33) Unknown-ESC-element(?)/mES-Nanog-ChIP-Seq(GSE11724)/Homer
		38 of 472 (1e-33) Nkx6.1(Homeobox)/Islet-Nkx6.1-ChIP-Seq(GSE40975)/Homer
		39 of 472 (1e-33) En1(Homeobox)/SUM149-EN1-ChIP-Seq(GSE120957)/Homer
		40 of 472 (1e-32) NFATC2(RHD)/Islets-NFATC2-ChIP-Seq(GSE158496)/Homer
		41 of 472 (1e-31) Tbx5(T-box)/HL1-Tbx5.biotin-ChIP-Seq(GSE21529)/Homer
		42 of 472 (1e-29) CRX(Homeobox)/Retina-Crx-ChIP-Seq(GSE20012)/Homer
		43 of 472 (1e-29) Foxf1(Forkhead)/Lung-Foxf1-ChIP-Seq(GSE77951)/Homer
		44 of 472 (1e-29) ERG(ETS)/VCaP-ERG-ChIP-Seq(GSE14097)/Homer
		45 of 472 (1e-29) DLX2(Homeobox)/BasalGanglia-Dlx2-ChIP-seq(GSE124936)/Homer
		46 of 472 (1e-29) MRE(NR)/Neuro2A-NR3C2-ChIPnexus(GSE115417)/Homer
		47 of 472 (1e-28) LHX9(Homeobox)/Hct116-LHX9.V5-ChIP-Seq(GSE116822)/Homer
		48 of 472 (1e-28) DLX1(Homeobox)/BasalGanglia-Dlx1-ChIP-seq(GSE124936)/Homer
		49 of 472 (1e-27) Zic2(Zf)/ESC-Zic2-ChIP-Seq(SRP197560)/Homer
		50 of 472 (1e-27) Gsx2(Homeobox)/LGE-Gsx2.Flag-ChIP-Seq(GSE162589)/Homer
		51 of 472 (1e-26) HLF(bZIP)/HSC-HLF.Flag-ChIP-Seq(GSE69817)/Homer
		52 of 472 (1e-26) Lhx2(Homeobox)/HFSC-Lhx2-ChIP-Seq(GSE48068)/Homer
		53 of 472 (1e-26) Hoxa13(Homeobox)/ChickenMSG-Hoxa13.Flag-ChIP-Seq(GSE86088)/Homer
		54 of 472 (1e-25) FoxL2(Forkhead)/Ovary-FoxL2-ChIP-Seq(GSE60858)/Homer
		55 of 472 (1e-25) FOXK1(Forkhead)/HEK293-FOXK1-ChIP-Seq(GSE51673)/Homer
		56 of 472 (1e-24) ZNF416(Zf)/HEK293-ZNF416.GFP-ChIP-Seq(GSE58341)/Homer
		57 of 472 (1e-24) Meis1(Homeobox)/MastCells-Meis1-ChIP-Seq(GSE48085)/Homer
		58 of 472 (1e-24) FOXA1(Forkhead)/LNCAP-FOXA1-ChIP-Seq(GSE27824)/Homer
		59 of 472 (1e-24) Fos(bZIP)/TSC-Fos-ChIP-Seq(GSE110950)/Homer
		60 of 472 (1e-23) BATF(bZIP)/Th17-BATF-ChIP-Seq(GSE39756)/Homer
		61 of 472 (1e-23) Lhx3(Homeobox)/Neuron-Lhx3-ChIP-Seq(GSE31456)/Homer
		62 of 472 (1e-23) TRPS1(Zf)/MCF7-TRPS1-ChIP-Seq(GSE107013)/Homer
		63 of 472 (1e-23) Foxo3(Forkhead)/U2OS-Foxo3-ChIP-Seq(E-MTAB-2701)/Homer
		64 of 472 (1e-23) THRb(NR)/Liver-NR1A2-ChIP-Seq(GSE52613)/Homer
		65 of 472 (1e-22) MafA(bZIP)/Islet-MafA-ChIP-Seq(GSE30298)/Homer
		66 of 472 (1e-22) Sox10(HMG)/SciaticNerve-Sox3-ChIP-Seq(GSE35132)/Homer
		67 of 472 (1e-22) NFIL3(bZIP)/HepG2-NFIL3-ChIP-Seq(Encode)/Homer
		68 of 472 (1e-21) Lhx1(Homeobox)/EmbryoCarcinoma-Lhx1-ChIP-Seq(GSE70957)/Homer
		69 of 472 (1e-21) DLX5(Homeobox)/BasalGanglia-Dlx5-ChIP-seq(GSE124936)/Homer
		70 of 472 (1e-21) AP-1(bZIP)/ThioMac-PU.1-ChIP-Seq(GSE21512)/Homer
		71 of 472 (1e-21) Hoxa9(Homeobox)/ChickenMSG-Hoxa9.Flag-ChIP-Seq(GSE86088)/Homer
		72 of 472 (1e-21) ETV1(ETS)/GIST48-ETV1-ChIP-Seq(GSE22441)/Homer
		73 of 472 (1e-21) Atf3(bZIP)/GBM-ATF3-ChIP-Seq(GSE33912)/Homer
		74 of 472 (1e-21) Foxa2(Forkhead)/Liver-Foxa2-ChIP-Seq(GSE25694)/Homer
		75 of 472 (1e-21) Fra1(bZIP)/BT549-Fra1-ChIP-Seq(GSE46166)/Homer
		76 of 472 (1e-20) Emx2(Homeobox)/Cortex-Emx2-ChIP-Seq(GSE183130)/Homer
		77 of 472 (1e-20) JunB(bZIP)/DendriticCells-Junb-ChIP-Seq(GSE36099)/Homer
		78 of 472 (1e-20) Znf263(Zf)/K562-Znf263-ChIP-Seq(GSE31477)/Homer
		79 of 472 (1e-20) Dlx3(Homeobox)/Kerainocytes-Dlx3-ChIP-Seq(GSE89884)/Homer
		80 of 472 (1e-20) FOXK2(Forkhead)/U2OS-FOXK2-ChIP-Seq(E-MTAB-2204)/Homer
		81 of 472 (1e-20) EWS:ERG-fusion(ETS)/CADO_ES1-EWS:ERG-ChIP-Seq(SRA014231)/Homer
		82 of 472 (1e-20) FOXP1(Forkhead)/H9-FOXP1-ChIP-Seq(GSE31006)/Homer
		83 of 472 (1e-19) Fra2(bZIP)/Striatum-Fra2-ChIP-Seq(GSE43429)/Homer
		84 of 472 (1e-19) Etv2(ETS)/ES-ER71-ChIP-Seq(GSE59402)/Homer
		85 of 472 (1e-19) Sox6(HMG)/Myotubes-Sox6-ChIP-Seq(GSE32627)/Homer
		86 of 472 (1e-19) Fosl2(bZIP)/3T3L1-Fosl2-ChIP-Seq(GSE56872)/Homer
		87 of 472 (1e-19) Hoxd12(Homeobox)/ChickenMSG-Hoxd12.Flag-ChIP-Seq(GSE86088)/Homer
		88 of 472 (1e-19) Eomes(T-box)/H9-Eomes-ChIP-Seq(GSE26097)/Homer
		89 of 472 (1e-19) Slug(Zf)/Mesoderm-Snai2-ChIP-Seq(GSE61475)/Homer
		90 of 472 (1e-19) NFAT(RHD)/Jurkat-NFATC1-ChIP-Seq(Jolma_et_al.)/Homer
		91 of 472 (1e-18) EHF(ETS)/LoVo-EHF-ChIP-Seq(GSE49402)/Homer
		92 of 472 (1e-18) Isl1(Homeobox)/Neuron-Isl1-ChIP-Seq(GSE31456)/Homer
		93 of 472 (1e-18) ETS1(ETS)/Jurkat-ETS1-ChIP-Seq(GSE17954)/Homer
		94 of 472 (1e-17) Lhx6/Neurons-Lhx6-ChIP-seq(GSE85704)/Homer
		95 of 472 (1e-17) Fox:Ebox(Forkhead,bHLH)/Panc1-Foxa2-ChIP-Seq(GSE47459)/Homer
		96 of 472 (1e-17) STAT4(Stat)/CD4-Stat4-ChIP-Seq(GSE22104)/Homer
		97 of 472 (1e-17) Nkx3.1(Homeobox)/LNCaP-Nkx3.1-ChIP-Seq(GSE28264)/Homer
		98 of 472 (1e-16) Sox21(HMG)/ESC-SOX21-ChIP-Seq(GSE110505)/Homer
		99 of 472 (1e-16) Fli1(ETS)/CD8-FLI-ChIP-Seq(GSE20898)/Homer
		100 of 472 (1e-16) FOXA1(Forkhead)/MCF7-FOXA1-ChIP-Seq(GSE26831)/Homer
		101 of 472 (1e-16) RBPJ:Ebox(?,bHLH)/Panc1-Rbpj1-ChIP-Seq(GSE47459)/Homer
		102 of 472 (1e-16) GSC(Homeobox)/FrogEmbryos-GSC-ChIP-Seq(DRA000576)/Homer
		103 of 472 (1e-16) ZNF189(Zf)/HEK293-ZNF189.GFP-ChIP-Seq(GSE58341)/Homer
		104 of 472 (1e-16) Hand2(bHLH)/Mesoderm-Hand2-ChIP-Seq(GSE61475)/Homer
		105 of 472 (1e-16) Hoxd13(Homeobox)/ChickenMSG-Hoxd13.Flag-ChIP-Seq(GSE86088)/Homer
		106 of 472 (1e-16) MYRF(MYRF)/CFPAC1-MYRF-ChIP-Seq(GSE145627)/Homer
		107 of 472 (1e-15) SOX1(HMG)/NPC-SOX1-ChIP-Seq(GSE138215)/Homer
		108 of 472 (1e-15) FOXM1(Forkhead)/MCF7-FOXM1-ChIP-Seq(GSE72977)/Homer
		109 of 472 (1e-15) Jun-AP1(bZIP)/K562-cJun-ChIP-Seq(GSE31477)/Homer
		110 of 472 (1e-15) Hoxd11(Homeobox)/ChickenMSG-Hoxd11.Flag-ChIP-Seq(GSE86088)/Homer
		111 of 472 (1e-15) Bapx1(Homeobox)/VertebralCol-Bapx1-ChIP-Seq(GSE36672)/Homer
		112 of 472 (1e-15) Hoxc10(Homeobox)/EB-Hoxc10.iFlag-ChIP-Seq(GSE142377)/Homer
		113 of 472 (1e-15) Tbr1(T-box)/Cortex-Tbr1-ChIP-Seq(GSE71384)/Homer
		114 of 472 (1e-15) Rfx6(HTH)/Min6b1-Rfx6.HA-ChIP-Seq(GSE62844)/Homer
		115 of 472 (1e-15) Tbx6(T-box)/ESC-Tbx6-ChIP-Seq(GSE93524)/Homer
		116 of 472 (1e-15) Sox3(HMG)/NPC-Sox3-ChIP-Seq(GSE33059)/Homer
		117 of 472 (1e-15) Snail1(Zf)/LS174T-SNAIL1.HA-ChIP-Seq(GSE127183)/Homer
		118 of 472 (1e-14) Sox9(HMG)/Limb-SOX9-ChIP-Seq(GSE73225)/Homer
		119 of 472 (1e-14) Hoxa11(Homeobox)/ChickenMSG-Hoxa11.Flag-ChIP-Seq(GSE86088)/Homer
		120 of 472 (1e-14) FoxD3(forkhead)/ZebrafishEmbryo-Foxd3.biotin-ChIP-seq(GSE106676)/Homer
		121 of 472 (1e-14) E2A(bHLH),near_PU.1/Bcell-PU.1-ChIP-Seq(GSE21512)/Homer
		122 of 472 (1e-14) TATA-Box(TBP)/Promoter/Homer
		123 of 472 (1e-14) PU.1-IRF(ETS:IRF)/Bcell-PU.1-ChIP-Seq(GSE21512)/Homer
		124 of 472 (1e-14) ETV4(ETS)/HepG2-ETV4-ChIP-Seq(ENCODE)/Homer
		125 of 472 (1e-13) SPDEF(ETS)/VCaP-SPDEF-ChIP-Seq(SRA014231)/Homer
		126 of 472 (1e-13) Foxa3(Forkhead)/Liver-Foxa3-ChIP-Seq(GSE77670)/Homer
		127 of 472 (1e-13) Hoxc13(Homeobox)/EB-Hoxc13.HA-ChIP-Seq(GSE142377)/Homer
		128 of 472 (1e-13) Six2(Homeobox)/NephronProgenitor-Six2-ChIP-Seq(GSE39837)/Homer
		129 of 472 (1e-13) Sox4(HMG)/proB-Sox4-ChIP-Seq(GSE50066)/Homer
		130 of 472 (1e-13) Otx2(Homeobox)/EpiLC-Otx2-ChIP-Seq(GSE56098)/Homer
		131 of 472 (1e-13) ZBTB9(Zf)/HEK293T-ZBTB9-ChIP-Seq(GSE251687)/Homer
		132 of 472 (1e-12) Zac1(Zf)/Neuro2A-Plagl1-ChIP-Seq(GSE75942)/Homer
		133 of 472 (1e-12) Smad2(MAD)/ES-SMAD2-ChIP-Seq(GSE29422)/Homer
		134 of 472 (1e-12) Gfi1b(Zf)/HPC7-Gfi1b-ChIP-Seq(GSE22178)/Homer
		135 of 472 (1e-12) GATA3(Zf)/iTreg-Gata3-ChIP-Seq(GSE20898)/Homer
		136 of 472 (1e-12) ZNF91(Zf)/HEK-ZNF91.HA-ChIP-Seq(GSE162571)/Homer
		137 of 472 (1e-12) Sox2(HMG)/mES-Sox2-ChIP-Seq(GSE11431)/Homer
		138 of 472 (1e-12) AMYB(HTH)/Testes-AMYB-ChIP-Seq(GSE44588)/Homer
		139 of 472 (1e-12) PRDM15(Zf)/ESC-Prdm15-ChIP-Seq(GSE73694)/Homer
		140 of 472 (1e-12) WT1(Zf)/Kidney-WT1-ChIP-Seq(GSE90016)/Homer
		141 of 472 (1e-11) Pdx1(Homeobox)/Islet-Pdx1-ChIP-Seq(SRA008281)/Homer
		142 of 472 (1e-11) GABPA(ETS)/Jurkat-GABPa-ChIP-Seq(GSE17954)/Homer
		143 of 472 (1e-11) Smad4(MAD)/ESC-SMAD4-ChIP-Seq(GSE29422)/Homer
		144 of 472 (1e-11) HOXB13(Homeobox)/ProstateTumor-HOXB13-ChIP-Seq(GSE56288)/Homer
		145 of 472 (1e-11) Bcl11a(Zf)/HSPC-BCL11A-ChIP-Seq(GSE104676)/Homer
		146 of 472 (1e-11) Nkx2.2(Homeobox)/NPC-Nkx2.2-ChIP-Seq(GSE61673)/Homer
		147 of 472 (1e-11) ZEB1(Zf)/PDAC-ZEB1-ChIP-Seq(GSE64557)/Homer
		148 of 472 (1e-11) ZNF341(Zf)/EBV-ZNF341-ChIP-Seq(GSE113194)/Homer
		149 of 472 (1e-11) Rbpj1(?)/Panc1-Rbpj1-ChIP-Seq(GSE47459)/Homer
		150 of 472 (1e-11) Erra(NR)/HepG2-Erra-ChIP-Seq(GSE31477)/Homer
		151 of 472 (1e-11) MafB(bZIP)/BMM-Mafb-ChIP-Seq(GSE75722)/Homer
		152 of 472 (1e-11) Mixl1(Homeobox)/EpiBlast-Mixl1-ChIP-seq(GSE161164)/Homer
		153 of 472 (1e-11) ELF3(ETS)/PDAC-ELF3-ChIP-Seq(GSE64557)/Homer
		154 of 472 (1e-11) MafK(bZIP)/C2C12-MafK-ChIP-Seq(GSE36030)/Homer
		155 of 472 (1e-11) CEBP(bZIP)/ThioMac-CEBPb-ChIP-Seq(GSE21512)/Homer
		156 of 472 (1e-10) Hoxc9(Homeobox)/Ainv15-Hoxc9-ChIP-Seq(GSE21812)/Homer
		157 of 472 (1e-10) Stat3+il21(Stat)/CD4-Stat3-ChIP-Seq(GSE19198)/Homer
		158 of 472 (1e-10) Tcf21(bHLH)/ArterySmoothMuscle-Tcf21-ChIP-Seq(GSE61369)/Homer
		159 of 472 (1e-10) Prop1(Homeobox)/GHFT1-PROP1.biotin-ChIP-Seq(GSE77302)/Homer
		160 of 472 (1e-10) Pitx1:Ebox(Homeobox,bHLH)/Hindlimb-Pitx1-ChIP-Seq(GSE41591)/Homer
		161 of 472 (1e-10) BMYB(HTH)/Hela-BMYB-ChIP-Seq(GSE27030)/Homer
		162 of 472 (1e-10) Bcl6(Zf)/Liver-Bcl6-ChIP-Seq(GSE31578)/Homer
		163 of 472 (1e-10) PAX5(Paired,Homeobox)/GM12878-PAX5-ChIP-Seq(GSE32465)/Homer
		164 of 472 (1e-10) Nr5a2(NR)/Pancreas-LRH1-ChIP-Seq(GSE34295)/Homer
		165 of 472 (1e-10) Nkx2.5(Homeobox)/HL1-Nkx2.5.biotin-ChIP-Seq(GSE21529)/Homer
		166 of 472 (1e-9) ZNF711(Zf)/SHSY5Y-ZNF711-ChIP-Seq(GSE20673)/Homer
		167 of 472 (1e-9) Bach2(bZIP)/OCILy7-Bach2-ChIP-Seq(GSE44420)/Homer
		168 of 472 (1e-9) Sox15(HMG)/CPA-Sox15-ChIP-Seq(GSE62909)/Homer
		169 of 472 (1e-9) CREB5(bZIP)/LNCaP-CREB5.V5-ChIP-Seq(GSE137775)/Homer
		170 of 472 (1e-9) Pax8(Paired,Homeobox)/Thyroid-Pax8-ChIP-Seq(GSE26938)/Homer
		171 of 472 (1e-9) Hoxd10(Homeobox)/ChickenMSG-Hoxd10.Flag-ChIP-Seq(GSE86088)/Homer
		172 of 472 (1e-9) MYB(HTH)/ERMYB-Myb-ChIPSeq(GSE22095)/Homer
		173 of 472 (1e-9) Nkx2.1(Homeobox)/LungAC-Nkx2.1-ChIP-Seq(GSE43252)/Homer
		174 of 472 (1e-9) EWS:FLI1-fusion(ETS)/SK_N_MC-EWS:FLI1-ChIP-Seq(SRA014231)/Homer
		175 of 472 (1e-9) CDX4(Homeobox)/ZebrafishEmbryos-Cdx4.Myc-ChIP-Seq(GSE48254)/Homer
		176 of 472 (1e-9) Unknown(Homeobox)/Limb-p300-ChIP-Seq/Homer
		177 of 472 (1e-9) Gata4(Zf)/Heart-Gata4-ChIP-Seq(GSE35151)/Homer
		178 of 472 (1e-9) ZNF7(Zf)/HepG2-ZNF7.Flag-ChIP-Seq(Encode)/Homer
		179 of 472 (1e-8) Sox17(HMG)/Endoderm-Sox17-ChIP-Seq(GSE61475)/Homer
		180 of 472 (1e-8) E2A(bHLH)/proBcell-E2A-ChIP-Seq(GSE21978)/Homer
		181 of 472 (1e-8) Rfx5(HTH)/GM12878-Rfx5-ChIP-Seq(GSE31477)/Homer
		182 of 472 (1e-8) ETS:E-box(ETS,bHLH)/HPC7-Scl-ChIP-Seq(GSE22178)/Homer
		183 of 472 (1e-8) Arnt:Ahr(bHLH)/MCF7-Arnt-ChIP-Seq(Lo_et_al.)/Homer
		184 of 472 (1e-8) OCT:OCT-short(POU,Homeobox)/NPC-OCT6-ChIP-Seq(GSE43916)/Homer
		185 of 472 (1e-8) TEAD1(TEAD)/HepG2-TEAD1-ChIP-Seq(Encode)/Homer
		186 of 472 (1e-8) RARa(NR)/K562-RARa-ChIP-Seq(Encode)/Homer
		187 of 472 (1e-8) Oct6(POU,Homeobox)/NPC-Pou3f1-ChIP-Seq(GSE35496)/Homer
		188 of 472 (1e-8) Ets1-distal(ETS)/CD4+-PolII-ChIP-Seq(Barski_et_al.)/Homer
		189 of 472 (1e-8) PRDM10(Zf)/HEK293-PRDM10.eGFP-ChIP-Seq(Encode)/Homer
		190 of 472 (1e-8) ZNF264(Zf)/HEK293-ZNF264.GFP-ChIP-Seq(GSE58341)/Homer
		191 of 472 (1e-8) RUNX1(Runt)/Jurkat-RUNX1-ChIP-Seq(GSE29180)/Homer
		192 of 472 (1e-8) Atf1(bZIP)/K562-ATF1-ChIP-Seq(GSE31477)/Homer
		193 of 472 (1e-8) GLIS3(Zf)/Thyroid-Glis3.GFP-ChIP-Seq(GSE103297)/Homer
		194 of 472 (1e-8) Elf4(ETS)/BMDM-Elf4-ChIP-Seq(GSE88699)/Homer
		195 of 472 (1e-7) CEBP:AP1(bZIP)/ThioMac-CEBPb-ChIP-Seq(GSE21512)/Homer
		196 of 472 (1e-7) CArG(MADS)/PUER-Srf-ChIP-Seq(Sullivan_et_al.)/Homer
		197 of 472 (1e-7) Tbet(T-box)/CD8-Tbet-ChIP-Seq(GSE33802)/Homer
		198 of 472 (1e-7) ARE(NR)/LNCAP-AR-ChIP-Seq(GSE27824)/Homer
		199 of 472 (1e-7) PGR(NR)/EndoStromal-PGR-ChIP-Seq(GSE69539)/Homer
		200 of 472 (1e-7) GATA(Zf),IR3/iTreg-Gata3-ChIP-Seq(GSE20898)/Homer
		201 of 472 (1e-7) CHR(?)/Hela-CellCycle-Expression/Homer
		202 of 472 (1e-7) GRE(NR),IR3/RAW264.7-GRE-ChIP-Seq(Unpublished)/Homer
		203 of 472 (1e-7) STAT6(Stat)/Macrophage-Stat6-ChIP-Seq(GSE38377)/Homer
		204 of 472 (1e-7) ELF5(ETS)/T47D-ELF5-ChIP-Seq(GSE30407)/Homer
		205 of 472 (1e-6) Egr1(Zf)/K562-Egr1-ChIP-Seq(GSE32465)/Homer
		206 of 472 (1e-6) Pit1(Homeobox)/GCrat-Pit1-ChIP-Seq(GSE58009)/Homer
		207 of 472 (1e-6) Hoxa10(Homeobox)/ChickenMSG-Hoxa10.Flag-ChIP-Seq(GSE86088)/Homer
		208 of 472 (1e-6) Brachyury(T-box)/Mesoendoderm-Brachyury-ChIP-exo(GSE54963)/Homer
		209 of 472 (1e-6) PU.1:IRF8(ETS:IRF)/pDC-Irf8-ChIP-Seq(GSE66899)/Homer
		210 of 472 (1e-6) BORIS(Zf)/K562-CTCFL-ChIP-Seq(GSE32465)/Homer
		211 of 472 (1e-6) STAT6(Stat)/CD4-Stat6-ChIP-Seq(GSE22104)/Homer
		212 of 472 (1e-6) Oct4(POU,Homeobox)/mES-Oct4-ChIP-Seq(GSE11431)/Homer
		213 of 472 (1e-6) Pit1+1bp(Homeobox)/GCrat-Pit1-ChIP-Seq(GSE58009)/Homer
		214 of 472 (1e-6) PAX6(Paired,Homeobox)/Forebrain-Pax6-ChIP-Seq(GSE66961)/Homer
		215 of 472 (1e-6) Gata6(Zf)/HUG1N-GATA6-ChIP-Seq(GSE51936)/Homer
		216 of 472 (1e-6) IRF8(IRF)/BMDM-IRF8-ChIP-Seq(GSE77884)/Homer
		217 of 472 (1e-6) RXR(NR),DR1/3T3L1-RXR-ChIP-Seq(GSE13511)/Homer
		218 of 472 (1e-6) IRF4(IRF)/GM12878-IRF4-ChIP-Seq(GSE32465)/Homer
		219 of 472 (1e-6) SF1(NR)/H295R-Nr5a1-ChIP-Seq(GSE44220)/Homer
		220 of 472 (1e-6) EBF1(EBF)/Near-E2A-ChIP-Seq(GSE21512)/Homer
		221 of 472 (1e-6) bZIP:IRF(bZIP,IRF)/Th17-BatF-ChIP-Seq(GSE39756)/Homer
		222 of 472 (1e-6) Ap4(bHLH)/AML-Tfap4-ChIP-Seq(GSE45738)/Homer
		223 of 472 (1e-6) TEAD3(TEA)/HepG2-TEAD3-ChIP-Seq(Encode)/Homer
		224 of 472 (1e-6) RUNX2(Runt)/PCa-RUNX2-ChIP-Seq(GSE33889)/Homer
		225 of 472 (1e-6) CTCF(Zf)/CD4+-CTCF-ChIP-Seq(Barski_et_al.)/Homer
		226 of 472 (1e-6) RFX(HTH)/K562-RFX3-ChIP-Seq(SRA012198)/Homer
		227 of 472 (1e-5) Phox2a(Homeobox)/Neuron-Phox2a-ChIP-Seq(GSE31456)/Homer
		228 of 472 (1e-5) Atf7(bZIP)/3T3L1-Atf7-ChIP-Seq(GSE56872)/Homer
		229 of 472 (1e-5) ERE(NR),IR3/MCF7-ERa-ChIP-Seq(Unpublished)/Homer
		230 of 472 (1e-5) RUNX-AML(Runt)/CD4+-PolII-ChIP-Seq(Barski_et_al.)/Homer
		231 of 472 (1e-5) c-Jun-CRE(bZIP)/K562-cJun-ChIP-Seq(GSE31477)/Homer
		232 of 472 (1e-5) p63(p53)/Keratinocyte-p63-ChIP-Seq(GSE17611)/Homer
		233 of 472 (1e-5) Nr5a2(NR)/mES-Nr5a2-ChIP-Seq(GSE19019)/Homer
		234 of 472 (1e-5) RUNX(Runt)/HPC7-Runx1-ChIP-Seq(GSE22178)/Homer
		235 of 472 (1e-5) MafF(bZIP)/HepG2-MafF-ChIP-Seq(GSE31477)/Homer
		236 of 472 (1e-5) ZFX(Zf)/mES-Zfx-ChIP-Seq(GSE11431)/Homer
		237 of 472 (1e-5) Egr2(Zf)/Thymocytes-Egr2-ChIP-Seq(GSE34254)/Homer
		238 of 472 (1e-5) PRDM1(Zf)/Hela-PRDM1-ChIP-Seq(GSE31477)/Homer
		239 of 472 (1e-5) Barx1(Homeobox)/Stomach-Barx1.3xFlag-ChIP-Seq(GSE69483)/Homer
		240 of 472 (1e-5) PBX2(Homeobox)/K562-PBX2-ChIP-Seq(Encode)/Homer
		241 of 472 (1e-5) Rfx1(HTH)/NPC-H3K4me1-ChIP-Seq(GSE16256)/Homer
		242 of 472 (1e-5) NPAS2(bHLH)/Liver-NPAS2-ChIP-Seq(GSE39860)/Homer
		243 of 472 (1e-5) Atf4(bZIP)/MEF-Atf4-ChIP-Seq(GSE35681)/Homer
		244 of 472 (1e-5) Npas4(bHLH)/Neuron-Npas4-ChIP-Seq(GSE127793)/Homer
		245 of 472 (1e-5) Stat3(Stat)/mES-Stat3-ChIP-Seq(GSE11431)/Homer
		246 of 472 (1e-5) ERRg(NR)/Kidney-ESRRG-ChIP-Seq(GSE104905)/Homer
		247 of 472 (1e-5) ERb(NR),IR3/Ovary-ERb-ChIP-Seq(GSE203391)/Homer
		248 of 472 (1e-5) ZBTB38(Zf)/Hela-ZBTB38-ChIP-seq(GSE108618)/Homer
		249 of 472 (1e-5) TEAD(TEA)/Fibroblast-PU.1-ChIP-Seq(Unpublished)/Homer
		250 of 472 (1e-5) Tbx21(T-box)/GM12878-TBX21-ChIP-Seq(Encode)/Homer
		251 of 472 (1e-5) Rfx2(HTH)/LoVo-RFX2-ChIP-Seq(GSE49402)/Homer
		252 of 472 (1e-4) Foxh1(Forkhead)/hESC-FOXH1-ChIP-Seq(GSE29422)/Homer
		253 of 472 (1e-4) IRF3(IRF)/BMDM-Irf3-ChIP-Seq(GSE67343)/Homer
		254 of 472 (1e-4) Oct11(POU,Homeobox)/NCIH1048-POU2F3-ChIP-seq(GSE115123)/Homer
		255 of 472 (1e-4) Brn1(POU,Homeobox)/NPC-Brn1-ChIP-Seq(GSE35496)/Homer
		256 of 472 (1e-4) GRHL2(CP2)/HBE-GRHL2-ChIP-Seq(GSE46194)/Homer
		257 of 472 (1e-4) NFY(CCAAT)/Promoter/Homer
		258 of 472 (1e-4) GRE(NR),IR3/A549-GR-ChIP-Seq(GSE32465)/Homer
		259 of 472 (1e-4) OCT4-SOX2-TCF-NANOG(POU,Homeobox,HMG)/mES-Oct4-ChIP-Seq(GSE11431)/Homer
		260 of 472 (1e-4) HIF-1b(HLH)/T47D-HIF1b-ChIP-Seq(GSE59937)/Homer
		261 of 472 (1e-4) X-box(HTH)/NPC-H3K4me1-ChIP-Seq(GSE16256)/Homer
		262 of 472 (1e-4) BMAL1(bHLH)/Liver-Bmal1-ChIP-Seq(GSE39860)/Homer
		263 of 472 (1e-4) ZNF322(Zf)/HEK293-ZNF322.GFP-ChIP-Seq(GSE58341)/Homer
		264 of 472 (1e-4) bHLHE41(bHLH)/proB-Bhlhe41-ChIP-Seq(GSE93764)/Homer
		265 of 472 (1e-4) Ascl2(bHLH)/ESC-Ascl2-ChIP-Seq(GSE97712)/Homer
		266 of 472 (1e-4) TEAD4(TEA)/Tropoblast-Tead4-ChIP-Seq(GSE37350)/Homer
		267 of 472 (1e-4) KLF14(Zf)/HEK293-KLF14.GFP-ChIP-Seq(GSE58341)/Homer
		268 of 472 (1e-4) Chop(bZIP)/MEF-Chop-ChIP-Seq(GSE35681)/Homer
		269 of 472 (1e-4) ZEB2(Zf)/SNU398-ZEB2-ChIP-Seq(GSE103048)/Homer
		270 of 472 (1e-4) Elk4(ETS)/Hela-Elk4-ChIP-Seq(GSE31477)/Homer
		271 of 472 (1e-4) Tcfcp2l1(CP2)/mES-Tcfcp2l1-ChIP-Seq(GSE11431)/Homer
		272 of 472 (1e-4) Atf2(bZIP)/3T3L1-Atf2-ChIP-Seq(GSE56872)/Homer
		273 of 472 (1e-4) TEAD2(TEA)/Py2T-Tead2-ChIP-Seq(GSE55709)/Homer
		274 of 472 (1e-4) Twist(bHLH)/HMLE-TWIST1-ChIP-Seq(Chang_et_al)/Homer
		275 of 472 (1e-4) Cdx2(Homeobox)/mES-Cdx2-ChIP-Seq(GSE14586)/Homer
		276 of 472 (1e-4) Phox2b(Homeobox)/CLBGA-PHOX2B-ChIP-Seq(GSE90683)/Homer
		277 of 472 (1e-3) Hoxd9(Homeobox)/EB-Hoxd9.HA-ChIP-Seq(GSE142377)/Homer
		278 of 472 (1e-3) ZNF317(Zf)/HEK293-ZNF317.GFP-ChIP-Seq(GSE58341)/Homer
		279 of 472 (1e-3) E2F3(E2F)/MEF-E2F3-ChIP-Seq(GSE71376)/Homer
		280 of 472 (1e-3) PPARa(NR),DR1/Liver-Ppara-ChIP-Seq(GSE47954)/Homer
		281 of 472 (1e-3) PU.1(ETS)/ThioMac-PU.1-ChIP-Seq(GSE21512)/Homer
		282 of 472 (1e-3) POU4F3(POU,Homeobox)/MEF-Pou4f3-ChIP-Seq(GSE150279)/Homer
		283 of 472 (1e-3) Nur77(NR)/K562-NR4A1-ChIP-Seq(GSE31363)/Homer
		284 of 472 (1e-3) Gata2(Zf)/K562-GATA2-ChIP-Seq(GSE18829)/Homer
		285 of 472 (1e-3) ZNF519(Zf)/HEK293-ZNF519.GFP-ChIP-Seq(GSE58341)/Homer
		286 of 472 (1e-3) ZNF143|STAF(Zf)/CUTLL-ZNF143-ChIP-Seq(GSE29600)/Homer
		287 of 472 (1e-3) MYNN(Zf)/HEK293-MYNN.eGFP-ChIP-Seq(Encode)/Homer
		288 of 472 (1e-3) Oct2(POU,Homeobox)/Bcell-Oct2-ChIP-Seq(GSE21512)/Homer
		289 of 472 (1e-3) Elk1(ETS)/Hela-Elk1-ChIP-Seq(GSE31477)/Homer
		290 of 472 (1e-3) LEF1(HMG)/H1-LEF1-ChIP-Seq(GSE64758)/Homer
		291 of 472 (1e-3) AP-2gamma(AP2)/MCF7-TFAP2C-ChIP-Seq(GSE21234)/Homer
		292 of 472 (1e-3) Tbx20(T-box)/Heart-Tbx20-ChIP-Seq(GSE29636)/Homer
		293 of 472 (1e-3) MyoG(bHLH)/C2C12-MyoG-ChIP-Seq(GSE36024)/Homer
		294 of 472 (1e-3) Srebp2(bHLH)/HepG2-Srebp2-ChIP-Seq(GSE31477)/Homer
		295 of 472 (1e-3) PSE(SNAPc)/K562-mStart-Seq/Homer
		296 of 472 (1e-3) Six1(Homeobox)/Myoblast-Six1-ChIP-Chip(GSE20150)/Homer
		297 of 472 (1e-3) Tbox:Smad(T-box,MAD)/ESCd5-Smad2_3-ChIP-Seq(GSE29422)/Homer
		298 of 472 (1e-3) HIF2a(bHLH)/785_O-HIF2a-ChIP-Seq(GSE34871)/Homer
		299 of 472 (1e-3) Sox7(HMG)/ESC-Sox7-ChIP-Seq(GSE133899)/Homer
		300 of 472 (1e-3) FXR(NR),IR1/Liver-FXR-ChIP-Seq(Chong_et_al.)/Homer
		301 of 472 (1e-3) COUP-TFII(NR)/Artia-Nr2f2-ChIP-Seq(GSE46497)/Homer
		302 of 472 (1e-3) PAX3:FKHR-fusion(Paired,Homeobox)/Rh4-PAX3:FKHR-ChIP-Seq(GSE19063)/Homer
		303 of 472 (1e-3) E2F6(E2F)/Hela-E2F6-ChIP-Seq(GSE31477)/Homer
		304 of 472 (1e-2) NF1:FOXA1(CTF,Forkhead)/LNCAP-FOXA1-ChIP-Seq(GSE27824)/Homer
		305 of 472 (1e-2) EBF2(EBF)/BrownAdipose-EBF2-ChIP-Seq(GSE97114)/Homer
		306 of 472 (1e-2) Brn2(POU,Homeobox)/NPC-Brn2-ChIP-Seq(GSE35496)/Homer
		307 of 472 (1e-2) ZNF467(Zf)/HEK293-ZNF467.GFP-ChIP-Seq(GSE58341)/Homer
		308 of 472 (1e-2) Gata1(Zf)/K562-GATA1-ChIP-Seq(GSE18829)/Homer
		309 of 472 (1e-2) Esrrb(NR)/mES-Esrrb-ChIP-Seq(GSE11431)/Homer
		310 of 472 (1e-2) FXR(NR),ER2/Liver-FXR-ChIP-Seq(GSE133700)/Homer
		311 of 472 (1e-2) Zfp809(Zf)/ES-Zfp809-ChIP-Seq(GSE70799)/Homer
		312 of 472 (1e-2) HIF-1a(bHLH)/MCF7-HIF1a-ChIP-Seq(GSE28352)/Homer
		313 of 472 (1e-2) NFAT:AP1(RHD,bZIP)/Jurkat-NFATC1-ChIP-Seq(Jolma_et_al.)/Homer
		314 of 472 (1e-2) PPARE(NR),DR1/3T3L1-Pparg-ChIP-Seq(GSE13511)/Homer
		315 of 472 (1e-2) MITF(bHLH)/MastCells-MITF-ChIP-Seq(GSE48085)/Homer
		316 of 472 (1e-2) Bach1(bZIP)/K562-Bach1-ChIP-Seq(GSE31477)/Homer
		317 of 472 (1e-2) Srebp1a(bHLH)/HepG2-Srebp1a-ChIP-Seq(GSE31477)/Homer
		318 of 472 (1e-2) THRb(NR)/HepG2-THRb.Flag-ChIP-Seq(Encode)/Homer
		319 of 472 (1e-2) NPAS(bHLH)/Liver-NPAS-ChIP-Seq(GSE39860)/Homer
		320 of 472 (1e-2) GATA3(Zf),DR8/iTreg-Gata3-ChIP-Seq(GSE20898)/Homer
		321 of 472 (1e-2) Hoxb4(Homeobox)/ES-Hoxb4-ChIP-Seq(GSE34014)/Homer
		322 of 472 (1e-2) Pax7(Paired,Homeobox)/Myoblast-Pax7-ChIP-Seq(GSE25064)/Homer
		323 of 472 (1e-2) OCT:OCT(POU,Homeobox,IR1)/NPC-Brn2-ChIP-Seq(GSE35496)/Homer
		324 of 472 (1e-2) Six4(Homeobox)/MCF7-SIX4-ChIP-Seq(Encode)/Homer
		325 of 472 (1e-2) PRDM9(Zf)/Testis-DMC1-ChIP-Seq(GSE35498)/Homer
		326 of 472 (1e-2) Duxbl(Homeobox)/NIH3T3-Duxbl.HA-ChIP-Seq(GSE119782)/Homer
		327 of 472 (1e-2) IRF1(IRF)/PBMC-IRF1-ChIP-Seq(GSE43036)/Homer
		328 of 472 (1e-2) ZNF675(Zf)/HEK293-ZNF675.GFP-ChIP-Seq(GSE58341)/Homer
		329 of 472 (1e-2) ZNF415(Zf)/HEK293-ZNF415.GFP-ChIP-Seq(GSE58341)/Homer
		330 of 472 (1e-2) KLF10(Zf)/HEK293-KLF10.GFP-ChIP-Seq(GSE58341)/Homer
		331 of 472 (1e-2) CUX1(Homeobox)/K562-CUX1-ChIP-Seq(GSE92882)/Homer
		332 of 472 (1e-2) THRa(NR)/C17.2-THRa-ChIP-Seq(GSE38347)/Homer
		333 of 472 (1e-2) FOXA1:AR(Forkhead,NR)/LNCAP-AR-ChIP-Seq(GSE27824)/Homer
	----------------------------------------------------------
	De novo motif finding (HOMER)

	Number of Trial motifs (-T) set to 8 (from 10) to work well with 8 CPUs
	Scanning input files...
	Parsing sequences...
	|0%                                   50%                                  100%|
	===============================================================================
	Total number of Oligos: 32896
	Autoadjustment for sequence coverage in background: 0.84x

	Oligos: 32896 of 34497 max
	Tree  : 66852 of 172485 max
	Optimizing memory usage...
	Cache length = 11180
	Using binomial scoring

	Global Optimization Phase: Looking for enriched oligos with up to 2 mismatches...

	Screening oligos 32896 (allowing 0 mismatches):
	|0%                                   50%                                  100%|
	================================================================================
		0.20% skipped, 99.80% checked (32830 of 32896), of those checked:
		0.20% not in target, 0.00% increased p-value, 0.00% high p-value

	Screening oligos 32896 (allowing 1 mismatches):
	|0%                                   50%                                  100%|
	================================================================================
		0.20% skipped, 99.80% checked (32830 of 32896), of those checked:
		0.00% not in target, 48.56% increased p-value, 58.97% high p-value

	Screening oligos 32896 (allowing 2 mismatches):
	|0%                                   50%                                  100%|
	================================================================================
		69.83% skipped, 30.17% checked (9925 of 32896), of those checked:
		0.00% not in target, 24.71% increased p-value, 0.00% high p-value
	Reading input files...
	100000 total sequences read
	Cache length = 11180
	Using binomial scoring

	Local Optimization Phase:
	1 of 25 Initial Sequence: CCATCTGT... (-316.156)
		Round 1: -605.15 CCATCTGT T:1674.0(26.42%),B:8195.6(9.90%),P:1e-262
		Round 2: -605.15 CCATCTGT T:1674.0(26.42%),B:8195.6(9.90%),P:1e-262
		=Final=: -868.44 CCATCTGT T:1495.0(27.40%),B:7721.0(8.27%),P:1e-377
		Performing exhaustive masking of motif...
		Reprioritizing potential motifs...
	2 of 25 Initial Sequence: CGTGCCAA... (-91.316)
		Round 1: -228.02 CSTGCCAA T:3277.0(45.15%),B:29643.4(31.41%),P:1e-99
		Round 2: -228.02 CSTGCCAA T:3277.0(45.15%),B:29643.4(31.41%),P:1e-99
		=Final=: -434.59 CSTGCCAA T:3207.0(58.77%),B:36477.8(39.07%),P:1e-188
		Performing exhaustive masking of motif...
		Reprioritizing potential motifs...
	3 of 25 Initial Sequence: TTACATAA... (-36.556)
		Round 1: -46.89 MTAMATAK T:2913.0(41.37%),B:34149.3(35.23%),P:1e-20
		Round 2: -67.33 SWAAATAT T:2450.0(36.17%),B:26995.5(29.06%),P:1e-29
		Round 3: -81.45 RWAAATAK T:3659.0(48.86%),B:40784.9(40.48%),P:1e-35
		Round 4: -92.81 RWAAWTAG T:3389.0(46.26%),B:36796.9(37.38%),P:1e-40
		Round 5: -92.81 RWAAWTAG T:3389.0(46.26%),B:36796.9(37.38%),P:1e-40
		=Final=: -195.73 RWAAWTAG T:2364.0(43.32%),B:28670.6(30.71%),P:1e-85
		Performing exhaustive masking of motif...
		Reprioritizing potential motifs...
	4 of 25 Initial Sequence: TTACGTAA... (-27.231)
		Round 1: -38.05 TTACATAA T:136.0(2.46%),B:857.1(1.08%),P:1e-16
		Round 2: -42.13 TTATATAA T:181.0(3.26%),B:1237.0(1.56%),P:1e-18
		Round 3: -42.66 TTACGTAA T:189.0(3.40%),B:1299.5(1.64%),P:1e-18
		Round 4: -42.66 TTACGTAA T:189.0(3.40%),B:1299.5(1.64%),P:1e-18
		=Final=: -67.61 TTACGTAA T:1661.0(30.44%),B:22140.9(23.71%),P:1e-29
		Performing exhaustive masking of motif...
		Reprioritizing potential motifs...
	5 of 25 Initial Sequence: AGCCAAGC... (-23.840)
		Round 1: -58.23 AGCCAAGC T:2871.0(40.91%),B:32752.7(34.07%),P:1e-25
		Round 2: -58.23 AGCCAAGC T:2871.0(40.91%),B:32752.7(34.07%),P:1e-25
		=Final=: -197.30 AGCCAAGC T:2974.0(54.50%),B:38519.8(41.26%),P:1e-85
		Performing exhaustive masking of motif...
		Reprioritizing potential motifs...
	6 of 25 Initial Sequence: CCAGCAGG... (-23.443)
		Round 1: -55.74 MCAGCAGG T:2037.0(31.16%),B:22607.1(24.99%),P:1e-24
		Round 2: -58.48 MCAGMAGG T:1809.0(28.22%),B:19650.6(22.12%),P:1e-25
		Round 3: -61.38 MCAGCAGG T:1471.0(23.63%),B:15425.9(17.82%),P:1e-26
		Round 4: -61.38 MCAGCAGG T:1471.0(23.63%),B:15425.9(17.82%),P:1e-26
		=Final=: -149.62 MCAGCAGG T:2136.0(39.14%),B:26495.6(28.38%),P:1e-64
		Performing exhaustive masking of motif...
		Reprioritizing potential motifs...
	7 of 25 Initial Sequence: GTAGGTCA... (-21.073)
		Round 1: -25.09 GTAGGTCR T:434.0(7.65%),B:4419.7(5.47%),P:1e-10
		Round 2: -27.02 ATGACTCA T:600.0(10.41%),B:6354.2(7.76%),P:1e-11
		Round 3: -29.57 ATGASTCA T:616.0(10.68%),B:6442.0(7.87%),P:1e-12
		Round 4: -31.76 ATGASTCA T:689.0(11.86%),B:7242.5(8.80%),P:1e-13
		Round 5: -31.76 ATGASTCA T:689.0(11.86%),B:7242.5(8.80%),P:1e-13
		=Final=: -63.72 ATGASTCA T:3434.0(62.93%),B:51895.0(55.58%),P:1e-27
		Performing exhaustive masking of motif...
		Reprioritizing potential motifs...
	8 of 25 Initial Sequence: CAAATGCT... (-18.509)
		Round 1: -41.48 CAAATGCT T:1225.0(20.11%),B:13366.9(15.64%),P:1e-18
		Round 2: -43.67 SAWWTGCW T:2379.0(35.34%),B:27661.3(29.66%),P:1e-18
		Round 3: -43.67 SAWWTGCW T:2379.0(35.34%),B:27661.3(29.66%),P:1e-18
		=Final=: -127.98 SAWWTGCW T:2988.0(54.76%),B:41175.0(44.10%),P:1e-55
		Performing exhaustive masking of motif...
		Reprioritizing potential motifs...
	9 of 25 Initial Sequence: CTGACCTA... (-16.651)
		Round 1: -24.49 CTGACCTA T:205.0(3.69%),B:1781.5(2.24%),P:1e-10
		Round 2: -24.49 CTGACCTA T:205.0(3.69%),B:1781.5(2.24%),P:1e-10
		=Final=: -60.22 CTGACCTA T:3047.0(55.84%),B:45387.5(48.61%),P:1e-26
		Performing exhaustive masking of motif...
		Reprioritizing potential motifs...
	10 of 25 Initial Sequence: CAATCTGT... (-17.623)
		Round 1: -35.72 CAATCTGT T:1422.0(22.94%),B:16124.8(18.54%),P:1e-15
		Round 2: -35.72 CAATCTGT T:1422.0(22.94%),B:16124.8(18.54%),P:1e-15
		=Final=: -130.69 CAATCTGT T:3321.0(60.86%),B:46782.8(50.11%),P:1e-56
		Performing exhaustive masking of motif...
		Reprioritizing potential motifs...
	11 of 25 Initial Sequence: TATTTCGG... (-13.193)
		Round 1: -28.33 TATTTCGG T:690.0(11.88%),B:7401.2(8.99%),P:1e-12
		Round 2: -28.33 TATTTCGG T:690.0(11.88%),B:7401.2(8.99%),P:1e-12
		=Final=: -78.99 TATTTCGG T:1457.0(26.70%),B:18489.3(19.80%),P:1e-34
		Performing exhaustive masking of motif...
		Reprioritizing potential motifs...
	12 of 25 Initial Sequence: CTGGCATC... (-12.829)
		Round 1: -13.13 CTGGCATC T:281.0(5.02%),B:3006.7(3.75%),P:1e-5
		Round 2: -13.53 CTGDCATT T:756.0(12.94%),B:9072.4(10.90%),P:1e-5
		Round 3: -13.53 CTGDCATT T:756.0(12.94%),B:9072.4(10.90%),P:1e-5
		=Final=: -72.42 CTGDCATT T:3433.0(62.91%),B:51397.5(55.05%),P:1e-31
		Performing exhaustive masking of motif...
		Reprioritizing potential motifs...
	13 of 25 Initial Sequence: ATTAATAG... (-12.810)
		Round 1: -22.32 ATTAATAG T:1575.0(25.07%),B:19049.0(21.52%),P:1e-9
		Round 2: -25.76 ATTAATAG T:1384.0(22.40%),B:16301.9(18.73%),P:1e-11
		Round 3: -27.24 ATTWATAG T:618.0(10.71%),B:6564.9(8.01%),P:1e-11
		Round 4: -27.71 ATTWATAK T:987.0(16.55%),B:11118.0(13.19%),P:1e-12
		Round 5: -29.68 WTTAATAG T:1186.0(19.54%),B:13527.3(15.81%),P:1e-12
		Round 6: -29.68 WTTAATAG T:1186.0(19.54%),B:13527.3(15.81%),P:1e-12
		=Final=: -65.25 WTTAATAG T:1276.0(23.38%),B:16274.4(17.43%),P:1e-28
		Performing exhaustive masking of motif...
		Reprioritizing potential motifs...
	14 of 25 Initial Sequence: CTGAGCCA... (-11.633)
		Round 1: -11.63 CTGAGCCA T:86.0(1.56%),B:742.5(0.94%),P:1e-5
		Round 2: -11.63 CTGAGCCA T:86.0(1.56%),B:742.5(0.94%),P:1e-5
		=Final=: -87.82 CTGAGCCA T:5042.0(92.40%),B:81093.5(86.85%),P:1e-38
		Performing exhaustive masking of motif...
		Reprioritizing potential motifs...
	15 of 25 Initial Sequence: GGCTTGCT... (-12.392)
		Round 1: -13.72 GGCTTGCT T:285.0(5.09%),B:3034.1(3.79%),P:1e-5
		Round 2: -16.50 NGCTTGCT T:1468.0(23.59%),B:18176.7(20.64%),P:1e-7
		Round 3: -16.50 NGCTTGCT T:1468.0(23.59%),B:18176.7(20.64%),P:1e-7
		=Final=: -67.82 NGCTTGCT T:1800.0(32.99%),B:24329.8(26.06%),P:1e-29
		Performing exhaustive masking of motif...
		Reprioritizing potential motifs...
	16 of 25 Initial Sequence: GAAACACA... (-11.336)
		Round 1: -22.45 GAAACACA T:1195.0(19.67%),B:14111.4(16.43%),P:1e-9
		Round 2: -22.45 GAAACACA T:1195.0(19.67%),B:14111.4(16.43%),P:1e-9
		=Final=: -87.89 GAAACACA T:2913.0(53.38%),B:41639.6(44.60%),P:1e-38
		Performing exhaustive masking of motif...
		Reprioritizing potential motifs...
	17 of 25 Initial Sequence: CTCCCTGC... (-10.287)
		Round 1: -12.36 CTCCCTGC T:354.0(6.28%),B:3955.9(4.91%),P:1e-5
		Round 2: -14.60 ATCCGTGC T:541.0(9.44%),B:6221.5(7.61%),P:1e-6
		Round 3: -15.81 CTCCCTGC T:609.0(10.56%),B:7016.9(8.54%),P:1e-6
		Round 4: -15.81 CTCCCTGC T:609.0(10.56%),B:7016.9(8.54%),P:1e-6
		=Final=: -66.83 CTCCCTGC T:2901.0(53.16%),B:42516.3(45.54%),P:1e-29
		Performing exhaustive masking of motif...
		Reprioritizing potential motifs...
	18 of 25 Initial Sequence: ATTAAATG... (-10.000)
		Round 1: -11.66 ATTAAATG T:90.0(1.64%),B:786.2(0.99%),P:1e-5
		Round 2: -11.66 ATTAAATG T:90.0(1.64%),B:786.2(0.99%),P:1e-5
		=Final=: -34.13 ATTAAATG T:3823.0(70.06%),B:60703.8(65.02%),P:1e-14
		Performing exhaustive masking of motif...
		Reprioritizing potential motifs...
	19 of 25 Initial Sequence: ATTAAATT... (-18.185)
		Round 1: -3.21 ATTAAATT T:489.0(8.57%),B:6475.8(7.91%),P:1e-1
		Round 2: -13.27 ATTAAATT T:518.0(9.06%),B:6003.5(7.35%),P:1e-5
		Round 3: -13.27 ATTAAATT T:518.0(9.06%),B:6003.5(7.35%),P:1e-5
		=Final=: -41.22 ATTAAATT T:3001.0(54.99%),B:45823.3(49.08%),P:1e-17
		Performing exhaustive masking of motif...
		Reprioritizing potential motifs...
	20 of 25 Initial Sequence: GTGACCTA... (-9.847)
		Round 1: -1.67 GTGACCTA T:166.0(3.00%),B:2219.3(2.78%),P:1e0
		Round 2: -3.67 GTGACCTA T:36.0(0.66%),B:353.7(0.45%),P:1e-1
		Round 3: -5.21 GTGAHYTA T:91.0(1.65%),B:984.6(1.24%),P:1e-2
		Round 4: -10.18 GTGATTTA T:253.0(4.53%),B:2796.6(3.49%),P:1e-4
		Round 5: -11.31 GTGATTTA T:224.0(4.02%),B:2383.2(2.99%),P:1e-4
		Round 6: -11.31 GTGATTTA T:224.0(4.02%),B:2383.2(2.99%),P:1e-4
		=Final=: -32.58 GTGATTTA T:3104.0(56.88%),B:48250.3(51.68%),P:1e-14
		Performing exhaustive masking of motif...
		Reprioritizing potential motifs...
	21 of 25 Initial Sequence: GTAATTTT... (-9.847)
		Round 1: -3.10 GTAATTTT T:347.0(6.16%),B:4543.7(5.62%),P:1e-1
		Round 2: -5.54 GTAATTTT T:777.0(13.27%),B:10115.0(12.07%),P:1e-2
		Round 3: -10.57 GTAATGTT T:151.0(2.73%),B:1516.4(1.91%),P:1e-4
		Round 4: -11.15 GTAATGTG T:158.0(2.85%),B:1583.5(1.99%),P:1e-4
		Round 5: -11.41 TTAATGYT T:499.0(8.74%),B:5864.9(7.19%),P:1e-4
		Round 6: -14.86 TYAATGCT T:623.0(10.79%),B:7246.3(8.81%),P:1e-6
		Round 7: -14.86 TYAATGCT T:623.0(10.79%),B:7246.3(8.81%),P:1e-6
		=Final=: -46.70 TYAATGCT T:2651.0(48.58%),B:39493.1(42.30%),P:1e-20
		Performing exhaustive masking of motif...
		Reprioritizing potential motifs...
	Remaining seeds don't look promising (After initial 5 motifs, logp -8.675 > -9.737)

	Finalizing Enrichment Statistics (new in v3.4)
	Reading input files...
	100000 total sequences read
	Cache length = 11180
	Using binomial scoring
	Checking enrichment of 21 motif(s)
	|0%                                    50%                                  100%|
	=================================================================================
	Output in file: /expanse/lustre/projects/csd940/zalibhai/mariner_hi-c/biomodal/downstream/results/homer_motif_enrichment/C4_k27ac_lost_vs_genome/homerMotifs.motifs8


	Number of Trial motifs (-T) set to 8 (from 10) to work well with 8 CPUs
	Scanning input files...
	Parsing sequences...
	|0%                                   50%                                  100%|
	===============================================================================
	Total number of Oligos: 523082
	Autoadjustment for sequence coverage in background: 0.84x

	Oligos: 523082 of 551887 max
	Tree  : 1068484 of 2759435 max
	Optimizing memory usage...
	Cache length = 11180
	Using binomial scoring

	Global Optimization Phase: Looking for enriched oligos with up to 2 mismatches...

	Screening oligos 523082 (allowing 0 mismatches):
	|0%                                   50%                                  100%|
	================================================================================
		21.74% skipped, 78.26% checked (409390 of 523082), of those checked:
		21.74% not in target, 0.00% increased p-value, 0.00% high p-value

	Screening oligos 523082 (allowing 1 mismatches):
	|0%                                   50%                                  100%|
	================================================================================
		21.74% skipped, 78.26% checked (409390 of 523082), of those checked:
		0.00% not in target, 33.20% increased p-value, 49.58% high p-value

	Screening oligos 523082 (allowing 2 mismatches):
	|0%                                   50%                                  100%|
	================================================================================
		79.66% skipped, 20.34% checked (106398 of 523082), of those checked:
		0.00% not in target, 9.19% increased p-value, 0.00% high p-value
	Reading input files...
	100000 total sequences read
	Cache length = 11180
	Using binomial scoring

	Local Optimization Phase:
	1 of 25 Initial Sequence: GCCATCTGTT... (-257.758)
		Round 1: -674.97 GCCATCTGTY T:1150.0(19.00%),B:4061.2(5.05%),P:1e-293
		Round 2: -674.97 GCCATCTGTY T:1150.0(19.00%),B:4061.2(5.05%),P:1e-293
		=Final=: -929.59 GCCATCTGTY T:1435.0(26.30%),B:6763.8(7.24%),P:1e-403
		Performing exhaustive masking of motif...
		Reprioritizing potential motifs...
	2 of 25 Initial Sequence: CTATTTTTAG... (-71.539)
		Round 1: -130.48 CTATTTTTAG T:788.0(13.45%),B:5888.6(7.23%),P:1e-56
		Round 2: -138.50 CTATTTTTAG T:676.0(11.65%),B:4668.7(5.78%),P:1e-60
		Round 3: -138.50 CTATTTTTAG T:676.0(11.65%),B:4668.7(5.78%),P:1e-60
		=Final=: -193.04 CTATTTTTAG T:692.0(12.68%),B:5289.0(5.66%),P:1e-83
		Performing exhaustive masking of motif...
		Reprioritizing potential motifs...
	3 of 25 Initial Sequence: CGTGCCAAGT... (-58.291)
		Round 1: -159.26 CGTGCCAAGT T:3710.0(49.33%),B:36962.8(37.58%),P:1e-69
		Round 2: -228.39 CBTGCCAAGT T:3159.0(43.95%),B:28323.3(30.31%),P:1e-99
		Round 3: -248.50 YBTGCCAAGW T:3755.0(49.75%),B:33910.3(35.10%),P:1e-107
		Round 4: -255.02 NNTGCCARNN T:4190.0(53.60%),B:38244.6(38.59%),P:1e-110
		Round 5: -255.02 NNTGCCARNN T:4190.0(53.60%),B:38244.6(38.59%),P:1e-110
		=Final=: -414.70 NNTGCCARNN T:2452.0(44.93%),B:25041.6(26.82%),P:1e-180
		Performing exhaustive masking of motif...
		Reprioritizing potential motifs...
	4 of 25 Initial Sequence: TGACCTAGTT... (-57.298)
		Round 1: -115.72 TGACCTAGTT T:191.0(3.44%),B:717.6(0.91%),P:1e-50
		Round 2: -115.72 TGACCTAGTT T:191.0(3.44%),B:717.6(0.91%),P:1e-50
		=Final=: -144.15 TGACCTAGTT T:189.0(3.46%),B:711.5(0.76%),P:1e-62
		Performing exhaustive masking of motif...
		Reprioritizing potential motifs...
	5 of 25 Initial Sequence: TGCCAGCTGG... (-28.541)
		Round 1: -60.59 TGCCAGCTGG T:1308.0(21.31%),B:13483.9(15.80%),P:1e-26
		Round 2: -60.59 TGCCAGCTGG T:1308.0(21.31%),B:13483.9(15.80%),P:1e-26
		=Final=: -144.43 TGCCAGCTGG T:2439.0(44.69%),B:31484.0(33.72%),P:1e-62
		Performing exhaustive masking of motif...
		Reprioritizing potential motifs...
	6 of 25 Initial Sequence: AAATATGCTC... (-26.501)
		Round 1: -41.71 AAATATGCTC T:1218.0(20.01%),B:13230.6(15.52%),P:1e-18
		Round 2: -44.67 AAATATGCTC T:1415.0(22.84%),B:15505.4(17.94%),P:1e-19
		Round 3: -44.67 AAATATGCTC T:1415.0(22.84%),B:15505.4(17.94%),P:1e-19
		=Final=: -122.27 AAATATGCTC T:2771.0(50.78%),B:37755.0(40.44%),P:1e-53
		Performing exhaustive masking of motif...
		Reprioritizing potential motifs...
	7 of 25 Initial Sequence: CCTTCTGTTA... (-23.243)
		Round 1: -43.87 CCTTCTGTTA T:761.0(13.02%),B:7628.4(9.27%),P:1e-19
		Round 2: -45.21 CCTTCTGTTM T:609.0(10.56%),B:5812.6(7.14%),P:1e-19
		Round 3: -45.21 CCTTCTGTTM T:609.0(10.56%),B:5812.6(7.14%),P:1e-19
		=Final=: -126.25 CCTTCTGTTM T:3304.0(60.55%),B:46664.2(49.98%),P:1e-54
		Performing exhaustive masking of motif...
		Reprioritizing potential motifs...
	8 of 25 Initial Sequence: GCCAGCCAAG... (-18.988)
		Round 1: -30.02 GCCAGCCAAG T:253.0(4.53%),B:2183.9(2.75%),P:1e-13
		Round 2: -37.72 GSCAGCCAAG T:638.0(11.03%),B:6392.5(7.83%),P:1e-16
		Round 3: -42.72 GSCAGCCARG T:918.0(15.48%),B:9549.0(11.46%),P:1e-18
		Round 4: -42.72 GSCAGCCARG T:918.0(15.48%),B:9549.0(11.46%),P:1e-18
		=Final=: -117.90 GSCAGCCARG T:3252.0(59.59%),B:46105.3(49.38%),P:1e-51
		Performing exhaustive masking of motif...
		Reprioritizing potential motifs...
	9 of 25 Initial Sequence: GAAATAAAAT... (-19.356)
		Round 1: -28.75 GAAATAAAAT T:2480.0(36.52%),B:30158.4(31.92%),P:1e-12
		Round 2: -28.75 GAAATAAAAT T:2480.0(36.52%),B:30158.4(31.92%),P:1e-12
		=Final=: -94.83 GAAATAAAAT T:1944.0(35.62%),B:25437.8(27.24%),P:1e-41
		Performing exhaustive masking of motif...
		Reprioritizing potential motifs...
	10 of 25 Initial Sequence: GTTGGCACTT... (-18.534)
		Round 1: -6.89 GTTGGCACTT T:257.0(4.60%),B:3016.8(3.77%),P:1e-2
		Round 2: -13.31 GTTGGCATTT T:146.0(2.64%),B:1383.9(1.75%),P:1e-5
		Round 3: -24.49 DHTGGCATYT T:220.0(3.95%),B:1937.9(2.44%),P:1e-10
		Round 4: -28.20 WCTGGCATTT T:112.0(2.03%),B:742.0(0.94%),P:1e-12
		Round 5: -28.20 WCTGGCATTT T:112.0(2.03%),B:742.0(0.94%),P:1e-12
		=Final=: -110.60 WCTGGCATTT T:3370.0(61.76%),B:48467.1(51.91%),P:1e-48
		Performing exhaustive masking of motif...
		Reprioritizing potential motifs...
	11 of 25 Initial Sequence: CCTTATATAA... (-16.930)
		Round 1: -30.18 CCTTATATAA T:614.0(10.64%),B:6375.5(7.81%),P:1e-13
		Round 2: -33.00 CCTTATATAA T:569.0(9.90%),B:5736.1(7.05%),P:1e-14
		Round 3: -41.01 CCTTATATAA T:497.0(8.71%),B:4651.1(5.76%),P:1e-17
		Round 4: -41.01 CCTTATATAA T:497.0(8.71%),B:4651.1(5.76%),P:1e-17
		=Final=: -55.15 CCTTATATAA T:405.0(7.42%),B:4047.7(4.34%),P:1e-23
		Performing exhaustive masking of motif...
		Reprioritizing potential motifs...
	12 of 25 Initial Sequence: AACCAGGCCA... (-16.919)
		Round 1: -32.78 AACCAGGCCA T:117.0(2.12%),B:735.1(0.93%),P:1e-14
		Round 2: -33.44 AACCAGGCCA T:131.0(2.37%),B:861.6(1.09%),P:1e-14
		Round 3: -33.93 AACCAGGCCA T:150.0(2.71%),B:1032.0(1.31%),P:1e-14
		Round 4: -36.50 AACCAGGCCA T:172.0(3.10%),B:1219.4(1.54%),P:1e-15
		Round 5: -36.50 AACCAGGCCA T:172.0(3.10%),B:1219.4(1.54%),P:1e-15
		=Final=: -58.84 AACCAGGCCA T:3120.0(57.17%),B:46724.7(50.04%),P:1e-25
		Performing exhaustive masking of motif...
		Reprioritizing potential motifs...
	13 of 25 Initial Sequence: TTTGCAAAGC... (-16.342)
		Round 1: -29.30 TTTGCAAAGC T:644.0(11.13%),B:6777.1(8.28%),P:1e-12
		Round 2: -32.06 TTTGCAAAGC T:431.0(7.59%),B:4144.4(5.15%),P:1e-13
		Round 3: -32.06 TTTGCAAAGC T:431.0(7.59%),B:4144.4(5.15%),P:1e-13
		=Final=: -57.67 TTTGCAAAGC T:3112.0(57.03%),B:46656.6(49.97%),P:1e-25
		Performing exhaustive masking of motif...
		Reprioritizing potential motifs...
	14 of 25 Initial Sequence: TTTGCACAGG... (-18.173)
		Round 1: -8.74 TTTGCACAGG T:253.0(4.53%),B:2859.9(3.58%),P:1e-3
		Round 2: -9.74 TTTGCACRGG T:70.0(1.27%),B:601.9(0.76%),P:1e-4
		Round 3: -10.41 TTTGCMCAGG T:97.0(1.76%),B:894.7(1.13%),P:1e-4
		Round 4: -13.37 TTTGCACMGG T:82.0(1.49%),B:662.7(0.84%),P:1e-5
		Round 5: -14.50 TTGGCMCAGG T:61.0(1.11%),B:426.2(0.54%),P:1e-6
		Round 6: -14.50 TTGGCMCAGG T:61.0(1.11%),B:426.2(0.54%),P:1e-6
		=Final=: -38.85 TTGGCMCAGG T:3043.0(55.76%),B:46716.9(50.04%),P:1e-16
		Performing exhaustive masking of motif...
		Reprioritizing potential motifs...
	15 of 25 Initial Sequence: TTAAAGCTTC... (-16.157)
		Round 1: -16.93 TTAAAGCTTC T:20.0(0.37%),B:58.3(0.07%),P:1e-7
		Round 2: -17.11 TTAACGCTTC T:23.0(0.42%),B:76.7(0.10%),P:1e-7
		Round 3: -17.11 TTAACGCTTC T:23.0(0.42%),B:76.7(0.10%),P:1e-7
		=Final=: -33.71 TTAACGCTTC T:3031.0(55.54%),B:46903.7(50.24%),P:1e-14
		Performing exhaustive masking of motif...
		Reprioritizing potential motifs...
	16 of 25 Initial Sequence: ACCATCTGGA... (-15.376)
		Round 1: -17.20 ACCATCTGGA T:16.0(0.29%),B:35.0(0.04%),P:1e-7
		Round 2: -19.45 ACGWTCTGGA T:21.0(0.38%),B:55.2(0.07%),P:1e-8
		Round 3: -19.45 ACGWTCTGGA T:21.0(0.38%),B:55.2(0.07%),P:1e-8
		=Final=: -23.94 ACGWTCTGGA T:21.0(0.38%),B:55.2(0.06%),P:1e-10
		Performing exhaustive masking of motif...
		Reprioritizing potential motifs...
	17 of 25 Initial Sequence: TAATTAGAGC... (-14.050)
		Round 1: -27.05 TAATTAGAGC T:361.0(6.40%),B:3482.6(4.34%),P:1e-11
		Round 2: -27.05 TAATTAGAGC T:361.0(6.40%),B:3482.6(4.34%),P:1e-11
		=Final=: -71.27 TAATTAGAGC T:3160.0(57.91%),B:46710.9(50.03%),P:1e-30
		Performing exhaustive masking of motif...
		Reprioritizing potential motifs...
	18 of 25 Initial Sequence: CTGCCTAATT... (-13.992)
		Round 1: -13.99 CTGCCTAATT T:11.0(0.20%),B:19.8(0.02%),P:1e-6
		Round 2: -13.99 CTGCCTAATT T:11.0(0.20%),B:19.8(0.02%),P:1e-6
		=Final=: -50.25 CTGCCTAATT T:4042.0(74.07%),B:63537.8(68.05%),P:1e-21
		Performing exhaustive masking of motif...
		Reprioritizing potential motifs...
	19 of 25 Initial Sequence: AATCAGGCTG... (-27.095)
		Round 1: -8.35 AATCAGGCTG T:69.0(1.26%),B:620.4(0.79%),P:1e-3
		Round 2: -10.99 AATCAGGCTG T:101.0(1.83%),B:926.1(1.17%),P:1e-4
		Round 3: -12.00 AATCAGGCTG T:178.0(3.21%),B:1798.5(2.27%),P:1e-5
		Round 4: -12.00 AATCAGGCTG T:178.0(3.21%),B:1798.5(2.27%),P:1e-5
		=Final=: -67.71 AATCAGGCTG T:2167.0(39.71%),B:30244.1(32.39%),P:1e-29
		Performing exhaustive masking of motif...
		Reprioritizing potential motifs...
	20 of 25 Initial Sequence: CAGACTGCTT... (-18.173)
		Round 1: -6.34 CAGACTGCTT T:297.0(5.30%),B:3572.6(4.45%),P:1e-2
		Round 2: -8.47 CAGACTGCTT T:296.0(5.28%),B:3424.9(4.27%),P:1e-3
		Round 3: -8.47 CAGACTGCTT T:296.0(5.28%),B:3424.9(4.27%),P:1e-3
		=Final=: -41.07 CAGACTGCTT T:2726.0(49.95%),B:41145.5(44.07%),P:1e-17
		Performing exhaustive masking of motif...
		Reprioritizing potential motifs...
	21 of 25 Initial Sequence: CAGTCTGCTG... (-18.173)
		Round 1: -6.58 CAGTCTGCTG T:42.0(0.77%),B:354.0(0.45%),P:1e-2
		Round 2: -9.65 CAGTGTGCTG T:44.0(0.80%),B:322.3(0.41%),P:1e-4
		Round 3: -10.18 CAGTSTGCTG T:179.0(3.23%),B:1875.4(2.36%),P:1e-4
		Round 4: -11.13 CARTSTGYYG T:58.0(1.06%),B:445.5(0.57%),P:1e-4
		Round 5: -11.13 CARTSTGYYG T:58.0(1.06%),B:445.5(0.57%),P:1e-4
		=Final=: -38.68 CARTSTGYYG T:2690.0(49.29%),B:40707.0(43.60%),P:1e-16
		Performing exhaustive masking of motif...
		Reprioritizing potential motifs...
	22 of 25 Initial Sequence: AATGCCAGGG... (-13.896)
		Round 1: -11.62 AATGCCAGGG T:192.0(3.46%),B:1973.1(2.48%),P:1e-5
		Round 2: -14.10 AAWGCCAGGG T:274.0(4.90%),B:2883.1(3.61%),P:1e-6
		Round 3: -15.56 AAWGCCAGGG T:460.0(8.08%),B:5127.5(6.33%),P:1e-6
		Round 4: -18.07 AAWGCCAGGG T:523.0(9.14%),B:5786.0(7.11%),P:1e-7
		Round 5: -18.07 AAWGCCAGGG T:523.0(9.14%),B:5786.0(7.11%),P:1e-7
		=Final=: -62.84 AAWGCCAGGG T:3130.0(57.36%),B:46662.3(49.98%),P:1e-27
		Performing exhaustive masking of motif...
		Reprioritizing potential motifs...
	23 of 25 Initial Sequence: CCTGGCACTG... (-21.044)
		Round 1: -10.41 CCTGGCACTG T:122.0(2.21%),B:1177.1(1.49%),P:1e-4
		Round 2: -11.37 CCTGGCACTG T:143.0(2.59%),B:1402.5(1.77%),P:1e-4
		Round 3: -14.91 CCTGGCACTG T:134.0(2.43%),B:1202.6(1.52%),P:1e-6
		Round 4: -14.91 CCTGGCACTG T:134.0(2.43%),B:1202.6(1.52%),P:1e-6
		=Final=: -37.56 CCTGGCACTG T:2803.0(51.37%),B:42708.9(45.74%),P:1e-16
		Performing exhaustive masking of motif...
		Reprioritizing potential motifs...
	24 of 25 Initial Sequence: CTGGCATCTG... (-13.896)
		Round 1: -12.16 CTGGCATCTG T:64.0(1.17%),B:491.9(0.62%),P:1e-5
		Round 2: -12.29 CTGGCATCTG T:85.0(1.55%),B:716.1(0.91%),P:1e-5
		Round 3: -16.77 MTTGCATYWG T:253.0(4.53%),B:2534.4(3.18%),P:1e-7
		Round 4: -19.45 MTTGCATCTG T:95.0(1.73%),B:700.4(0.89%),P:1e-8
		Round 5: -19.45 MTTGCATCTG T:95.0(1.73%),B:700.4(0.89%),P:1e-8
		=Final=: -48.37 MTTGCATCTG T:2997.0(54.92%),B:45265.1(48.48%),P:1e-21
		Performing exhaustive masking of motif...
		Reprioritizing potential motifs...
	25 of 25 Initial Sequence: ATTTAAGCAA... (-13.896)
		Round 1: -2.67 ATTTAAGCAA T:138.0(2.50%),B:1735.5(2.19%),P:1e-1
		Round 2: -5.84 ATTTAAGCAA T:79.0(1.44%),B:809.2(1.03%),P:1e-2
		Round 3: -10.99 ATTTAAGCAM T:118.0(2.14%),B:1113.9(1.41%),P:1e-4
		Round 4: -10.99 ATTTAAGCAM T:118.0(2.14%),B:1113.9(1.41%),P:1e-4
		=Final=: -41.35 ATTTAAGCAM T:2495.0(45.72%),B:37230.5(39.88%),P:1e-17
		Performing exhaustive masking of motif...
		Reprioritizing potential motifs...

	Finalizing Enrichment Statistics (new in v3.4)
	Reading input files...
	100000 total sequences read
	Cache length = 11180
	Using binomial scoring
	Checking enrichment of 25 motif(s)
	|0%                                    50%                                  100%|
	=================================================================================
	Output in file: /expanse/lustre/projects/csd940/zalibhai/mariner_hi-c/biomodal/downstream/results/homer_motif_enrichment/C4_k27ac_lost_vs_genome/homerMotifs.motifs10


	Number of Trial motifs (-T) set to 8 (from 10) to work well with 8 CPUs
	-blen automatically set to 2
	Scanning input files...
	Parsing sequences...
	|0%                                   50%                                  100%|
	===============================================================================
	Total number of Oligos: 6313205
	Autoadjustment for sequence coverage in background: 0.84x

	Oligos: 6313205 of 8830118 max
	Tree  : 13471892 of 44150590 max
	Optimizing memory usage...
	Cache length = 11180
	Using binomial scoring

	Global Optimization Phase: Looking for enriched oligos with up to 2 mismatches...

	Screening oligos 6313205 (allowing 0 mismatches):
	|0%                                   50%                                  100%|
	================================================================================
		75.32% skipped, 24.68% checked (1558342 of 6313205), of those checked:
		75.32% not in target, 0.00% increased p-value, 0.00% high p-value

	Screening oligos 6313205 (allowing 1 mismatches):
	|0%                                   50%                                  100%|
	================================================================================
		75.32% skipped, 24.68% checked (1558342 of 6313205), of those checked:
		0.00% not in target, 18.01% increased p-value, 8.14% high p-value

	Screening oligos 6313205 (allowing 2 mismatches):
	|0%                                   50%                                  100%|
	================================================================================
		95.48% skipped, 4.52% checked (285080 of 6313205), of those checked:
		0.00% not in target, 2.62% increased p-value, 0.00% high p-value
	Reading input files...
	100000 total sequences read
	Cache length = 11180
	Using binomial scoring

	Local Optimization Phase:
	1 of 25 Initial Sequence: CGCCATCTGTTC... (-164.457)
		Round 1: -446.56 CGCCATCTGTTC T:1039.0(17.34%),B:4703.7(5.83%),P:1e-193
		Round 2: -649.48 NRCCATCTGTYN T:1358.0(22.03%),B:5564.9(6.86%),P:1e-282
		Round 3: -689.91 NRCCATCTGTYH T:1527.0(24.41%),B:6452.4(7.92%),P:1e-299
		Round 4: -689.91 NRCCATCTGTYH T:1527.0(24.41%),B:6452.4(7.92%),P:1e-299
		=Final=: -983.83 NRCCATCTGTYH T:1425.0(26.11%),B:6357.8(6.81%),P:1e-427
		Performing exhaustive masking of motif...
		Reprioritizing potential motifs...
	2 of 25 Initial Sequence: GCTATTTTTAGC... (-59.669)
		Round 1: -102.01 GCTATTTTTAGC T:600.0(10.41%),B:4473.6(5.56%),P:1e-44
		Round 2: -124.66 GCTATTTTTAGC T:430.0(7.58%),B:2559.7(3.22%),P:1e-54
		Round 3: -126.94 GCTATTTTTAGC T:454.0(7.98%),B:2746.5(3.45%),P:1e-55
		Round 4: -126.94 GCTATTTTTAGC T:454.0(7.98%),B:2746.5(3.45%),P:1e-55
		=Final=: -172.45 GCTATTTTTAGC T:740.0(13.56%),B:6142.7(6.58%),P:1e-74
		Performing exhaustive masking of motif...
		Reprioritizing potential motifs...
	3 of 25 Initial Sequence: AGGCCAGCTGGC... (-44.671)
		Round 1: -73.40 AGGCCAGCTGGC T:1531.0(24.47%),B:15567.6(18.04%),P:1e-31
		Round 2: -78.39 AGGCCAGCTGGC T:2264.0(33.96%),B:24027.1(26.44%),P:1e-34
		Round 3: -80.04 AGGCCAGCTGGC T:2813.0(40.28%),B:30508.1(32.29%),P:1e-34
		Round 4: -82.11 AGGCCAGCTGGC T:2354.0(35.04%),B:24913.1(27.27%),P:1e-35
		Round 5: -88.95 AGGCCAGCTGGC T:1439.0(23.18%),B:13930.9(16.31%),P:1e-38
		Round 6: -88.95 AGGCCAGCTGGC T:1439.0(23.18%),B:13930.9(16.31%),P:1e-38
		=Final=: -164.79 AGGCCAGCTGGC T:2615.0(47.92%),B:33645.7(36.04%),P:1e-71
		Performing exhaustive masking of motif...
		Reprioritizing potential motifs...
	4 of 25 Initial Sequence: AAAGTAGGTCAC... (-37.624)
		Round 1: -85.35 AAAGTAGGTCAC T:133.0(2.41%),B:481.7(0.61%),P:1e-37
		Round 2: -108.32 AAAGTAGGTCAC T:277.0(4.95%),B:1413.3(1.79%),P:1e-47
		Round 3: -128.61 AAAGTAGGTCAC T:275.0(4.91%),B:1246.7(1.58%),P:1e-55
		Round 4: -130.00 WAASTAGGTCAV T:251.0(4.50%),B:1059.8(1.34%),P:1e-56
		Round 5: -130.00 WAASTAGGTCAV T:251.0(4.50%),B:1059.8(1.34%),P:1e-56
		=Final=: -163.67 WAASTAGGTCAV T:245.0(4.49%),B:1041.6(1.12%),P:1e-71
		Performing exhaustive masking of motif...
		Reprioritizing potential motifs...
	5 of 25 Initial Sequence: GGCCATCTGTCT... (-31.974)
		Round 1: -7.75 NGCCATCTGTCH T:2201.0(33.19%),B:29120.3(31.08%),P:1e-3
		Round 2: -11.55 NGCCATCTGTCN T:2934.0(41.59%),B:38343.3(38.74%),P:1e-5
		Round 3: -14.20 DGCCATCTGTCM T:2906.0(41.29%),B:37510.1(38.09%),P:1e-6
		Round 4: -17.35 DGCCHTCTGTCM T:2734.0(39.41%),B:34728.7(35.85%),P:1e-7
		Round 5: -19.76 WGCCHTCTGTCM T:3065.0(42.98%),B:38784.7(39.09%),P:1e-8
		Round 6: -21.17 WGCCYTCTGTCM T:2337.0(34.84%),B:29018.3(30.99%),P:1e-9
		Round 7: -22.98 TGCYYTCTGTCM T:2999.0(42.28%),B:37483.3(38.07%),P:1e-9
		Round 8: -22.98 TGCYYTCTGTCM T:2999.0(42.28%),B:37483.3(38.07%),P:1e-9
		=Final=: -130.43 TGCYYTCTGTCM T:3302.0(60.51%),B:46462.5(49.76%),P:1e-56
		Performing exhaustive masking of motif...
		Reprioritizing potential motifs...
	6 of 25 Initial Sequence: CCATCTGGCCTG... (-31.974)
		Round 1: -6.75 CCATCTGGCCTG T:691.0(11.89%),B:8763.1(10.60%),P:1e-2
		Round 2: -12.33 CCWTYTGGCCTG T:162.0(2.93%),B:1588.0(2.01%),P:1e-5
		Round 3: -17.25 CCTTYTGGCCTG T:112.0(2.03%),B:904.8(1.15%),P:1e-7
		Round 4: -18.93 CCTTYTGGCCTG T:33.0(0.60%),B:136.5(0.17%),P:1e-8
		Round 5: -19.97 CCWTTTGGCCTG T:114.0(2.07%),B:877.8(1.11%),P:1e-8
		Round 6: -23.19 MCWTYTGGCHTG T:95.0(1.73%),B:646.1(0.82%),P:1e-10
		Round 7: -24.28 CCTTTTGGCCTG T:79.0(1.44%),B:481.0(0.61%),P:1e-10
		Round 8: -24.28 CCTTTTGGCCTG T:79.0(1.44%),B:481.0(0.61%),P:1e-10
		=Final=: -106.38 CCTTTTGGCCTG T:3028.0(55.49%),B:42750.4(45.79%),P:1e-46
		Performing exhaustive masking of motif...
		Reprioritizing potential motifs...
	7 of 25 Initial Sequence: CTGGCAGGCAGC... (-30.350)
		Round 1: -51.52 CTGGCAGGCAGC T:1180.0(19.45%),B:12299.9(14.55%),P:1e-22
		Round 2: -59.45 CTGGCAGGCAGC T:2802.0(40.16%),B:31660.9(33.28%),P:1e-25
		Round 3: -80.75 CTGGCAGGCAGC T:1832.0(28.52%),B:18798.4(21.36%),P:1e-35
		Round 4: -94.45 CTGGCAGGCAGC T:1423.0(22.96%),B:13556.8(15.91%),P:1e-41
		Round 5: -98.96 CTGGCAGGCAGC T:1385.0(22.42%),B:12991.1(15.30%),P:1e-42
		Round 6: -106.02 YTGGCAGGCAGC T:1204.0(19.80%),B:10776.5(12.87%),P:1e-46
		Round 7: -109.35 CTGGCAGGCADM T:1203.0(19.79%),B:10675.6(12.75%),P:1e-47
		Round 8: -109.35 CTGGCAGGCADM T:1203.0(19.79%),B:10675.6(12.75%),P:1e-47
		=Final=: -179.36 CTGGCAGGCADM T:3398.0(62.27%),B:46347.4(49.64%),P:1e-77
		Performing exhaustive masking of motif...
		Reprioritizing potential motifs...
	8 of 25 Initial Sequence: GGCTGGCTGCCT... (-36.837)
		Round 1: -4.19 GGCTGGCTGCCT T:366.0(6.49%),B:4662.2(5.78%),P:1e-1
		Round 2: -4.19 GGCTGGCTGCCT T:366.0(6.49%),B:4662.2(5.78%),P:1e-1
		=Final=: -37.90 GGCTGGCTGCCT T:3018.0(55.31%),B:46357.8(49.65%),P:1e-16
		Performing exhaustive masking of motif...
		Reprioritizing potential motifs...
	9 of 25 Initial Sequence: CCAGCTGGCAGC... (-22.619)
		Round 1: -13.07 CCAGCTGGCAGC T:109.0(1.98%),B:955.7(1.21%),P:1e-5
		Round 2: -13.59 CCAGCTGGCAGC T:34.0(0.62%),B:182.8(0.23%),P:1e-5
		Round 3: -18.10 CCAGCTGGCAGC T:69.0(1.26%),B:458.0(0.58%),P:1e-7
		Round 4: -21.15 CCAGCTGGCAGC T:67.0(1.22%),B:404.6(0.52%),P:1e-9
		Round 5: -23.92 CCAGCTGGCAGC T:67.0(1.22%),B:376.9(0.48%),P:1e-10
		Round 6: -23.92 CCAGCTGGCAGC T:67.0(1.22%),B:376.9(0.48%),P:1e-10
		=Final=: -38.34 CCAGCTGGCAGC T:3037.0(55.65%),B:46651.4(49.97%),P:1e-16
		Performing exhaustive masking of motif...
		Reprioritizing potential motifs...
	10 of 25 Initial Sequence: TCCAGCTGGCCT... (-22.619)
		Round 1: -5.58 TMCAGCTGGCTN T:126.0(2.28%),B:1397.9(1.77%),P:1e-2
		Round 2: -8.19 TMCAGCTGGCTV T:246.0(4.41%),B:2788.9(3.50%),P:1e-3
		Round 3: -11.12 TMCAGCTGGCTM T:342.0(6.08%),B:3852.8(4.80%),P:1e-4
		Round 4: -12.60 THCAGCTGRCHH T:240.0(4.30%),B:2512.7(3.16%),P:1e-5
		Round 5: -12.60 THCAGCTGRCHH T:240.0(4.30%),B:2512.7(3.16%),P:1e-5
		=Final=: -54.58 THCAGCTGRCHH T:3016.0(55.27%),B:45195.1(48.41%),P:1e-23
		Performing exhaustive masking of motif...
		Reprioritizing potential motifs...
	11 of 25 Initial Sequence: GCTCTCTGCTCT... (-22.619)
		Round 1: -5.82 GCTCTCTGCTCT T:1327.0(21.59%),B:17530.9(20.07%),P:1e-2
		Round 2: -7.63 GYTCTCTGCTCT T:2153.0(32.60%),B:28493.2(30.52%),P:1e-3
		Round 3: -10.24 GYTCTCTGCTCT T:1118.0(18.53%),B:14085.2(16.48%),P:1e-4
		Round 4: -10.24 GYTCTCTGCTCT T:1118.0(18.53%),B:14085.2(16.48%),P:1e-4
		=Final=: -77.49 GYTCTCTGCTCT T:3084.0(56.51%),B:45074.2(48.28%),P:1e-33
		Performing exhaustive masking of motif...
		Reprioritizing potential motifs...
	12 of 25 Initial Sequence: TCTCTCTGTTCT... (-22.619)
		Round 1: -7.70 TCTCTCTGTTCT T:115.0(2.09%),B:1174.9(1.49%),P:1e-3
		Round 2: -13.59 TCTCTCTGTTCT T:355.0(6.30%),B:3891.7(4.85%),P:1e-5
		Round 3: -16.03 TMTCTCTRTTCT T:395.0(6.98%),B:4285.9(5.33%),P:1e-6
		Round 4: -18.06 TCTCTCTRTTCT T:310.0(5.52%),B:3164.0(3.96%),P:1e-7
		Round 5: -20.08 TNTCTCTRTTYT T:367.0(6.50%),B:3767.2(4.70%),P:1e-8
		Round 6: -23.00 TNTSTCTRTTYT T:301.0(5.37%),B:2890.8(3.63%),P:1e-9
		Round 7: -23.34 THTSTCTRTTYT T:273.0(4.88%),B:2564.4(3.22%),P:1e-10
		Round 8: -23.34 THTSTCTRTTYT T:273.0(4.88%),B:2564.4(3.22%),P:1e-10
		=Final=: -55.51 THTSTCTRTTYT T:3010.0(55.16%),B:45036.0(48.23%),P:1e-24
		Performing exhaustive masking of motif...
		Reprioritizing potential motifs...
	13 of 25 Initial Sequence: ATGGACTCCTGT... (-22.619)
		Round 1: -25.96 ATGGACTCCTGT T:11.0(0.20%),B:6.2(0.01%),P:1e-11
		Round 2: -25.96 ATGGACTCCTGT T:11.0(0.20%),B:6.2(0.01%),P:1e-11
		=Final=: -43.69 ATGGACTCCTGT T:4044.0(74.11%),B:63989.3(68.53%),P:1e-18
		Performing exhaustive masking of motif...
		Reprioritizing potential motifs...
	14 of 25 Initial Sequence: CCATCTGTCCTC... (-18.520)
		Round 1: -6.71 CCATCTGTCCTC T:23.0(0.42%),B:151.7(0.19%),P:1e-2
		Round 2: -11.71 CCATCTGTCCTC T:40.0(0.73%),B:255.3(0.33%),P:1e-5
		Round 3: -11.95 CCATCTGTCCTC T:34.0(0.62%),B:197.1(0.25%),P:1e-5
		Round 4: -11.95 CCATCTGTCCTC T:34.0(0.62%),B:197.1(0.25%),P:1e-5
		=Final=: -26.70 CCATCTGTCCTC T:2983.0(54.66%),B:46670.8(49.99%),P:1e-11
		Performing exhaustive masking of motif...
		Reprioritizing potential motifs...
	15 of 25 Initial Sequence: GCATATGTTCTC... (-18.557)
		Round 1: -38.34 GCATATGTTCTC T:105.0(1.91%),B:578.6(0.74%),P:1e-16
		Round 2: -38.34 GCATATGTTCTC T:105.0(1.91%),B:578.6(0.74%),P:1e-16
		=Final=: -71.18 GCATATGTTCTC T:1071.0(19.63%),B:12967.0(13.89%),P:1e-30
		Performing exhaustive masking of motif...
		Reprioritizing potential motifs...
	16 of 25 Initial Sequence: CCTGCTGGCCTG... (-18.162)
		Round 1: -4.72 NCTGCTGGCCTN T:146.0(2.64%),B:1702.5(2.15%),P:1e-2
		Round 2: -6.94 TCTGCTGGCCTD T:374.0(6.62%),B:4524.5(5.62%),P:1e-3
		Round 3: -8.83 DCTGCTGGCCTT T:186.0(3.35%),B:2000.6(2.52%),P:1e-3
		Round 4: -10.16 WCTGCTGGCCTT T:202.0(3.63%),B:2150.1(2.71%),P:1e-4
		Round 5: -10.83 DCTGCTGGCCTT T:187.0(3.37%),B:1934.3(2.44%),P:1e-4
		Round 6: -11.10 WCTGCTGGHCTT T:256.0(4.58%),B:2780.7(3.49%),P:1e-4
		Round 7: -11.10 WCTGCTGGHCTT T:256.0(4.58%),B:2780.7(3.49%),P:1e-4
		=Final=: -50.55 WCTGCTGGHCTT T:3085.0(56.53%),B:46634.9(49.95%),P:1e-21
		Performing exhaustive masking of motif...
		Reprioritizing potential motifs...
	17 of 25 Initial Sequence: GCCATCTGCTCC... (-18.162)
		Round 1: -12.64 GCCATCTGCTCC T:90.0(1.64%),B:762.6(0.97%),P:1e-5
		Round 2: -12.64 GCCATCTGCTCC T:90.0(1.64%),B:762.6(0.97%),P:1e-5
		=Final=: -30.62 GCCATCTGCTCC T:2785.0(51.04%),B:42947.8(46.00%),P:1e-13
		Performing exhaustive masking of motif...
		Reprioritizing potential motifs...
	18 of 25 Initial Sequence: GTATAAAATTAG... (-18.400)
		Round 1: -30.70 GTATAAAATTAG T:101.0(1.83%),B:616.8(0.78%),P:1e-13
		Round 2: -35.07 GTATAAAATTAG T:110.0(2.00%),B:644.4(0.82%),P:1e-15
		Round 3: -35.07 GTATAAAATTAG T:110.0(2.00%),B:644.4(0.82%),P:1e-15
		=Final=: -45.40 GTATAAAATTAG T:106.0(1.94%),B:637.7(0.68%),P:1e-19
		Performing exhaustive masking of motif...
		Reprioritizing potential motifs...
	19 of 25 Initial Sequence: GACAGATGGTCA... (-18.162)
		Round 1: -5.83 GACAGATGGTCA T:25.0(0.46%),B:183.2(0.23%),P:1e-2
		Round 2: -8.73 GAAAGATGGTCA T:8.0(0.15%),B:17.3(0.02%),P:1e-3
		Round 3: -8.73 GAAAGATGGTCA T:8.0(0.15%),B:17.3(0.02%),P:1e-3
		=Final=: -40.75 GAAAGATGGTCA T:3016.0(55.27%),B:46114.9(49.39%),P:1e-17
		Performing exhaustive masking of motif...
		Reprioritizing potential motifs...
	20 of 25 Initial Sequence: TACAGATGGCTG... (-18.162)
		Round 1: -8.40 TACAGATGGCTG T:20.0(0.37%),B:106.5(0.14%),P:1e-3
		Round 2: -11.31 TACARATGGCTG T:77.0(1.40%),B:645.8(0.82%),P:1e-4
		Round 3: -11.31 TACARATGGCTG T:77.0(1.40%),B:645.8(0.82%),P:1e-4
		=Final=: -29.04 TACARATGGCTG T:2708.0(49.62%),B:41770.8(44.74%),P:1e-12
		Performing exhaustive masking of motif...
		Reprioritizing potential motifs...
	21 of 25 Initial Sequence: CCAGCAGGGCTG... (-18.162)
		Round 1: -5.14 CCAGCAGGGCTG T:31.0(0.57%),B:259.9(0.33%),P:1e-2
		Round 2: -7.15 CCAGCAGGGCTG T:47.0(0.86%),B:396.6(0.50%),P:1e-3
		Round 3: -10.40 CCAGCAGGGCTG T:48.0(0.88%),B:351.7(0.45%),P:1e-4
		Round 4: -11.68 CCAGCAGGGCTG T:36.0(0.66%),B:218.3(0.28%),P:1e-5
		Round 5: -14.08 CCAGCAGGGCTG T:32.0(0.58%),B:161.8(0.21%),P:1e-6
		Round 6: -15.98 CCWGMAGGGCTG T:33.0(0.60%),B:155.3(0.20%),P:1e-6
		Round 7: -15.98 CCWGMAGGGCTG T:33.0(0.60%),B:155.3(0.20%),P:1e-6
		=Final=: -31.66 CCWGMAGGGCTG T:3001.0(54.99%),B:46554.9(49.86%),P:1e-13
		Performing exhaustive masking of motif...
		Reprioritizing potential motifs...
	22 of 25 Initial Sequence: CTGCCAGAGAAG... (-18.162)
		Round 1: -3.63 NTGCCAGAGAAN T:507.0(8.87%),B:6642.0(8.14%),P:1e-1
		Round 2: -9.13 DTGCCAGAGAAR T:22.0(0.40%),B:117.8(0.15%),P:1e-3
		Round 3: -10.22 DTGCCAGAGAAN T:606.0(10.51%),B:7314.7(8.92%),P:1e-4
		Round 4: -10.65 DTGCCAGAGAAN T:210.0(3.78%),B:2232.0(2.81%),P:1e-4
		Round 5: -12.67 WTGCCAGAGAAA T:270.0(4.83%),B:2883.0(3.62%),P:1e-5
		Round 6: -16.23 DTSCCAVAGAAA T:243.0(4.36%),B:2422.1(3.05%),P:1e-7
		Round 7: -16.51 ATGCCASAGAAA T:22.0(0.40%),B:72.6(0.09%),P:1e-7
		Round 8: -16.51 ATGCCASAGAAA T:22.0(0.40%),B:72.6(0.09%),P:1e-7
		=Final=: -56.23 ATGCCASAGAAA T:2956.0(54.17%),B:44067.4(47.20%),P:1e-24
		Performing exhaustive masking of motif...
		Reprioritizing potential motifs...
	23 of 25 Initial Sequence: GGCTGGCCCCGC... (-18.162)
		Round 1: -6.04 GGCTGGCCCCGC T:34.0(0.62%),B:275.8(0.35%),P:1e-2
		Round 2: -10.33 GGCTGGCCCCGC T:27.0(0.49%),B:150.4(0.19%),P:1e-4
		Round 3: -10.36 GGCTGGCCCCGC T:26.0(0.48%),B:141.6(0.18%),P:1e-4
		Round 4: -11.31 GGCTGGCCCCGC T:26.0(0.48%),B:133.4(0.17%),P:1e-4
		Round 5: -11.31 GGCTGGCCCCGC T:26.0(0.48%),B:133.4(0.17%),P:1e-4
		=Final=: -16.71 GGCTGGCCCCGC T:2734.0(50.10%),B:43419.4(46.50%),P:1e-7
		Performing exhaustive masking of motif...
		Reprioritizing potential motifs...
	24 of 25 Initial Sequence: GGCTGGCTGCCC... (-17.708)
		Round 1: -3.26 GGCTGGCTGCCC T:199.0(3.58%),B:2497.5(3.14%),P:1e-1
		Round 2: -6.38 GGCTGKYTKCCC T:407.0(7.19%),B:5006.9(6.20%),P:1e-2
		Round 3: -8.08 KGCTGTTTTCCC T:517.0(9.04%),B:6319.7(7.76%),P:1e-3
		Round 4: -8.63 TGCTGTTTTCCC T:1710.0(26.90%),B:22287.2(24.79%),P:1e-3
		Round 5: -14.16 TKCTKTTTTCCC T:1149.0(18.99%),B:14115.2(16.51%),P:1e-6
		Round 6: -14.40 TKYTKTTTTCCC T:2187.0(33.02%),B:27868.6(29.97%),P:1e-6
		Round 7: -17.57 TKYTKTTTTCCC T:2753.0(39.62%),B:34962.4(36.04%),P:1e-7
		Round 8: -18.77 TKTTKTTTTCCC T:3058.0(42.90%),B:38833.5(39.12%),P:1e-8
		Round 9: -20.92 TKTTTTTTTCCC T:2165.0(32.75%),B:26787.4(28.99%),P:1e-9
		Round 10: -20.92 TKTTTTTTTCCC T:2165.0(32.75%),B:26787.4(28.99%),P:1e-9
		=Final=: -61.68 TKTTTTTTTCCC T:2988.0(54.76%),B:44291.2(47.44%),P:1e-26
		Performing exhaustive masking of motif...
		Reprioritizing potential motifs...
	25 of 25 Initial Sequence: AGAAAAAAAAAA... (-15.406)
		Round 1: -2.71 MSAAAAAAAAAA T:3.0(0.05%),B:7.2(0.01%),P:1e-1
		Round 2: -3.96 MKAAARRAAAAA T:3.0(0.05%),B:4.5(0.01%),P:1e-1
		Round 3: -10.14 ATWAARGGAAAA T:64.0(1.17%),B:525.9(0.67%),P:1e-4
		Round 4: -11.80 ATWAARGGAAAA T:99.0(1.80%),B:881.9(1.12%),P:1e-5
		Round 5: -14.69 ATWAARGGAAAA T:91.0(1.65%),B:734.7(0.93%),P:1e-6
		Round 6: -14.69 ATWAARGGAAAA T:91.0(1.65%),B:734.7(0.93%),P:1e-6
		=Final=: -41.06 ATWAARGGAAAA T:2618.0(47.98%),B:39320.5(42.11%),P:1e-17
		Performing exhaustive masking of motif...
		Reprioritizing potential motifs...

	Finalizing Enrichment Statistics (new in v3.4)
	Reading input files...
	100000 total sequences read
	Cache length = 11180
	Using binomial scoring
	Checking enrichment of 25 motif(s)
	|0%                                    50%                                  100%|
	=================================================================================
	Output in file: /expanse/lustre/projects/csd940/zalibhai/mariner_hi-c/biomodal/downstream/results/homer_motif_enrichment/C4_k27ac_lost_vs_genome/homerMotifs.motifs12

	(Motifs in homer2 format)
	Determining similar motifs...	71 reduced to 24 motifs
	Outputing HTML and sequence logos for motif comparison...
	Checking de novo motifs against known motifs...
	Formatting HTML page...
		1 of 24 (1e-427) similar to NeuroD1(bHLH)/Islet-NeuroD1-ChIP-Seq(GSE30298)/Homer(0.962)
		2 of 24 (1e-192) similar to NFIX/MA0671.2/Jaspar(0.960)
		3 of 24 (1e-87) similar to HOXD3/MA0912.2/Jaspar(0.831)
		4 of 24 (1e-77) similar to BHLHE23/MA0817.2/Jaspar(0.709)
		5 of 24 (1e-74) similar to Atf4(bZIP)/MEF-Atf4-ChIP-Seq(GSE35681)/Homer(0.766)
		6 of 24 (1e-69) similar to FEZF2/MA2341.1/Jaspar(0.690)
		7 of 24 (1e-65) similar to RORgt(NR)/EL4-RORgt.Flag-ChIP-Seq(GSE56019)/Homer(0.983)
		8 of 24 (1e-62) similar to RUNX-AML(Runt)/CD4+-PolII-ChIP-Seq(Barski_et_al.)/Homer(0.691)
		9 of 24 (1e-62) similar to ZNF317/MA1593.2/Jaspar(0.671)
		10 of 24 (1e-58) similar to ZNF317/MA1593.2/Jaspar(0.672)
		11 of 24 (1e-57) similar to ZNF549/MA1728.2/Jaspar(0.686)
		12 of 24 (1e-56) similar to TFAP2B/MA0813.1/Jaspar(0.653)
		13 of 24 (1e-53) similar to Stat6/MA0520.2/Jaspar(0.685)
		14 of 24 (1e-53) similar to Tlx?(NR)/NPC-H3K4me1-ChIP-Seq(GSE16256)/Homer(0.731)
		15 of 24 (1e-51) similar to PH0046.1_Hoxa10/Jaspar(0.790)
		16 of 24 (1e-45) similar to Oct11(POU,Homeobox)/NCIH1048-POU2F3-ChIP-seq(GSE115123)/Homer(0.734)
		17 of 24 (1e-44) similar to NKX6-3/MA1530.2/Jaspar(0.731)
		18 of 24 (1e-44) similar to PB0203.1_Zfp691_2/Jaspar(0.700)
		19 of 24 (1e-35) similar to Hoxd9(Homeobox)/EB-Hoxd9.HA-ChIP-Seq(GSE142377)/Homer(0.773)
		20 of 24 (1e-33) similar to DBP/MA0639.2/Jaspar(0.966)
		21 of 24 (1e-33) similar to FOS/MA0476.2/Jaspar(0.993)
		22 of 24 (1e-33) similar to Foxl2/MA1607.2/Jaspar(0.758)
		23 of 24 (1e-30) similar to ZBED4/MA2328.1/Jaspar(0.706)
		24 of 24 (1e-25) similar to Nfat5/MA0606.3/Jaspar(0.676)
	Job finished - if results look good, please send beer to ..

	Cleaning up tmp files...


HOMER completed successfully.
  Significant known motifs (q < 0.05): 1

End time: Sun May 31 23:29:31 PDT 2026
=================================================================
