=========================================
Duet evoC Bap1 Run
=========================================
Job ID: 46583971
Node: exp-6-07
CPUs: 16
Memory: 128GB
Start time: Wed Feb 18 16:28:19 PST 2026
=========================================


 N E X T F L O W   ~  version 25.04.8

Launching `/expanse/lustre/projects/csd940/zalibhai/biomodal/pipelines/duet/1.5.0/main.nf` [fervent_curran] DSL2 - revision: c04799865d

[-        ] resolve_align:FASTQC_RAW       -
[-        ] resolve_align:PRELUDE          -
[-        ] resolve_align:FASTQC_RESOLVED  -
[-        ] resolve_align:BWA_MEM2         -
[-        ] res…align:SAMTOOLS_MERGE_LANES -
[-        ] resolve_align:PRESEQ           -
[-        ] bamlet:BAMLET                  -
[-        ] bamlet:QUALIMAP_BAMQC          -

[-        ] resolve_align:FASTQC_RAW       -
[-        ] resolve_align:PRELUDE          -
[-        ] resolve_align:FASTQC_RESOLVED  -
[-        ] resolve_align:BWA_MEM2         -
[-        ] res…align:SAMTOOLS_MERGE_LANES -
[-        ] resolve_align:PRESEQ           -
[-        ] bamlet:BAMLET                  -
[-        ] bamlet:QUALIMAP_BAMQC          -
[-        ] bam_stats_genome:TSS_BIAS      -
[-        ] bam…:DEEPTOOLS_PLOTFINGERPRINT -
[-        ] bam_stats_genome:PICARD_GCBIAS -
[-        ] bam…LONG_CTRL_GENETIC_ACCURACY -
[-        ] var…t_calling:HAPLOTYPE_CALLER -
[-        ] var…nt_calling:SPLIT_INTERVALS -
[-        ] var…calling:GENOMICS_DB_IMPORT -
[-        ] variant_calling:GENOTYPE_GVCFS -
[-        ] var…t_calling:MERGE_JOINT_VCFS -
[-        ] variant_calling:ASM            -
[-        ] var…_calling:MERGE_ASM_OUTPUTS -
[-        ] variant_calling:MUTECT2        -
Plus 1 more processes waiting for tasks…
Running somatic variant calling with Mutect2

[-        ] resolve_align:FASTQC_RAW       -
[-        ] resolve_align:PRELUDE          -
[-        ] resolve_align:FASTQC_RESOLVED  -
[-        ] resolve_align:BWA_MEM2         -
[-        ] res…align:SAMTOOLS_MERGE_LANES -
[-        ] resolve_align:PRESEQ           -
[-        ] bamlet:BAMLET                  -
[-        ] bamlet:QUALIMAP_BAMQC          -
[-        ] bam_stats_genome:TSS_BIAS      -
[-        ] bam…:DEEPTOOLS_PLOTFINGERPRINT -
[-        ] bam_stats_genome:PICARD_GCBIAS -
[-        ] bam…LONG_CTRL_GENETIC_ACCURACY -
[-        ] var…t_calling:HAPLOTYPE_CALLER -
[-        ] var…nt_calling:SPLIT_INTERVALS -
[-        ] var…calling:GENOMICS_DB_IMPORT -
[-        ] variant_calling:GENOTYPE_GVCFS -
[-        ] var…t_calling:MERGE_JOINT_VCFS -
[-        ] variant_calling:ASM            -
[-        ] var…_calling:MERGE_ASM_OUTPUTS -
[-        ] variant_calling:MUTECT2        -
Plus 13 more processes waiting for tasks…
Running somatic variant calling with Mutect2

[-        ] resolve_align:FASTQC_RAW       | 0 of 4
[-        ] resolve_align:PRELUDE          -
[-        ] resolve_align:FASTQC_RESOLVED  -
[-        ] resolve_align:BWA_MEM2         -
[-        ] res…align:SAMTOOLS_MERGE_LANES -
[-        ] resolve_align:PRESEQ           -
[-        ] bamlet:BAMLET                  -
[-        ] bamlet:QUALIMAP_BAMQC          -
[-        ] bam_stats_genome:TSS_BIAS      -
[-        ] bam…:DEEPTOOLS_PLOTFINGERPRINT -
[-        ] bam_stats_genome:PICARD_GCBIAS -
[-        ] bam…LONG_CTRL_GENETIC_ACCURACY -
[-        ] var…t_calling:HAPLOTYPE_CALLER -
[-        ] var…nt_calling:SPLIT_INTERVALS -
[-        ] var…calling:GENOMICS_DB_IMPORT -
[-        ] variant_calling:GENOTYPE_GVCFS -
[-        ] var…t_calling:MERGE_JOINT_VCFS -
[-        ] variant_calling:ASM            -
[-        ] var…_calling:MERGE_ASM_OUTPUTS -
[-        ] variant_calling:MUTECT2        -
Plus 13 more processes waiting for tasks…
Running somatic variant calling with Mutect2

[-        ] resolve_align:FASTQC_RAW       | 0 of 4
[-        ] resolve_align:PRELUDE          | 0 of 4
[-        ] resolve_align:FASTQC_RESOLVED  -
[-        ] resolve_align:BWA_MEM2         -
[-        ] res…align:SAMTOOLS_MERGE_LANES -
[-        ] resolve_align:PRESEQ           -
[-        ] bamlet:BAMLET                  -
[-        ] bamlet:QUALIMAP_BAMQC          -
[-        ] bam_stats_genome:TSS_BIAS      -
[-        ] bam…:DEEPTOOLS_PLOTFINGERPRINT -
[-        ] bam_stats_genome:PICARD_GCBIAS -
[-        ] bam…LONG_CTRL_GENETIC_ACCURACY -
[-        ] var…t_calling:HAPLOTYPE_CALLER -
[-        ] var…nt_calling:SPLIT_INTERVALS -
[-        ] var…calling:GENOMICS_DB_IMPORT -
[-        ] variant_calling:GENOTYPE_GVCFS -
[-        ] var…t_calling:MERGE_JOINT_VCFS -
[-        ] variant_calling:ASM            -
[-        ] var…_calling:MERGE_ASM_OUTPUTS -
[-        ] variant_calling:MUTECT2        -
Plus 13 more processes waiting for tasks…
Running somatic variant calling with Mutect2

executor >  slurm (1)
[6e/be9be3] res…AW (evoC-Bap1-mut-F, L002) | 0 of 4
[-        ] resolve_align:PRELUDE          | 0 of 4
[-        ] resolve_align:FASTQC_RESOLVED  -
[-        ] resolve_align:BWA_MEM2         -
[-        ] res…align:SAMTOOLS_MERGE_LANES -
[-        ] resolve_align:PRESEQ           -
[-        ] bamlet:BAMLET                  -
[-        ] bamlet:QUALIMAP_BAMQC          -
[-        ] bam_stats_genome:TSS_BIAS      -
[-        ] bam…:DEEPTOOLS_PLOTFINGERPRINT -
[-        ] bam_stats_genome:PICARD_GCBIAS -
[-        ] bam…LONG_CTRL_GENETIC_ACCURACY -
[-        ] var…t_calling:HAPLOTYPE_CALLER -
[-        ] var…nt_calling:SPLIT_INTERVALS -
[-        ] var…calling:GENOMICS_DB_IMPORT -
[-        ] variant_calling:GENOTYPE_GVCFS -
[-        ] var…t_calling:MERGE_JOINT_VCFS -
[-        ] variant_calling:ASM            -
[-        ] var…_calling:MERGE_ASM_OUTPUTS -
[-        ] variant_calling:MUTECT2        -
Plus 13 more processes waiting for tasks…
Running somatic variant calling with Mutect2

executor >  slurm (3)
[fd/3d5131] res…W (evoC-Bap1-ctrl-F, L002) | 0 of 4
[-        ] resolve_align:PRELUDE          | 0 of 4
[-        ] resolve_align:FASTQC_RESOLVED  -
[-        ] resolve_align:BWA_MEM2         -
[-        ] res…align:SAMTOOLS_MERGE_LANES -
[-        ] resolve_align:PRESEQ           -
[-        ] bamlet:BAMLET                  -
[-        ] bamlet:QUALIMAP_BAMQC          -
[-        ] bam_stats_genome:TSS_BIAS      -
[-        ] bam…:DEEPTOOLS_PLOTFINGERPRINT -
[-        ] bam_stats_genome:PICARD_GCBIAS -
[-        ] bam…LONG_CTRL_GENETIC_ACCURACY -
[-        ] var…t_calling:HAPLOTYPE_CALLER -
[-        ] var…nt_calling:SPLIT_INTERVALS -
[-        ] var…calling:GENOMICS_DB_IMPORT -
[-        ] variant_calling:GENOTYPE_GVCFS -
[-        ] var…t_calling:MERGE_JOINT_VCFS -
[-        ] variant_calling:ASM            -
[-        ] var…_calling:MERGE_ASM_OUTPUTS -
[-        ] variant_calling:MUTECT2        -
Plus 13 more processes waiting for tasks…
Running somatic variant calling with Mutect2

executor >  slurm (4)
[b2/d2d947] res…AW (evoC-Bap1-mut-M, L002) | 0 of 4
[-        ] resolve_align:PRELUDE          | 0 of 4
[-        ] resolve_align:FASTQC_RESOLVED  -
[-        ] resolve_align:BWA_MEM2         -
[-        ] res…align:SAMTOOLS_MERGE_LANES -
[-        ] resolve_align:PRESEQ           -
[-        ] bamlet:BAMLET                  -
[-        ] bamlet:QUALIMAP_BAMQC          -
[-        ] bam_stats_genome:TSS_BIAS      -
[-        ] bam…:DEEPTOOLS_PLOTFINGERPRINT -
[-        ] bam_stats_genome:PICARD_GCBIAS -
[-        ] bam…LONG_CTRL_GENETIC_ACCURACY -
[-        ] var…t_calling:HAPLOTYPE_CALLER -
[-        ] var…nt_calling:SPLIT_INTERVALS -
[-        ] var…calling:GENOMICS_DB_IMPORT -
[-        ] variant_calling:GENOTYPE_GVCFS -
[-        ] var…t_calling:MERGE_JOINT_VCFS -
[-        ] variant_calling:ASM            -
[-        ] var…_calling:MERGE_ASM_OUTPUTS -
[-        ] variant_calling:MUTECT2        -
Plus 13 more processes waiting for tasks…
Running somatic variant calling with Mutect2

executor >  slurm (5)
[b2/d2d947] res…AW (evoC-Bap1-mut-M, L002) | 0 of 4
[ca/76c9e6] res…DE (evoC-Bap1-mut-M, L002) | 0 of 4
[-        ] resolve_align:FASTQC_RESOLVED  -
[-        ] resolve_align:BWA_MEM2         -
[-        ] res…align:SAMTOOLS_MERGE_LANES -
[-        ] resolve_align:PRESEQ           -
[-        ] bamlet:BAMLET                  -
[-        ] bamlet:QUALIMAP_BAMQC          -
[-        ] bam_stats_genome:TSS_BIAS      -
[-        ] bam…:DEEPTOOLS_PLOTFINGERPRINT -
[-        ] bam_stats_genome:PICARD_GCBIAS -
[-        ] bam…LONG_CTRL_GENETIC_ACCURACY -
[-        ] var…t_calling:HAPLOTYPE_CALLER -
[-        ] var…nt_calling:SPLIT_INTERVALS -
[-        ] var…calling:GENOMICS_DB_IMPORT -
[-        ] variant_calling:GENOTYPE_GVCFS -
[-        ] var…t_calling:MERGE_JOINT_VCFS -
[-        ] variant_calling:ASM            -
[-        ] var…_calling:MERGE_ASM_OUTPUTS -
[-        ] variant_calling:MUTECT2        -
Plus 13 more processes waiting for tasks…
Running somatic variant calling with Mutect2

executor >  slurm (6)
[b2/d2d947] res…AW (evoC-Bap1-mut-M, L002) | 0 of 4
[c8/42ba0d] res…E (evoC-Bap1-ctrl-F, L002) | 0 of 4
[-        ] resolve_align:FASTQC_RESOLVED  -
[-        ] resolve_align:BWA_MEM2         -
[-        ] res…align:SAMTOOLS_MERGE_LANES -
[-        ] resolve_align:PRESEQ           -
[-        ] bamlet:BAMLET                  -
[-        ] bamlet:QUALIMAP_BAMQC          -
[-        ] bam_stats_genome:TSS_BIAS      -
[-        ] bam…:DEEPTOOLS_PLOTFINGERPRINT -
[-        ] bam_stats_genome:PICARD_GCBIAS -
[-        ] bam…LONG_CTRL_GENETIC_ACCURACY -
[-        ] var…t_calling:HAPLOTYPE_CALLER -
[-        ] var…nt_calling:SPLIT_INTERVALS -
[-        ] var…calling:GENOMICS_DB_IMPORT -
[-        ] variant_calling:GENOTYPE_GVCFS -
[-        ] var…t_calling:MERGE_JOINT_VCFS -
[-        ] variant_calling:ASM            -
[-        ] var…_calling:MERGE_ASM_OUTPUTS -
[-        ] variant_calling:MUTECT2        -
Plus 13 more processes waiting for tasks…
Running somatic variant calling with Mutect2

executor >  slurm (7)
[b2/d2d947] res…AW (evoC-Bap1-mut-M, L002) | 0 of 4
[40/54197b] res…DE (evoC-Bap1-mut-F, L002) | 0 of 4
[-        ] resolve_align:FASTQC_RESOLVED  -
[-        ] resolve_align:BWA_MEM2         -
[-        ] res…align:SAMTOOLS_MERGE_LANES -
[-        ] resolve_align:PRESEQ           -
[-        ] bamlet:BAMLET                  -
[-        ] bamlet:QUALIMAP_BAMQC          -
[-        ] bam_stats_genome:TSS_BIAS      -
[-        ] bam…:DEEPTOOLS_PLOTFINGERPRINT -
[-        ] bam_stats_genome:PICARD_GCBIAS -
[-        ] bam…LONG_CTRL_GENETIC_ACCURACY -
[-        ] var…t_calling:HAPLOTYPE_CALLER -
[-        ] var…nt_calling:SPLIT_INTERVALS -
[-        ] var…calling:GENOMICS_DB_IMPORT -
[-        ] variant_calling:GENOTYPE_GVCFS -
[-        ] var…t_calling:MERGE_JOINT_VCFS -
[-        ] variant_calling:ASM            -
[-        ] var…_calling:MERGE_ASM_OUTPUTS -
[-        ] variant_calling:MUTECT2        -
Plus 13 more processes waiting for tasks…
Running somatic variant calling with Mutect2

executor >  slurm (8)
[b2/d2d947] res…AW (evoC-Bap1-mut-M, L002) | 0 of 4
[68/06f269] res…E (evoC-Bap1-ctrl-M, L002) | 0 of 4
[-        ] resolve_align:FASTQC_RESOLVED  -
[-        ] resolve_align:BWA_MEM2         -
[-        ] res…align:SAMTOOLS_MERGE_LANES -
[-        ] resolve_align:PRESEQ           -
[-        ] bamlet:BAMLET                  -
[-        ] bamlet:QUALIMAP_BAMQC          -
[-        ] bam_stats_genome:TSS_BIAS      -
[-        ] bam…:DEEPTOOLS_PLOTFINGERPRINT -
[-        ] bam_stats_genome:PICARD_GCBIAS -
[-        ] bam…LONG_CTRL_GENETIC_ACCURACY -
[-        ] var…t_calling:HAPLOTYPE_CALLER -
[-        ] var…nt_calling:SPLIT_INTERVALS -
[-        ] var…calling:GENOMICS_DB_IMPORT -
[-        ] variant_calling:GENOTYPE_GVCFS -
[-        ] var…t_calling:MERGE_JOINT_VCFS -
[-        ] variant_calling:ASM            -
[-        ] var…_calling:MERGE_ASM_OUTPUTS -
[-        ] variant_calling:MUTECT2        -
Plus 13 more processes waiting for tasks…
Running somatic variant calling with Mutect2

executor >  slurm (8)
[b2/d2d947] res…AW (evoC-Bap1-mut-M, L002) | 0 of 4
[68/06f269] res…E (evoC-Bap1-ctrl-M, L002) | 0 of 4
[-        ] resolve_align:FASTQC_RESOLVED  -
[-        ] resolve_align:BWA_MEM2         -
[-        ] res…align:SAMTOOLS_MERGE_LANES -
[-        ] resolve_align:PRESEQ           -
[-        ] bamlet:BAMLET                  -
[-        ] bamlet:QUALIMAP_BAMQC          -
[-        ] bam_stats_genome:TSS_BIAS      -
[-        ] bam…:DEEPTOOLS_PLOTFINGERPRINT -
[-        ] bam_stats_genome:PICARD_GCBIAS -
[-        ] bam…LONG_CTRL_GENETIC_ACCURACY -
[-        ] var…t_calling:HAPLOTYPE_CALLER -
[-        ] var…nt_calling:SPLIT_INTERVALS -
[-        ] var…calling:GENOMICS_DB_IMPORT -
[-        ] variant_calling:GENOTYPE_GVCFS -
[-        ] var…t_calling:MERGE_JOINT_VCFS -
[-        ] variant_calling:ASM            -
[-        ] var…_calling:MERGE_ASM_OUTPUTS -
[-        ] variant_calling:MUTECT2        -
Plus 13 more processes waiting for tasks…


executor >  slurm (8)
[b2/d2d947] res…AW (evoC-Bap1-mut-M, L002) | 0 of 4
[68/06f269] res…E (evoC-Bap1-ctrl-M, L002) | 0 of 4
[-        ] resolve_align:FASTQC_RESOLVED  -
[-        ] resolve_align:BWA_MEM2         -
[-        ] res…align:SAMTOOLS_MERGE_LANES -
[-        ] resolve_align:PRESEQ           -
[-        ] bamlet:BAMLET                  -
[-        ] bamlet:QUALIMAP_BAMQC          -
[-        ] bam_stats_genome:TSS_BIAS      -
[-        ] bam…:DEEPTOOLS_PLOTFINGERPRINT -
[-        ] bam_stats_genome:PICARD_GCBIAS -
[-        ] bam…LONG_CTRL_GENETIC_ACCURACY -
[-        ] var…t_calling:HAPLOTYPE_CALLER -
[-        ] var…nt_calling:SPLIT_INTERVALS -
[-        ] var…calling:GENOMICS_DB_IMPORT -
[-        ] variant_calling:GENOTYPE_GVCFS -
[-        ] var…t_calling:MERGE_JOINT_VCFS -
[-        ] variant_calling:ASM            -
[-        ] var…_calling:MERGE_ASM_OUTPUTS -
[-        ] variant_calling:MUTECT2        -
Plus 13 more processes waiting for tasks…


executor >  slurm (8)
[b2/d2d947] res…AW (evoC-Bap1-mut-M, L002) | 0 of 4
[c8/42ba0d] res…E (evoC-Bap1-ctrl-F, L002) | 0 of 4, retries: 1
[-        ] resolve_align:FASTQC_RESOLVED  -
[-        ] resolve_align:BWA_MEM2         -
[-        ] res…align:SAMTOOLS_MERGE_LANES -
[-        ] resolve_align:PRESEQ           -
[-        ] bamlet:BAMLET                  -
[-        ] bamlet:QUALIMAP_BAMQC          -
[-        ] bam_stats_genome:TSS_BIAS      -
[-        ] bam…:DEEPTOOLS_PLOTFINGERPRINT -
[-        ] bam_stats_genome:PICARD_GCBIAS -
[-        ] bam…LONG_CTRL_GENETIC_ACCURACY -
[-        ] var…t_calling:HAPLOTYPE_CALLER -
[-        ] var…nt_calling:SPLIT_INTERVALS -
[-        ] var…calling:GENOMICS_DB_IMPORT -
[-        ] variant_calling:GENOTYPE_GVCFS -
[-        ] var…t_calling:MERGE_JOINT_VCFS -
[-        ] variant_calling:ASM            -
[-        ] var…_calling:MERGE_ASM_OUTPUTS -
[-        ] variant_calling:MUTECT2        -
Plus 13 more processes waiting for tasks…
[c8/42ba0d] NOTE: Process `resolve_align:PRELUDE (evoC-Bap1-ctrl-F, L002)` terminated with an error exit status (1) -- Execution is retried (1)

executor >  slurm (9)
[b2/d2d947] res…AW (evoC-Bap1-mut-M, L002) | 0 of 4
[b3/80df64] res…E (evoC-Bap1-ctrl-F, L002) | 0 of 4, retries: 1
[-        ] resolve_align:FASTQC_RESOLVED  -
[-        ] resolve_align:BWA_MEM2         -
[-        ] res…align:SAMTOOLS_MERGE_LANES -
[-        ] resolve_align:PRESEQ           -
[-        ] bamlet:BAMLET                  -
[-        ] bamlet:QUALIMAP_BAMQC          -
[-        ] bam_stats_genome:TSS_BIAS      -
[-        ] bam…:DEEPTOOLS_PLOTFINGERPRINT -
[-        ] bam_stats_genome:PICARD_GCBIAS -
[-        ] bam…LONG_CTRL_GENETIC_ACCURACY -
[-        ] var…t_calling:HAPLOTYPE_CALLER -
[-        ] var…nt_calling:SPLIT_INTERVALS -
[-        ] var…calling:GENOMICS_DB_IMPORT -
[-        ] variant_calling:GENOTYPE_GVCFS -
[-        ] var…t_calling:MERGE_JOINT_VCFS -
[-        ] variant_calling:ASM            -
[-        ] var…_calling:MERGE_ASM_OUTPUTS -
[-        ] variant_calling:MUTECT2        -
Plus 13 more processes waiting for tasks…
[c8/42ba0d] NOTE: Process `resolve_align:PRELUDE (evoC-Bap1-ctrl-F, L002)` terminated with an error exit status (1) -- Execution is retried (1)

executor >  slurm (9)
[b2/d2d947] res…AW (evoC-Bap1-mut-M, L002) | 0 of 4
[b3/80df64] res…E (evoC-Bap1-ctrl-F, L002) | 0 of 4, retries: 1
[-        ] resolve_align:FASTQC_RESOLVED  -
[-        ] resolve_align:BWA_MEM2         -
[-        ] res…align:SAMTOOLS_MERGE_LANES -
[-        ] resolve_align:PRESEQ           -
[-        ] bamlet:BAMLET                  -
[-        ] bamlet:QUALIMAP_BAMQC          -
[-        ] bam_stats_genome:TSS_BIAS      -
[-        ] bam…:DEEPTOOLS_PLOTFINGERPRINT -
[-        ] bam_stats_genome:PICARD_GCBIAS -
[-        ] bam…LONG_CTRL_GENETIC_ACCURACY -
[-        ] var…t_calling:HAPLOTYPE_CALLER -
[-        ] var…nt_calling:SPLIT_INTERVALS -
[-        ] var…calling:GENOMICS_DB_IMPORT -
[-        ] variant_calling:GENOTYPE_GVCFS -
[-        ] var…t_calling:MERGE_JOINT_VCFS -
[-        ] variant_calling:ASM            -
[-        ] var…_calling:MERGE_ASM_OUTPUTS -
[-        ] variant_calling:MUTECT2        -
Plus 13 more processes waiting for tasks…
[c8/42ba0d] NOTE: Process `resolve_align:PRELUDE (evoC-Bap1-ctrl-F, L002)` terminated with an error exit status (1) -- Execution is retried (1)

executor >  slurm (9)
[b2/d2d947] res…AW (evoC-Bap1-mut-M, L002) | 0 of 4
[68/06f269] res…E (evoC-Bap1-ctrl-M, L002) | 1 of 4, retries: 1
[-        ] resolve_align:FASTQC_RESOLVED  -
[-        ] resolve_align:BWA_MEM2         | 0 of 1
[-        ] res…align:SAMTOOLS_MERGE_LANES -
[-        ] resolve_align:PRESEQ           -
[-        ] bamlet:BAMLET                  -
[-        ] bamlet:QUALIMAP_BAMQC          -
[-        ] bam_stats_genome:TSS_BIAS      -
[-        ] bam…:DEEPTOOLS_PLOTFINGERPRINT -
[-        ] bam_stats_genome:PICARD_GCBIAS -
[-        ] bam…LONG_CTRL_GENETIC_ACCURACY -
[-        ] var…t_calling:HAPLOTYPE_CALLER -
[-        ] var…nt_calling:SPLIT_INTERVALS -
[-        ] var…calling:GENOMICS_DB_IMPORT -
[-        ] variant_calling:GENOTYPE_GVCFS -
[-        ] var…t_calling:MERGE_JOINT_VCFS -
[-        ] variant_calling:ASM            -
[-        ] var…_calling:MERGE_ASM_OUTPUTS -
[-        ] variant_calling:MUTECT2        -
Plus 13 more processes waiting for tasks…


executor >  slurm (10)
[b2/d2d947] res…AW (evoC-Bap1-mut-M, L002) | 0 of 4
[68/06f269] res…E (evoC-Bap1-ctrl-M, L002) | 1 of 4, retries: 1
[-        ] resolve_align:FASTQC_RESOLVED  -
[bc/82a8c6] res…2 (evoC-Bap1-ctrl-M, L002) | 0 of 1
[-        ] res…align:SAMTOOLS_MERGE_LANES -
[-        ] resolve_align:PRESEQ           -
[-        ] bamlet:BAMLET                  -
[-        ] bamlet:QUALIMAP_BAMQC          -
[-        ] bam_stats_genome:TSS_BIAS      -
[-        ] bam…:DEEPTOOLS_PLOTFINGERPRINT -
[-        ] bam_stats_genome:PICARD_GCBIAS -
[-        ] bam…LONG_CTRL_GENETIC_ACCURACY -
[-        ] var…t_calling:HAPLOTYPE_CALLER -
[-        ] var…nt_calling:SPLIT_INTERVALS -
[-        ] var…calling:GENOMICS_DB_IMPORT -
[-        ] variant_calling:GENOTYPE_GVCFS -
[-        ] var…t_calling:MERGE_JOINT_VCFS -
[-        ] variant_calling:ASM            -
[-        ] var…_calling:MERGE_ASM_OUTPUTS -
[-        ] variant_calling:MUTECT2        -
Plus 13 more processes waiting for tasks…


executor >  slurm (10)
[b2/d2d947] res…AW (evoC-Bap1-mut-M, L002) | 0 of 4
[68/06f269] res…E (evoC-Bap1-ctrl-M, L002) | 1 of 4, retries: 1
[-        ] resolve_align:FASTQC_RESOLVED  -
[bc/82a8c6] res…2 (evoC-Bap1-ctrl-M, L002) | 0 of 1
[-        ] res…align:SAMTOOLS_MERGE_LANES -
[-        ] resolve_align:PRESEQ           -
[-        ] bamlet:BAMLET                  -
[-        ] bamlet:QUALIMAP_BAMQC          -
[-        ] bam_stats_genome:TSS_BIAS      -
[-        ] bam…:DEEPTOOLS_PLOTFINGERPRINT -
[-        ] bam_stats_genome:PICARD_GCBIAS -
[-        ] bam…LONG_CTRL_GENETIC_ACCURACY -
[-        ] var…t_calling:HAPLOTYPE_CALLER -
[-        ] var…nt_calling:SPLIT_INTERVALS -
[-        ] var…calling:GENOMICS_DB_IMPORT -
[-        ] variant_calling:GENOTYPE_GVCFS -
[-        ] var…t_calling:MERGE_JOINT_VCFS -
[-        ] variant_calling:ASM            -
[-        ] var…_calling:MERGE_ASM_OUTPUTS -
[-        ] variant_calling:MUTECT2        -
Plus 13 more processes waiting for tasks…

executor >  slurm (11)
[b2/d2d947] res…AW (evoC-Bap1-mut-M, L002) | 0 of 4
[ca/76c9e6] res…DE (evoC-Bap1-mut-M, L002) | 2 of 4, retries: 1
[-        ] resolve_align:FASTQC_RESOLVED  -
[7c/370825] res…M2 (evoC-Bap1-mut-M, L002) | 0 of 2
[-        ] res…align:SAMTOOLS_MERGE_LANES -
[-        ] resolve_align:PRESEQ           -
[-        ] bamlet:BAMLET                  -
[-        ] bamlet:QUALIMAP_BAMQC          -
[-        ] bam_stats_genome:TSS_BIAS      -
[-        ] bam…:DEEPTOOLS_PLOTFINGERPRINT -
[-        ] bam_stats_genome:PICARD_GCBIAS -
[-        ] bam…LONG_CTRL_GENETIC_ACCURACY -
[-        ] var…t_calling:HAPLOTYPE_CALLER -
[-        ] var…nt_calling:SPLIT_INTERVALS -
[-        ] var…calling:GENOMICS_DB_IMPORT -
[-        ] variant_calling:GENOTYPE_GVCFS -
[-        ] var…t_calling:MERGE_JOINT_VCFS -
[-        ] variant_calling:ASM            -
[-        ] var…_calling:MERGE_ASM_OUTPUTS -
[-        ] variant_calling:MUTECT2        -
Plus 13 more processes waiting for tasks…

executor >  slurm (11)
[b2/d2d947] res…AW (evoC-Bap1-mut-M, L002) | 0 of 4
[ca/76c9e6] res…DE (evoC-Bap1-mut-M, L002) | 2 of 4, retries: 1
[-        ] resolve_align:FASTQC_RESOLVED  -
[7c/370825] res…M2 (evoC-Bap1-mut-M, L002) | 0 of 2
[-        ] res…align:SAMTOOLS_MERGE_LANES -
[-        ] resolve_align:PRESEQ           -
[-        ] bamlet:BAMLET                  -
[-        ] bamlet:QUALIMAP_BAMQC          -
[-        ] bam_stats_genome:TSS_BIAS      -
[-        ] bam…:DEEPTOOLS_PLOTFINGERPRINT -
[-        ] bam_stats_genome:PICARD_GCBIAS -
[-        ] bam…LONG_CTRL_GENETIC_ACCURACY -
[-        ] var…t_calling:HAPLOTYPE_CALLER -
[-        ] var…nt_calling:SPLIT_INTERVALS -
[-        ] var…calling:GENOMICS_DB_IMPORT -
[-        ] variant_calling:GENOTYPE_GVCFS -
[-        ] var…t_calling:MERGE_JOINT_VCFS -
[-        ] variant_calling:ASM            -
[-        ] var…_calling:MERGE_ASM_OUTPUTS -
[-        ] variant_calling:MUTECT2        -
Plus 13 more processes waiting for tasks…

executor >  slurm (11)
[27/e05360] res…W (evoC-Bap1-ctrl-M, L002) | 1 of 4
[ca/76c9e6] res…DE (evoC-Bap1-mut-M, L002) | 2 of 4, retries: 1
[-        ] resolve_align:FASTQC_RESOLVED  -
[7c/370825] res…M2 (evoC-Bap1-mut-M, L002) | 0 of 2
[-        ] res…align:SAMTOOLS_MERGE_LANES -
[-        ] resolve_align:PRESEQ           -
[-        ] bamlet:BAMLET                  -
[-        ] bamlet:QUALIMAP_BAMQC          -
[-        ] bam_stats_genome:TSS_BIAS      -
[-        ] bam…:DEEPTOOLS_PLOTFINGERPRINT -
[-        ] bam_stats_genome:PICARD_GCBIAS -
[-        ] bam…LONG_CTRL_GENETIC_ACCURACY -
[-        ] var…t_calling:HAPLOTYPE_CALLER -
[-        ] var…nt_calling:SPLIT_INTERVALS -
[-        ] var…calling:GENOMICS_DB_IMPORT -
[-        ] variant_calling:GENOTYPE_GVCFS -
[-        ] var…t_calling:MERGE_JOINT_VCFS -
[-        ] variant_calling:ASM            -
[-        ] var…_calling:MERGE_ASM_OUTPUTS -
[-        ] variant_calling:MUTECT2        -
Plus 13 more processes waiting for tasks…

executor >  slurm (11)
[27/e05360] res…W (evoC-Bap1-ctrl-M, L002) | 1 of 4
[ca/76c9e6] res…DE (evoC-Bap1-mut-M, L002) | 2 of 4, retries: 1
[-        ] resolve_align:FASTQC_RESOLVED  -
[7c/370825] res…M2 (evoC-Bap1-mut-M, L002) | 0 of 2
[-        ] res…align:SAMTOOLS_MERGE_LANES -
[-        ] resolve_align:PRESEQ           -
[-        ] bamlet:BAMLET                  -
[-        ] bamlet:QUALIMAP_BAMQC          -
[-        ] bam_stats_genome:TSS_BIAS      -
[-        ] bam…:DEEPTOOLS_PLOTFINGERPRINT -
[-        ] bam_stats_genome:PICARD_GCBIAS -
[-        ] bam…LONG_CTRL_GENETIC_ACCURACY -
[-        ] var…t_calling:HAPLOTYPE_CALLER -
[-        ] var…nt_calling:SPLIT_INTERVALS -
[-        ] var…calling:GENOMICS_DB_IMPORT -
[-        ] variant_calling:GENOTYPE_GVCFS -
[-        ] var…t_calling:MERGE_JOINT_VCFS -
[-        ] variant_calling:ASM            -
[-        ] var…_calling:MERGE_ASM_OUTPUTS -
[-        ] variant_calling:MUTECT2        -
Plus 13 more processes waiting for tasks…
ERROR ~ Error executing process > 'resolve_align:PRELUDE (evoC-Bap1-ctrl-F, L002)'

Caused by:
  Process `resolve_align:PRELUDE (evoC-Bap1-ctrl-F, L002)` terminated with an error exit status (1)


Command executed:

  if [[ qtable == "qtable" ]] ;
  then
    # Untar qtables
    tar -xzvf prelude_non_positional_qtables_1.5.0.tar.gz
  fi
  
  identify_correct_qtable.py --r1 evoC-Bap1-ctrl-F_S3_L002_R1_001.fastq.gz                            --r2 evoC-Bap1-ctrl-F_S3_L002_R2_001.fastq.gz                            --assay 6bp                            --binning none                            --phred_mode qtable                            --yaml qtable_metadata.yaml                            --instrument_override my_instrument_id=expected_instrument_id
                             
  # Read the output from the script
  qtable_file_name=$(cat qtable.txt)
  switch=$(cat switch.txt)
  echo "qtable: ${qtable_file_name}"
  echo "R1/R2 switch: ${switch}"
  
  
  if [[ -f $qtable_file_name ]]; then
    echo "${qtable_file_name} is a valid qtable file"
  else
    if [[ qtable == "qtable" ]] && [[ $qtable_file_name != "miniseq" ]] ; 
      then
      echo "${qtable_file_name} is not a valid qtable file for this input data."
      echo "The resolution mode is set to qtable, but no compatible qtable was found."
      echo "This might indicate that the input data is from a sequencer, sequencing chemistry, or RTA software version that is not expected."
      echo "Please report this error to your biomodal representative."
      echo "It is still possible to process your data using the min strategy for quality score resolution."
      echo "Please refer to the biomodal duet multiomics solution software documentation where there is guidance about how to:"
      echo "a.) Invoke the min strategy for quality score resolution, rather than the qtable strategy"
      echo "b.) Provide instrument ID override information to map your sequencer ID to a compatible qtable"
      echo "c.) Set any necessary parameters for alternative sequencing platforms"
      exit 1
    fi
  fi
  
  if [[ $switch == "switch" ]] ;
  then
    echo "Invoking R1/R2 switch"
    mv evoC-Bap1-ctrl-F_S3_L002_R1_001.fastq.gz orig_read1.fastq.gz
    mv evoC-Bap1-ctrl-F_S3_L002_R2_001.fastq.gz  evoC-Bap1-ctrl-F_S3_L002_R1_001.fastq.gz
    mv orig_read1.fastq.gz evoC-Bap1-ctrl-F_S3_L002_R2_001.fastq.gz
  else
    echo "Not invoking R1/R2 switch" 
  fi
  
  # Prepare Prelude configuration
  cat << EOL >> prelude_config.yaml
  general_settings:
    chunk_size: 4194304
    output_dir: "evoC-Bap1-ctrl-F"
    trim_mode: trim
    output_unresolved: False
    output_discarded: False
    split_discarded: False
    mode: 6bp
  
  steps:
    - name: "Hard trim"
      type: "HardCutter"
      config:
        front_cut_r1: 1
        front_cut_r2: 1
        back_cut_r1: 0
        back_cut_r2: 0
    - name: "PolyG trim"
      type: "BackAdapterTrimmer"
      config:
        R1_adapter_sequence: "G{30}"
        R2_adapter_sequence: "G{30}"
        min_overlap: 9
    - name: "Trim Ns"
      type: "TrimN"
    - name: "HP trim"
      type: "HairpinTrimmer"
      config:
        R1_adapter_sequence: "AATGACGATGCGTTCGAGCATCGTYATT"
        R2_adapter_sequence: "AATRACGATGCTCGAACGCATCGTCATT"
        min_overlap: 3
        max_error_rate: 0.10714285714285714
        store_fragment_length_tag: true
  EOL
  
  if [[ false == "true" ]]
  then
  cat << EOL >> prelude_config.yaml
    - name: "TdT trim"
      type: "HairpinTrimmer"
      config:
        R1_adapter_sequence: "T{30}"
        R2_adapter_sequence: "T{30}"
        min_overlap: 6
        max_error_rate: 0.1
        store_fragment_length_tag: "True"
    - name: "Trim Ns"
      type: "TrimN"
  EOL
  fi
  
  cat << EOL >> prelude_config.yaml
    - name: "max N filter"
      type: "MaxNFilter"
      config:
        max_N: 5
    - name: "min length filter"
      type: "MinLengthFilter"
      config:
        min_length: 15
    - name: "naive resolve"
      type: "NaiveResolve"
      config:
        log_additional_stats: False
        store_positional_stats: False
        store_resolution_type : true
        naive_mismatch_threshold_accept : 0.05
        fix_mismatch : False
        
    - name: "biopython resolve"
      type: "BiopythonAlignResolve"
      config:
        log_additional_stats: False
        store_positional_stats: False
        store_resolution_type : true
        rescue_mismatch_threshold_accept : 0.05
        local_mismatch_aware_trimming_length : 15
        fix_mismatch : False
        
    - name: "create resolved read"
      type: "CreateResolvedRead"
  EOL
  
  if [[ qtable == "qtable" ]] && [[ -f $qtable_file_name ]]
  then
  echo "Qtable FOUND."
  cat << EOL >> prelude_config.yaml
    - name: "qtable phred resolve"
      type: "PhredQtableResolve"
      config:
        quality_table_path: $qtable_file_name
  EOL
    if [[ none != "none" ]]
      then
        cat <<EOL >> prelude_config.yaml
        phred_binning_strategy: "none"
  EOL
      fi
  else
  echo "Qtable NOT FOUND, resorting to MIN strategy"
  cat << EOL >> prelude_config.yaml
    - name: "resolve phred"
      type: "PhredMinResolve"
  EOL
    if [[ none != "none" ]]
      then
        cat <<EOL >> prelude_config.yaml
      config:
        phred_binning_strategy: "none"
  EOL
      fi
  fi
  
  if [[ 0 != 0 ]] || 
     [[ 0 != 0 ]]
  then
  cat << EOL >> prelude_config.yaml
    - name: "Post Resolution Hard trim"
      type: "HardCutter"
      config:
        front_cut_rr: 0
        back_cut_rr: 0
  EOL
  fi
  
  cat << EOL >> prelude_config.yaml
    - name: "mask c"
      type: "MaskEndC"
      config:
        num_bp_masked: 3
        trim_trailing_N: True
    - name: "compute MM tag"
      type: "ComputeBasemodTag"
      config:
        store_epigenetic_seq: False
        store_original_quality: False
  EOL
  
  ls
  
  cat prelude_config.yaml
  
  
  prelude -r1 evoC-Bap1-ctrl-F_S3_L002_R1_001.fastq.gz -r2 evoC-Bap1-ctrl-F_S3_L002_R2_001.fastq.gz -c prelude_config.yaml -p evoC-Bap1-ctrl-F_L002_ -n 64
  
  ls ./evoC-Bap1-ctrl-F
  
  mv ./evoC-Bap1-ctrl-F/evoC-Bap1-ctrl-F_L002_successful_RR.fq.gz .

Command exit status:
  1

Command output:
      type: "HairpinTrimmer"
      config:
        R1_adapter_sequence: "AATGACGATGCGTTCGAGCATCGTYATT"
        R2_adapter_sequence: "AATRACGATGCTCGAACGCATCGTCATT"
        min_overlap: 3
        max_error_rate: 0.10714285714285714
        store_fragment_length_tag: true
    - name: "max N filter"
      type: "MaxNFilter"
      config:
        max_N: 5
    - name: "min length filter"
      type: "MinLengthFilter"
      config:
        min_length: 15
    - name: "naive resolve"
      type: "NaiveResolve"
      config:
        log_additional_stats: False
        store_positional_stats: False
        store_resolution_type : true
        naive_mismatch_threshold_accept : 0.05
        fix_mismatch : False
        
    - name: "biopython resolve"
      type: "BiopythonAlignResolve"
      config:
        log_additional_stats: False
        store_positional_stats: False
        store_resolution_type : true
        rescue_mismatch_threshold_accept : 0.05
        local_mismatch_aware_trimming_length : 15
        fix_mismatch : False
        
    - name: "create resolved read"
      type: "CreateResolvedRead"
    - name: "qtable phred resolve"
      type: "PhredQtableResolve"
      config:
        quality_table_path: prelude_non_positional_novaseqX_XLEAP-SBS_v1.3_PE151_6bp_30_combined_qtable.csv
    - name: "mask c"
      type: "MaskEndC"
      config:
        num_bp_masked: 3
        trim_trailing_N: True
    - name: "compute MM tag"
      type: "ComputeBasemodTag"
      config:
        store_epigenetic_seq: False
        store_original_quality: False

Command error:
  2026-02-18 17:06:44 ERROR Reader failed with error: CRC check failed 1866329144 != 2740380848
  2026-02-18 17:06:44 ERROR Reader failed with error: CRC check failed 1866329144 != 2740380848
  2026-02-18 17:06:44 ERROR Traceback (most recent call last):
    File "/opt/conda/lib/python3.12/site-packages/isal/igzip_threaded.py", line 135, in readinto
      data_from_queue = self.queue.get(timeout=0.01)
                        ^^^^^^^^^^^^^^^^^^^^^^^^^^^^
    File "/opt/conda/lib/python3.12/queue.py", line 179, in get
      raise Empty
  _queue.Empty
  
  During handling of the above exception, another exception occurred:
  
  Traceback (most recent call last):
    File "/opt/conda/lib/python3.12/site-packages/prelude/domain/readers.py", line 64, in read
      for chunk_1, chunk_2 in dnaio.read_paired_chunks(f, g, chunk_size):
                              ^^^^^^^^^^^^^^^^^^^^^^^^^^^^^^^^^^^^^^^^^^
    File "/opt/conda/lib/python3.12/site-packages/dnaio/chunks.py", line 234, in read_paired_chunks
      bufend2 = f2.readinto(memoryview(buf2)[start2:]) + start2
                ^^^^^^^^^^^^^^^^^^^^^^^^^^^^^^^^^^^^^^
    File "/opt/conda/lib/python3.12/site-packages/isal/igzip_threaded.py", line 140, in readinto
      raise self.exception
    File "/opt/conda/lib/python3.12/site-packages/isal/igzip_threaded.py", line 116, in _decompress
      data = self.fileobj.read(block_size)
             ^^^^^^^^^^^^^^^^^^^^^^^^^^^^^
  gzip.BadGzipFile: CRC check failed 1866329144 != 2740380848

Work dir:
  /expanse/lustre/scratch/zalibhai/temp_project/work/b3/80df6498a15fb352778eb0d24ce0f5

Container:
  /expanse/lustre/projects/csd940/zalibhai/biomodal/images/europe-docker.pkg.dev-cegx-releases-eu-prod-prelude-1.4.0.img

Tip: view the complete command output by changing to the process work dir and entering the command `cat .command.out`

 -- Check '.nextflow.log' file for details
WARN: Killing running tasks (6)

executor >  slurm (11)
[b2/d2d947] res…AW (evoC-Bap1-mut-M, L002) | 1 of 4
[40/54197b] res…DE (evoC-Bap1-mut-F, L002) | 2 of 4, retries: 1
[-        ] resolve_align:FASTQC_RESOLVED  -
[7c/370825] res…M2 (evoC-Bap1-mut-M, L002) | 0 of 2
[-        ] res…align:SAMTOOLS_MERGE_LANES -
[-        ] resolve_align:PRESEQ           -
[-        ] bamlet:BAMLET                  -
[-        ] bamlet:QUALIMAP_BAMQC          -
[-        ] bam_stats_genome:TSS_BIAS      -
[-        ] bam…:DEEPTOOLS_PLOTFINGERPRINT -
[-        ] bam_stats_genome:PICARD_GCBIAS -
[-        ] bam…LONG_CTRL_GENETIC_ACCURACY -
[-        ] var…t_calling:HAPLOTYPE_CALLER -
[-        ] var…nt_calling:SPLIT_INTERVALS -
[-        ] var…calling:GENOMICS_DB_IMPORT -
[-        ] variant_calling:GENOTYPE_GVCFS -
[-        ] var…t_calling:MERGE_JOINT_VCFS -
[-        ] variant_calling:ASM            -
[-        ] var…_calling:MERGE_ASM_OUTPUTS -
[-        ] variant_calling:MUTECT2        -
Plus 13 more processes waiting for tasks…
ERROR ~ Error executing process > 'resolve_align:PRELUDE (evoC-Bap1-ctrl-F, L002)'

Caused by:
  Process `resolve_align:PRELUDE (evoC-Bap1-ctrl-F, L002)` terminated with an error exit status (1)


Command executed:

  if [[ qtable == "qtable" ]] ;
  then
    # Untar qtables
    tar -xzvf prelude_non_positional_qtables_1.5.0.tar.gz
  fi
  
  identify_correct_qtable.py --r1 evoC-Bap1-ctrl-F_S3_L002_R1_001.fastq.gz                            --r2 evoC-Bap1-ctrl-F_S3_L002_R2_001.fastq.gz                            --assay 6bp                            --binning none                            --phred_mode qtable                            --yaml qtable_metadata.yaml                            --instrument_override my_instrument_id=expected_instrument_id
                             
  # Read the output from the script
  qtable_file_name=$(cat qtable.txt)
  switch=$(cat switch.txt)
  echo "qtable: ${qtable_file_name}"
  echo "R1/R2 switch: ${switch}"
  
  
  if [[ -f $qtable_file_name ]]; then
    echo "${qtable_file_name} is a valid qtable file"
  else
    if [[ qtable == "qtable" ]] && [[ $qtable_file_name != "miniseq" ]] ; 
      then
      echo "${qtable_file_name} is not a valid qtable file for this input data."
      echo "The resolution mode is set to qtable, but no compatible qtable was found."
      echo "This might indicate that the input data is from a sequencer, sequencing chemistry, or RTA software version that is not expected."
      echo "Please report this error to your biomodal representative."
      echo "It is still possible to process your data using the min strategy for quality score resolution."
      echo "Please refer to the biomodal duet multiomics solution software documentation where there is guidance about how to:"
      echo "a.) Invoke the min strategy for quality score resolution, rather than the qtable strategy"
      echo "b.) Provide instrument ID override information to map your sequencer ID to a compatible qtable"
      echo "c.) Set any necessary parameters for alternative sequencing platforms"
      exit 1
    fi
  fi
  
  if [[ $switch == "switch" ]] ;
  then
    echo "Invoking R1/R2 switch"
    mv evoC-Bap1-ctrl-F_S3_L002_R1_001.fastq.gz orig_read1.fastq.gz
    mv evoC-Bap1-ctrl-F_S3_L002_R2_001.fastq.gz  evoC-Bap1-ctrl-F_S3_L002_R1_001.fastq.gz
    mv orig_read1.fastq.gz evoC-Bap1-ctrl-F_S3_L002_R2_001.fastq.gz
  else
    echo "Not invoking R1/R2 switch" 
  fi
  
  # Prepare Prelude configuration
  cat << EOL >> prelude_config.yaml
  general_settings:
    chunk_size: 4194304
    output_dir: "evoC-Bap1-ctrl-F"
    trim_mode: trim
    output_unresolved: False
    output_discarded: False
    split_discarded: False
    mode: 6bp
  
  steps:
    - name: "Hard trim"
      type: "HardCutter"
      config:
        front_cut_r1: 1
        front_cut_r2: 1
        back_cut_r1: 0
        back_cut_r2: 0
    - name: "PolyG trim"
      type: "BackAdapterTrimmer"
      config:
        R1_adapter_sequence: "G{30}"
        R2_adapter_sequence: "G{30}"
        min_overlap: 9
    - name: "Trim Ns"
      type: "TrimN"
    - name: "HP trim"
      type: "HairpinTrimmer"
      config:
        R1_adapter_sequence: "AATGACGATGCGTTCGAGCATCGTYATT"
        R2_adapter_sequence: "AATRACGATGCTCGAACGCATCGTCATT"
        min_overlap: 3
        max_error_rate: 0.10714285714285714
        store_fragment_length_tag: true
  EOL
  
  if [[ false == "true" ]]
  then
  cat << EOL >> prelude_config.yaml
    - name: "TdT trim"
      type: "HairpinTrimmer"
      config:
        R1_adapter_sequence: "T{30}"
        R2_adapter_sequence: "T{30}"
        min_overlap: 6
        max_error_rate: 0.1
        store_fragment_length_tag: "True"
    - name: "Trim Ns"
      type: "TrimN"
  EOL
  fi
  
  cat << EOL >> prelude_config.yaml
    - name: "max N filter"
      type: "MaxNFilter"
      config:
        max_N: 5
    - name: "min length filter"
      type: "MinLengthFilter"
      config:
        min_length: 15
    - name: "naive resolve"
      type: "NaiveResolve"
      config:
        log_additional_stats: False
        store_positional_stats: False
        store_resolution_type : true
        naive_mismatch_threshold_accept : 0.05
        fix_mismatch : False
        
    - name: "biopython resolve"
      type: "BiopythonAlignResolve"
      config:
        log_additional_stats: False
        store_positional_stats: False
        store_resolution_type : true
        rescue_mismatch_threshold_accept : 0.05
        local_mismatch_aware_trimming_length : 15
        fix_mismatch : False
        
    - name: "create resolved read"
      type: "CreateResolvedRead"
  EOL
  
  if [[ qtable == "qtable" ]] && [[ -f $qtable_file_name ]]
  then
  echo "Qtable FOUND."
  cat << EOL >> prelude_config.yaml
    - name: "qtable phred resolve"
      type: "PhredQtableResolve"
      config:
        quality_table_path: $qtable_file_name
  EOL
    if [[ none != "none" ]]
      then
        cat <<EOL >> prelude_config.yaml
        phred_binning_strategy: "none"
  EOL
      fi
  else
  echo "Qtable NOT FOUND, resorting to MIN strategy"
  cat << EOL >> prelude_config.yaml
    - name: "resolve phred"
      type: "PhredMinResolve"
  EOL
    if [[ none != "none" ]]
      then
        cat <<EOL >> prelude_config.yaml
      config:
        phred_binning_strategy: "none"
  EOL
      fi
  fi
  
  if [[ 0 != 0 ]] || 
     [[ 0 != 0 ]]
  then
  cat << EOL >> prelude_config.yaml
    - name: "Post Resolution Hard trim"
      type: "HardCutter"
      config:
        front_cut_rr: 0
        back_cut_rr: 0
  EOL
  fi
  
  cat << EOL >> prelude_config.yaml
    - name: "mask c"
      type: "MaskEndC"
      config:
        num_bp_masked: 3
        trim_trailing_N: True
    - name: "compute MM tag"
      type: "ComputeBasemodTag"
      config:
        store_epigenetic_seq: False
        store_original_quality: False
  EOL
  
  ls
  
  cat prelude_config.yaml
  
  
  prelude -r1 evoC-Bap1-ctrl-F_S3_L002_R1_001.fastq.gz -r2 evoC-Bap1-ctrl-F_S3_L002_R2_001.fastq.gz -c prelude_config.yaml -p evoC-Bap1-ctrl-F_L002_ -n 64
  
  ls ./evoC-Bap1-ctrl-F
  
  mv ./evoC-Bap1-ctrl-F/evoC-Bap1-ctrl-F_L002_successful_RR.fq.gz .

Command exit status:
  1

Command output:
      type: "HairpinTrimmer"
      config:
        R1_adapter_sequence: "AATGACGATGCGTTCGAGCATCGTYATT"
        R2_adapter_sequence: "AATRACGATGCTCGAACGCATCGTCATT"
        min_overlap: 3
        max_error_rate: 0.10714285714285714
        store_fragment_length_tag: true
    - name: "max N filter"
      type: "MaxNFilter"
      config:
        max_N: 5
    - name: "min length filter"
      type: "MinLengthFilter"
      config:
        min_length: 15
    - name: "naive resolve"
      type: "NaiveResolve"
      config:
        log_additional_stats: False
        store_positional_stats: False
        store_resolution_type : true
        naive_mismatch_threshold_accept : 0.05
        fix_mismatch : False
        
    - name: "biopython resolve"
      type: "BiopythonAlignResolve"
      config:
        log_additional_stats: False
        store_positional_stats: False
        store_resolution_type : true
        rescue_mismatch_threshold_accept : 0.05
        local_mismatch_aware_trimming_length : 15
        fix_mismatch : False
        
    - name: "create resolved read"
      type: "CreateResolvedRead"
    - name: "qtable phred resolve"
      type: "PhredQtableResolve"
      config:
        quality_table_path: prelude_non_positional_novaseqX_XLEAP-SBS_v1.3_PE151_6bp_30_combined_qtable.csv
    - name: "mask c"
      type: "MaskEndC"
      config:
        num_bp_masked: 3
        trim_trailing_N: True
    - name: "compute MM tag"
      type: "ComputeBasemodTag"
      config:
        store_epigenetic_seq: False
        store_original_quality: False

Command error:
  2026-02-18 17:06:44 ERROR Reader failed with error: CRC check failed 1866329144 != 2740380848
  2026-02-18 17:06:44 ERROR Reader failed with error: CRC check failed 1866329144 != 2740380848
  2026-02-18 17:06:44 ERROR Traceback (most recent call last):
    File "/opt/conda/lib/python3.12/site-packages/isal/igzip_threaded.py", line 135, in readinto
      data_from_queue = self.queue.get(timeout=0.01)
                        ^^^^^^^^^^^^^^^^^^^^^^^^^^^^
    File "/opt/conda/lib/python3.12/queue.py", line 179, in get
      raise Empty
  _queue.Empty
  
  During handling of the above exception, another exception occurred:
  
  Traceback (most recent call last):
    File "/opt/conda/lib/python3.12/site-packages/prelude/domain/readers.py", line 64, in read
      for chunk_1, chunk_2 in dnaio.read_paired_chunks(f, g, chunk_size):
                              ^^^^^^^^^^^^^^^^^^^^^^^^^^^^^^^^^^^^^^^^^^
    File "/opt/conda/lib/python3.12/site-packages/dnaio/chunks.py", line 234, in read_paired_chunks
      bufend2 = f2.readinto(memoryview(buf2)[start2:]) + start2
                ^^^^^^^^^^^^^^^^^^^^^^^^^^^^^^^^^^^^^^
    File "/opt/conda/lib/python3.12/site-packages/isal/igzip_threaded.py", line 140, in readinto
      raise self.exception
    File "/opt/conda/lib/python3.12/site-packages/isal/igzip_threaded.py", line 116, in _decompress
      data = self.fileobj.read(block_size)
             ^^^^^^^^^^^^^^^^^^^^^^^^^^^^^
  gzip.BadGzipFile: CRC check failed 1866329144 != 2740380848

Work dir:
  /expanse/lustre/scratch/zalibhai/temp_project/work/b3/80df6498a15fb352778eb0d24ce0f5

Container:
  /expanse/lustre/projects/csd940/zalibhai/biomodal/images/europe-docker.pkg.dev-cegx-releases-eu-prod-prelude-1.4.0.img

Tip: view the complete command output by changing to the process work dir and entering the command `cat .command.out`

 -- Check '.nextflow.log' file for details

2026-02-18T17:06:50.831Z  ERROR  Command execution failed
    error message: exit status 1
Run 'biomodal run duet --input-path /expanse/lustre/projects/csd940/zalibhai/biomodal/evoC-run/input --output-path /expanse/lustre/projects/csd940/zalibhai/biomodal/evoC-run/output --meta-file /expanse/lustre/projects/csd940/zalibhai/biomodal/evoC-run/input/metadata.csv --run-name evoC_Bap1_run --tag evoC_Bap1_run --mode 6bp --additional-profile deep_seq --chg-chh-contexts --quantification-output cxreport,bismark,bedmethyl,bedgraph --compute-asm --use-gvcf --reference-genome-name GRCm38 --additional-params run_by_default.fastqc.raw=true,call_somatic_variants=true --help' for help

=========================================
End time: Wed Feb 18 17:06:50 PST 2026
=========================================
