=== chrom.sizes order (first 5) ===
chr1	195471971
chr2	182113224
chrX	171031299
chr3	160039680
chr4	156508116

=== Current tagAlign order (first chroms seen) ===
chr1
chr10
chr11
chr12
chr13
chr14
chr15
chr16
chr17
chr18
chr19
chr1_GL456210_random
chr1_GL456211_random
chr1_GL456212_random
chr1_GL456213_random
chr1_GL456221_random
chr2
chr3
chr4
chr4_GL456216_random
chr4_GL456350_random
chr4_JH584292_random
chr4_JH584293_random
chr4_JH584294_random
chr4_JH584295_random

=== Re-sorting ctrl to match chrom.sizes order ===
  Original: 246139345 reads
  Resorted: 0 reads
ERROR: Read count mismatch!
slurmstepd: error: Detected 1 oom_kill event in StepId=46501824.batch. Some of the step tasks have been OOM Killed.
