======================================
Final Results RNA
======================================
Started: Tue Feb 17 23:41:23 PST 2026

ΔABC pairs: 180,423
ΔABC unique genes: 20,265
RNA-seq genes: 16,572

Genes in ABC: 20,265
Genes in RNA-seq: 16,572
Genes matched: 13,588 (67.1% of ABC genes)
E-G pairs with RNA-seq: 113,453
Gene-level summary: 13,588 genes
Traceback (most recent call last):
  File "/home/zalibhai/miniforge3/envs/abc-env/lib/python3.10/site-packages/pandas/core/indexes/base.py", line 3805, in get_loc
    return self._engine.get_loc(casted_key)
  File "index.pyx", line 167, in pandas._libs.index.IndexEngine.get_loc
  File "index.pyx", line 196, in pandas._libs.index.IndexEngine.get_loc
  File "pandas/_libs/hashtable_class_helper.pxi", line 7081, in pandas._libs.hashtable.PyObjectHashTable.get_item
  File "pandas/_libs/hashtable_class_helper.pxi", line 7089, in pandas._libs.hashtable.PyObjectHashTable.get_item
KeyError: 'log2FoldChange'

The above exception was the direct cause of the following exception:

Traceback (most recent call last):
  File "/expanse/lustre/projects/csd940/zalibhai/abc/scripts/step7_rnaseq_integration.py", line 239, in <module>
    main()
  File "/expanse/lustre/projects/csd940/zalibhai/abc/scripts/step7_rnaseq_integration.py", line 226, in main
    concordance_analysis(gene_summary)
  File "/expanse/lustre/projects/csd940/zalibhai/abc/scripts/step7_rnaseq_integration.py", line 113, in concordance_analysis
    gs["rna_changed"] = (gs["padj"] < RNA_PADJ) & (gs["log2FoldChange"].abs() > RNA_LFC)
  File "/home/zalibhai/miniforge3/envs/abc-env/lib/python3.10/site-packages/pandas/core/frame.py", line 4102, in __getitem__
    indexer = self.columns.get_loc(key)
  File "/home/zalibhai/miniforge3/envs/abc-env/lib/python3.10/site-packages/pandas/core/indexes/base.py", line 3812, in get_loc
    raise KeyError(key) from err
KeyError: 'log2FoldChange'

======================================
Completed: Tue Feb 17 23:41:42 PST 2026
======================================
