======================================
Final Results Cross Ref
======================================
Started: Wed Feb 18 12:12:32 PST 2026

ΔABC pairs: 180,423
Unique ABC enhancers: 33,004

=== 9A: Differential Loop Overlap ===
Differential loops: 2,910
  Assigning nearest genes to loop anchors...
  Anchor1 genes assigned: 2,525
  Anchor2 genes assigned: 2,467
  Sample anchor gene assignments:
    loop_32: Ankrd10 (0bp) <-> 1700016D06Rik (814bp)
    loop_8162: Gm10076 (11578bp) <-> Spry2 (0bp)
    loop_1329: 9230112J17Rik (43869bp) <-> Lrrc49 (0bp)
    loop_122: Car12 (21066bp) <-> Aph1b (241bp)
    loop_139: Senp8 (25461bp) <-> Gm15507 (22950bp)
  ABC enhancers overlapping anchor1: 1,394 / 33,004
  ABC enhancers overlapping anchor2: 1,330 / 33,004
  Unique genes in loop annotations: 3,073
  ABC target genes in loop annotations: 2,433 / 20,265

  Directional concordance (loop vs ΔABC): 1209/2352 (51.4%)
  Ambiguous (tied loop directions): 81
  Saved: /expanse/lustre/projects/csd940/zalibhai/abc/results/loops_with_gene_assignments.tsv

=== 9B: H3K27ac Peak Overlap ===
  ABC enhancers overlapping H3K27ac: 12,993 / 33,004
  ABC enhancers without H3K27ac:     20,011 / 33,004

  E-G pairs at H3K27ac+ enhancers: 98,440
  E-G pairs at H3K27ac- enhancers: 81,983
  Mean |ΔABC| H3K27ac+: 0.01805
  Mean |ΔABC| H3K27ac-: 0.01598

Saved: /expanse/lustre/projects/csd940/zalibhai/abc/results/delta_abc_annotated.tsv (180,423 pairs)

======================================
Completed: Wed Feb 18 12:12:40 PST 2026
======================================
