======================================
Final Results Cross Ref
======================================
Started: Wed Feb 18 02:27:40 PST 2026

ΔABC pairs: 180,423
Unique ABC enhancers: 33,004

=== 9A: Differential Loop Overlap ===
Total loops: 2,910
Significant loops: 2,910
  ABC enhancers overlapping anchor1: 1,394 / 33,004
  ABC enhancers overlapping anchor2: 1,330 / 33,004
  ABC target genes in sig loop annotations: 0 / 20,265

=== 9B: H3K27ac Peak Overlap ===
  ABC enhancers overlapping H3K27ac: 12,993 / 33,004
  ABC enhancers without H3K27ac:     20,011 / 33,004

  E-G pairs at H3K27ac+ enhancers: 98,440
  E-G pairs at H3K27ac- enhancers: 81,983
  Mean |ΔABC| H3K27ac+: 0.01805
  Mean |ΔABC| H3K27ac-: 0.01598

Saved: /expanse/lustre/projects/csd940/zalibhai/abc/results/delta_abc_annotated.tsv (180,423 pairs)

======================================
Completed: Wed Feb 18 02:27:49 PST 2026
======================================
