===========================================
Stage 5: Integration & Classification
===========================================
Job ID:     48243275
Node:       exp-17-53
Timepoint:  250402
Resolution: 5000 bp (5 kb)
Start:      Mon Apr 20 18:38:26 PDT 2026
===========================================
Warning messages:
1: package ‘yaml’ was built under R version 4.4.3 
2: package ‘dplyr’ was built under R version 4.4.3 

========================================
Stage 5: Integration & Classification
Timepoint:  250402
Resolution: 5000 bp (5 kb)
========================================

=== Loading Data ===
  Union stripes: 7371
  edgeR results: 7371 stripes

=== Merging Data ===
  Merged: 7371 stripes

=== Direction Classification ===
  FDR threshold:    0.05
  logFC threshold:  0.30
  Tiered: high_fdr=0.10, medium_logfc=0.20

Direction classification:

      gained         lost strengthened    unchanged     weakened 
        2052         1528            3         3784            4 

Source x Direction:
              
               gained lost strengthened unchanged weakened
  control_only      0 1528            0         0        0
  mutant_only    2052    0            0         0        0
  shared            0    0            3      3784        4

=== Adding Derived Metrics ===

=== Creating BEDPE Output ===

=== Saving Outputs ===
  Saved: 05_final_differential.tsv/rds (7371 stripes)
  Saved: 05_final_differential.bedpe
  Saved: 05_stripes_lost.tsv (1528 stripes)
  Saved: 05_stripes_gained.tsv (2052 stripes)
  Saved: 05_stripes_strengthened.tsv (3 stripes)
  Saved: 05_stripes_weakened.tsv (4 stripes)
  Saved: 05_stripes_unchanged.tsv (3784 stripes)
  Saved: 05_summary.txt

========================================
Stage 5 complete.
End: 2026-04-20 18:38:31.499174
========================================

Integration complete. Output: /expanse/lustre/projects/csd940/zalibhai/stripes/stripenn/outputs/250402/res_5kb/05_final_differential.tsv
End: Mon Apr 20 18:38:31 PDT 2026
===========================================
