=========================================
CHH Control Regional-Frac Retry (240GB)
=========================================
Job ID:   50668051
Node:     exp-12-51
CPUs:     16
Memory:   240GB
Start:    Wed Jun 10 13:07:20 PDT 2026
=========================================

[INFO] 2026-06-10 13:07:21 - Validating inputs...
[INFO] 2026-06-10 13:07:21 - All inputs validated.

=====================================
REGIONAL-FRAC (mc + hmc, min-cov 10)
=====================================
[INFO] 2026-06-10 13:07:21 - Running: modality get regional-frac...
Logged in using stored credentials
[38;5;23m2026-06-10 13:07:27[39m  [1m[38;5;123mProvenance information:[39m
[38;5;23m2026-06-10 13:07:27[39m  cmd='/home/zalibhai/miniforge3/envs/modality/bin/modality -v get regional-frac --zarr-path /expanse/lustre/projects/csd940/zalibhai/biomodal/evoC-run/output/duet-1.5.0_evoC_Bap1_run_6bp/sample_outputs/zarr_store/CHH/evoC_Bap1_run.genome.GRCm38_primary_assembly.dedup.CHH.zarrz --sample-sheet /expanse/lustre/projects/csd940/zalibhai/biomodal/modality/metadata.tsv --bedfile /expanse/lustre/projects/csd940/zalibhai/biomodal/modality/control_peaks.annotation.bed --fields mc hmc --min-coverage 10 --order-by-group condition --output-dir /expanse/lustre/projects/csd940/zalibhai/biomodal/modality/outputs_CHH_control/Results/control_peaks.annotation'
timestamp=2026-06-10T13:07:27.215131
version=1.0.0
user=zalibhai

[39m
[38;5;23m2026-06-10 13:07:27[39m  [1m[38;5;123mExtracting methylation features:[39m
[38;5;23m2026-06-10 13:07:27[39m  [38;5;248mZarr path(s)[39m: ['/expanse/lustre/projects/csd940/zalibhai/biomodal/evoC-run/output/duet-1.5.0_evoC_Bap1_run_6bp/sample_outputs/zarr_store/CHH/evoC_Bap1_run.genome.GRCm38_primary_assembly.dedup.CHH.zarrz'][39m
[38;5;23m2026-06-10 13:07:27[39m  [38;5;248mSample Sheet[39m: /expanse/lustre/projects/csd940/zalibhai/biomodal/modality/metadata.tsv[39m
[38;5;23m2026-06-10 13:07:27[39m  [38;5;248mBedfile[39m: /expanse/lustre/projects/csd940/zalibhai/biomodal/modality/control_peaks.annotation.bed[39m
[38;5;23m2026-06-10 13:07:27[39m  [38;5;248mFields[39m: ['num_mc', 'num_hmc'][39m
[38;5;23m2026-06-10 13:07:27[39m  [38;5;248mMin Coverage[39m: 10[39m
[38;5;23m2026-06-10 13:07:27[39m  [38;5;248mOrder By Group[39m: condition[39m
[38;5;23m2026-06-10 13:07:27[39m  [38;5;248mOutput Dir[39m: /expanse/lustre/projects/csd940/zalibhai/biomodal/modality/outputs_CHH_control/Results/control_peaks.annotation[39m
[38;5;23m2026-06-10 13:07:27[39m  [38;5;248mNum Contexts[39m: 0[39m
[38;5;23m2026-06-10 13:07:27[39m  [38;5;248mDisable Strand Merging[39m: False[39m
[38;5;23m2026-06-10 13:07:27[39m  [38;5;248mWindow Size[39m: None[39m
[38;5;23m2026-06-10 13:07:27[39m  [38;5;248mTabix[39m: False[39m
[38;5;23m2026-06-10 13:07:27[39m  [38;5;248mRegion[39m: None[39m
[38;5;23m2026-06-10 13:07:27[39m  [38;5;248mAggregate By Group[39m: None[39m
[38;5;23m2026-06-10 13:07:27[39m  [38;5;248mCase Sensitive[39m: False[39m
[38;5;23m2026-06-10 13:07:27[39m  [38;5;248mHeatmap[39m: False[39m
[38;5;23m2026-06-10 13:07:27[39m | [38;5;23mINFO[39m | Sample sheet: /expanse/lustre/projects/csd940/zalibhai/biomodal/modality/metadata.tsv[39m
[38;5;23m2026-06-10 13:07:27[39m | [38;5;23mINFO[39m | Order samples by: condition, case-insensitive[39m
[38;5;23m2026-06-10 13:07:27[39m | [38;5;23mINFO[39m | Loading Zarr dataset...[39m
[38;5;23m2026-06-10 13:24:54[39m | [38;5;23mINFO[39m | Performing ['regional-frac'] on variables ['num_mc', 'num_hmc'] and min coverage 10.[39m
[38;5;23m2026-06-10 13:24:54[39m | [38;5;23mINFO[39m | ['num_mc', 'num_hmc', 'num_total_c'][39m
[38;5;23m2026-06-10 13:24:54[39m | [38;5;23mINFO[39m | Adding Ranges_ID column to validate merging.[39m
[38;5;23m2026-06-10 13:26:46[39m | [38;5;23mINFO[39m | Summarized over 8886 regions.[39m
[38;5;23m2026-06-10 13:26:46[39m | [38;5;23mINFO[39m | Applying post-processor <lambda> to DataFrame.[39m
[38;5;23m2026-06-10 13:26:46[39m | [38;5;23mINFO[39m | Dataframe has 8886 rows, processing large dataset[39m
[38;5;23m2026-06-10 13:26:46[39m | [38;5;23mINFO[39m | Concatenating files without compression.[39m
[38;5;23m2026-06-10 13:26:46[39m | [38;5;23mINFO[39m | Exported mc stats for regional-frac to <modality.infrastructure.file_name_service.ExtractDataFileName object at 0x1547ae9eda10>.[39m
[38;5;23m2026-06-10 13:26:46[39m | [38;5;23mINFO[39m | Applying post-processor <lambda> to DataFrame.[39m
[38;5;23m2026-06-10 13:26:47[39m | [38;5;23mINFO[39m | Dataframe has 8886 rows, processing large dataset[39m
[38;5;23m2026-06-10 13:26:47[39m | [38;5;23mINFO[39m | Concatenating files without compression.[39m
[38;5;23m2026-06-10 13:26:47[39m | [38;5;23mINFO[39m | Exported hmc stats for regional-frac to <modality.infrastructure.file_name_service.ExtractDataFileName object at 0x154cbdc4f690>.[39m
[38;5;23m2026-06-10 13:26:47[39m | [38;5;23mINFO[39m | Results written to file[39m
[38;5;23m2026-06-10 13:26:47[39m  8886 regions extracted.[39m
[38;5;23m2026-06-10 13:26:47[39m  [1m[38;5;154mData extracted successfully to /expanse/lustre/projects/csd940/zalibhai/biomodal/modality/outputs_CHH_control/Results/control_peaks.annotation/Extract_20260610_132646[39m
[38;5;23m2026-06-10 13:26:47[39m  Generating plots: violin, correlation[39m
[38;5;23m2026-06-10 13:26:47[39m | [38;5;23mINFO[39m | Feature report saved to /expanse/lustre/projects/csd940/zalibhai/biomodal/modality/outputs_CHH_control/Results/control_peaks.annotation/Extract_20260610_132646/hmc-mc_regional-frac_extract_report_20260610_132646.html[39m
[38;5;23m2026-06-10 13:26:47[39m | [38;5;23mINFO[39m | JSON report saved to /expanse/lustre/projects/csd940/zalibhai/biomodal/modality/outputs_CHH_control/Results/control_peaks.annotation/Extract_20260610_132646/hmc-mc_regional-frac_extract_report_20260610_132646.json[39m
[38;5;23m2026-06-10 13:26:47[39m  [1m[38;5;154mFeature report with violin, correlation visualizations generated successfully at /expanse/lustre/projects/csd940/zalibhai/biomodal/modality/outputs_CHH_control/Results/control_peaks.annotation/Extract_20260610_132646/hmc-mc_regional-frac_extract_report_20260610_132646.html.[39m
[38;5;23m2026-06-10 13:26:48[39m  Wrote provenance sidecar file to /expanse/lustre/projects/csd940/zalibhai/biomodal/modality/outputs_CHH_control/Results/control_peaks.annotation/Extract_20260610_132646/modality_metadata_20260610_132648.json[39m

=========================================
[INFO] 2026-06-10 13:26:51 - Regional-frac complete.
[INFO] 2026-06-10 13:26:51 - Results: /expanse/lustre/projects/csd940/zalibhai/biomodal/modality/outputs_CHH_control/Results/control_peaks.annotation
[INFO] 2026-06-10 13:26:51 - Total runtime: 1171 seconds
End: Wed Jun 10 13:26:51 PDT 2026
=========================================
