[INFO] Wed Jun 10 01:38:48 PDT 2026 - CHH regional-frac at MeCP2 peaks (240GB, shared)
Logged in using stored credentials
[38;5;23m2026-06-10 01:38:54[39m  [1m[38;5;123mProvenance information:[39m
[38;5;23m2026-06-10 01:38:54[39m  cmd='/home/zalibhai/miniforge3/envs/modality/bin/modality -v get regional-frac --zarr-path /expanse/lustre/projects/csd940/zalibhai/biomodal/evoC-run/output/duet-1.5.0_evoC_Bap1_run_6bp/sample_outputs/zarr_store/CHH/evoC_Bap1_run.genome.GRCm38_primary_assembly.dedup.CHH.zarrz --sample-sheet metadata.tsv --bedfile mecp2_peaks.annotation.bed --fields mc hmc --min-coverage 10 --order-by-group condition --output-dir outputs_CHH_mecp2/Results/mecp2_peaks.annotation'
timestamp=2026-06-10T01:38:54.489093
version=1.0.0
user=zalibhai

[39m
[38;5;23m2026-06-10 01:38:54[39m  [1m[38;5;123mExtracting methylation features:[39m
[38;5;23m2026-06-10 01:38:54[39m  [38;5;248mZarr path(s)[39m: ['/expanse/lustre/projects/csd940/zalibhai/biomodal/evoC-run/output/duet-1.5.0_evoC_Bap1_run_6bp/sample_outputs/zarr_store/CHH/evoC_Bap1_run.genome.GRCm38_primary_assembly.dedup.CHH.zarrz'][39m
[38;5;23m2026-06-10 01:38:54[39m  [38;5;248mSample Sheet[39m: /expanse/lustre/projects/csd940/zalibhai/biomodal/modality/metadata.tsv[39m
[38;5;23m2026-06-10 01:38:54[39m  [38;5;248mBedfile[39m: /expanse/lustre/projects/csd940/zalibhai/biomodal/modality/mecp2_peaks.annotation.bed[39m
[38;5;23m2026-06-10 01:38:54[39m  [38;5;248mFields[39m: ['num_mc', 'num_hmc'][39m
[38;5;23m2026-06-10 01:38:54[39m  [38;5;248mMin Coverage[39m: 10[39m
[38;5;23m2026-06-10 01:38:54[39m  [38;5;248mOrder By Group[39m: condition[39m
[38;5;23m2026-06-10 01:38:54[39m  [38;5;248mOutput Dir[39m: /expanse/lustre/projects/csd940/zalibhai/biomodal/modality/outputs_CHH_mecp2/Results/mecp2_peaks.annotation[39m
[38;5;23m2026-06-10 01:38:54[39m  [38;5;248mNum Contexts[39m: 0[39m
[38;5;23m2026-06-10 01:38:54[39m  [38;5;248mDisable Strand Merging[39m: False[39m
[38;5;23m2026-06-10 01:38:54[39m  [38;5;248mWindow Size[39m: None[39m
[38;5;23m2026-06-10 01:38:54[39m  [38;5;248mTabix[39m: False[39m
[38;5;23m2026-06-10 01:38:54[39m  [38;5;248mRegion[39m: None[39m
[38;5;23m2026-06-10 01:38:54[39m  [38;5;248mAggregate By Group[39m: None[39m
[38;5;23m2026-06-10 01:38:54[39m  [38;5;248mCase Sensitive[39m: False[39m
[38;5;23m2026-06-10 01:38:54[39m  [38;5;248mHeatmap[39m: False[39m
[38;5;23m2026-06-10 01:38:54[39m | [38;5;23mINFO[39m | Sample sheet: /expanse/lustre/projects/csd940/zalibhai/biomodal/modality/metadata.tsv[39m
[38;5;23m2026-06-10 01:38:54[39m | [38;5;23mINFO[39m | Order samples by: condition, case-insensitive[39m
[38;5;23m2026-06-10 01:38:54[39m | [38;5;23mINFO[39m | Loading Zarr dataset...[39m
[38;5;23m2026-06-10 01:56:12[39m | [38;5;23mINFO[39m | Performing ['regional-frac'] on variables ['num_mc', 'num_hmc'] and min coverage 10.[39m
[38;5;23m2026-06-10 01:56:12[39m | [38;5;23mINFO[39m | ['num_mc', 'num_hmc', 'num_total_c'][39m
[38;5;23m2026-06-10 01:56:12[39m | [38;5;23mINFO[39m | Adding Ranges_ID column to validate merging.[39m
[38;5;23m2026-06-10 01:58:07[39m | [38;5;23mINFO[39m | Summarized over 8886 regions.[39m
[38;5;23m2026-06-10 01:58:08[39m | [38;5;23mINFO[39m | Applying post-processor <lambda> to DataFrame.[39m
[38;5;23m2026-06-10 01:58:08[39m | [38;5;23mINFO[39m | Dataframe has 8886 rows, processing large dataset[39m
[38;5;23m2026-06-10 01:58:08[39m | [38;5;23mINFO[39m | Concatenating files without compression.[39m
[38;5;23m2026-06-10 01:58:08[39m | [38;5;23mINFO[39m | Exported mc stats for regional-frac to <modality.infrastructure.file_name_service.ExtractDataFileName object at 0x1546fc8c79d0>.[39m
[38;5;23m2026-06-10 01:58:08[39m | [38;5;23mINFO[39m | Applying post-processor <lambda> to DataFrame.[39m
[38;5;23m2026-06-10 01:58:08[39m | [38;5;23mINFO[39m | Dataframe has 8886 rows, processing large dataset[39m
[38;5;23m2026-06-10 01:58:08[39m | [38;5;23mINFO[39m | Concatenating files without compression.[39m
[38;5;23m2026-06-10 01:58:08[39m | [38;5;23mINFO[39m | Exported hmc stats for regional-frac to <modality.infrastructure.file_name_service.ExtractDataFileName object at 0x1547929592d0>.[39m
[38;5;23m2026-06-10 01:58:08[39m | [38;5;23mINFO[39m | Results written to file[39m
[38;5;23m2026-06-10 01:58:08[39m  8886 regions extracted.[39m
[38;5;23m2026-06-10 01:58:08[39m  [1m[38;5;154mData extracted successfully to /expanse/lustre/projects/csd940/zalibhai/biomodal/modality/outputs_CHH_mecp2/Results/mecp2_peaks.annotation/Extract_20260610_015808[39m
[38;5;23m2026-06-10 01:58:08[39m  Generating plots: violin, correlation[39m
[38;5;23m2026-06-10 01:58:09[39m | [38;5;23mINFO[39m | Feature report saved to /expanse/lustre/projects/csd940/zalibhai/biomodal/modality/outputs_CHH_mecp2/Results/mecp2_peaks.annotation/Extract_20260610_015808/hmc-mc_regional-frac_extract_report_20260610_015808.html[39m
[38;5;23m2026-06-10 01:58:09[39m | [38;5;23mINFO[39m | JSON report saved to /expanse/lustre/projects/csd940/zalibhai/biomodal/modality/outputs_CHH_mecp2/Results/mecp2_peaks.annotation/Extract_20260610_015808/hmc-mc_regional-frac_extract_report_20260610_015808.json[39m
[38;5;23m2026-06-10 01:58:09[39m  [1m[38;5;154mFeature report with violin, correlation visualizations generated successfully at /expanse/lustre/projects/csd940/zalibhai/biomodal/modality/outputs_CHH_mecp2/Results/mecp2_peaks.annotation/Extract_20260610_015808/hmc-mc_regional-frac_extract_report_20260610_015808.html.[39m
[38;5;23m2026-06-10 01:58:10[39m  Wrote provenance sidecar file to /expanse/lustre/projects/csd940/zalibhai/biomodal/modality/outputs_CHH_mecp2/Results/mecp2_peaks.annotation/Extract_20260610_015808/modality_metadata_20260610_015810.json[39m
[INFO] Wed Jun 10 01:58:13 PDT 2026 - Done (exit code: 0)
