=========================================
Modality Quants - UCSC CpG Islands (CG)
=========================================
Job ID:   48570299
Node:     exp-4-09
CPUs:     8
Memory:   64GB
Start:    Mon Apr 27 10:31:25 PDT 2026
=========================================

[INFO] 2026-04-27 10:31:27 - Validating inputs...
[INFO] 2026-04-27 10:31:27 - All inputs validated.

=====================================
STEP 0: PREPROCESSING BED FILE
=====================================
[INFO] 2026-04-27 10:31:27 - Preprocessing: stripping chr prefix, adding header + Annotation column...
[INFO] 2026-04-27 10:31:27 - Preprocessed BED written: /expanse/lustre/projects/csd940/zalibhai/biomodal/modality/sorted_CpGmm10.annotation.bed (16010 lines including header)
[INFO] 2026-04-27 10:31:27 - Chromosome format OK (first chrom: 1)

=====================================
STEP 1: FEATURE EXTRACTION - COUNT
=====================================
[INFO] 2026-04-27 10:31:27 - Running: modality get count (total_c)...
Logged in using stored credentials
[38;5;23m2026-04-27 10:32:30[39m  [1m[38;5;123mProvenance information:[39m
[38;5;23m2026-04-27 10:32:30[39m  cmd='/home/zalibhai/miniforge3/envs/modality/bin/modality -v get count --zarr-path /expanse/lustre/projects/csd940/zalibhai/biomodal/evoC-run/output/duet-1.5.0_evoC_Bap1_run_6bp/sample_outputs/zarr_store/CG/evoC_Bap1_run.genome.GRCm38_primary_assembly.dedup.CG.zarrz --sample-sheet /expanse/lustre/projects/csd940/zalibhai/biomodal/modality/metadata.tsv --bedfile /expanse/lustre/projects/csd940/zalibhai/biomodal/modality/sorted_CpGmm10.annotation.bed --fields total_c --output-dir /expanse/lustre/projects/csd940/zalibhai/biomodal/modality/outputs/cpg_ucsc_CG/Results/sorted_CpGmm10.annotation'
timestamp=2026-04-27T10:32:30.080679
version=1.0.0
user=zalibhai

[39m
[38;5;23m2026-04-27 10:32:30[39m  [1m[38;5;123mExtracting methylation features:[39m
[38;5;23m2026-04-27 10:32:30[39m  [38;5;248mZarr path(s)[39m: ['/expanse/lustre/projects/csd940/zalibhai/biomodal/evoC-run/output/duet-1.5.0_evoC_Bap1_run_6bp/sample_outputs/zarr_store/CG/evoC_Bap1_run.genome.GRCm38_primary_assembly.dedup.CG.zarrz'][39m
[38;5;23m2026-04-27 10:32:30[39m  [38;5;248mSample Sheet[39m: /expanse/lustre/projects/csd940/zalibhai/biomodal/modality/metadata.tsv[39m
[38;5;23m2026-04-27 10:32:30[39m  [38;5;248mBedfile[39m: /expanse/lustre/projects/csd940/zalibhai/biomodal/modality/sorted_CpGmm10.annotation.bed[39m
[38;5;23m2026-04-27 10:32:30[39m  [38;5;248mFields[39m: ['num_total_c'][39m
[38;5;23m2026-04-27 10:32:30[39m  [38;5;248mOutput Dir[39m: /expanse/lustre/projects/csd940/zalibhai/biomodal/modality/outputs/cpg_ucsc_CG/Results/sorted_CpGmm10.annotation[39m
[38;5;23m2026-04-27 10:32:30[39m  [38;5;248mMin Coverage[39m: 0[39m
[38;5;23m2026-04-27 10:32:30[39m  [38;5;248mNum Contexts[39m: 0[39m
[38;5;23m2026-04-27 10:32:30[39m  [38;5;248mDisable Strand Merging[39m: False[39m
[38;5;23m2026-04-27 10:32:30[39m  [38;5;248mWindow Size[39m: None[39m
[38;5;23m2026-04-27 10:32:30[39m  [38;5;248mTabix[39m: False[39m
[38;5;23m2026-04-27 10:32:30[39m  [38;5;248mRegion[39m: None[39m
[38;5;23m2026-04-27 10:32:30[39m | [38;5;23mINFO[39m | Loading Zarr dataset...[39m
[38;5;23m2026-04-27 10:32:33[39m | [38;5;23mINFO[39m | Merging CpG strands before extraction...[39m
[38;5;23m2026-04-27 10:32:44[39m | [38;5;23mINFO[39m | Performing ['count'] on variables ['num_total_c'] and min coverage 0.[39m
[38;5;23m2026-04-27 10:32:44[39m | [38;5;23mINFO[39m | ['num_total_c'][39m
[38;5;23m2026-04-27 10:32:44[39m | [38;5;23mINFO[39m | Adding Ranges_ID column to validate merging.[39m
[38;5;23m2026-04-27 10:32:54[39m | [38;5;23mINFO[39m | Summarized over 16009 regions.[39m
[38;5;23m2026-04-27 10:32:54[39m | [38;5;23mINFO[39m | Applying post-processor <lambda> to DataFrame.[39m
[38;5;23m2026-04-27 10:32:54[39m | [38;5;23mINFO[39m | Dataframe has 16009 rows, processing large dataset[39m
[38;5;23m2026-04-27 10:32:55[39m | [38;5;23mINFO[39m | Concatenating files without compression.[39m
[38;5;23m2026-04-27 10:32:55[39m | [38;5;23mINFO[39m | Exported total_c stats for count to <modality.infrastructure.file_name_service.ExtractDataFileName object at 0x155506c7ee90>.[39m
[38;5;23m2026-04-27 10:32:55[39m | [38;5;23mINFO[39m | Results written to file[39m
[38;5;23m2026-04-27 10:32:55[39m  16009 regions extracted.[39m
[38;5;23m2026-04-27 10:32:55[39m  [1m[38;5;154mData extracted successfully to /expanse/lustre/projects/csd940/zalibhai/biomodal/modality/outputs/cpg_ucsc_CG/Results/sorted_CpGmm10.annotation/Extract_20260427_103254[39m
[38;5;23m2026-04-27 10:32:55[39m | [38;5;23mINFO[39m | No plots generated. Sample sheet / group provided but no plots requested.[39m
[38;5;23m2026-04-27 10:32:55[39m  Wrote provenance sidecar file to /expanse/lustre/projects/csd940/zalibhai/biomodal/modality/outputs/cpg_ucsc_CG/Results/sorted_CpGmm10.annotation/Extract_20260427_103254/modality_metadata_20260427_103255.json[39m
[INFO] 2026-04-27 10:32:55 - Count step complete.

=====================================
STEP 2: FEATURE EXTRACTION - MEAN
=====================================
[INFO] 2026-04-27 10:32:55 - Running: modality get mean (total_c)...
Logged in using stored credentials
[38;5;23m2026-04-27 10:33:00[39m  [1m[38;5;123mProvenance information:[39m
[38;5;23m2026-04-27 10:33:00[39m  cmd='/home/zalibhai/miniforge3/envs/modality/bin/modality -v get mean --zarr-path /expanse/lustre/projects/csd940/zalibhai/biomodal/evoC-run/output/duet-1.5.0_evoC_Bap1_run_6bp/sample_outputs/zarr_store/CG/evoC_Bap1_run.genome.GRCm38_primary_assembly.dedup.CG.zarrz --sample-sheet /expanse/lustre/projects/csd940/zalibhai/biomodal/modality/metadata.tsv --bedfile /expanse/lustre/projects/csd940/zalibhai/biomodal/modality/sorted_CpGmm10.annotation.bed --fields total_c --order-by-group condition --output-dir /expanse/lustre/projects/csd940/zalibhai/biomodal/modality/outputs/cpg_ucsc_CG/Results/sorted_CpGmm10.annotation'
timestamp=2026-04-27T10:33:00.091251
version=1.0.0
user=zalibhai

[39m
[38;5;23m2026-04-27 10:33:00[39m  [1m[38;5;123mExtracting methylation features:[39m
[38;5;23m2026-04-27 10:33:00[39m  [38;5;248mZarr path(s)[39m: ['/expanse/lustre/projects/csd940/zalibhai/biomodal/evoC-run/output/duet-1.5.0_evoC_Bap1_run_6bp/sample_outputs/zarr_store/CG/evoC_Bap1_run.genome.GRCm38_primary_assembly.dedup.CG.zarrz'][39m
[38;5;23m2026-04-27 10:33:00[39m  [38;5;248mSample Sheet[39m: /expanse/lustre/projects/csd940/zalibhai/biomodal/modality/metadata.tsv[39m
[38;5;23m2026-04-27 10:33:00[39m  [38;5;248mBedfile[39m: /expanse/lustre/projects/csd940/zalibhai/biomodal/modality/sorted_CpGmm10.annotation.bed[39m
[38;5;23m2026-04-27 10:33:00[39m  [38;5;248mFields[39m: ['num_total_c'][39m
[38;5;23m2026-04-27 10:33:00[39m  [38;5;248mOrder By Group[39m: condition[39m
[38;5;23m2026-04-27 10:33:00[39m  [38;5;248mOutput Dir[39m: /expanse/lustre/projects/csd940/zalibhai/biomodal/modality/outputs/cpg_ucsc_CG/Results/sorted_CpGmm10.annotation[39m
[38;5;23m2026-04-27 10:33:00[39m  [38;5;248mMin Coverage[39m: 0[39m
[38;5;23m2026-04-27 10:33:00[39m  [38;5;248mNum Contexts[39m: 0[39m
[38;5;23m2026-04-27 10:33:00[39m  [38;5;248mDisable Strand Merging[39m: False[39m
[38;5;23m2026-04-27 10:33:00[39m  [38;5;248mWindow Size[39m: None[39m
[38;5;23m2026-04-27 10:33:00[39m  [38;5;248mTabix[39m: False[39m
[38;5;23m2026-04-27 10:33:00[39m  [38;5;248mRegion[39m: None[39m
[38;5;23m2026-04-27 10:33:00[39m  [38;5;248mAggregate By Group[39m: None[39m
[38;5;23m2026-04-27 10:33:00[39m  [38;5;248mCase Sensitive[39m: False[39m
[38;5;23m2026-04-27 10:33:00[39m  [38;5;248mHeatmap[39m: False[39m
[38;5;23m2026-04-27 10:33:00[39m | [38;5;23mINFO[39m | Sample sheet: /expanse/lustre/projects/csd940/zalibhai/biomodal/modality/metadata.tsv[39m
[38;5;23m2026-04-27 10:33:00[39m | [38;5;23mINFO[39m | Order samples by: condition, case-insensitive[39m
[38;5;23m2026-04-27 10:33:00[39m | [38;5;23mINFO[39m | Loading Zarr dataset...[39m
[38;5;23m2026-04-27 10:33:02[39m | [38;5;23mINFO[39m | Merging CpG strands before extraction...[39m
[38;5;23m2026-04-27 10:33:13[39m | [38;5;23mINFO[39m | Performing ['mean'] on variables ['num_total_c'] and min coverage 0.[39m
[38;5;23m2026-04-27 10:33:13[39m | [38;5;23mINFO[39m | ['num_total_c'][39m
[38;5;23m2026-04-27 10:33:13[39m | [38;5;23mINFO[39m | Adding Ranges_ID column to validate merging.[39m
[38;5;23m2026-04-27 10:33:19[39m | [38;5;23mINFO[39m | Summarized over 16009 regions.[39m
[38;5;23m2026-04-27 10:33:19[39m | [38;5;23mINFO[39m | Applying post-processor <lambda> to DataFrame.[39m
[38;5;23m2026-04-27 10:33:19[39m | [38;5;23mINFO[39m | Dataframe has 16009 rows, processing large dataset[39m
[38;5;23m2026-04-27 10:33:19[39m | [38;5;23mINFO[39m | Concatenating files without compression.[39m
[38;5;23m2026-04-27 10:33:19[39m | [38;5;23mINFO[39m | Exported total_c stats for mean to <modality.infrastructure.file_name_service.ExtractDataFileName object at 0x155506a8c190>.[39m
[38;5;23m2026-04-27 10:33:19[39m | [38;5;23mINFO[39m | Results written to file[39m
[38;5;23m2026-04-27 10:33:19[39m  16009 regions extracted.[39m
[38;5;23m2026-04-27 10:33:19[39m  [1m[38;5;154mData extracted successfully to /expanse/lustre/projects/csd940/zalibhai/biomodal/modality/outputs/cpg_ucsc_CG/Results/sorted_CpGmm10.annotation/Extract_20260427_103319[39m
[38;5;23m2026-04-27 10:33:19[39m  Generating plots: violin, correlation[39m
[38;5;23m2026-04-27 10:33:20[39m | [38;5;23mINFO[39m | Feature report saved to /expanse/lustre/projects/csd940/zalibhai/biomodal/modality/outputs/cpg_ucsc_CG/Results/sorted_CpGmm10.annotation/Extract_20260427_103319/total_c_mean_extract_report_20260427_103319.html[39m
[38;5;23m2026-04-27 10:33:20[39m | [38;5;23mINFO[39m | JSON report saved to /expanse/lustre/projects/csd940/zalibhai/biomodal/modality/outputs/cpg_ucsc_CG/Results/sorted_CpGmm10.annotation/Extract_20260427_103319/total_c_mean_extract_report_20260427_103319.json[39m
[38;5;23m2026-04-27 10:33:20[39m  [1m[38;5;154mFeature report with violin, correlation visualizations generated successfully at /expanse/lustre/projects/csd940/zalibhai/biomodal/modality/outputs/cpg_ucsc_CG/Results/sorted_CpGmm10.annotation/Extract_20260427_103319/total_c_mean_extract_report_20260427_103319.html.[39m
[38;5;23m2026-04-27 10:33:20[39m  Wrote provenance sidecar file to /expanse/lustre/projects/csd940/zalibhai/biomodal/modality/outputs/cpg_ucsc_CG/Results/sorted_CpGmm10.annotation/Extract_20260427_103319/modality_metadata_20260427_103320.json[39m
[INFO] 2026-04-27 10:33:20 - Mean step complete.

=====================================
STEP 3: FEATURE EXTRACTION - REGIONAL-FRAC
=====================================
[INFO] 2026-04-27 10:33:20 - Running: modality get regional-frac (mc hmc, min-coverage 10)...
Logged in using stored credentials
[38;5;23m2026-04-27 10:33:24[39m  [1m[38;5;123mProvenance information:[39m
[38;5;23m2026-04-27 10:33:24[39m  cmd='/home/zalibhai/miniforge3/envs/modality/bin/modality -v get regional-frac --zarr-path /expanse/lustre/projects/csd940/zalibhai/biomodal/evoC-run/output/duet-1.5.0_evoC_Bap1_run_6bp/sample_outputs/zarr_store/CG/evoC_Bap1_run.genome.GRCm38_primary_assembly.dedup.CG.zarrz --sample-sheet /expanse/lustre/projects/csd940/zalibhai/biomodal/modality/metadata.tsv --bedfile /expanse/lustre/projects/csd940/zalibhai/biomodal/modality/sorted_CpGmm10.annotation.bed --fields mc hmc --min-coverage 10 --order-by-group condition --output-dir /expanse/lustre/projects/csd940/zalibhai/biomodal/modality/outputs/cpg_ucsc_CG/Results/sorted_CpGmm10.annotation'
timestamp=2026-04-27T10:33:24.861779
version=1.0.0
user=zalibhai

[39m
[38;5;23m2026-04-27 10:33:24[39m  [1m[38;5;123mExtracting methylation features:[39m
[38;5;23m2026-04-27 10:33:24[39m  [38;5;248mZarr path(s)[39m: ['/expanse/lustre/projects/csd940/zalibhai/biomodal/evoC-run/output/duet-1.5.0_evoC_Bap1_run_6bp/sample_outputs/zarr_store/CG/evoC_Bap1_run.genome.GRCm38_primary_assembly.dedup.CG.zarrz'][39m
[38;5;23m2026-04-27 10:33:24[39m  [38;5;248mSample Sheet[39m: /expanse/lustre/projects/csd940/zalibhai/biomodal/modality/metadata.tsv[39m
[38;5;23m2026-04-27 10:33:24[39m  [38;5;248mBedfile[39m: /expanse/lustre/projects/csd940/zalibhai/biomodal/modality/sorted_CpGmm10.annotation.bed[39m
[38;5;23m2026-04-27 10:33:24[39m  [38;5;248mFields[39m: ['num_mc', 'num_hmc'][39m
[38;5;23m2026-04-27 10:33:24[39m  [38;5;248mMin Coverage[39m: 10[39m
[38;5;23m2026-04-27 10:33:24[39m  [38;5;248mOrder By Group[39m: condition[39m
[38;5;23m2026-04-27 10:33:24[39m  [38;5;248mOutput Dir[39m: /expanse/lustre/projects/csd940/zalibhai/biomodal/modality/outputs/cpg_ucsc_CG/Results/sorted_CpGmm10.annotation[39m
[38;5;23m2026-04-27 10:33:24[39m  [38;5;248mNum Contexts[39m: 0[39m
[38;5;23m2026-04-27 10:33:24[39m  [38;5;248mDisable Strand Merging[39m: False[39m
[38;5;23m2026-04-27 10:33:24[39m  [38;5;248mWindow Size[39m: None[39m
[38;5;23m2026-04-27 10:33:24[39m  [38;5;248mTabix[39m: False[39m
[38;5;23m2026-04-27 10:33:24[39m  [38;5;248mRegion[39m: None[39m
[38;5;23m2026-04-27 10:33:24[39m  [38;5;248mAggregate By Group[39m: None[39m
[38;5;23m2026-04-27 10:33:24[39m  [38;5;248mCase Sensitive[39m: False[39m
[38;5;23m2026-04-27 10:33:24[39m  [38;5;248mHeatmap[39m: False[39m
[38;5;23m2026-04-27 10:33:24[39m | [38;5;23mINFO[39m | Sample sheet: /expanse/lustre/projects/csd940/zalibhai/biomodal/modality/metadata.tsv[39m
[38;5;23m2026-04-27 10:33:24[39m | [38;5;23mINFO[39m | Order samples by: condition, case-insensitive[39m
[38;5;23m2026-04-27 10:33:24[39m | [38;5;23mINFO[39m | Loading Zarr dataset...[39m
[38;5;23m2026-04-27 10:33:27[39m | [38;5;23mINFO[39m | Merging CpG strands before extraction...[39m
[38;5;23m2026-04-27 10:34:09[39m | [38;5;23mINFO[39m | Performing ['regional-frac'] on variables ['num_mc', 'num_hmc'] and min coverage 10.[39m
[38;5;23m2026-04-27 10:34:09[39m | [38;5;23mINFO[39m | ['num_mc', 'num_hmc', 'num_total_c'][39m
[38;5;23m2026-04-27 10:34:09[39m | [38;5;23mINFO[39m | Adding Ranges_ID column to validate merging.[39m
[38;5;23m2026-04-27 10:34:20[39m | [38;5;23mINFO[39m | Summarized over 16009 regions.[39m
[38;5;23m2026-04-27 10:34:20[39m | [38;5;23mINFO[39m | Applying post-processor <lambda> to DataFrame.[39m
[38;5;23m2026-04-27 10:34:21[39m | [38;5;23mINFO[39m | Dataframe has 16009 rows, processing large dataset[39m
[38;5;23m2026-04-27 10:34:21[39m | [38;5;23mINFO[39m | Concatenating files without compression.[39m
[38;5;23m2026-04-27 10:34:21[39m | [38;5;23mINFO[39m | Exported mc stats for regional-frac to <modality.infrastructure.file_name_service.ExtractDataFileName object at 0x1554f7c64250>.[39m
[38;5;23m2026-04-27 10:34:21[39m | [38;5;23mINFO[39m | Applying post-processor <lambda> to DataFrame.[39m
[38;5;23m2026-04-27 10:34:21[39m | [38;5;23mINFO[39m | Dataframe has 16009 rows, processing large dataset[39m
[38;5;23m2026-04-27 10:34:21[39m | [38;5;23mINFO[39m | Concatenating files without compression.[39m
[38;5;23m2026-04-27 10:34:21[39m | [38;5;23mINFO[39m | Exported hmc stats for regional-frac to <modality.infrastructure.file_name_service.ExtractDataFileName object at 0x1554fd803350>.[39m
[38;5;23m2026-04-27 10:34:21[39m | [38;5;23mINFO[39m | Results written to file[39m
[38;5;23m2026-04-27 10:34:21[39m  16009 regions extracted.[39m
[38;5;23m2026-04-27 10:34:21[39m  [1m[38;5;154mData extracted successfully to /expanse/lustre/projects/csd940/zalibhai/biomodal/modality/outputs/cpg_ucsc_CG/Results/sorted_CpGmm10.annotation/Extract_20260427_103420[39m
[38;5;23m2026-04-27 10:34:21[39m  Generating plots: correlation, violin[39m
[38;5;23m2026-04-27 10:34:22[39m | [38;5;23mINFO[39m | Feature report saved to /expanse/lustre/projects/csd940/zalibhai/biomodal/modality/outputs/cpg_ucsc_CG/Results/sorted_CpGmm10.annotation/Extract_20260427_103420/hmc-mc_regional-frac_extract_report_20260427_103420.html[39m
[38;5;23m2026-04-27 10:34:22[39m | [38;5;23mINFO[39m | JSON report saved to /expanse/lustre/projects/csd940/zalibhai/biomodal/modality/outputs/cpg_ucsc_CG/Results/sorted_CpGmm10.annotation/Extract_20260427_103420/hmc-mc_regional-frac_extract_report_20260427_103420.json[39m
[38;5;23m2026-04-27 10:34:22[39m  [1m[38;5;154mFeature report with correlation, violin visualizations generated successfully at /expanse/lustre/projects/csd940/zalibhai/biomodal/modality/outputs/cpg_ucsc_CG/Results/sorted_CpGmm10.annotation/Extract_20260427_103420/hmc-mc_regional-frac_extract_report_20260427_103420.html.[39m
[38;5;23m2026-04-27 10:34:22[39m  Wrote provenance sidecar file to /expanse/lustre/projects/csd940/zalibhai/biomodal/modality/outputs/cpg_ucsc_CG/Results/sorted_CpGmm10.annotation/Extract_20260427_103420/modality_metadata_20260427_103422.json[39m
[INFO] 2026-04-27 10:34:23 - Regional-frac step complete.

=========================================
[INFO] 2026-04-27 10:34:23 - All quant steps completed successfully.
[INFO] 2026-04-27 10:34:23 - Results: /expanse/lustre/projects/csd940/zalibhai/biomodal/modality/outputs/cpg_ucsc_CG/Results/sorted_CpGmm10.annotation
[INFO] 2026-04-27 10:34:23 - Reports: /expanse/lustre/projects/csd940/zalibhai/biomodal/modality/outputs/cpg_ucsc_CG/Reports/sorted_CpGmm10.annotation
[INFO] 2026-04-27 10:34:23 - Total runtime: 178 seconds
End: Mon Apr 27 10:34:23 PDT 2026
=========================================
