=========================================
Zarr to bedGraph Export (CHH mC only)
=========================================
Job ID: 50684661
Node: exp-1-12
Start time: Thu Jun 11 02:50:06 PDT 2026
=========================================

Zarr: /expanse/lustre/projects/csd940/zalibhai/biomodal/evoC-run/output/duet-1.5.0_evoC_Bap1_run_6bp/sample_outputs/zarr_store/CHH/evoC_Bap1_run.genome.GRCm38_primary_assembly.dedup.CHH.zarrz
Output: /expanse/lustre/projects/csd940/zalibhai/biomodal/modality/exports/bedgraph/CHH_mc

Logged in using stored credentials
[38;5;23m2026-06-11 02:50:20[39m  [1m[38;5;123mProvenance information:[39m
[38;5;23m2026-06-11 02:50:20[39m  cmd='/home/zalibhai/miniforge3/envs/modality/bin/modality export bedgraph --zarr-path /expanse/lustre/projects/csd940/zalibhai/biomodal/evoC-run/output/duet-1.5.0_evoC_Bap1_run_6bp/sample_outputs/zarr_store/CHH/evoC_Bap1_run.genome.GRCm38_primary_assembly.dedup.CHH.zarrz --modification-count-column mc --denominator-column total_c --tag genome --skip-rows-zero-counts --tabix --output-dir /expanse/lustre/projects/csd940/zalibhai/biomodal/modality/exports/bedgraph/CHH_mc'
timestamp=2026-06-11T02:50:20.219607
version=1.0.0
user=zalibhai

[39m
[38;5;23m2026-06-11 02:50:20[39m  [1m[38;5;123mExporting BedGraph-style methylation data:[39m
[38;5;23m2026-06-11 02:50:20[39m  [38;5;248mZarr Path[39m: /expanse/lustre/projects/csd940/zalibhai/biomodal/evoC-run/output/duet-1.5.0_evoC_Bap1_run_6bp/sample_outputs/zarr_store/CHH/evoC_Bap1_run.genome.GRCm38_primary_assembly.dedup.CHH.zarrz[39m
[38;5;23m2026-06-11 02:50:20[39m  [38;5;248mModification Count Column[39m: num_mc[39m
[38;5;23m2026-06-11 02:50:20[39m  [38;5;248mDenominator Column[39m: num_total_c[39m
[38;5;23m2026-06-11 02:50:20[39m  [38;5;248mTag[39m: genome[39m
[38;5;23m2026-06-11 02:50:20[39m  [38;5;248mSkip Rows Zero Counts[39m: True[39m
[38;5;23m2026-06-11 02:50:20[39m  [38;5;248mTabix[39m: True[39m
[38;5;23m2026-06-11 02:50:20[39m  [38;5;248mOutput Dir[39m: /expanse/lustre/projects/csd940/zalibhai/biomodal/modality/exports/bedgraph/CHH_mc[39m
[38;5;23m2026-06-11 02:50:20[39m  [38;5;248mSample Ids[39m: None[39m
[38;5;23m2026-06-11 02:50:20[39m  [38;5;248mAdditional Columns[39m: None[39m
[38;5;23m2026-06-11 02:50:20[39m  [38;5;248mDisable Strand Merging[39m: False[39m
[38;5;23m2026-06-11 02:50:20[39m  [38;5;248mMin Coverage[39m: 0[39m
[38;5;23m2026-06-11 02:50:20[39m  [38;5;248mRegion[39m: None[39m
[38;5;23m2026-06-11 18:04:34[39m  [1m[38;5;154mBedGraph export completed successfully! Outputs saved to: /expanse/lustre/projects/csd940/zalibhai/biomodal/modality/exports/bedgraph/CHH_mc[39m
[38;5;23m2026-06-11 18:04:35[39m  Wrote provenance sidecar file to /expanse/lustre/projects/csd940/zalibhai/biomodal/modality/exports/bedgraph/CHH_mc/modality_metadata_20260611_180434.json[39m

CHH mC export complete: 8 files

=========================================
End time: Thu Jun 11 18:04:39 PDT 2026
=========================================
