=========================================
Zarr to bedGraph Export (CHG + CHH mC)
=========================================
Job ID: 50672628
Node: exp-3-08
Start time: Wed Jun 10 14:10:54 PDT 2026
=========================================


=====================================
Exporting CHG mC bedGraphs
=====================================
Zarr: /expanse/lustre/projects/csd940/zalibhai/biomodal/evoC-run/output/duet-1.5.0_evoC_Bap1_run_6bp/sample_outputs/zarr_store/CHG/evoC_Bap1_run.genome.GRCm38_primary_assembly.dedup.CHG.zarrz
Output: /expanse/lustre/projects/csd940/zalibhai/biomodal/modality/exports/bedgraph/CHG_mc

Logged in using stored credentials
[38;5;23m2026-06-10 14:11:02[39m  [1m[38;5;123mProvenance information:[39m
[38;5;23m2026-06-10 14:11:02[39m  cmd='/home/zalibhai/miniforge3/envs/modality/bin/modality export bedgraph --zarr-path /expanse/lustre/projects/csd940/zalibhai/biomodal/evoC-run/output/duet-1.5.0_evoC_Bap1_run_6bp/sample_outputs/zarr_store/CHG/evoC_Bap1_run.genome.GRCm38_primary_assembly.dedup.CHG.zarrz --modification-count-column mc --denominator-column total_c --tag genome --skip-rows-zero-counts --tabix --output-dir /expanse/lustre/projects/csd940/zalibhai/biomodal/modality/exports/bedgraph/CHG_mc'
timestamp=2026-06-10T14:11:02.220855
version=1.0.0
user=zalibhai

[39m
[38;5;23m2026-06-10 14:11:02[39m  [1m[38;5;123mExporting BedGraph-style methylation data:[39m
[38;5;23m2026-06-10 14:11:02[39m  [38;5;248mZarr Path[39m: /expanse/lustre/projects/csd940/zalibhai/biomodal/evoC-run/output/duet-1.5.0_evoC_Bap1_run_6bp/sample_outputs/zarr_store/CHG/evoC_Bap1_run.genome.GRCm38_primary_assembly.dedup.CHG.zarrz[39m
[38;5;23m2026-06-10 14:11:02[39m  [38;5;248mModification Count Column[39m: num_mc[39m
[38;5;23m2026-06-10 14:11:02[39m  [38;5;248mDenominator Column[39m: num_total_c[39m
[38;5;23m2026-06-10 14:11:02[39m  [38;5;248mTag[39m: genome[39m
[38;5;23m2026-06-10 14:11:02[39m  [38;5;248mSkip Rows Zero Counts[39m: True[39m
[38;5;23m2026-06-10 14:11:02[39m  [38;5;248mTabix[39m: True[39m
[38;5;23m2026-06-10 14:11:02[39m  [38;5;248mOutput Dir[39m: /expanse/lustre/projects/csd940/zalibhai/biomodal/modality/exports/bedgraph/CHG_mc[39m
[38;5;23m2026-06-10 14:11:02[39m  [38;5;248mSample Ids[39m: None[39m
[38;5;23m2026-06-10 14:11:02[39m  [38;5;248mAdditional Columns[39m: None[39m
[38;5;23m2026-06-10 14:11:02[39m  [38;5;248mDisable Strand Merging[39m: False[39m
[38;5;23m2026-06-10 14:11:02[39m  [38;5;248mMin Coverage[39m: 0[39m
[38;5;23m2026-06-10 14:11:02[39m  [38;5;248mRegion[39m: None[39m
[38;5;23m2026-06-10 18:39:11[39m  [1m[38;5;154mBedGraph export completed successfully! Outputs saved to: /expanse/lustre/projects/csd940/zalibhai/biomodal/modality/exports/bedgraph/CHG_mc[39m
[38;5;23m2026-06-10 18:39:11[39m  Wrote provenance sidecar file to /expanse/lustre/projects/csd940/zalibhai/biomodal/modality/exports/bedgraph/CHG_mc/modality_metadata_20260610_183911.json[39m

CHG mC export complete: 8 files

=====================================
Exporting CHH mC bedGraphs
=====================================
Zarr: /expanse/lustre/projects/csd940/zalibhai/biomodal/evoC-run/output/duet-1.5.0_evoC_Bap1_run_6bp/sample_outputs/zarr_store/CHH/evoC_Bap1_run.genome.GRCm38_primary_assembly.dedup.CHH.zarrz
Output: /expanse/lustre/projects/csd940/zalibhai/biomodal/modality/exports/bedgraph/CHH_mc

Logged in using stored credentials
[38;5;23m2026-06-10 18:39:17[39m  [1m[38;5;123mProvenance information:[39m
[38;5;23m2026-06-10 18:39:17[39m  cmd='/home/zalibhai/miniforge3/envs/modality/bin/modality export bedgraph --zarr-path /expanse/lustre/projects/csd940/zalibhai/biomodal/evoC-run/output/duet-1.5.0_evoC_Bap1_run_6bp/sample_outputs/zarr_store/CHH/evoC_Bap1_run.genome.GRCm38_primary_assembly.dedup.CHH.zarrz --modification-count-column mc --denominator-column total_c --tag genome --skip-rows-zero-counts --tabix --output-dir /expanse/lustre/projects/csd940/zalibhai/biomodal/modality/exports/bedgraph/CHH_mc'
timestamp=2026-06-10T18:39:17.010158
version=1.0.0
user=zalibhai

[39m
[38;5;23m2026-06-10 18:39:17[39m  [1m[38;5;123mExporting BedGraph-style methylation data:[39m
[38;5;23m2026-06-10 18:39:17[39m  [38;5;248mZarr Path[39m: /expanse/lustre/projects/csd940/zalibhai/biomodal/evoC-run/output/duet-1.5.0_evoC_Bap1_run_6bp/sample_outputs/zarr_store/CHH/evoC_Bap1_run.genome.GRCm38_primary_assembly.dedup.CHH.zarrz[39m
[38;5;23m2026-06-10 18:39:17[39m  [38;5;248mModification Count Column[39m: num_mc[39m
[38;5;23m2026-06-10 18:39:17[39m  [38;5;248mDenominator Column[39m: num_total_c[39m
[38;5;23m2026-06-10 18:39:17[39m  [38;5;248mTag[39m: genome[39m
[38;5;23m2026-06-10 18:39:17[39m  [38;5;248mSkip Rows Zero Counts[39m: True[39m
[38;5;23m2026-06-10 18:39:17[39m  [38;5;248mTabix[39m: True[39m
[38;5;23m2026-06-10 18:39:17[39m  [38;5;248mOutput Dir[39m: /expanse/lustre/projects/csd940/zalibhai/biomodal/modality/exports/bedgraph/CHH_mc[39m
[38;5;23m2026-06-10 18:39:17[39m  [38;5;248mSample Ids[39m: None[39m
[38;5;23m2026-06-10 18:39:17[39m  [38;5;248mAdditional Columns[39m: None[39m
[38;5;23m2026-06-10 18:39:17[39m  [38;5;248mDisable Strand Merging[39m: False[39m
[38;5;23m2026-06-10 18:39:17[39m  [38;5;248mMin Coverage[39m: 0[39m
[38;5;23m2026-06-10 18:39:17[39m  [38;5;248mRegion[39m: None[39m
slurmstepd: error: *** JOB 50672628 ON exp-3-08 CANCELLED AT 2026-06-11T02:10:55 DUE TO TIME LIMIT ***
