=========================================
MeCP2 Fix - CHG step 4 + CHH steps 3-4
=========================================
Job ID:   50620884
Node:     exp-7-54
Start:    Tue Jun  9 19:06:24 PDT 2026
=========================================

=====================================
CHG: STEP 4 - DMR CALLING
=====================================
[INFO] 2026-06-09 19:06:26 - Running CHG DMR calling...
Logged in using stored credentials
[38;5;23m2026-06-09 19:06:31[39m  [1m[38;5;123mProvenance information:[39m
[38;5;23m2026-06-09 19:06:31[39m  cmd='/home/zalibhai/miniforge3/envs/modality/bin/modality dmr call --zarr-path /expanse/lustre/projects/csd940/zalibhai/biomodal/evoC-run/output/duet-1.5.0_evoC_Bap1_run_6bp/sample_outputs/zarr_store/CHG/evoC_Bap1_run.genome.GRCm38_primary_assembly.dedup.CHG.zarrz --sample-sheet /expanse/lustre/projects/csd940/zalibhai/biomodal/modality/metadata.tsv --bedfile /expanse/lustre/projects/csd940/zalibhai/biomodal/modality/mecp2_peaks.annotation.bed --condition-array-name condition --condition-order control mutant --covariates sex --methylation-contexts mc --min-coverage 10 --output-dir /expanse/lustre/projects/csd940/zalibhai/biomodal/modality/outputs_CHG_mecp2/Results/mecp2_peaks.annotation'
timestamp=2026-06-09T19:06:31.046688
version=1.0.0
user=zalibhai

[39m
[38;5;23m2026-06-09 19:06:31[39m  [1m[38;5;123mStarting differential methylation analysis:[39m
[38;5;23m2026-06-09 19:06:31[39m  [38;5;248mZarr path(s)[39m: ['/expanse/lustre/projects/csd940/zalibhai/biomodal/evoC-run/output/duet-1.5.0_evoC_Bap1_run_6bp/sample_outputs/zarr_store/CHG/evoC_Bap1_run.genome.GRCm38_primary_assembly.dedup.CHG.zarrz'][39m
[38;5;23m2026-06-09 19:06:31[39m  [38;5;248mSample Sheet[39m: /expanse/lustre/projects/csd940/zalibhai/biomodal/modality/metadata.tsv[39m
[38;5;23m2026-06-09 19:06:31[39m  [38;5;248mBedfile[39m: /expanse/lustre/projects/csd940/zalibhai/biomodal/modality/mecp2_peaks.annotation.bed[39m
[38;5;23m2026-06-09 19:06:31[39m  [38;5;248mCondition Array Name[39m: condition[39m
[38;5;23m2026-06-09 19:06:31[39m  [38;5;248mCondition Order[39m: ['control', 'mutant'][39m
[38;5;23m2026-06-09 19:06:31[39m  [38;5;248mCovariates[39m: ['sex'][39m
[38;5;23m2026-06-09 19:06:31[39m  [38;5;248mMethylation Contexts[39m: ['num_mc'][39m
[38;5;23m2026-06-09 19:06:31[39m  [38;5;248mMin Coverage[39m: 10[39m
[38;5;23m2026-06-09 19:06:31[39m  [38;5;248mOutput Dir[39m: /expanse/lustre/projects/csd940/zalibhai/biomodal/modality/outputs_CHG_mecp2/Results/mecp2_peaks.annotation[39m
[38;5;23m2026-06-09 19:06:31[39m  [38;5;248mWindow Size[39m: None[39m
[38;5;23m2026-06-09 19:06:31[39m  [38;5;248mNum Contexts[39m: 0[39m
[38;5;23m2026-06-09 19:06:31[39m  [38;5;248mRegion[39m: None[39m
[38;5;23m2026-06-09 19:06:31[39m  [38;5;248mOverdispersion[39m: False[39m
[38;5;23m2026-06-09 19:06:31[39m  [38;5;248mStatistical Test[39m: wald[39m
[38;5;23m2026-06-09 19:06:31[39m  [38;5;248mDisable Strand Merging[39m: False[39m
[38;5;23m2026-06-09 19:06:31[39m  [38;5;248mCompress[39m: False[39m
[38;5;23m2026-06-09 19:10:55[39m | [33mWARNING[39m | [33mExtra columns detected: Index(['Annotation', 'Name'], dtype='object'). These will be retained but are not validated.[39m
[38;5;23m2026-06-09 19:10:55[39m  [1m[38;5;154mDMR calling completed successfully! Outputs saved to: /expanse/lustre/projects/csd940/zalibhai/biomodal/modality/outputs_CHG_mecp2/Results/mecp2_peaks.annotation[39m
[38;5;23m2026-06-09 19:10:55[39m  Wrote provenance sidecar file to /expanse/lustre/projects/csd940/zalibhai/biomodal/modality/outputs_CHG_mecp2/Results/mecp2_peaks.annotation/DMR_20260609_191055/modality_metadata_20260609_191055.json[39m
/expanse/lustre/projects/csd940/zalibhai/biomodal/modality/outputs_CHG_mecp2/Results/mecp2_peaks.annotation/DMR_20260609_191055/DMR_mc_control__mutant_20260609_191055.bed
[INFO] 2026-06-09 19:10:57 - CHG DMR calling complete.

=====================================
CHH: STEP 3 - REGIONAL-FRAC (re-run)
=====================================
[INFO] 2026-06-09 19:10:57 - Running CHH regional-frac...
Logged in using stored credentials
[38;5;23m2026-06-09 19:11:00[39m  [1m[38;5;123mProvenance information:[39m
[38;5;23m2026-06-09 19:11:00[39m  cmd='/home/zalibhai/miniforge3/envs/modality/bin/modality -v get regional-frac --zarr-path /expanse/lustre/projects/csd940/zalibhai/biomodal/evoC-run/output/duet-1.5.0_evoC_Bap1_run_6bp/sample_outputs/zarr_store/CHH/evoC_Bap1_run.genome.GRCm38_primary_assembly.dedup.CHH.zarrz --sample-sheet /expanse/lustre/projects/csd940/zalibhai/biomodal/modality/metadata.tsv --bedfile /expanse/lustre/projects/csd940/zalibhai/biomodal/modality/mecp2_peaks.annotation.bed --fields mc hmc --min-coverage 10 --order-by-group condition --output-dir /expanse/lustre/projects/csd940/zalibhai/biomodal/modality/outputs_CHH_mecp2/Results/mecp2_peaks.annotation'
timestamp=2026-06-09T19:11:00.747824
version=1.0.0
user=zalibhai

[39m
[38;5;23m2026-06-09 19:11:00[39m  [1m[38;5;123mExtracting methylation features:[39m
[38;5;23m2026-06-09 19:11:00[39m  [38;5;248mZarr path(s)[39m: ['/expanse/lustre/projects/csd940/zalibhai/biomodal/evoC-run/output/duet-1.5.0_evoC_Bap1_run_6bp/sample_outputs/zarr_store/CHH/evoC_Bap1_run.genome.GRCm38_primary_assembly.dedup.CHH.zarrz'][39m
[38;5;23m2026-06-09 19:11:00[39m  [38;5;248mSample Sheet[39m: /expanse/lustre/projects/csd940/zalibhai/biomodal/modality/metadata.tsv[39m
[38;5;23m2026-06-09 19:11:00[39m  [38;5;248mBedfile[39m: /expanse/lustre/projects/csd940/zalibhai/biomodal/modality/mecp2_peaks.annotation.bed[39m
[38;5;23m2026-06-09 19:11:00[39m  [38;5;248mFields[39m: ['num_mc', 'num_hmc'][39m
[38;5;23m2026-06-09 19:11:00[39m  [38;5;248mMin Coverage[39m: 10[39m
[38;5;23m2026-06-09 19:11:00[39m  [38;5;248mOrder By Group[39m: condition[39m
[38;5;23m2026-06-09 19:11:00[39m  [38;5;248mOutput Dir[39m: /expanse/lustre/projects/csd940/zalibhai/biomodal/modality/outputs_CHH_mecp2/Results/mecp2_peaks.annotation[39m
[38;5;23m2026-06-09 19:11:00[39m  [38;5;248mNum Contexts[39m: 0[39m
[38;5;23m2026-06-09 19:11:00[39m  [38;5;248mDisable Strand Merging[39m: False[39m
[38;5;23m2026-06-09 19:11:00[39m  [38;5;248mWindow Size[39m: None[39m
[38;5;23m2026-06-09 19:11:00[39m  [38;5;248mTabix[39m: False[39m
[38;5;23m2026-06-09 19:11:00[39m  [38;5;248mRegion[39m: None[39m
[38;5;23m2026-06-09 19:11:00[39m  [38;5;248mAggregate By Group[39m: None[39m
[38;5;23m2026-06-09 19:11:00[39m  [38;5;248mCase Sensitive[39m: False[39m
[38;5;23m2026-06-09 19:11:00[39m  [38;5;248mHeatmap[39m: False[39m
[38;5;23m2026-06-09 19:11:00[39m | [38;5;23mINFO[39m | Sample sheet: /expanse/lustre/projects/csd940/zalibhai/biomodal/modality/metadata.tsv[39m
[38;5;23m2026-06-09 19:11:00[39m | [38;5;23mINFO[39m | Order samples by: condition, case-insensitive[39m
[38;5;23m2026-06-09 19:11:00[39m | [38;5;23mINFO[39m | Loading Zarr dataset...[39m
/cm/local/apps/slurm/var/spool/job50620884/slurm_script: line 83: 2313920 Killed                  modality -v get regional-frac --zarr-path "${CHH_ZARR}" --sample-sheet "${METADATA}" --bedfile "${PROCESSED_BED}" --fields mc hmc --min-coverage 10 --order-by-group condition --output-dir "${CHH_RESULTS}"
[INFO] 2026-06-09 19:22:53 - CHH regional-frac complete.

=====================================
CHH: STEP 4 - DMR CALLING
=====================================
[INFO] 2026-06-09 19:22:53 - Running CHH DMR calling...
Logged in using stored credentials
[38;5;23m2026-06-09 19:22:58[39m  [1m[38;5;123mProvenance information:[39m
[38;5;23m2026-06-09 19:22:58[39m  cmd='/home/zalibhai/miniforge3/envs/modality/bin/modality dmr call --zarr-path /expanse/lustre/projects/csd940/zalibhai/biomodal/evoC-run/output/duet-1.5.0_evoC_Bap1_run_6bp/sample_outputs/zarr_store/CHH/evoC_Bap1_run.genome.GRCm38_primary_assembly.dedup.CHH.zarrz --sample-sheet /expanse/lustre/projects/csd940/zalibhai/biomodal/modality/metadata.tsv --bedfile /expanse/lustre/projects/csd940/zalibhai/biomodal/modality/mecp2_peaks.annotation.bed --condition-array-name condition --condition-order control mutant --covariates sex --methylation-contexts mc --min-coverage 10 --output-dir /expanse/lustre/projects/csd940/zalibhai/biomodal/modality/outputs_CHH_mecp2/Results/mecp2_peaks.annotation'
timestamp=2026-06-09T19:22:58.294542
version=1.0.0
user=zalibhai

[39m
[38;5;23m2026-06-09 19:22:58[39m  [1m[38;5;123mStarting differential methylation analysis:[39m
[38;5;23m2026-06-09 19:22:58[39m  [38;5;248mZarr path(s)[39m: ['/expanse/lustre/projects/csd940/zalibhai/biomodal/evoC-run/output/duet-1.5.0_evoC_Bap1_run_6bp/sample_outputs/zarr_store/CHH/evoC_Bap1_run.genome.GRCm38_primary_assembly.dedup.CHH.zarrz'][39m
[38;5;23m2026-06-09 19:22:58[39m  [38;5;248mSample Sheet[39m: /expanse/lustre/projects/csd940/zalibhai/biomodal/modality/metadata.tsv[39m
[38;5;23m2026-06-09 19:22:58[39m  [38;5;248mBedfile[39m: /expanse/lustre/projects/csd940/zalibhai/biomodal/modality/mecp2_peaks.annotation.bed[39m
[38;5;23m2026-06-09 19:22:58[39m  [38;5;248mCondition Array Name[39m: condition[39m
[38;5;23m2026-06-09 19:22:58[39m  [38;5;248mCondition Order[39m: ['control', 'mutant'][39m
[38;5;23m2026-06-09 19:22:58[39m  [38;5;248mCovariates[39m: ['sex'][39m
[38;5;23m2026-06-09 19:22:58[39m  [38;5;248mMethylation Contexts[39m: ['num_mc'][39m
[38;5;23m2026-06-09 19:22:58[39m  [38;5;248mMin Coverage[39m: 10[39m
[38;5;23m2026-06-09 19:22:58[39m  [38;5;248mOutput Dir[39m: /expanse/lustre/projects/csd940/zalibhai/biomodal/modality/outputs_CHH_mecp2/Results/mecp2_peaks.annotation[39m
[38;5;23m2026-06-09 19:22:58[39m  [38;5;248mWindow Size[39m: None[39m
[38;5;23m2026-06-09 19:22:58[39m  [38;5;248mNum Contexts[39m: 0[39m
[38;5;23m2026-06-09 19:22:58[39m  [38;5;248mRegion[39m: None[39m
[38;5;23m2026-06-09 19:22:58[39m  [38;5;248mOverdispersion[39m: False[39m
[38;5;23m2026-06-09 19:22:58[39m  [38;5;248mStatistical Test[39m: wald[39m
[38;5;23m2026-06-09 19:22:58[39m  [38;5;248mDisable Strand Merging[39m: False[39m
[38;5;23m2026-06-09 19:22:58[39m  [38;5;248mCompress[39m: False[39m
[38;5;23m2026-06-09 19:24:03[39m | [33mWARNING[39m | [33mFiltering for CHH context is currently not supported due to memory optimisation constraints.[39m
[38;5;23m2026-06-09 19:26:23[39m | [33mWARNING[39m | [33mExtra columns detected: Index(['Annotation', 'Name'], dtype='object'). These will be retained but are not validated.[39m
[38;5;23m2026-06-09 19:26:23[39m  [1m[38;5;154mDMR calling completed successfully! Outputs saved to: /expanse/lustre/projects/csd940/zalibhai/biomodal/modality/outputs_CHH_mecp2/Results/mecp2_peaks.annotation[39m
[38;5;23m2026-06-09 19:26:23[39m  Wrote provenance sidecar file to /expanse/lustre/projects/csd940/zalibhai/biomodal/modality/outputs_CHH_mecp2/Results/mecp2_peaks.annotation/DMR_20260609_192623/modality_metadata_20260609_192623.json[39m
/expanse/lustre/projects/csd940/zalibhai/biomodal/modality/outputs_CHH_mecp2/Results/mecp2_peaks.annotation/DMR_20260609_192623/DMR_mc_control__mutant_20260609_192623.bed
[INFO] 2026-06-09 19:26:24 - CHH DMR calling complete.

=========================================
[INFO] 2026-06-09 19:26:24 - All fixes completed in 1200 seconds.
End: Tue Jun  9 19:26:24 PDT 2026
=========================================
slurmstepd: error: Detected 1 oom_kill event in StepId=50620884.batch. Some of the step tasks have been OOM Killed.
