=========================================
Modality Control Regions - CHG Context
=========================================
Job ID:   50636700
Node:     exp-2-54
CPUs:     16
Memory:   128GB
Start:    Wed Jun 10 04:35:57 PDT 2026
=========================================

[INFO] 2026-06-10 04:35:58 - Validating inputs...
[INFO] 2026-06-10 04:35:58 - All inputs validated.

=====================================
STEP 0: PREPARING BED FILE
=====================================
[INFO] 2026-06-10 04:35:58 - Decompressing control regions BED...
[INFO] 2026-06-10 04:35:58 - Processed BED written: /expanse/lustre/projects/csd940/zalibhai/biomodal/modality/control_peaks.annotation.bed (8887 lines including header)
[INFO] 2026-06-10 04:35:58 - Chromosome format OK (first chrom: 1)

=====================================
STEP 1: FEATURE EXTRACTION - COUNT
=====================================
[INFO] 2026-06-10 04:35:58 - Running: modality get count (total_c)...
Logged in using stored credentials
[38;5;23m2026-06-10 04:36:05[39m  [1m[38;5;123mProvenance information:[39m
[38;5;23m2026-06-10 04:36:05[39m  cmd='/home/zalibhai/miniforge3/envs/modality/bin/modality -v get count --zarr-path /expanse/lustre/projects/csd940/zalibhai/biomodal/evoC-run/output/duet-1.5.0_evoC_Bap1_run_6bp/sample_outputs/zarr_store/CHG/evoC_Bap1_run.genome.GRCm38_primary_assembly.dedup.CHG.zarrz --sample-sheet /expanse/lustre/projects/csd940/zalibhai/biomodal/modality/metadata.tsv --bedfile /expanse/lustre/projects/csd940/zalibhai/biomodal/modality/control_peaks.annotation.bed --fields total_c --output-dir /expanse/lustre/projects/csd940/zalibhai/biomodal/modality/outputs_CHG_control/Results/control_peaks.annotation'
timestamp=2026-06-10T04:36:05.029000
version=1.0.0
user=zalibhai

[39m
[38;5;23m2026-06-10 04:36:05[39m  [1m[38;5;123mExtracting methylation features:[39m
[38;5;23m2026-06-10 04:36:05[39m  [38;5;248mZarr path(s)[39m: ['/expanse/lustre/projects/csd940/zalibhai/biomodal/evoC-run/output/duet-1.5.0_evoC_Bap1_run_6bp/sample_outputs/zarr_store/CHG/evoC_Bap1_run.genome.GRCm38_primary_assembly.dedup.CHG.zarrz'][39m
[38;5;23m2026-06-10 04:36:05[39m  [38;5;248mSample Sheet[39m: /expanse/lustre/projects/csd940/zalibhai/biomodal/modality/metadata.tsv[39m
[38;5;23m2026-06-10 04:36:05[39m  [38;5;248mBedfile[39m: /expanse/lustre/projects/csd940/zalibhai/biomodal/modality/control_peaks.annotation.bed[39m
[38;5;23m2026-06-10 04:36:05[39m  [38;5;248mFields[39m: ['num_total_c'][39m
[38;5;23m2026-06-10 04:36:05[39m  [38;5;248mOutput Dir[39m: /expanse/lustre/projects/csd940/zalibhai/biomodal/modality/outputs_CHG_control/Results/control_peaks.annotation[39m
[38;5;23m2026-06-10 04:36:05[39m  [38;5;248mMin Coverage[39m: 0[39m
[38;5;23m2026-06-10 04:36:05[39m  [38;5;248mNum Contexts[39m: 0[39m
[38;5;23m2026-06-10 04:36:05[39m  [38;5;248mDisable Strand Merging[39m: False[39m
[38;5;23m2026-06-10 04:36:05[39m  [38;5;248mWindow Size[39m: None[39m
[38;5;23m2026-06-10 04:36:05[39m  [38;5;248mTabix[39m: False[39m
[38;5;23m2026-06-10 04:36:05[39m  [38;5;248mRegion[39m: None[39m
[38;5;23m2026-06-10 04:36:05[39m | [38;5;23mINFO[39m | Loading Zarr dataset...[39m
[38;5;23m2026-06-10 04:36:37[39m | [38;5;23mINFO[39m | Performing ['count'] on variables ['num_total_c'] and min coverage 0.[39m
[38;5;23m2026-06-10 04:36:37[39m | [38;5;23mINFO[39m | ['num_total_c'][39m
[38;5;23m2026-06-10 04:36:37[39m | [38;5;23mINFO[39m | Adding Ranges_ID column to validate merging.[39m
[38;5;23m2026-06-10 04:37:01[39m | [38;5;23mINFO[39m | Summarized over 8886 regions.[39m
[38;5;23m2026-06-10 04:37:01[39m | [38;5;23mINFO[39m | Applying post-processor <lambda> to DataFrame.[39m
[38;5;23m2026-06-10 04:37:01[39m | [38;5;23mINFO[39m | Dataframe has 8886 rows, processing large dataset[39m
[38;5;23m2026-06-10 04:37:01[39m | [38;5;23mINFO[39m | Concatenating files without compression.[39m
[38;5;23m2026-06-10 04:37:01[39m | [38;5;23mINFO[39m | Exported total_c stats for count to <modality.infrastructure.file_name_service.ExtractDataFileName object at 0x1554e63356d0>.[39m
[38;5;23m2026-06-10 04:37:01[39m | [38;5;23mINFO[39m | Results written to file[39m
[38;5;23m2026-06-10 04:37:01[39m  8886 regions extracted.[39m
[38;5;23m2026-06-10 04:37:01[39m  [1m[38;5;154mData extracted successfully to /expanse/lustre/projects/csd940/zalibhai/biomodal/modality/outputs_CHG_control/Results/control_peaks.annotation/Extract_20260610_043701[39m
[38;5;23m2026-06-10 04:37:01[39m | [38;5;23mINFO[39m | No plots generated. Sample sheet / group provided but no plots requested.[39m
[38;5;23m2026-06-10 04:37:01[39m  Wrote provenance sidecar file to /expanse/lustre/projects/csd940/zalibhai/biomodal/modality/outputs_CHG_control/Results/control_peaks.annotation/Extract_20260610_043701/modality_metadata_20260610_043701.json[39m
[INFO] 2026-06-10 04:37:02 - Count step complete.

=====================================
STEP 2: FEATURE EXTRACTION - MEAN
=====================================
[INFO] 2026-06-10 04:37:02 - Running: modality get mean (total_c)...
Logged in using stored credentials
[38;5;23m2026-06-10 04:37:06[39m  [1m[38;5;123mProvenance information:[39m
[38;5;23m2026-06-10 04:37:06[39m  cmd='/home/zalibhai/miniforge3/envs/modality/bin/modality -v get mean --zarr-path /expanse/lustre/projects/csd940/zalibhai/biomodal/evoC-run/output/duet-1.5.0_evoC_Bap1_run_6bp/sample_outputs/zarr_store/CHG/evoC_Bap1_run.genome.GRCm38_primary_assembly.dedup.CHG.zarrz --sample-sheet /expanse/lustre/projects/csd940/zalibhai/biomodal/modality/metadata.tsv --bedfile /expanse/lustre/projects/csd940/zalibhai/biomodal/modality/control_peaks.annotation.bed --fields total_c --order-by-group condition --output-dir /expanse/lustre/projects/csd940/zalibhai/biomodal/modality/outputs_CHG_control/Results/control_peaks.annotation'
timestamp=2026-06-10T04:37:06.282712
version=1.0.0
user=zalibhai

[39m
[38;5;23m2026-06-10 04:37:06[39m  [1m[38;5;123mExtracting methylation features:[39m
[38;5;23m2026-06-10 04:37:06[39m  [38;5;248mZarr path(s)[39m: ['/expanse/lustre/projects/csd940/zalibhai/biomodal/evoC-run/output/duet-1.5.0_evoC_Bap1_run_6bp/sample_outputs/zarr_store/CHG/evoC_Bap1_run.genome.GRCm38_primary_assembly.dedup.CHG.zarrz'][39m
[38;5;23m2026-06-10 04:37:06[39m  [38;5;248mSample Sheet[39m: /expanse/lustre/projects/csd940/zalibhai/biomodal/modality/metadata.tsv[39m
[38;5;23m2026-06-10 04:37:06[39m  [38;5;248mBedfile[39m: /expanse/lustre/projects/csd940/zalibhai/biomodal/modality/control_peaks.annotation.bed[39m
[38;5;23m2026-06-10 04:37:06[39m  [38;5;248mFields[39m: ['num_total_c'][39m
[38;5;23m2026-06-10 04:37:06[39m  [38;5;248mOrder By Group[39m: condition[39m
[38;5;23m2026-06-10 04:37:06[39m  [38;5;248mOutput Dir[39m: /expanse/lustre/projects/csd940/zalibhai/biomodal/modality/outputs_CHG_control/Results/control_peaks.annotation[39m
[38;5;23m2026-06-10 04:37:06[39m  [38;5;248mMin Coverage[39m: 0[39m
[38;5;23m2026-06-10 04:37:06[39m  [38;5;248mNum Contexts[39m: 0[39m
[38;5;23m2026-06-10 04:37:06[39m  [38;5;248mDisable Strand Merging[39m: False[39m
[38;5;23m2026-06-10 04:37:06[39m  [38;5;248mWindow Size[39m: None[39m
[38;5;23m2026-06-10 04:37:06[39m  [38;5;248mTabix[39m: False[39m
[38;5;23m2026-06-10 04:37:06[39m  [38;5;248mRegion[39m: None[39m
[38;5;23m2026-06-10 04:37:06[39m  [38;5;248mAggregate By Group[39m: None[39m
[38;5;23m2026-06-10 04:37:06[39m  [38;5;248mCase Sensitive[39m: False[39m
[38;5;23m2026-06-10 04:37:06[39m  [38;5;248mHeatmap[39m: False[39m
[38;5;23m2026-06-10 04:37:06[39m | [38;5;23mINFO[39m | Sample sheet: /expanse/lustre/projects/csd940/zalibhai/biomodal/modality/metadata.tsv[39m
[38;5;23m2026-06-10 04:37:06[39m | [38;5;23mINFO[39m | Order samples by: condition, case-insensitive[39m
[38;5;23m2026-06-10 04:37:06[39m | [38;5;23mINFO[39m | Loading Zarr dataset...[39m
[38;5;23m2026-06-10 04:37:35[39m | [38;5;23mINFO[39m | Performing ['mean'] on variables ['num_total_c'] and min coverage 0.[39m
[38;5;23m2026-06-10 04:37:35[39m | [38;5;23mINFO[39m | ['num_total_c'][39m
[38;5;23m2026-06-10 04:37:35[39m | [38;5;23mINFO[39m | Adding Ranges_ID column to validate merging.[39m
[38;5;23m2026-06-10 04:37:50[39m | [38;5;23mINFO[39m | Summarized over 8886 regions.[39m
[38;5;23m2026-06-10 04:37:50[39m | [38;5;23mINFO[39m | Applying post-processor <lambda> to DataFrame.[39m
[38;5;23m2026-06-10 04:37:50[39m | [38;5;23mINFO[39m | Dataframe has 8886 rows, processing large dataset[39m
[38;5;23m2026-06-10 04:37:50[39m | [38;5;23mINFO[39m | Concatenating files without compression.[39m
[38;5;23m2026-06-10 04:37:50[39m | [38;5;23mINFO[39m | Exported total_c stats for mean to <modality.infrastructure.file_name_service.ExtractDataFileName object at 0x1554e19c9990>.[39m
[38;5;23m2026-06-10 04:37:50[39m | [38;5;23mINFO[39m | Results written to file[39m
[38;5;23m2026-06-10 04:37:50[39m  8886 regions extracted.[39m
[38;5;23m2026-06-10 04:37:50[39m  [1m[38;5;154mData extracted successfully to /expanse/lustre/projects/csd940/zalibhai/biomodal/modality/outputs_CHG_control/Results/control_peaks.annotation/Extract_20260610_043750[39m
[38;5;23m2026-06-10 04:37:50[39m  Generating plots: violin, correlation[39m
[38;5;23m2026-06-10 04:37:50[39m | [38;5;23mINFO[39m | Feature report saved to /expanse/lustre/projects/csd940/zalibhai/biomodal/modality/outputs_CHG_control/Results/control_peaks.annotation/Extract_20260610_043750/total_c_mean_extract_report_20260610_043750.html[39m
[38;5;23m2026-06-10 04:37:51[39m | [38;5;23mINFO[39m | JSON report saved to /expanse/lustre/projects/csd940/zalibhai/biomodal/modality/outputs_CHG_control/Results/control_peaks.annotation/Extract_20260610_043750/total_c_mean_extract_report_20260610_043750.json[39m
[38;5;23m2026-06-10 04:37:51[39m  [1m[38;5;154mFeature report with violin, correlation visualizations generated successfully at /expanse/lustre/projects/csd940/zalibhai/biomodal/modality/outputs_CHG_control/Results/control_peaks.annotation/Extract_20260610_043750/total_c_mean_extract_report_20260610_043750.html.[39m
[38;5;23m2026-06-10 04:37:51[39m  Wrote provenance sidecar file to /expanse/lustre/projects/csd940/zalibhai/biomodal/modality/outputs_CHG_control/Results/control_peaks.annotation/Extract_20260610_043750/modality_metadata_20260610_043751.json[39m
[INFO] 2026-06-10 04:37:51 - Mean step complete.

=====================================
STEP 3: FEATURE EXTRACTION - REGIONAL-FRAC
=====================================
[INFO] 2026-06-10 04:37:51 - Running: modality get regional-frac (mc hmc, min-coverage 10)...
Logged in using stored credentials
[38;5;23m2026-06-10 04:37:55[39m  [1m[38;5;123mProvenance information:[39m
[38;5;23m2026-06-10 04:37:55[39m  cmd='/home/zalibhai/miniforge3/envs/modality/bin/modality -v get regional-frac --zarr-path /expanse/lustre/projects/csd940/zalibhai/biomodal/evoC-run/output/duet-1.5.0_evoC_Bap1_run_6bp/sample_outputs/zarr_store/CHG/evoC_Bap1_run.genome.GRCm38_primary_assembly.dedup.CHG.zarrz --sample-sheet /expanse/lustre/projects/csd940/zalibhai/biomodal/modality/metadata.tsv --bedfile /expanse/lustre/projects/csd940/zalibhai/biomodal/modality/control_peaks.annotation.bed --fields mc hmc --min-coverage 10 --order-by-group condition --output-dir /expanse/lustre/projects/csd940/zalibhai/biomodal/modality/outputs_CHG_control/Results/control_peaks.annotation'
timestamp=2026-06-10T04:37:55.663097
version=1.0.0
user=zalibhai

[39m
[38;5;23m2026-06-10 04:37:55[39m  [1m[38;5;123mExtracting methylation features:[39m
[38;5;23m2026-06-10 04:37:55[39m  [38;5;248mZarr path(s)[39m: ['/expanse/lustre/projects/csd940/zalibhai/biomodal/evoC-run/output/duet-1.5.0_evoC_Bap1_run_6bp/sample_outputs/zarr_store/CHG/evoC_Bap1_run.genome.GRCm38_primary_assembly.dedup.CHG.zarrz'][39m
[38;5;23m2026-06-10 04:37:55[39m  [38;5;248mSample Sheet[39m: /expanse/lustre/projects/csd940/zalibhai/biomodal/modality/metadata.tsv[39m
[38;5;23m2026-06-10 04:37:55[39m  [38;5;248mBedfile[39m: /expanse/lustre/projects/csd940/zalibhai/biomodal/modality/control_peaks.annotation.bed[39m
[38;5;23m2026-06-10 04:37:55[39m  [38;5;248mFields[39m: ['num_mc', 'num_hmc'][39m
[38;5;23m2026-06-10 04:37:55[39m  [38;5;248mMin Coverage[39m: 10[39m
[38;5;23m2026-06-10 04:37:55[39m  [38;5;248mOrder By Group[39m: condition[39m
[38;5;23m2026-06-10 04:37:55[39m  [38;5;248mOutput Dir[39m: /expanse/lustre/projects/csd940/zalibhai/biomodal/modality/outputs_CHG_control/Results/control_peaks.annotation[39m
[38;5;23m2026-06-10 04:37:55[39m  [38;5;248mNum Contexts[39m: 0[39m
[38;5;23m2026-06-10 04:37:55[39m  [38;5;248mDisable Strand Merging[39m: False[39m
[38;5;23m2026-06-10 04:37:55[39m  [38;5;248mWindow Size[39m: None[39m
[38;5;23m2026-06-10 04:37:55[39m  [38;5;248mTabix[39m: False[39m
[38;5;23m2026-06-10 04:37:55[39m  [38;5;248mRegion[39m: None[39m
[38;5;23m2026-06-10 04:37:55[39m  [38;5;248mAggregate By Group[39m: None[39m
[38;5;23m2026-06-10 04:37:55[39m  [38;5;248mCase Sensitive[39m: False[39m
[38;5;23m2026-06-10 04:37:55[39m  [38;5;248mHeatmap[39m: False[39m
[38;5;23m2026-06-10 04:37:55[39m | [38;5;23mINFO[39m | Sample sheet: /expanse/lustre/projects/csd940/zalibhai/biomodal/modality/metadata.tsv[39m
[38;5;23m2026-06-10 04:37:55[39m | [38;5;23mINFO[39m | Order samples by: condition, case-insensitive[39m
[38;5;23m2026-06-10 04:37:55[39m | [38;5;23mINFO[39m | Loading Zarr dataset...[39m
[38;5;23m2026-06-10 04:42:10[39m | [38;5;23mINFO[39m | Performing ['regional-frac'] on variables ['num_mc', 'num_hmc'] and min coverage 10.[39m
[38;5;23m2026-06-10 04:42:10[39m | [38;5;23mINFO[39m | ['num_mc', 'num_hmc', 'num_total_c'][39m
[38;5;23m2026-06-10 04:42:10[39m | [38;5;23mINFO[39m | Adding Ranges_ID column to validate merging.[39m
[38;5;23m2026-06-10 04:42:42[39m | [38;5;23mINFO[39m | Summarized over 8886 regions.[39m
[38;5;23m2026-06-10 04:42:42[39m | [38;5;23mINFO[39m | Applying post-processor <lambda> to DataFrame.[39m
[38;5;23m2026-06-10 04:42:42[39m | [38;5;23mINFO[39m | Dataframe has 8886 rows, processing large dataset[39m
[38;5;23m2026-06-10 04:42:43[39m | [38;5;23mINFO[39m | Concatenating files without compression.[39m
[38;5;23m2026-06-10 04:42:43[39m | [38;5;23mINFO[39m | Exported mc stats for regional-frac to <modality.infrastructure.file_name_service.ExtractDataFileName object at 0x15512101e1d0>.[39m
[38;5;23m2026-06-10 04:42:43[39m | [38;5;23mINFO[39m | Applying post-processor <lambda> to DataFrame.[39m
[38;5;23m2026-06-10 04:42:43[39m | [38;5;23mINFO[39m | Dataframe has 8886 rows, processing large dataset[39m
[38;5;23m2026-06-10 04:42:43[39m | [38;5;23mINFO[39m | Concatenating files without compression.[39m
[38;5;23m2026-06-10 04:42:43[39m | [38;5;23mINFO[39m | Exported hmc stats for regional-frac to <modality.infrastructure.file_name_service.ExtractDataFileName object at 0x1554e4c83f10>.[39m
[38;5;23m2026-06-10 04:42:43[39m | [38;5;23mINFO[39m | Results written to file[39m
[38;5;23m2026-06-10 04:42:43[39m  8886 regions extracted.[39m
[38;5;23m2026-06-10 04:42:43[39m  [1m[38;5;154mData extracted successfully to /expanse/lustre/projects/csd940/zalibhai/biomodal/modality/outputs_CHG_control/Results/control_peaks.annotation/Extract_20260610_044242[39m
[38;5;23m2026-06-10 04:42:43[39m  Generating plots: violin, correlation[39m
[38;5;23m2026-06-10 04:42:43[39m | [38;5;23mINFO[39m | Feature report saved to /expanse/lustre/projects/csd940/zalibhai/biomodal/modality/outputs_CHG_control/Results/control_peaks.annotation/Extract_20260610_044242/hmc-mc_regional-frac_extract_report_20260610_044242.html[39m
[38;5;23m2026-06-10 04:42:44[39m | [38;5;23mINFO[39m | JSON report saved to /expanse/lustre/projects/csd940/zalibhai/biomodal/modality/outputs_CHG_control/Results/control_peaks.annotation/Extract_20260610_044242/hmc-mc_regional-frac_extract_report_20260610_044242.json[39m
[38;5;23m2026-06-10 04:42:44[39m  [1m[38;5;154mFeature report with violin, correlation visualizations generated successfully at /expanse/lustre/projects/csd940/zalibhai/biomodal/modality/outputs_CHG_control/Results/control_peaks.annotation/Extract_20260610_044242/hmc-mc_regional-frac_extract_report_20260610_044242.html.[39m
[38;5;23m2026-06-10 04:42:44[39m  Wrote provenance sidecar file to /expanse/lustre/projects/csd940/zalibhai/biomodal/modality/outputs_CHG_control/Results/control_peaks.annotation/Extract_20260610_044242/modality_metadata_20260610_044244.json[39m
[INFO] 2026-06-10 04:42:46 - Regional-frac step complete.

=====================================
STEP 4: DMR CALLING
=====================================
[INFO] 2026-06-10 04:42:46 - Running: modality dmr call...
Logged in using stored credentials
[38;5;23m2026-06-10 04:42:50[39m  [1m[38;5;123mProvenance information:[39m
[38;5;23m2026-06-10 04:42:50[39m  cmd='/home/zalibhai/miniforge3/envs/modality/bin/modality dmr call --zarr-path /expanse/lustre/projects/csd940/zalibhai/biomodal/evoC-run/output/duet-1.5.0_evoC_Bap1_run_6bp/sample_outputs/zarr_store/CHG/evoC_Bap1_run.genome.GRCm38_primary_assembly.dedup.CHG.zarrz --sample-sheet /expanse/lustre/projects/csd940/zalibhai/biomodal/modality/metadata.tsv --bedfile /expanse/lustre/projects/csd940/zalibhai/biomodal/modality/control_peaks.annotation.bed --condition-array-name condition --condition-order control mutant --covariates sex --methylation-contexts mc --min-coverage 10 --output-dir /expanse/lustre/projects/csd940/zalibhai/biomodal/modality/outputs_CHG_control/Results/control_peaks.annotation'
timestamp=2026-06-10T04:42:50.170013
version=1.0.0
user=zalibhai

[39m
[38;5;23m2026-06-10 04:42:50[39m  [1m[38;5;123mStarting differential methylation analysis:[39m
[38;5;23m2026-06-10 04:42:50[39m  [38;5;248mZarr path(s)[39m: ['/expanse/lustre/projects/csd940/zalibhai/biomodal/evoC-run/output/duet-1.5.0_evoC_Bap1_run_6bp/sample_outputs/zarr_store/CHG/evoC_Bap1_run.genome.GRCm38_primary_assembly.dedup.CHG.zarrz'][39m
[38;5;23m2026-06-10 04:42:50[39m  [38;5;248mSample Sheet[39m: /expanse/lustre/projects/csd940/zalibhai/biomodal/modality/metadata.tsv[39m
[38;5;23m2026-06-10 04:42:50[39m  [38;5;248mBedfile[39m: /expanse/lustre/projects/csd940/zalibhai/biomodal/modality/control_peaks.annotation.bed[39m
[38;5;23m2026-06-10 04:42:50[39m  [38;5;248mCondition Array Name[39m: condition[39m
[38;5;23m2026-06-10 04:42:50[39m  [38;5;248mCondition Order[39m: ['control', 'mutant'][39m
[38;5;23m2026-06-10 04:42:50[39m  [38;5;248mCovariates[39m: ['sex'][39m
[38;5;23m2026-06-10 04:42:50[39m  [38;5;248mMethylation Contexts[39m: ['num_mc'][39m
[38;5;23m2026-06-10 04:42:50[39m  [38;5;248mMin Coverage[39m: 10[39m
[38;5;23m2026-06-10 04:42:50[39m  [38;5;248mOutput Dir[39m: /expanse/lustre/projects/csd940/zalibhai/biomodal/modality/outputs_CHG_control/Results/control_peaks.annotation[39m
[38;5;23m2026-06-10 04:42:50[39m  [38;5;248mWindow Size[39m: None[39m
[38;5;23m2026-06-10 04:42:50[39m  [38;5;248mNum Contexts[39m: 0[39m
[38;5;23m2026-06-10 04:42:50[39m  [38;5;248mRegion[39m: None[39m
[38;5;23m2026-06-10 04:42:50[39m  [38;5;248mOverdispersion[39m: False[39m
[38;5;23m2026-06-10 04:42:50[39m  [38;5;248mStatistical Test[39m: wald[39m
[38;5;23m2026-06-10 04:42:50[39m  [38;5;248mDisable Strand Merging[39m: False[39m
[38;5;23m2026-06-10 04:42:50[39m  [38;5;248mCompress[39m: False[39m
[38;5;23m2026-06-10 04:47:42[39m | [33mWARNING[39m | [33mExtra columns detected: Index(['Annotation', 'Name'], dtype='object'). These will be retained but are not validated.[39m
[38;5;23m2026-06-10 04:47:42[39m  [1m[38;5;154mDMR calling completed successfully! Outputs saved to: /expanse/lustre/projects/csd940/zalibhai/biomodal/modality/outputs_CHG_control/Results/control_peaks.annotation[39m
[38;5;23m2026-06-10 04:47:42[39m  Wrote provenance sidecar file to /expanse/lustre/projects/csd940/zalibhai/biomodal/modality/outputs_CHG_control/Results/control_peaks.annotation/DMR_20260610_044742/modality_metadata_20260610_044742.json[39m
/expanse/lustre/projects/csd940/zalibhai/biomodal/modality/outputs_CHG_control/Results/control_peaks.annotation/DMR_20260610_044742/DMR_mc_control__mutant_20260610_044742.bed
[INFO] 2026-06-10 04:47:44 - DMR calling complete.

=========================================
[INFO] 2026-06-10 04:47:44 - All steps completed successfully.
[INFO] 2026-06-10 04:47:44 - Results: /expanse/lustre/projects/csd940/zalibhai/biomodal/modality/outputs_CHG_control/Results/control_peaks.annotation
[INFO] 2026-06-10 04:47:44 - Reports: /expanse/lustre/projects/csd940/zalibhai/biomodal/modality/outputs_CHG_control/Reports/control_peaks.annotation
[INFO] 2026-06-10 04:47:44 - Total runtime: 707 seconds
End: Wed Jun 10 04:47:44 PDT 2026
=========================================
