=========================================
Modality Control Regions - CHH Context
=========================================
Job ID:   50636701
Node:     exp-9-15
CPUs:     16
Memory:   128GB
Start:    Wed Jun 10 04:36:04 PDT 2026
=========================================

[INFO] 2026-06-10 04:36:06 - Validating inputs...
[INFO] 2026-06-10 04:36:06 - All inputs validated.

=====================================
STEP 0: PREPARING BED FILE
=====================================
[INFO] 2026-06-10 04:36:06 - Processed BED already exists, skipping: /expanse/lustre/projects/csd940/zalibhai/biomodal/modality/control_peaks.annotation.bed
[INFO] 2026-06-10 04:36:06 - Chromosome format OK (first chrom: 1)

=====================================
STEP 1: FEATURE EXTRACTION - COUNT
=====================================
[INFO] 2026-06-10 04:36:06 - Running: modality get count (total_c)...
Logged in using stored credentials
[38;5;23m2026-06-10 04:36:11[39m  [1m[38;5;123mProvenance information:[39m
[38;5;23m2026-06-10 04:36:11[39m  cmd='/home/zalibhai/miniforge3/envs/modality/bin/modality -v get count --zarr-path /expanse/lustre/projects/csd940/zalibhai/biomodal/evoC-run/output/duet-1.5.0_evoC_Bap1_run_6bp/sample_outputs/zarr_store/CHH/evoC_Bap1_run.genome.GRCm38_primary_assembly.dedup.CHH.zarrz --sample-sheet /expanse/lustre/projects/csd940/zalibhai/biomodal/modality/metadata.tsv --bedfile /expanse/lustre/projects/csd940/zalibhai/biomodal/modality/control_peaks.annotation.bed --fields total_c --output-dir /expanse/lustre/projects/csd940/zalibhai/biomodal/modality/outputs_CHH_control/Results/control_peaks.annotation'
timestamp=2026-06-10T04:36:11.001916
version=1.0.0
user=zalibhai

[39m
[38;5;23m2026-06-10 04:36:11[39m  [1m[38;5;123mExtracting methylation features:[39m
[38;5;23m2026-06-10 04:36:11[39m  [38;5;248mZarr path(s)[39m: ['/expanse/lustre/projects/csd940/zalibhai/biomodal/evoC-run/output/duet-1.5.0_evoC_Bap1_run_6bp/sample_outputs/zarr_store/CHH/evoC_Bap1_run.genome.GRCm38_primary_assembly.dedup.CHH.zarrz'][39m
[38;5;23m2026-06-10 04:36:11[39m  [38;5;248mSample Sheet[39m: /expanse/lustre/projects/csd940/zalibhai/biomodal/modality/metadata.tsv[39m
[38;5;23m2026-06-10 04:36:11[39m  [38;5;248mBedfile[39m: /expanse/lustre/projects/csd940/zalibhai/biomodal/modality/control_peaks.annotation.bed[39m
[38;5;23m2026-06-10 04:36:11[39m  [38;5;248mFields[39m: ['num_total_c'][39m
[38;5;23m2026-06-10 04:36:11[39m  [38;5;248mOutput Dir[39m: /expanse/lustre/projects/csd940/zalibhai/biomodal/modality/outputs_CHH_control/Results/control_peaks.annotation[39m
[38;5;23m2026-06-10 04:36:11[39m  [38;5;248mMin Coverage[39m: 0[39m
[38;5;23m2026-06-10 04:36:11[39m  [38;5;248mNum Contexts[39m: 0[39m
[38;5;23m2026-06-10 04:36:11[39m  [38;5;248mDisable Strand Merging[39m: False[39m
[38;5;23m2026-06-10 04:36:11[39m  [38;5;248mWindow Size[39m: None[39m
[38;5;23m2026-06-10 04:36:11[39m  [38;5;248mTabix[39m: False[39m
[38;5;23m2026-06-10 04:36:11[39m  [38;5;248mRegion[39m: None[39m
[38;5;23m2026-06-10 04:36:11[39m | [38;5;23mINFO[39m | Loading Zarr dataset...[39m
[38;5;23m2026-06-10 04:38:06[39m | [38;5;23mINFO[39m | Performing ['count'] on variables ['num_total_c'] and min coverage 0.[39m
[38;5;23m2026-06-10 04:38:06[39m | [38;5;23mINFO[39m | ['num_total_c'][39m
[38;5;23m2026-06-10 04:38:06[39m | [38;5;23mINFO[39m | Adding Ranges_ID column to validate merging.[39m
[38;5;23m2026-06-10 04:39:24[39m | [38;5;23mINFO[39m | Summarized over 8886 regions.[39m
[38;5;23m2026-06-10 04:39:25[39m | [38;5;23mINFO[39m | Applying post-processor <lambda> to DataFrame.[39m
[38;5;23m2026-06-10 04:39:25[39m | [38;5;23mINFO[39m | Dataframe has 8886 rows, processing large dataset[39m
[38;5;23m2026-06-10 04:39:25[39m | [38;5;23mINFO[39m | Concatenating files without compression.[39m
[38;5;23m2026-06-10 04:39:25[39m | [38;5;23mINFO[39m | Exported total_c stats for count to <modality.infrastructure.file_name_service.ExtractDataFileName object at 0x1554dcef2e90>.[39m
[38;5;23m2026-06-10 04:39:25[39m | [38;5;23mINFO[39m | Results written to file[39m
[38;5;23m2026-06-10 04:39:25[39m  8886 regions extracted.[39m
[38;5;23m2026-06-10 04:39:25[39m  [1m[38;5;154mData extracted successfully to /expanse/lustre/projects/csd940/zalibhai/biomodal/modality/outputs_CHH_control/Results/control_peaks.annotation/Extract_20260610_043925[39m
[38;5;23m2026-06-10 04:39:25[39m | [38;5;23mINFO[39m | No plots generated. Sample sheet / group provided but no plots requested.[39m
[38;5;23m2026-06-10 04:39:25[39m  Wrote provenance sidecar file to /expanse/lustre/projects/csd940/zalibhai/biomodal/modality/outputs_CHH_control/Results/control_peaks.annotation/Extract_20260610_043925/modality_metadata_20260610_043925.json[39m
[INFO] 2026-06-10 04:39:26 - Count step complete.

=====================================
STEP 2: FEATURE EXTRACTION - MEAN
=====================================
[INFO] 2026-06-10 04:39:26 - Running: modality get mean (total_c)...
Logged in using stored credentials
[38;5;23m2026-06-10 04:39:29[39m  [1m[38;5;123mProvenance information:[39m
[38;5;23m2026-06-10 04:39:29[39m  cmd='/home/zalibhai/miniforge3/envs/modality/bin/modality -v get mean --zarr-path /expanse/lustre/projects/csd940/zalibhai/biomodal/evoC-run/output/duet-1.5.0_evoC_Bap1_run_6bp/sample_outputs/zarr_store/CHH/evoC_Bap1_run.genome.GRCm38_primary_assembly.dedup.CHH.zarrz --sample-sheet /expanse/lustre/projects/csd940/zalibhai/biomodal/modality/metadata.tsv --bedfile /expanse/lustre/projects/csd940/zalibhai/biomodal/modality/control_peaks.annotation.bed --fields total_c --order-by-group condition --output-dir /expanse/lustre/projects/csd940/zalibhai/biomodal/modality/outputs_CHH_control/Results/control_peaks.annotation'
timestamp=2026-06-10T04:39:29.811779
version=1.0.0
user=zalibhai

[39m
[38;5;23m2026-06-10 04:39:29[39m  [1m[38;5;123mExtracting methylation features:[39m
[38;5;23m2026-06-10 04:39:29[39m  [38;5;248mZarr path(s)[39m: ['/expanse/lustre/projects/csd940/zalibhai/biomodal/evoC-run/output/duet-1.5.0_evoC_Bap1_run_6bp/sample_outputs/zarr_store/CHH/evoC_Bap1_run.genome.GRCm38_primary_assembly.dedup.CHH.zarrz'][39m
[38;5;23m2026-06-10 04:39:29[39m  [38;5;248mSample Sheet[39m: /expanse/lustre/projects/csd940/zalibhai/biomodal/modality/metadata.tsv[39m
[38;5;23m2026-06-10 04:39:29[39m  [38;5;248mBedfile[39m: /expanse/lustre/projects/csd940/zalibhai/biomodal/modality/control_peaks.annotation.bed[39m
[38;5;23m2026-06-10 04:39:29[39m  [38;5;248mFields[39m: ['num_total_c'][39m
[38;5;23m2026-06-10 04:39:29[39m  [38;5;248mOrder By Group[39m: condition[39m
[38;5;23m2026-06-10 04:39:29[39m  [38;5;248mOutput Dir[39m: /expanse/lustre/projects/csd940/zalibhai/biomodal/modality/outputs_CHH_control/Results/control_peaks.annotation[39m
[38;5;23m2026-06-10 04:39:29[39m  [38;5;248mMin Coverage[39m: 0[39m
[38;5;23m2026-06-10 04:39:29[39m  [38;5;248mNum Contexts[39m: 0[39m
[38;5;23m2026-06-10 04:39:29[39m  [38;5;248mDisable Strand Merging[39m: False[39m
[38;5;23m2026-06-10 04:39:29[39m  [38;5;248mWindow Size[39m: None[39m
[38;5;23m2026-06-10 04:39:29[39m  [38;5;248mTabix[39m: False[39m
[38;5;23m2026-06-10 04:39:29[39m  [38;5;248mRegion[39m: None[39m
[38;5;23m2026-06-10 04:39:29[39m  [38;5;248mAggregate By Group[39m: None[39m
[38;5;23m2026-06-10 04:39:29[39m  [38;5;248mCase Sensitive[39m: False[39m
[38;5;23m2026-06-10 04:39:29[39m  [38;5;248mHeatmap[39m: False[39m
[38;5;23m2026-06-10 04:39:29[39m | [38;5;23mINFO[39m | Sample sheet: /expanse/lustre/projects/csd940/zalibhai/biomodal/modality/metadata.tsv[39m
[38;5;23m2026-06-10 04:39:29[39m | [38;5;23mINFO[39m | Order samples by: condition, case-insensitive[39m
[38;5;23m2026-06-10 04:39:29[39m | [38;5;23mINFO[39m | Loading Zarr dataset...[39m
[38;5;23m2026-06-10 04:41:13[39m | [38;5;23mINFO[39m | Performing ['mean'] on variables ['num_total_c'] and min coverage 0.[39m
[38;5;23m2026-06-10 04:41:13[39m | [38;5;23mINFO[39m | ['num_total_c'][39m
[38;5;23m2026-06-10 04:41:13[39m | [38;5;23mINFO[39m | Adding Ranges_ID column to validate merging.[39m
[38;5;23m2026-06-10 04:41:52[39m | [38;5;23mINFO[39m | Summarized over 8886 regions.[39m
[38;5;23m2026-06-10 04:41:52[39m | [38;5;23mINFO[39m | Applying post-processor <lambda> to DataFrame.[39m
[38;5;23m2026-06-10 04:41:52[39m | [38;5;23mINFO[39m | Dataframe has 8886 rows, processing large dataset[39m
[38;5;23m2026-06-10 04:41:52[39m | [38;5;23mINFO[39m | Concatenating files without compression.[39m
[38;5;23m2026-06-10 04:41:52[39m | [38;5;23mINFO[39m | Exported total_c stats for mean to <modality.infrastructure.file_name_service.ExtractDataFileName object at 0x1554e19907d0>.[39m
[38;5;23m2026-06-10 04:41:52[39m | [38;5;23mINFO[39m | Results written to file[39m
[38;5;23m2026-06-10 04:41:52[39m  8886 regions extracted.[39m
[38;5;23m2026-06-10 04:41:52[39m  [1m[38;5;154mData extracted successfully to /expanse/lustre/projects/csd940/zalibhai/biomodal/modality/outputs_CHH_control/Results/control_peaks.annotation/Extract_20260610_044152[39m
[38;5;23m2026-06-10 04:41:52[39m  Generating plots: correlation, violin[39m
[38;5;23m2026-06-10 04:41:52[39m | [38;5;23mINFO[39m | Feature report saved to /expanse/lustre/projects/csd940/zalibhai/biomodal/modality/outputs_CHH_control/Results/control_peaks.annotation/Extract_20260610_044152/total_c_mean_extract_report_20260610_044152.html[39m
[38;5;23m2026-06-10 04:41:53[39m | [38;5;23mINFO[39m | JSON report saved to /expanse/lustre/projects/csd940/zalibhai/biomodal/modality/outputs_CHH_control/Results/control_peaks.annotation/Extract_20260610_044152/total_c_mean_extract_report_20260610_044152.json[39m
[38;5;23m2026-06-10 04:41:53[39m  [1m[38;5;154mFeature report with correlation, violin visualizations generated successfully at /expanse/lustre/projects/csd940/zalibhai/biomodal/modality/outputs_CHH_control/Results/control_peaks.annotation/Extract_20260610_044152/total_c_mean_extract_report_20260610_044152.html.[39m
[38;5;23m2026-06-10 04:41:53[39m  Wrote provenance sidecar file to /expanse/lustre/projects/csd940/zalibhai/biomodal/modality/outputs_CHH_control/Results/control_peaks.annotation/Extract_20260610_044152/modality_metadata_20260610_044153.json[39m
[INFO] 2026-06-10 04:41:53 - Mean step complete.

=====================================
STEP 3: FEATURE EXTRACTION - REGIONAL-FRAC
=====================================
[INFO] 2026-06-10 04:41:53 - Running: modality get regional-frac (mc hmc, min-coverage 10)...
Logged in using stored credentials
[38;5;23m2026-06-10 04:41:57[39m  [1m[38;5;123mProvenance information:[39m
[38;5;23m2026-06-10 04:41:57[39m  cmd='/home/zalibhai/miniforge3/envs/modality/bin/modality -v get regional-frac --zarr-path /expanse/lustre/projects/csd940/zalibhai/biomodal/evoC-run/output/duet-1.5.0_evoC_Bap1_run_6bp/sample_outputs/zarr_store/CHH/evoC_Bap1_run.genome.GRCm38_primary_assembly.dedup.CHH.zarrz --sample-sheet /expanse/lustre/projects/csd940/zalibhai/biomodal/modality/metadata.tsv --bedfile /expanse/lustre/projects/csd940/zalibhai/biomodal/modality/control_peaks.annotation.bed --fields mc hmc --min-coverage 10 --order-by-group condition --output-dir /expanse/lustre/projects/csd940/zalibhai/biomodal/modality/outputs_CHH_control/Results/control_peaks.annotation'
timestamp=2026-06-10T04:41:57.952432
version=1.0.0
user=zalibhai

[39m
[38;5;23m2026-06-10 04:41:57[39m  [1m[38;5;123mExtracting methylation features:[39m
[38;5;23m2026-06-10 04:41:57[39m  [38;5;248mZarr path(s)[39m: ['/expanse/lustre/projects/csd940/zalibhai/biomodal/evoC-run/output/duet-1.5.0_evoC_Bap1_run_6bp/sample_outputs/zarr_store/CHH/evoC_Bap1_run.genome.GRCm38_primary_assembly.dedup.CHH.zarrz'][39m
[38;5;23m2026-06-10 04:41:57[39m  [38;5;248mSample Sheet[39m: /expanse/lustre/projects/csd940/zalibhai/biomodal/modality/metadata.tsv[39m
[38;5;23m2026-06-10 04:41:57[39m  [38;5;248mBedfile[39m: /expanse/lustre/projects/csd940/zalibhai/biomodal/modality/control_peaks.annotation.bed[39m
[38;5;23m2026-06-10 04:41:57[39m  [38;5;248mFields[39m: ['num_mc', 'num_hmc'][39m
[38;5;23m2026-06-10 04:41:57[39m  [38;5;248mMin Coverage[39m: 10[39m
[38;5;23m2026-06-10 04:41:57[39m  [38;5;248mOrder By Group[39m: condition[39m
[38;5;23m2026-06-10 04:41:57[39m  [38;5;248mOutput Dir[39m: /expanse/lustre/projects/csd940/zalibhai/biomodal/modality/outputs_CHH_control/Results/control_peaks.annotation[39m
[38;5;23m2026-06-10 04:41:57[39m  [38;5;248mNum Contexts[39m: 0[39m
[38;5;23m2026-06-10 04:41:57[39m  [38;5;248mDisable Strand Merging[39m: False[39m
[38;5;23m2026-06-10 04:41:57[39m  [38;5;248mWindow Size[39m: None[39m
[38;5;23m2026-06-10 04:41:57[39m  [38;5;248mTabix[39m: False[39m
[38;5;23m2026-06-10 04:41:57[39m  [38;5;248mRegion[39m: None[39m
[38;5;23m2026-06-10 04:41:57[39m  [38;5;248mAggregate By Group[39m: None[39m
[38;5;23m2026-06-10 04:41:57[39m  [38;5;248mCase Sensitive[39m: False[39m
[38;5;23m2026-06-10 04:41:57[39m  [38;5;248mHeatmap[39m: False[39m
[38;5;23m2026-06-10 04:41:57[39m | [38;5;23mINFO[39m | Sample sheet: /expanse/lustre/projects/csd940/zalibhai/biomodal/modality/metadata.tsv[39m
[38;5;23m2026-06-10 04:41:57[39m | [38;5;23mINFO[39m | Order samples by: condition, case-insensitive[39m
[38;5;23m2026-06-10 04:41:57[39m | [38;5;23mINFO[39m | Loading Zarr dataset...[39m
/cm/local/apps/slurm/var/spool/job50636701/slurm_script: line 170: 2788801 Killed                  modality -v get regional-frac --zarr-path "${ZARR}" --sample-sheet "${METADATA}" --bedfile "${PROCESSED_BED}" --fields mc hmc --min-coverage "${MIN_COVERAGE}" --order-by-group "${GROUP_COLUMN}" --output-dir "${REGION_RESULTS_DIR}"
[INFO] 2026-06-10 04:53:51 - Regional-frac step complete.

=====================================
STEP 4: DMR CALLING
=====================================
[INFO] 2026-06-10 04:53:51 - Running: modality dmr call...
Logged in using stored credentials
[38;5;23m2026-06-10 04:53:56[39m  [1m[38;5;123mProvenance information:[39m
[38;5;23m2026-06-10 04:53:56[39m  cmd='/home/zalibhai/miniforge3/envs/modality/bin/modality dmr call --zarr-path /expanse/lustre/projects/csd940/zalibhai/biomodal/evoC-run/output/duet-1.5.0_evoC_Bap1_run_6bp/sample_outputs/zarr_store/CHH/evoC_Bap1_run.genome.GRCm38_primary_assembly.dedup.CHH.zarrz --sample-sheet /expanse/lustre/projects/csd940/zalibhai/biomodal/modality/metadata.tsv --bedfile /expanse/lustre/projects/csd940/zalibhai/biomodal/modality/control_peaks.annotation.bed --condition-array-name condition --condition-order control mutant --covariates sex --methylation-contexts mc --min-coverage 10 --output-dir /expanse/lustre/projects/csd940/zalibhai/biomodal/modality/outputs_CHH_control/Results/control_peaks.annotation'
timestamp=2026-06-10T04:53:56.911130
version=1.0.0
user=zalibhai

[39m
[38;5;23m2026-06-10 04:53:56[39m  [1m[38;5;123mStarting differential methylation analysis:[39m
[38;5;23m2026-06-10 04:53:56[39m  [38;5;248mZarr path(s)[39m: ['/expanse/lustre/projects/csd940/zalibhai/biomodal/evoC-run/output/duet-1.5.0_evoC_Bap1_run_6bp/sample_outputs/zarr_store/CHH/evoC_Bap1_run.genome.GRCm38_primary_assembly.dedup.CHH.zarrz'][39m
[38;5;23m2026-06-10 04:53:56[39m  [38;5;248mSample Sheet[39m: /expanse/lustre/projects/csd940/zalibhai/biomodal/modality/metadata.tsv[39m
[38;5;23m2026-06-10 04:53:56[39m  [38;5;248mBedfile[39m: /expanse/lustre/projects/csd940/zalibhai/biomodal/modality/control_peaks.annotation.bed[39m
[38;5;23m2026-06-10 04:53:56[39m  [38;5;248mCondition Array Name[39m: condition[39m
[38;5;23m2026-06-10 04:53:56[39m  [38;5;248mCondition Order[39m: ['control', 'mutant'][39m
[38;5;23m2026-06-10 04:53:56[39m  [38;5;248mCovariates[39m: ['sex'][39m
[38;5;23m2026-06-10 04:53:56[39m  [38;5;248mMethylation Contexts[39m: ['num_mc'][39m
[38;5;23m2026-06-10 04:53:56[39m  [38;5;248mMin Coverage[39m: 10[39m
[38;5;23m2026-06-10 04:53:56[39m  [38;5;248mOutput Dir[39m: /expanse/lustre/projects/csd940/zalibhai/biomodal/modality/outputs_CHH_control/Results/control_peaks.annotation[39m
[38;5;23m2026-06-10 04:53:56[39m  [38;5;248mWindow Size[39m: None[39m
[38;5;23m2026-06-10 04:53:56[39m  [38;5;248mNum Contexts[39m: 0[39m
[38;5;23m2026-06-10 04:53:56[39m  [38;5;248mRegion[39m: None[39m
[38;5;23m2026-06-10 04:53:56[39m  [38;5;248mOverdispersion[39m: False[39m
[38;5;23m2026-06-10 04:53:56[39m  [38;5;248mStatistical Test[39m: wald[39m
[38;5;23m2026-06-10 04:53:56[39m  [38;5;248mDisable Strand Merging[39m: False[39m
[38;5;23m2026-06-10 04:53:56[39m  [38;5;248mCompress[39m: False[39m
[38;5;23m2026-06-10 04:55:06[39m | [33mWARNING[39m | [33mFiltering for CHH context is currently not supported due to memory optimisation constraints.[39m
[38;5;23m2026-06-10 04:57:35[39m | [33mWARNING[39m | [33mExtra columns detected: Index(['Annotation', 'Name'], dtype='object'). These will be retained but are not validated.[39m
[38;5;23m2026-06-10 04:57:35[39m  [1m[38;5;154mDMR calling completed successfully! Outputs saved to: /expanse/lustre/projects/csd940/zalibhai/biomodal/modality/outputs_CHH_control/Results/control_peaks.annotation[39m
[38;5;23m2026-06-10 04:57:35[39m  Wrote provenance sidecar file to /expanse/lustre/projects/csd940/zalibhai/biomodal/modality/outputs_CHH_control/Results/control_peaks.annotation/DMR_20260610_045735/modality_metadata_20260610_045735.json[39m
/expanse/lustre/projects/csd940/zalibhai/biomodal/modality/outputs_CHH_control/Results/control_peaks.annotation/DMR_20260610_045735/DMR_mc_control__mutant_20260610_045735.bed
[INFO] 2026-06-10 04:57:36 - DMR calling complete.

=========================================
[INFO] 2026-06-10 04:57:36 - All steps completed successfully.
[INFO] 2026-06-10 04:57:36 - Results: /expanse/lustre/projects/csd940/zalibhai/biomodal/modality/outputs_CHH_control/Results/control_peaks.annotation
[INFO] 2026-06-10 04:57:36 - Reports: /expanse/lustre/projects/csd940/zalibhai/biomodal/modality/outputs_CHH_control/Reports/control_peaks.annotation
[INFO] 2026-06-10 04:57:36 - Total runtime: 1292 seconds
End: Wed Jun 10 04:57:36 PDT 2026
=========================================
slurmstepd: error: Detected 1 oom_kill event in StepId=50636701.batch. Some of the step tasks have been OOM Killed.
