=========================================
Biomodal Permutation Test: Section 35
=========================================
Job ID: 47739916
Node: exp-2-22
CPUs: 64
Permutations: 10000
Start time: Tue Mar 31 01:50:45 PDT 2026
=========================================

Environment check:
/home/zalibhai/.conda/envs/mariner_env/bin/Rscript
Rscript (R) version 4.4.2 (2024-10-31)

Working directory: /expanse/lustre/projects/csd940/zalibhai/mariner_hi-c/biomodal/downstream

Running: Rscript scripts/viz_sections/section_35_permutation_atac_loops.R 10000
--------------------------------------------------------------------------------

================================================================================
BIOMODAL DUET evoC DIFFERENTIAL METHYLATION VISUALIZATION
================================================================================
Date: 2026-03-31 01:50:47 
Base directory: /expanse/lustre/projects/csd940/zalibhai/mariner_hi-c/biomodal/downstream 
Output directory: /expanse/lustre/projects/csd940/zalibhai/mariner_hi-c/biomodal/downstream/plots/visualizations 

Loading required packages...
Loaded multi_format_output.R - Functions available:
  - save_multiformat_ggplot(plot, base_path, width, height, dpi)
  - save_multiformat_base(plot_expr, base_path, width, height, dpi)
  - save_multiformat_pheatmap(pheatmap_call, base_path, width, height, dpi)
Packages loaded successfully.

================================================================================
LOADING DATA
================================================================================

Loading gene body mC DMRs...
  Loaded 20991 genes
Loading gene body hmC DMRs...
  Loaded 20991 genes
Loading Biological QC data...
  Loaded QC data successfully
Loading upstream sequencing metrics...
  Loaded 8 samples

Loading regional DMR data for comparison...
  Gene bodies: 10779 significant / 20991 total (51.4%)
  CpG islands: 446 significant / 8910 total (5.0%)
  CpG shores: 9837 significant / 32581 total (30.2%)
  CpG shelves: 6914 significant / 29094 total (23.8%)
  Promoters: 1700 significant / 20417 total (8.3%)
  TSS regions: 195 significant / 14165 total (1.4%)

Data loading complete.

Warning messages:
1: package ‘tibble’ was built under R version 4.4.3 
2: package ‘dplyr’ was built under R version 4.4.3 
3: package ‘jsonlite’ was built under R version 4.4.3 
4: package ‘rtracklayer’ was built under R version 4.4.3 
Error in library(regioneR) : there is no package called ‘regioneR’
Calls: suppressPackageStartupMessages -> withCallingHandlers -> library
Execution halted
--------------------------------------------------------------------------------
Exit code: 1
End time: Tue Mar 31 01:51:00 PDT 2026
=========================================
