=========================================
Biomodal Visualization Pipeline (19 sections)
=========================================
Job ID: 47738951
Node: exp-2-22
Start time: Mon Mar 30 23:50:06 PDT 2026
=========================================

Environment check:
/home/zalibhai/.conda/envs/mariner_env/bin/Rscript
Rscript (R) version 4.4.2 (2024-10-31)

Working directory: /expanse/lustre/projects/csd940/zalibhai/mariner_hi-c/biomodal/downstream

--------------------------------------------------------------------------------
Running scripts/viz_sections/section_01_qc_overview.R...
--------------------------------------------------------------------------------

================================================================================
BIOMODAL DUET evoC DIFFERENTIAL METHYLATION VISUALIZATION
================================================================================
Date: 2026-03-30 23:50:16 
Base directory: /expanse/lustre/projects/csd940/zalibhai/mariner_hi-c/biomodal/downstream 
Output directory: /expanse/lustre/projects/csd940/zalibhai/mariner_hi-c/biomodal/downstream/plots/visualizations 

Loading required packages...
Error in library(ggVennDiagram) : 
  there is no package called ‘ggVennDiagram’
Calls: source ... suppressPackageStartupMessages -> withCallingHandlers -> library
In addition: Warning messages:
1: package ‘tibble’ was built under R version 4.4.3 
2: package ‘dplyr’ was built under R version 4.4.3 
3: package ‘jsonlite’ was built under R version 4.4.3 
Execution halted
WARNING: scripts/viz_sections/section_01_qc_overview.R failed with exit code 1

--------------------------------------------------------------------------------
Running scripts/viz_sections/section_02_correlation.R...
--------------------------------------------------------------------------------

================================================================================
BIOMODAL DUET evoC DIFFERENTIAL METHYLATION VISUALIZATION
================================================================================
Date: 2026-03-30 23:50:41 
Base directory: /expanse/lustre/projects/csd940/zalibhai/mariner_hi-c/biomodal/downstream 
Output directory: /expanse/lustre/projects/csd940/zalibhai/mariner_hi-c/biomodal/downstream/plots/visualizations 

Loading required packages...
Error in library(ggVennDiagram) : 
  there is no package called ‘ggVennDiagram’
Calls: source ... suppressPackageStartupMessages -> withCallingHandlers -> library
In addition: Warning messages:
1: package ‘tibble’ was built under R version 4.4.3 
2: package ‘dplyr’ was built under R version 4.4.3 
3: package ‘jsonlite’ was built under R version 4.4.3 
Execution halted
WARNING: scripts/viz_sections/section_02_correlation.R failed with exit code 1

--------------------------------------------------------------------------------
Running scripts/viz_sections/section_03_dmr_statistics.R...
--------------------------------------------------------------------------------

================================================================================
BIOMODAL DUET evoC DIFFERENTIAL METHYLATION VISUALIZATION
================================================================================
Date: 2026-03-30 23:50:47 
Base directory: /expanse/lustre/projects/csd940/zalibhai/mariner_hi-c/biomodal/downstream 
Output directory: /expanse/lustre/projects/csd940/zalibhai/mariner_hi-c/biomodal/downstream/plots/visualizations 

Loading required packages...
Error in library(ggVennDiagram) : 
  there is no package called ‘ggVennDiagram’
Calls: source ... suppressPackageStartupMessages -> withCallingHandlers -> library
In addition: Warning messages:
1: package ‘tibble’ was built under R version 4.4.3 
2: package ‘dplyr’ was built under R version 4.4.3 
3: package ‘jsonlite’ was built under R version 4.4.3 
Execution halted
WARNING: scripts/viz_sections/section_03_dmr_statistics.R failed with exit code 1

--------------------------------------------------------------------------------
Running scripts/viz_sections/section_04_volcano_plots.R...
--------------------------------------------------------------------------------

================================================================================
BIOMODAL DUET evoC DIFFERENTIAL METHYLATION VISUALIZATION
================================================================================
Date: 2026-03-30 23:50:53 
Base directory: /expanse/lustre/projects/csd940/zalibhai/mariner_hi-c/biomodal/downstream 
Output directory: /expanse/lustre/projects/csd940/zalibhai/mariner_hi-c/biomodal/downstream/plots/visualizations 

Loading required packages...
Error in library(ggVennDiagram) : 
  there is no package called ‘ggVennDiagram’
Calls: source ... suppressPackageStartupMessages -> withCallingHandlers -> library
In addition: Warning messages:
1: package ‘tibble’ was built under R version 4.4.3 
2: package ‘dplyr’ was built under R version 4.4.3 
3: package ‘jsonlite’ was built under R version 4.4.3 
Execution halted
WARNING: scripts/viz_sections/section_04_volcano_plots.R failed with exit code 1

--------------------------------------------------------------------------------
Running scripts/viz_sections/section_05_coordinated_changes.R...
--------------------------------------------------------------------------------

================================================================================
BIOMODAL DUET evoC DIFFERENTIAL METHYLATION VISUALIZATION
================================================================================
Date: 2026-03-30 23:50:59 
Base directory: /expanse/lustre/projects/csd940/zalibhai/mariner_hi-c/biomodal/downstream 
Output directory: /expanse/lustre/projects/csd940/zalibhai/mariner_hi-c/biomodal/downstream/plots/visualizations 

Loading required packages...
Error in library(ggVennDiagram) : 
  there is no package called ‘ggVennDiagram’
Calls: source ... suppressPackageStartupMessages -> withCallingHandlers -> library
In addition: Warning messages:
1: package ‘tibble’ was built under R version 4.4.3 
2: package ‘dplyr’ was built under R version 4.4.3 
3: package ‘jsonlite’ was built under R version 4.4.3 
Execution halted
WARNING: scripts/viz_sections/section_05_coordinated_changes.R failed with exit code 1

--------------------------------------------------------------------------------
Running scripts/viz_sections/section_06_top_genes.R...
--------------------------------------------------------------------------------

================================================================================
BIOMODAL DUET evoC DIFFERENTIAL METHYLATION VISUALIZATION
================================================================================
Date: 2026-03-30 23:51:05 
Base directory: /expanse/lustre/projects/csd940/zalibhai/mariner_hi-c/biomodal/downstream 
Output directory: /expanse/lustre/projects/csd940/zalibhai/mariner_hi-c/biomodal/downstream/plots/visualizations 

Loading required packages...
Error in library(ggVennDiagram) : 
  there is no package called ‘ggVennDiagram’
Calls: source ... suppressPackageStartupMessages -> withCallingHandlers -> library
In addition: Warning messages:
1: package ‘tibble’ was built under R version 4.4.3 
2: package ‘dplyr’ was built under R version 4.4.3 
3: package ‘jsonlite’ was built under R version 4.4.3 
Execution halted
WARNING: scripts/viz_sections/section_06_top_genes.R failed with exit code 1

--------------------------------------------------------------------------------
Running scripts/viz_sections/section_07_effect_size.R...
--------------------------------------------------------------------------------

================================================================================
BIOMODAL DUET evoC DIFFERENTIAL METHYLATION VISUALIZATION
================================================================================
Date: 2026-03-30 23:51:11 
Base directory: /expanse/lustre/projects/csd940/zalibhai/mariner_hi-c/biomodal/downstream 
Output directory: /expanse/lustre/projects/csd940/zalibhai/mariner_hi-c/biomodal/downstream/plots/visualizations 

Loading required packages...
Error in library(ggVennDiagram) : 
  there is no package called ‘ggVennDiagram’
Calls: source ... suppressPackageStartupMessages -> withCallingHandlers -> library
In addition: Warning messages:
1: package ‘tibble’ was built under R version 4.4.3 
2: package ‘dplyr’ was built under R version 4.4.3 
3: package ‘jsonlite’ was built under R version 4.4.3 
Execution halted
WARNING: scripts/viz_sections/section_07_effect_size.R failed with exit code 1

--------------------------------------------------------------------------------
Running scripts/viz_sections/section_08_enrichment.R...
--------------------------------------------------------------------------------

================================================================================
BIOMODAL DUET evoC DIFFERENTIAL METHYLATION VISUALIZATION
================================================================================
Date: 2026-03-30 23:51:17 
Base directory: /expanse/lustre/projects/csd940/zalibhai/mariner_hi-c/biomodal/downstream 
Output directory: /expanse/lustre/projects/csd940/zalibhai/mariner_hi-c/biomodal/downstream/plots/visualizations 

Loading required packages...
Error in library(ggVennDiagram) : 
  there is no package called ‘ggVennDiagram’
Calls: source ... suppressPackageStartupMessages -> withCallingHandlers -> library
In addition: Warning messages:
1: package ‘tibble’ was built under R version 4.4.3 
2: package ‘dplyr’ was built under R version 4.4.3 
3: package ‘jsonlite’ was built under R version 4.4.3 
Execution halted
WARNING: scripts/viz_sections/section_08_enrichment.R failed with exit code 1

--------------------------------------------------------------------------------
Running scripts/viz_sections/section_09_summary.R...
--------------------------------------------------------------------------------

================================================================================
BIOMODAL DUET evoC DIFFERENTIAL METHYLATION VISUALIZATION
================================================================================
Date: 2026-03-30 23:51:24 
Base directory: /expanse/lustre/projects/csd940/zalibhai/mariner_hi-c/biomodal/downstream 
Output directory: /expanse/lustre/projects/csd940/zalibhai/mariner_hi-c/biomodal/downstream/plots/visualizations 

Loading required packages...
Error in library(ggVennDiagram) : 
  there is no package called ‘ggVennDiagram’
Calls: source ... suppressPackageStartupMessages -> withCallingHandlers -> library
In addition: Warning messages:
1: package ‘tibble’ was built under R version 4.4.3 
2: package ‘dplyr’ was built under R version 4.4.3 
3: package ‘jsonlite’ was built under R version 4.4.3 
Execution halted
WARNING: scripts/viz_sections/section_09_summary.R failed with exit code 1

--------------------------------------------------------------------------------
Running scripts/viz_sections/section_10_chromatin_state.R...
--------------------------------------------------------------------------------

================================================================================
BIOMODAL DUET evoC DIFFERENTIAL METHYLATION VISUALIZATION
================================================================================
Date: 2026-03-30 23:51:30 
Base directory: /expanse/lustre/projects/csd940/zalibhai/mariner_hi-c/biomodal/downstream 
Output directory: /expanse/lustre/projects/csd940/zalibhai/mariner_hi-c/biomodal/downstream/plots/visualizations 

Loading required packages...
Error in library(ggVennDiagram) : 
  there is no package called ‘ggVennDiagram’
Calls: source ... suppressPackageStartupMessages -> withCallingHandlers -> library
In addition: Warning messages:
1: package ‘tibble’ was built under R version 4.4.3 
2: package ‘dplyr’ was built under R version 4.4.3 
3: package ‘jsonlite’ was built under R version 4.4.3 
Execution halted
WARNING: scripts/viz_sections/section_10_chromatin_state.R failed with exit code 1

--------------------------------------------------------------------------------
Running scripts/viz_sections/section_11_mecp2_correlation.R...
--------------------------------------------------------------------------------

================================================================================
BIOMODAL DUET evoC DIFFERENTIAL METHYLATION VISUALIZATION
================================================================================
Date: 2026-03-30 23:51:35 
Base directory: /expanse/lustre/projects/csd940/zalibhai/mariner_hi-c/biomodal/downstream 
Output directory: /expanse/lustre/projects/csd940/zalibhai/mariner_hi-c/biomodal/downstream/plots/visualizations 

Loading required packages...
Error in library(ggVennDiagram) : 
  there is no package called ‘ggVennDiagram’
Calls: source ... suppressPackageStartupMessages -> withCallingHandlers -> library
In addition: Warning messages:
1: package ‘tibble’ was built under R version 4.4.3 
2: package ‘dplyr’ was built under R version 4.4.3 
3: package ‘jsonlite’ was built under R version 4.4.3 
Execution halted
WARNING: scripts/viz_sections/section_11_mecp2_correlation.R failed with exit code 1

--------------------------------------------------------------------------------
Running scripts/viz_sections/section_12_atac_correlation.R...
--------------------------------------------------------------------------------

================================================================================
BIOMODAL DUET evoC DIFFERENTIAL METHYLATION VISUALIZATION
================================================================================
Date: 2026-03-30 23:51:41 
Base directory: /expanse/lustre/projects/csd940/zalibhai/mariner_hi-c/biomodal/downstream 
Output directory: /expanse/lustre/projects/csd940/zalibhai/mariner_hi-c/biomodal/downstream/plots/visualizations 

Loading required packages...
Error in library(ggVennDiagram) : 
  there is no package called ‘ggVennDiagram’
Calls: source ... suppressPackageStartupMessages -> withCallingHandlers -> library
In addition: Warning messages:
1: package ‘tibble’ was built under R version 4.4.3 
2: package ‘dplyr’ was built under R version 4.4.3 
3: package ‘jsonlite’ was built under R version 4.4.3 
Execution halted
WARNING: scripts/viz_sections/section_12_atac_correlation.R failed with exit code 1

--------------------------------------------------------------------------------
Running scripts/viz_sections/section_13_atac_chromatin_and_loops.R...
--------------------------------------------------------------------------------

================================================================================
BIOMODAL DUET evoC DIFFERENTIAL METHYLATION VISUALIZATION
================================================================================
Date: 2026-03-30 23:51:47 
Base directory: /expanse/lustre/projects/csd940/zalibhai/mariner_hi-c/biomodal/downstream 
Output directory: /expanse/lustre/projects/csd940/zalibhai/mariner_hi-c/biomodal/downstream/plots/visualizations 

Loading required packages...
Error in library(ggVennDiagram) : 
  there is no package called ‘ggVennDiagram’
Calls: source ... suppressPackageStartupMessages -> withCallingHandlers -> library
In addition: Warning messages:
1: package ‘tibble’ was built under R version 4.4.3 
2: package ‘dplyr’ was built under R version 4.4.3 
3: package ‘jsonlite’ was built under R version 4.4.3 
Execution halted
WARNING: scripts/viz_sections/section_13_atac_chromatin_and_loops.R failed with exit code 1

--------------------------------------------------------------------------------
Running scripts/viz_sections/section_14_h2ak119ub_correlation.R...
--------------------------------------------------------------------------------

================================================================================
BIOMODAL DUET evoC DIFFERENTIAL METHYLATION VISUALIZATION
================================================================================
Date: 2026-03-30 23:51:53 
Base directory: /expanse/lustre/projects/csd940/zalibhai/mariner_hi-c/biomodal/downstream 
Output directory: /expanse/lustre/projects/csd940/zalibhai/mariner_hi-c/biomodal/downstream/plots/visualizations 

Loading required packages...
Error in library(ggVennDiagram) : 
  there is no package called ‘ggVennDiagram’
Calls: source ... suppressPackageStartupMessages -> withCallingHandlers -> library
In addition: Warning messages:
1: package ‘tibble’ was built under R version 4.4.3 
2: package ‘dplyr’ was built under R version 4.4.3 
3: package ‘jsonlite’ was built under R version 4.4.3 
Execution halted
WARNING: scripts/viz_sections/section_14_h2ak119ub_correlation.R failed with exit code 1

--------------------------------------------------------------------------------
Running scripts/viz_sections/section_15_hmc_chromatin_correlations.R...
--------------------------------------------------------------------------------

================================================================================
BIOMODAL DUET evoC DIFFERENTIAL METHYLATION VISUALIZATION
================================================================================
Date: 2026-03-30 23:51:59 
Base directory: /expanse/lustre/projects/csd940/zalibhai/mariner_hi-c/biomodal/downstream 
Output directory: /expanse/lustre/projects/csd940/zalibhai/mariner_hi-c/biomodal/downstream/plots/visualizations 

Loading required packages...
Error in library(ggVennDiagram) : 
  there is no package called ‘ggVennDiagram’
Calls: source ... suppressPackageStartupMessages -> withCallingHandlers -> library
In addition: Warning messages:
1: package ‘tibble’ was built under R version 4.4.3 
2: package ‘dplyr’ was built under R version 4.4.3 
3: package ‘jsonlite’ was built under R version 4.4.3 
Execution halted
WARNING: scripts/viz_sections/section_15_hmc_chromatin_correlations.R failed with exit code 1

--------------------------------------------------------------------------------
Running scripts/viz_sections/section_16_raw_concordance_barcharts.R...
--------------------------------------------------------------------------------

================================================================================
BIOMODAL DUET evoC DIFFERENTIAL METHYLATION VISUALIZATION
================================================================================
Date: 2026-03-30 23:52:18 
Base directory: /expanse/lustre/projects/csd940/zalibhai/mariner_hi-c/biomodal/downstream 
Output directory: /expanse/lustre/projects/csd940/zalibhai/mariner_hi-c/biomodal/downstream/plots/visualizations 

Loading required packages...
Error in library(ggVennDiagram) : 
  there is no package called ‘ggVennDiagram’
Calls: source ... suppressPackageStartupMessages -> withCallingHandlers -> library
In addition: Warning messages:
1: package ‘tibble’ was built under R version 4.4.3 
2: package ‘dplyr’ was built under R version 4.4.3 
3: package ‘jsonlite’ was built under R version 4.4.3 
Execution halted
WARNING: scripts/viz_sections/section_16_raw_concordance_barcharts.R failed with exit code 1

--------------------------------------------------------------------------------
Running scripts/viz_sections/section_17_k119ub_honest_assessment.R...
--------------------------------------------------------------------------------

================================================================================
BIOMODAL DUET evoC DIFFERENTIAL METHYLATION VISUALIZATION
================================================================================
Date: 2026-03-30 23:52:24 
Base directory: /expanse/lustre/projects/csd940/zalibhai/mariner_hi-c/biomodal/downstream 
Output directory: /expanse/lustre/projects/csd940/zalibhai/mariner_hi-c/biomodal/downstream/plots/visualizations 

Loading required packages...
Error in library(ggVennDiagram) : 
  there is no package called ‘ggVennDiagram’
Calls: source ... suppressPackageStartupMessages -> withCallingHandlers -> library
In addition: Warning messages:
1: package ‘tibble’ was built under R version 4.4.3 
2: package ‘dplyr’ was built under R version 4.4.3 
3: package ‘jsonlite’ was built under R version 4.4.3 
Execution halted
WARNING: scripts/viz_sections/section_17_k119ub_honest_assessment.R failed with exit code 1

--------------------------------------------------------------------------------
Running scripts/viz_sections/section_18_k119ub_bigwig_signal.R...
--------------------------------------------------------------------------------

================================================================================
BIOMODAL DUET evoC DIFFERENTIAL METHYLATION VISUALIZATION
================================================================================
Date: 2026-03-30 23:52:30 
Base directory: /expanse/lustre/projects/csd940/zalibhai/mariner_hi-c/biomodal/downstream 
Output directory: /expanse/lustre/projects/csd940/zalibhai/mariner_hi-c/biomodal/downstream/plots/visualizations 

Loading required packages...
Error in library(ggVennDiagram) : 
  there is no package called ‘ggVennDiagram’
Calls: source ... suppressPackageStartupMessages -> withCallingHandlers -> library
In addition: Warning messages:
1: package ‘tibble’ was built under R version 4.4.3 
2: package ‘dplyr’ was built under R version 4.4.3 
3: package ‘jsonlite’ was built under R version 4.4.3 
Execution halted
WARNING: scripts/viz_sections/section_18_k119ub_bigwig_signal.R failed with exit code 1

--------------------------------------------------------------------------------
Running scripts/viz_sections/section_19_h3k27ac_peak_analysis.R...
--------------------------------------------------------------------------------

================================================================================
BIOMODAL DUET evoC DIFFERENTIAL METHYLATION VISUALIZATION
================================================================================
Date: 2026-03-30 23:52:36 
Base directory: /expanse/lustre/projects/csd940/zalibhai/mariner_hi-c/biomodal/downstream 
Output directory: /expanse/lustre/projects/csd940/zalibhai/mariner_hi-c/biomodal/downstream/plots/visualizations 

Loading required packages...
Error in library(ggVennDiagram) : 
  there is no package called ‘ggVennDiagram’
Calls: source ... suppressPackageStartupMessages -> withCallingHandlers -> library
In addition: Warning messages:
1: package ‘tibble’ was built under R version 4.4.3 
2: package ‘dplyr’ was built under R version 4.4.3 
3: package ‘jsonlite’ was built under R version 4.4.3 
Execution halted
WARNING: scripts/viz_sections/section_19_h3k27ac_peak_analysis.R failed with exit code 1

--------------------------------------------------------------------------------
Running scripts/viz_sections/section_20_coordinated_rnaseq.R...
--------------------------------------------------------------------------------

================================================================================
BIOMODAL DUET evoC DIFFERENTIAL METHYLATION VISUALIZATION
================================================================================
Date: 2026-03-30 23:52:42 
Base directory: /expanse/lustre/projects/csd940/zalibhai/mariner_hi-c/biomodal/downstream 
Output directory: /expanse/lustre/projects/csd940/zalibhai/mariner_hi-c/biomodal/downstream/plots/visualizations 

Loading required packages...
Error in library(ggVennDiagram) : 
  there is no package called ‘ggVennDiagram’
Calls: source ... suppressPackageStartupMessages -> withCallingHandlers -> library
In addition: Warning messages:
1: package ‘tibble’ was built under R version 4.4.3 
2: package ‘dplyr’ was built under R version 4.4.3 
3: package ‘jsonlite’ was built under R version 4.4.3 
Execution halted
WARNING: scripts/viz_sections/section_20_coordinated_rnaseq.R failed with exit code 1

--------------------------------------------------------------------------------
Running scripts/viz_sections/section_21_discordant_mc_hmc_analysis.R...
--------------------------------------------------------------------------------

================================================================================
BIOMODAL DUET evoC DIFFERENTIAL METHYLATION VISUALIZATION
================================================================================
Date: 2026-03-30 23:52:48 
Base directory: /expanse/lustre/projects/csd940/zalibhai/mariner_hi-c/biomodal/downstream 
Output directory: /expanse/lustre/projects/csd940/zalibhai/mariner_hi-c/biomodal/downstream/plots/visualizations 

Loading required packages...
Error in library(ggVennDiagram) : 
  there is no package called ‘ggVennDiagram’
Calls: source ... suppressPackageStartupMessages -> withCallingHandlers -> library
In addition: Warning messages:
1: package ‘tibble’ was built under R version 4.4.3 
2: package ‘dplyr’ was built under R version 4.4.3 
3: package ‘jsonlite’ was built under R version 4.4.3 
Execution halted
WARNING: scripts/viz_sections/section_21_discordant_mc_hmc_analysis.R failed with exit code 1

--------------------------------------------------------------------------------
Running scripts/viz_sections/section_22_demethylation_ratio.R...
--------------------------------------------------------------------------------

================================================================================
BIOMODAL DUET evoC DIFFERENTIAL METHYLATION VISUALIZATION
================================================================================
Date: 2026-03-30 23:52:53 
Base directory: /expanse/lustre/projects/csd940/zalibhai/mariner_hi-c/biomodal/downstream 
Output directory: /expanse/lustre/projects/csd940/zalibhai/mariner_hi-c/biomodal/downstream/plots/visualizations 

Loading required packages...
Error in library(ggVennDiagram) : 
  there is no package called ‘ggVennDiagram’
Calls: source ... suppressPackageStartupMessages -> withCallingHandlers -> library
In addition: Warning messages:
1: package ‘tibble’ was built under R version 4.4.3 
2: package ‘dplyr’ was built under R version 4.4.3 
3: package ‘jsonlite’ was built under R version 4.4.3 
Execution halted
WARNING: scripts/viz_sections/section_22_demethylation_ratio.R failed with exit code 1

--------------------------------------------------------------------------------
Running scripts/viz_sections/section_23_baseline_hmc_predictor.R...
--------------------------------------------------------------------------------

================================================================================
BIOMODAL DUET evoC DIFFERENTIAL METHYLATION VISUALIZATION
================================================================================
Date: 2026-03-30 23:52:59 
Base directory: /expanse/lustre/projects/csd940/zalibhai/mariner_hi-c/biomodal/downstream 
Output directory: /expanse/lustre/projects/csd940/zalibhai/mariner_hi-c/biomodal/downstream/plots/visualizations 

Loading required packages...
Error in library(ggVennDiagram) : 
  there is no package called ‘ggVennDiagram’
Calls: source ... suppressPackageStartupMessages -> withCallingHandlers -> library
In addition: Warning messages:
1: package ‘tibble’ was built under R version 4.4.3 
2: package ‘dplyr’ was built under R version 4.4.3 
3: package ‘jsonlite’ was built under R version 4.4.3 
Execution halted
WARNING: scripts/viz_sections/section_23_baseline_hmc_predictor.R failed with exit code 1

--------------------------------------------------------------------------------
Running scripts/viz_sections/section_24_dnmt3a_prediction.R...
--------------------------------------------------------------------------------

================================================================================
BIOMODAL DUET evoC DIFFERENTIAL METHYLATION VISUALIZATION
================================================================================
Date: 2026-03-30 23:53:05 
Base directory: /expanse/lustre/projects/csd940/zalibhai/mariner_hi-c/biomodal/downstream 
Output directory: /expanse/lustre/projects/csd940/zalibhai/mariner_hi-c/biomodal/downstream/plots/visualizations 

Loading required packages...
Error in library(ggVennDiagram) : 
  there is no package called ‘ggVennDiagram’
Calls: source ... suppressPackageStartupMessages -> withCallingHandlers -> library
In addition: Warning messages:
1: package ‘tibble’ was built under R version 4.4.3 
2: package ‘dplyr’ was built under R version 4.4.3 
3: package ‘jsonlite’ was built under R version 4.4.3 
Execution halted
WARNING: scripts/viz_sections/section_24_dnmt3a_prediction.R failed with exit code 1

--------------------------------------------------------------------------------
Running scripts/viz_sections/section_25_delta_ratio_models.R...
--------------------------------------------------------------------------------

================================================================================
BIOMODAL DUET evoC DIFFERENTIAL METHYLATION VISUALIZATION
================================================================================
Date: 2026-03-30 23:53:11 
Base directory: /expanse/lustre/projects/csd940/zalibhai/mariner_hi-c/biomodal/downstream 
Output directory: /expanse/lustre/projects/csd940/zalibhai/mariner_hi-c/biomodal/downstream/plots/visualizations 

Loading required packages...
Error in library(ggVennDiagram) : 
  there is no package called ‘ggVennDiagram’
Calls: source ... suppressPackageStartupMessages -> withCallingHandlers -> library
In addition: Warning messages:
1: package ‘tibble’ was built under R version 4.4.3 
2: package ‘dplyr’ was built under R version 4.4.3 
3: package ‘jsonlite’ was built under R version 4.4.3 
Execution halted
WARNING: scripts/viz_sections/section_25_delta_ratio_models.R failed with exit code 1

--------------------------------------------------------------------------------
Running scripts/viz_sections/section_26_tet_ko_comparison.R...
--------------------------------------------------------------------------------

================================================================================
BIOMODAL DUET evoC DIFFERENTIAL METHYLATION VISUALIZATION
================================================================================
Date: 2026-03-30 23:53:17 
Base directory: /expanse/lustre/projects/csd940/zalibhai/mariner_hi-c/biomodal/downstream 
Output directory: /expanse/lustre/projects/csd940/zalibhai/mariner_hi-c/biomodal/downstream/plots/visualizations 

Loading required packages...
Error in library(ggVennDiagram) : 
  there is no package called ‘ggVennDiagram’
Calls: source ... suppressPackageStartupMessages -> withCallingHandlers -> library
In addition: Warning messages:
1: package ‘tibble’ was built under R version 4.4.3 
2: package ‘dplyr’ was built under R version 4.4.3 
3: package ‘jsonlite’ was built under R version 4.4.3 
Execution halted
WARNING: scripts/viz_sections/section_26_tet_ko_comparison.R failed with exit code 1

--------------------------------------------------------------------------------
Running scripts/viz_sections/section_27_methylation_hic_loop_anchor_integration.R...
--------------------------------------------------------------------------------

================================================================================
BIOMODAL DUET evoC DIFFERENTIAL METHYLATION VISUALIZATION
================================================================================
Date: 2026-03-30 23:53:23 
Base directory: /expanse/lustre/projects/csd940/zalibhai/mariner_hi-c/biomodal/downstream 
Output directory: /expanse/lustre/projects/csd940/zalibhai/mariner_hi-c/biomodal/downstream/plots/visualizations 

Loading required packages...
Error in library(ggVennDiagram) : 
  there is no package called ‘ggVennDiagram’
Calls: source ... suppressPackageStartupMessages -> withCallingHandlers -> library
In addition: Warning messages:
1: package ‘tibble’ was built under R version 4.4.3 
2: package ‘dplyr’ was built under R version 4.4.3 
3: package ‘jsonlite’ was built under R version 4.4.3 
Execution halted
WARNING: scripts/viz_sections/section_27_methylation_hic_loop_anchor_integration.R failed with exit code 1

--------------------------------------------------------------------------------
Running scripts/viz_sections/section_28_coordinated_mc_hmc_analysis.R...
--------------------------------------------------------------------------------

================================================================================
BIOMODAL DUET evoC DIFFERENTIAL METHYLATION VISUALIZATION
================================================================================
Date: 2026-03-30 23:53:29 
Base directory: /expanse/lustre/projects/csd940/zalibhai/mariner_hi-c/biomodal/downstream 
Output directory: /expanse/lustre/projects/csd940/zalibhai/mariner_hi-c/biomodal/downstream/plots/visualizations 

Loading required packages...
Error in library(ggVennDiagram) : 
  there is no package called ‘ggVennDiagram’
Calls: source ... suppressPackageStartupMessages -> withCallingHandlers -> library
In addition: Warning messages:
1: package ‘tibble’ was built under R version 4.4.3 
2: package ‘dplyr’ was built under R version 4.4.3 
3: package ‘jsonlite’ was built under R version 4.4.3 
Execution halted
WARNING: scripts/viz_sections/section_28_coordinated_mc_hmc_analysis.R failed with exit code 1

--------------------------------------------------------------------------------
Running scripts/viz_sections/section_29_ab_compartment_methylation_mapping.R...
--------------------------------------------------------------------------------

================================================================================
BIOMODAL DUET evoC DIFFERENTIAL METHYLATION VISUALIZATION
================================================================================
Date: 2026-03-30 23:53:35 
Base directory: /expanse/lustre/projects/csd940/zalibhai/mariner_hi-c/biomodal/downstream 
Output directory: /expanse/lustre/projects/csd940/zalibhai/mariner_hi-c/biomodal/downstream/plots/visualizations 

Loading required packages...
Error in library(ggVennDiagram) : 
  there is no package called ‘ggVennDiagram’
Calls: source ... suppressPackageStartupMessages -> withCallingHandlers -> library
In addition: Warning messages:
1: package ‘tibble’ was built under R version 4.4.3 
2: package ‘dplyr’ was built under R version 4.4.3 
3: package ‘jsonlite’ was built under R version 4.4.3 
Execution halted
WARNING: scripts/viz_sections/section_29_ab_compartment_methylation_mapping.R failed with exit code 1

--------------------------------------------------------------------------------
Running scripts/viz_sections/section_30_polycomb_target_enrichment.R...
--------------------------------------------------------------------------------

================================================================================
BIOMODAL DUET evoC DIFFERENTIAL METHYLATION VISUALIZATION
================================================================================
Date: 2026-03-30 23:53:40 
Base directory: /expanse/lustre/projects/csd940/zalibhai/mariner_hi-c/biomodal/downstream 
Output directory: /expanse/lustre/projects/csd940/zalibhai/mariner_hi-c/biomodal/downstream/plots/visualizations 

Loading required packages...
Error in library(ggVennDiagram) : 
  there is no package called ‘ggVennDiagram’
Calls: source ... suppressPackageStartupMessages -> withCallingHandlers -> library
In addition: Warning messages:
1: package ‘tibble’ was built under R version 4.4.3 
2: package ‘dplyr’ was built under R version 4.4.3 
3: package ‘jsonlite’ was built under R version 4.4.3 
Execution halted
WARNING: scripts/viz_sections/section_30_polycomb_target_enrichment.R failed with exit code 1

--------------------------------------------------------------------------------
Running scripts/viz_sections/section_31_mecp2_loop_anchor_integration.R...
--------------------------------------------------------------------------------

================================================================================
BIOMODAL DUET evoC DIFFERENTIAL METHYLATION VISUALIZATION
================================================================================
Date: 2026-03-30 23:53:46 
Base directory: /expanse/lustre/projects/csd940/zalibhai/mariner_hi-c/biomodal/downstream 
Output directory: /expanse/lustre/projects/csd940/zalibhai/mariner_hi-c/biomodal/downstream/plots/visualizations 

Loading required packages...
Error in library(ggVennDiagram) : 
  there is no package called ‘ggVennDiagram’
Calls: source ... suppressPackageStartupMessages -> withCallingHandlers -> library
In addition: Warning messages:
1: package ‘tibble’ was built under R version 4.4.3 
2: package ‘dplyr’ was built under R version 4.4.3 
3: package ‘jsonlite’ was built under R version 4.4.3 
Execution halted
WARNING: scripts/viz_sections/section_31_mecp2_loop_anchor_integration.R failed with exit code 1

--------------------------------------------------------------------------------
Running scripts/viz_sections/section_32_chg_exploratory_analysis.R...
--------------------------------------------------------------------------------

================================================================================
BIOMODAL DUET evoC DIFFERENTIAL METHYLATION VISUALIZATION
================================================================================
Date: 2026-03-30 23:53:53 
Base directory: /expanse/lustre/projects/csd940/zalibhai/mariner_hi-c/biomodal/downstream 
Output directory: /expanse/lustre/projects/csd940/zalibhai/mariner_hi-c/biomodal/downstream/plots/visualizations 

Loading required packages...
Error in library(ggVennDiagram) : 
  there is no package called ‘ggVennDiagram’
Calls: source ... suppressPackageStartupMessages -> withCallingHandlers -> library
In addition: Warning messages:
1: package ‘tibble’ was built under R version 4.4.3 
2: package ‘dplyr’ was built under R version 4.4.3 
3: package ‘jsonlite’ was built under R version 4.4.3 
Execution halted
WARNING: scripts/viz_sections/section_32_chg_exploratory_analysis.R failed with exit code 1

--------------------------------------------------------------------------------
Running scripts/viz_sections/section_33_multi_mark_diffbind_integration.R...
--------------------------------------------------------------------------------

================================================================================
BIOMODAL DUET evoC DIFFERENTIAL METHYLATION VISUALIZATION
================================================================================
Date: 2026-03-30 23:53:58 
Base directory: /expanse/lustre/projects/csd940/zalibhai/mariner_hi-c/biomodal/downstream 
Output directory: /expanse/lustre/projects/csd940/zalibhai/mariner_hi-c/biomodal/downstream/plots/visualizations 

Loading required packages...
Error in library(ggVennDiagram) : 
  there is no package called ‘ggVennDiagram’
Calls: source ... suppressPackageStartupMessages -> withCallingHandlers -> library
In addition: Warning messages:
1: package ‘tibble’ was built under R version 4.4.3 
2: package ‘dplyr’ was built under R version 4.4.3 
3: package ‘jsonlite’ was built under R version 4.4.3 
Execution halted
WARNING: scripts/viz_sections/section_33_multi_mark_diffbind_integration.R failed with exit code 1

--------------------------------------------------------------------------------
Running scripts/viz_sections/section_34_permutation_dmr_chromatin_marks.R...
--------------------------------------------------------------------------------

================================================================================
BIOMODAL DUET evoC DIFFERENTIAL METHYLATION VISUALIZATION
================================================================================
Date: 2026-03-30 23:54:04 
Base directory: /expanse/lustre/projects/csd940/zalibhai/mariner_hi-c/biomodal/downstream 
Output directory: /expanse/lustre/projects/csd940/zalibhai/mariner_hi-c/biomodal/downstream/plots/visualizations 

Loading required packages...
Error in library(ggVennDiagram) : 
  there is no package called ‘ggVennDiagram’
Calls: source ... suppressPackageStartupMessages -> withCallingHandlers -> library
In addition: Warning messages:
1: package ‘tibble’ was built under R version 4.4.3 
2: package ‘dplyr’ was built under R version 4.4.3 
3: package ‘jsonlite’ was built under R version 4.4.3 
Execution halted
WARNING: scripts/viz_sections/section_34_permutation_dmr_chromatin_marks.R failed with exit code 1

--------------------------------------------------------------------------------
Running scripts/viz_sections/section_35_permutation_atac_loops.R...
--------------------------------------------------------------------------------

================================================================================
BIOMODAL DUET evoC DIFFERENTIAL METHYLATION VISUALIZATION
================================================================================
Date: 2026-03-30 23:54:10 
Base directory: /expanse/lustre/projects/csd940/zalibhai/mariner_hi-c/biomodal/downstream 
Output directory: /expanse/lustre/projects/csd940/zalibhai/mariner_hi-c/biomodal/downstream/plots/visualizations 

Loading required packages...
Error in library(ggVennDiagram) : 
  there is no package called ‘ggVennDiagram’
Calls: source ... suppressPackageStartupMessages -> withCallingHandlers -> library
In addition: Warning messages:
1: package ‘tibble’ was built under R version 4.4.3 
2: package ‘dplyr’ was built under R version 4.4.3 
3: package ‘jsonlite’ was built under R version 4.4.3 
Execution halted
WARNING: scripts/viz_sections/section_35_permutation_atac_loops.R failed with exit code 1

--------------------------------------------------------------------------------
Running scripts/viz_sections/section_36_permutation_domains.R...
--------------------------------------------------------------------------------

================================================================================
BIOMODAL DUET evoC DIFFERENTIAL METHYLATION VISUALIZATION
================================================================================
Date: 2026-03-30 23:54:16 
Base directory: /expanse/lustre/projects/csd940/zalibhai/mariner_hi-c/biomodal/downstream 
Output directory: /expanse/lustre/projects/csd940/zalibhai/mariner_hi-c/biomodal/downstream/plots/visualizations 

Loading required packages...
Error in library(ggVennDiagram) : 
  there is no package called ‘ggVennDiagram’
Calls: source ... suppressPackageStartupMessages -> withCallingHandlers -> library
In addition: Warning messages:
1: package ‘tibble’ was built under R version 4.4.3 
2: package ‘dplyr’ was built under R version 4.4.3 
3: package ‘jsonlite’ was built under R version 4.4.3 
Execution halted
WARNING: scripts/viz_sections/section_36_permutation_domains.R failed with exit code 1

--------------------------------------------------------------------------------
Running scripts/viz_sections/section_37_permutation_gene_level.R...
--------------------------------------------------------------------------------

================================================================================
BIOMODAL DUET evoC DIFFERENTIAL METHYLATION VISUALIZATION
================================================================================
Date: 2026-03-30 23:54:22 
Base directory: /expanse/lustre/projects/csd940/zalibhai/mariner_hi-c/biomodal/downstream 
Output directory: /expanse/lustre/projects/csd940/zalibhai/mariner_hi-c/biomodal/downstream/plots/visualizations 

Loading required packages...
Error in library(ggVennDiagram) : 
  there is no package called ‘ggVennDiagram’
Calls: source ... suppressPackageStartupMessages -> withCallingHandlers -> library
In addition: Warning messages:
1: package ‘tibble’ was built under R version 4.4.3 
2: package ‘dplyr’ was built under R version 4.4.3 
3: package ‘jsonlite’ was built under R version 4.4.3 
Execution halted
WARNING: scripts/viz_sections/section_37_permutation_gene_level.R failed with exit code 1

=========================================
37/37 sections failed
End time: Mon Mar 30 23:54:28 PDT 2026
=========================================
