=========================================
Biomodal Visualization Pipeline (19 sections)
=========================================
Job ID: 47739097
Node: exp-6-07
Start time: Tue Mar 31 00:08:26 PDT 2026
=========================================

Environment check:
/home/zalibhai/.conda/envs/mariner_env/bin/Rscript
Rscript (R) version 4.4.2 (2024-10-31)

Working directory: /expanse/lustre/projects/csd940/zalibhai/mariner_hi-c/biomodal/downstream

--------------------------------------------------------------------------------
Running scripts/viz_sections/section_01_qc_overview.R...
--------------------------------------------------------------------------------

================================================================================
BIOMODAL DUET evoC DIFFERENTIAL METHYLATION VISUALIZATION
================================================================================
Date: 2026-03-31 00:08:31 
Base directory: /expanse/lustre/projects/csd940/zalibhai/mariner_hi-c/biomodal/downstream 
Output directory: /expanse/lustre/projects/csd940/zalibhai/mariner_hi-c/biomodal/downstream/plots/visualizations 

Loading required packages...
Error in file(filename, "r", encoding = encoding) : 
  cannot open the connection
Calls: source -> withVisible -> eval -> eval -> source -> file
In addition: Warning messages:
1: package ‘tibble’ was built under R version 4.4.3 
2: package ‘dplyr’ was built under R version 4.4.3 
3: package ‘jsonlite’ was built under R version 4.4.3 
4: package ‘rtracklayer’ was built under R version 4.4.3 
5: In file(filename, "r", encoding = encoding) :
  cannot open file '/Users/zakiralibhai/Documents/GitHub/mariner_hi-c/scripts/utils/multi_format_output.R': No such file or directory
Execution halted
WARNING: scripts/viz_sections/section_01_qc_overview.R failed with exit code 1

--------------------------------------------------------------------------------
Running scripts/viz_sections/section_02_correlation.R...
--------------------------------------------------------------------------------

================================================================================
BIOMODAL DUET evoC DIFFERENTIAL METHYLATION VISUALIZATION
================================================================================
Date: 2026-03-31 00:09:11 
Base directory: /expanse/lustre/projects/csd940/zalibhai/mariner_hi-c/biomodal/downstream 
Output directory: /expanse/lustre/projects/csd940/zalibhai/mariner_hi-c/biomodal/downstream/plots/visualizations 

Loading required packages...
Error in file(filename, "r", encoding = encoding) : 
  cannot open the connection
Calls: source -> withVisible -> eval -> eval -> source -> file
In addition: Warning messages:
1: package ‘tibble’ was built under R version 4.4.3 
2: package ‘dplyr’ was built under R version 4.4.3 
3: package ‘jsonlite’ was built under R version 4.4.3 
4: package ‘rtracklayer’ was built under R version 4.4.3 
5: In file(filename, "r", encoding = encoding) :
  cannot open file '/Users/zakiralibhai/Documents/GitHub/mariner_hi-c/scripts/utils/multi_format_output.R': No such file or directory
Execution halted
WARNING: scripts/viz_sections/section_02_correlation.R failed with exit code 1

--------------------------------------------------------------------------------
Running scripts/viz_sections/section_03_dmr_statistics.R...
--------------------------------------------------------------------------------

================================================================================
BIOMODAL DUET evoC DIFFERENTIAL METHYLATION VISUALIZATION
================================================================================
Date: 2026-03-31 00:09:22 
Base directory: /expanse/lustre/projects/csd940/zalibhai/mariner_hi-c/biomodal/downstream 
Output directory: /expanse/lustre/projects/csd940/zalibhai/mariner_hi-c/biomodal/downstream/plots/visualizations 

Loading required packages...
Error in file(filename, "r", encoding = encoding) : 
  cannot open the connection
Calls: source -> withVisible -> eval -> eval -> source -> file
In addition: Warning messages:
1: package ‘tibble’ was built under R version 4.4.3 
2: package ‘dplyr’ was built under R version 4.4.3 
3: package ‘jsonlite’ was built under R version 4.4.3 
4: package ‘rtracklayer’ was built under R version 4.4.3 
5: In file(filename, "r", encoding = encoding) :
  cannot open file '/Users/zakiralibhai/Documents/GitHub/mariner_hi-c/scripts/utils/multi_format_output.R': No such file or directory
Execution halted
WARNING: scripts/viz_sections/section_03_dmr_statistics.R failed with exit code 1

--------------------------------------------------------------------------------
Running scripts/viz_sections/section_04_volcano_plots.R...
--------------------------------------------------------------------------------

================================================================================
BIOMODAL DUET evoC DIFFERENTIAL METHYLATION VISUALIZATION
================================================================================
Date: 2026-03-31 00:09:33 
Base directory: /expanse/lustre/projects/csd940/zalibhai/mariner_hi-c/biomodal/downstream 
Output directory: /expanse/lustre/projects/csd940/zalibhai/mariner_hi-c/biomodal/downstream/plots/visualizations 

Loading required packages...
Error in file(filename, "r", encoding = encoding) : 
  cannot open the connection
Calls: source -> withVisible -> eval -> eval -> source -> file
In addition: Warning messages:
1: package ‘tibble’ was built under R version 4.4.3 
2: package ‘dplyr’ was built under R version 4.4.3 
3: package ‘jsonlite’ was built under R version 4.4.3 
4: package ‘rtracklayer’ was built under R version 4.4.3 
5: In file(filename, "r", encoding = encoding) :
  cannot open file '/Users/zakiralibhai/Documents/GitHub/mariner_hi-c/scripts/utils/multi_format_output.R': No such file or directory
Execution halted
WARNING: scripts/viz_sections/section_04_volcano_plots.R failed with exit code 1

--------------------------------------------------------------------------------
Running scripts/viz_sections/section_05_coordinated_changes.R...
--------------------------------------------------------------------------------

================================================================================
BIOMODAL DUET evoC DIFFERENTIAL METHYLATION VISUALIZATION
================================================================================
Date: 2026-03-31 00:09:43 
Base directory: /expanse/lustre/projects/csd940/zalibhai/mariner_hi-c/biomodal/downstream 
Output directory: /expanse/lustre/projects/csd940/zalibhai/mariner_hi-c/biomodal/downstream/plots/visualizations 

Loading required packages...
Error in file(filename, "r", encoding = encoding) : 
  cannot open the connection
Calls: source -> withVisible -> eval -> eval -> source -> file
In addition: Warning messages:
1: package ‘tibble’ was built under R version 4.4.3 
2: package ‘dplyr’ was built under R version 4.4.3 
3: package ‘jsonlite’ was built under R version 4.4.3 
4: package ‘rtracklayer’ was built under R version 4.4.3 
5: In file(filename, "r", encoding = encoding) :
  cannot open file '/Users/zakiralibhai/Documents/GitHub/mariner_hi-c/scripts/utils/multi_format_output.R': No such file or directory
Execution halted
WARNING: scripts/viz_sections/section_05_coordinated_changes.R failed with exit code 1

--------------------------------------------------------------------------------
Running scripts/viz_sections/section_06_top_genes.R...
--------------------------------------------------------------------------------

================================================================================
BIOMODAL DUET evoC DIFFERENTIAL METHYLATION VISUALIZATION
================================================================================
Date: 2026-03-31 00:09:54 
Base directory: /expanse/lustre/projects/csd940/zalibhai/mariner_hi-c/biomodal/downstream 
Output directory: /expanse/lustre/projects/csd940/zalibhai/mariner_hi-c/biomodal/downstream/plots/visualizations 

Loading required packages...
Error in file(filename, "r", encoding = encoding) : 
  cannot open the connection
Calls: source -> withVisible -> eval -> eval -> source -> file
In addition: Warning messages:
1: package ‘tibble’ was built under R version 4.4.3 
2: package ‘dplyr’ was built under R version 4.4.3 
3: package ‘jsonlite’ was built under R version 4.4.3 
4: package ‘rtracklayer’ was built under R version 4.4.3 
5: In file(filename, "r", encoding = encoding) :
  cannot open file '/Users/zakiralibhai/Documents/GitHub/mariner_hi-c/scripts/utils/multi_format_output.R': No such file or directory
Execution halted
WARNING: scripts/viz_sections/section_06_top_genes.R failed with exit code 1

--------------------------------------------------------------------------------
Running scripts/viz_sections/section_07_effect_size.R...
--------------------------------------------------------------------------------

================================================================================
BIOMODAL DUET evoC DIFFERENTIAL METHYLATION VISUALIZATION
================================================================================
Date: 2026-03-31 00:10:05 
Base directory: /expanse/lustre/projects/csd940/zalibhai/mariner_hi-c/biomodal/downstream 
Output directory: /expanse/lustre/projects/csd940/zalibhai/mariner_hi-c/biomodal/downstream/plots/visualizations 

Loading required packages...
Error in file(filename, "r", encoding = encoding) : 
  cannot open the connection
Calls: source -> withVisible -> eval -> eval -> source -> file
In addition: Warning messages:
1: package ‘tibble’ was built under R version 4.4.3 
2: package ‘dplyr’ was built under R version 4.4.3 
3: package ‘jsonlite’ was built under R version 4.4.3 
4: package ‘rtracklayer’ was built under R version 4.4.3 
5: In file(filename, "r", encoding = encoding) :
  cannot open file '/Users/zakiralibhai/Documents/GitHub/mariner_hi-c/scripts/utils/multi_format_output.R': No such file or directory
Execution halted
WARNING: scripts/viz_sections/section_07_effect_size.R failed with exit code 1

--------------------------------------------------------------------------------
Running scripts/viz_sections/section_08_enrichment.R...
--------------------------------------------------------------------------------

================================================================================
BIOMODAL DUET evoC DIFFERENTIAL METHYLATION VISUALIZATION
================================================================================
Date: 2026-03-31 00:10:16 
Base directory: /expanse/lustre/projects/csd940/zalibhai/mariner_hi-c/biomodal/downstream 
Output directory: /expanse/lustre/projects/csd940/zalibhai/mariner_hi-c/biomodal/downstream/plots/visualizations 

Loading required packages...
Error in file(filename, "r", encoding = encoding) : 
  cannot open the connection
Calls: source -> withVisible -> eval -> eval -> source -> file
In addition: Warning messages:
1: package ‘tibble’ was built under R version 4.4.3 
2: package ‘dplyr’ was built under R version 4.4.3 
3: package ‘jsonlite’ was built under R version 4.4.3 
4: package ‘rtracklayer’ was built under R version 4.4.3 
5: In file(filename, "r", encoding = encoding) :
  cannot open file '/Users/zakiralibhai/Documents/GitHub/mariner_hi-c/scripts/utils/multi_format_output.R': No such file or directory
Execution halted
WARNING: scripts/viz_sections/section_08_enrichment.R failed with exit code 1

--------------------------------------------------------------------------------
Running scripts/viz_sections/section_09_summary.R...
--------------------------------------------------------------------------------

================================================================================
BIOMODAL DUET evoC DIFFERENTIAL METHYLATION VISUALIZATION
================================================================================
Date: 2026-03-31 00:10:26 
Base directory: /expanse/lustre/projects/csd940/zalibhai/mariner_hi-c/biomodal/downstream 
Output directory: /expanse/lustre/projects/csd940/zalibhai/mariner_hi-c/biomodal/downstream/plots/visualizations 

Loading required packages...
Error in file(filename, "r", encoding = encoding) : 
  cannot open the connection
Calls: source -> withVisible -> eval -> eval -> source -> file
In addition: Warning messages:
1: package ‘tibble’ was built under R version 4.4.3 
2: package ‘dplyr’ was built under R version 4.4.3 
3: package ‘jsonlite’ was built under R version 4.4.3 
4: package ‘rtracklayer’ was built under R version 4.4.3 
5: In file(filename, "r", encoding = encoding) :
  cannot open file '/Users/zakiralibhai/Documents/GitHub/mariner_hi-c/scripts/utils/multi_format_output.R': No such file or directory
Execution halted
WARNING: scripts/viz_sections/section_09_summary.R failed with exit code 1

--------------------------------------------------------------------------------
Running scripts/viz_sections/section_10_chromatin_state.R...
--------------------------------------------------------------------------------

================================================================================
BIOMODAL DUET evoC DIFFERENTIAL METHYLATION VISUALIZATION
================================================================================
Date: 2026-03-31 00:10:37 
Base directory: /expanse/lustre/projects/csd940/zalibhai/mariner_hi-c/biomodal/downstream 
Output directory: /expanse/lustre/projects/csd940/zalibhai/mariner_hi-c/biomodal/downstream/plots/visualizations 

Loading required packages...
Error in file(filename, "r", encoding = encoding) : 
  cannot open the connection
Calls: source -> withVisible -> eval -> eval -> source -> file
In addition: Warning messages:
1: package ‘tibble’ was built under R version 4.4.3 
2: package ‘dplyr’ was built under R version 4.4.3 
3: package ‘jsonlite’ was built under R version 4.4.3 
4: package ‘rtracklayer’ was built under R version 4.4.3 
5: In file(filename, "r", encoding = encoding) :
  cannot open file '/Users/zakiralibhai/Documents/GitHub/mariner_hi-c/scripts/utils/multi_format_output.R': No such file or directory
Execution halted
WARNING: scripts/viz_sections/section_10_chromatin_state.R failed with exit code 1

--------------------------------------------------------------------------------
Running scripts/viz_sections/section_11_mecp2_correlation.R...
--------------------------------------------------------------------------------

================================================================================
BIOMODAL DUET evoC DIFFERENTIAL METHYLATION VISUALIZATION
================================================================================
Date: 2026-03-31 00:10:47 
Base directory: /expanse/lustre/projects/csd940/zalibhai/mariner_hi-c/biomodal/downstream 
Output directory: /expanse/lustre/projects/csd940/zalibhai/mariner_hi-c/biomodal/downstream/plots/visualizations 

Loading required packages...
Error in file(filename, "r", encoding = encoding) : 
  cannot open the connection
Calls: source -> withVisible -> eval -> eval -> source -> file
In addition: Warning messages:
1: package ‘tibble’ was built under R version 4.4.3 
2: package ‘dplyr’ was built under R version 4.4.3 
3: package ‘jsonlite’ was built under R version 4.4.3 
4: package ‘rtracklayer’ was built under R version 4.4.3 
5: In file(filename, "r", encoding = encoding) :
  cannot open file '/Users/zakiralibhai/Documents/GitHub/mariner_hi-c/scripts/utils/multi_format_output.R': No such file or directory
Execution halted
WARNING: scripts/viz_sections/section_11_mecp2_correlation.R failed with exit code 1

--------------------------------------------------------------------------------
Running scripts/viz_sections/section_12_atac_correlation.R...
--------------------------------------------------------------------------------

================================================================================
BIOMODAL DUET evoC DIFFERENTIAL METHYLATION VISUALIZATION
================================================================================
Date: 2026-03-31 00:10:58 
Base directory: /expanse/lustre/projects/csd940/zalibhai/mariner_hi-c/biomodal/downstream 
Output directory: /expanse/lustre/projects/csd940/zalibhai/mariner_hi-c/biomodal/downstream/plots/visualizations 

Loading required packages...
Error in file(filename, "r", encoding = encoding) : 
  cannot open the connection
Calls: source -> withVisible -> eval -> eval -> source -> file
In addition: Warning messages:
1: package ‘tibble’ was built under R version 4.4.3 
2: package ‘dplyr’ was built under R version 4.4.3 
3: package ‘jsonlite’ was built under R version 4.4.3 
4: package ‘rtracklayer’ was built under R version 4.4.3 
5: In file(filename, "r", encoding = encoding) :
  cannot open file '/Users/zakiralibhai/Documents/GitHub/mariner_hi-c/scripts/utils/multi_format_output.R': No such file or directory
Execution halted
WARNING: scripts/viz_sections/section_12_atac_correlation.R failed with exit code 1

--------------------------------------------------------------------------------
Running scripts/viz_sections/section_13_atac_chromatin_and_loops.R...
--------------------------------------------------------------------------------

================================================================================
BIOMODAL DUET evoC DIFFERENTIAL METHYLATION VISUALIZATION
================================================================================
Date: 2026-03-31 00:11:09 
Base directory: /expanse/lustre/projects/csd940/zalibhai/mariner_hi-c/biomodal/downstream 
Output directory: /expanse/lustre/projects/csd940/zalibhai/mariner_hi-c/biomodal/downstream/plots/visualizations 

Loading required packages...
Error in file(filename, "r", encoding = encoding) : 
  cannot open the connection
Calls: source -> withVisible -> eval -> eval -> source -> file
In addition: Warning messages:
1: package ‘tibble’ was built under R version 4.4.3 
2: package ‘dplyr’ was built under R version 4.4.3 
3: package ‘jsonlite’ was built under R version 4.4.3 
4: package ‘rtracklayer’ was built under R version 4.4.3 
5: In file(filename, "r", encoding = encoding) :
  cannot open file '/Users/zakiralibhai/Documents/GitHub/mariner_hi-c/scripts/utils/multi_format_output.R': No such file or directory
Execution halted
WARNING: scripts/viz_sections/section_13_atac_chromatin_and_loops.R failed with exit code 1

--------------------------------------------------------------------------------
Running scripts/viz_sections/section_14_h2ak119ub_correlation.R...
--------------------------------------------------------------------------------

================================================================================
BIOMODAL DUET evoC DIFFERENTIAL METHYLATION VISUALIZATION
================================================================================
Date: 2026-03-31 00:11:19 
Base directory: /expanse/lustre/projects/csd940/zalibhai/mariner_hi-c/biomodal/downstream 
Output directory: /expanse/lustre/projects/csd940/zalibhai/mariner_hi-c/biomodal/downstream/plots/visualizations 

Loading required packages...
Error in file(filename, "r", encoding = encoding) : 
  cannot open the connection
Calls: source -> withVisible -> eval -> eval -> source -> file
In addition: Warning messages:
1: package ‘tibble’ was built under R version 4.4.3 
2: package ‘dplyr’ was built under R version 4.4.3 
3: package ‘jsonlite’ was built under R version 4.4.3 
4: package ‘rtracklayer’ was built under R version 4.4.3 
5: In file(filename, "r", encoding = encoding) :
  cannot open file '/Users/zakiralibhai/Documents/GitHub/mariner_hi-c/scripts/utils/multi_format_output.R': No such file or directory
Execution halted
WARNING: scripts/viz_sections/section_14_h2ak119ub_correlation.R failed with exit code 1

--------------------------------------------------------------------------------
Running scripts/viz_sections/section_15_hmc_chromatin_correlations.R...
--------------------------------------------------------------------------------

================================================================================
BIOMODAL DUET evoC DIFFERENTIAL METHYLATION VISUALIZATION
================================================================================
Date: 2026-03-31 00:11:30 
Base directory: /expanse/lustre/projects/csd940/zalibhai/mariner_hi-c/biomodal/downstream 
Output directory: /expanse/lustre/projects/csd940/zalibhai/mariner_hi-c/biomodal/downstream/plots/visualizations 

Loading required packages...
Error in file(filename, "r", encoding = encoding) : 
  cannot open the connection
Calls: source -> withVisible -> eval -> eval -> source -> file
In addition: Warning messages:
1: package ‘tibble’ was built under R version 4.4.3 
2: package ‘dplyr’ was built under R version 4.4.3 
3: package ‘jsonlite’ was built under R version 4.4.3 
4: package ‘rtracklayer’ was built under R version 4.4.3 
5: In file(filename, "r", encoding = encoding) :
  cannot open file '/Users/zakiralibhai/Documents/GitHub/mariner_hi-c/scripts/utils/multi_format_output.R': No such file or directory
Execution halted
WARNING: scripts/viz_sections/section_15_hmc_chromatin_correlations.R failed with exit code 1

--------------------------------------------------------------------------------
Running scripts/viz_sections/section_16_raw_concordance_barcharts.R...
--------------------------------------------------------------------------------

================================================================================
BIOMODAL DUET evoC DIFFERENTIAL METHYLATION VISUALIZATION
================================================================================
Date: 2026-03-31 00:11:41 
Base directory: /expanse/lustre/projects/csd940/zalibhai/mariner_hi-c/biomodal/downstream 
Output directory: /expanse/lustre/projects/csd940/zalibhai/mariner_hi-c/biomodal/downstream/plots/visualizations 

Loading required packages...
Error in file(filename, "r", encoding = encoding) : 
  cannot open the connection
Calls: source -> withVisible -> eval -> eval -> source -> file
In addition: Warning messages:
1: package ‘tibble’ was built under R version 4.4.3 
2: package ‘dplyr’ was built under R version 4.4.3 
3: package ‘jsonlite’ was built under R version 4.4.3 
4: package ‘rtracklayer’ was built under R version 4.4.3 
5: In file(filename, "r", encoding = encoding) :
  cannot open file '/Users/zakiralibhai/Documents/GitHub/mariner_hi-c/scripts/utils/multi_format_output.R': No such file or directory
Execution halted
WARNING: scripts/viz_sections/section_16_raw_concordance_barcharts.R failed with exit code 1

--------------------------------------------------------------------------------
Running scripts/viz_sections/section_17_k119ub_honest_assessment.R...
--------------------------------------------------------------------------------

================================================================================
BIOMODAL DUET evoC DIFFERENTIAL METHYLATION VISUALIZATION
================================================================================
Date: 2026-03-31 00:11:51 
Base directory: /expanse/lustre/projects/csd940/zalibhai/mariner_hi-c/biomodal/downstream 
Output directory: /expanse/lustre/projects/csd940/zalibhai/mariner_hi-c/biomodal/downstream/plots/visualizations 

Loading required packages...
Error in file(filename, "r", encoding = encoding) : 
  cannot open the connection
Calls: source -> withVisible -> eval -> eval -> source -> file
In addition: Warning messages:
1: package ‘tibble’ was built under R version 4.4.3 
2: package ‘dplyr’ was built under R version 4.4.3 
3: package ‘jsonlite’ was built under R version 4.4.3 
4: package ‘rtracklayer’ was built under R version 4.4.3 
5: In file(filename, "r", encoding = encoding) :
  cannot open file '/Users/zakiralibhai/Documents/GitHub/mariner_hi-c/scripts/utils/multi_format_output.R': No such file or directory
Execution halted
WARNING: scripts/viz_sections/section_17_k119ub_honest_assessment.R failed with exit code 1

--------------------------------------------------------------------------------
Running scripts/viz_sections/section_18_k119ub_bigwig_signal.R...
--------------------------------------------------------------------------------

================================================================================
BIOMODAL DUET evoC DIFFERENTIAL METHYLATION VISUALIZATION
================================================================================
Date: 2026-03-31 00:12:02 
Base directory: /expanse/lustre/projects/csd940/zalibhai/mariner_hi-c/biomodal/downstream 
Output directory: /expanse/lustre/projects/csd940/zalibhai/mariner_hi-c/biomodal/downstream/plots/visualizations 

Loading required packages...
Error in file(filename, "r", encoding = encoding) : 
  cannot open the connection
Calls: source -> withVisible -> eval -> eval -> source -> file
In addition: Warning messages:
1: package ‘tibble’ was built under R version 4.4.3 
2: package ‘dplyr’ was built under R version 4.4.3 
3: package ‘jsonlite’ was built under R version 4.4.3 
4: package ‘rtracklayer’ was built under R version 4.4.3 
5: In file(filename, "r", encoding = encoding) :
  cannot open file '/Users/zakiralibhai/Documents/GitHub/mariner_hi-c/scripts/utils/multi_format_output.R': No such file or directory
Execution halted
WARNING: scripts/viz_sections/section_18_k119ub_bigwig_signal.R failed with exit code 1

--------------------------------------------------------------------------------
Running scripts/viz_sections/section_19_h3k27ac_peak_analysis.R...
--------------------------------------------------------------------------------

================================================================================
BIOMODAL DUET evoC DIFFERENTIAL METHYLATION VISUALIZATION
================================================================================
Date: 2026-03-31 00:12:13 
Base directory: /expanse/lustre/projects/csd940/zalibhai/mariner_hi-c/biomodal/downstream 
Output directory: /expanse/lustre/projects/csd940/zalibhai/mariner_hi-c/biomodal/downstream/plots/visualizations 

Loading required packages...
Error in file(filename, "r", encoding = encoding) : 
  cannot open the connection
Calls: source -> withVisible -> eval -> eval -> source -> file
In addition: Warning messages:
1: package ‘tibble’ was built under R version 4.4.3 
2: package ‘dplyr’ was built under R version 4.4.3 
3: package ‘jsonlite’ was built under R version 4.4.3 
4: package ‘rtracklayer’ was built under R version 4.4.3 
5: In file(filename, "r", encoding = encoding) :
  cannot open file '/Users/zakiralibhai/Documents/GitHub/mariner_hi-c/scripts/utils/multi_format_output.R': No such file or directory
Execution halted
WARNING: scripts/viz_sections/section_19_h3k27ac_peak_analysis.R failed with exit code 1

--------------------------------------------------------------------------------
Running scripts/viz_sections/section_20_coordinated_rnaseq.R...
--------------------------------------------------------------------------------

================================================================================
BIOMODAL DUET evoC DIFFERENTIAL METHYLATION VISUALIZATION
================================================================================
Date: 2026-03-31 00:12:23 
Base directory: /expanse/lustre/projects/csd940/zalibhai/mariner_hi-c/biomodal/downstream 
Output directory: /expanse/lustre/projects/csd940/zalibhai/mariner_hi-c/biomodal/downstream/plots/visualizations 

Loading required packages...
Error in file(filename, "r", encoding = encoding) : 
  cannot open the connection
Calls: source -> withVisible -> eval -> eval -> source -> file
In addition: Warning messages:
1: package ‘tibble’ was built under R version 4.4.3 
2: package ‘dplyr’ was built under R version 4.4.3 
3: package ‘jsonlite’ was built under R version 4.4.3 
4: package ‘rtracklayer’ was built under R version 4.4.3 
5: In file(filename, "r", encoding = encoding) :
  cannot open file '/Users/zakiralibhai/Documents/GitHub/mariner_hi-c/scripts/utils/multi_format_output.R': No such file or directory
Execution halted
WARNING: scripts/viz_sections/section_20_coordinated_rnaseq.R failed with exit code 1

--------------------------------------------------------------------------------
Running scripts/viz_sections/section_21_discordant_mc_hmc_analysis.R...
--------------------------------------------------------------------------------

================================================================================
BIOMODAL DUET evoC DIFFERENTIAL METHYLATION VISUALIZATION
================================================================================
Date: 2026-03-31 00:12:34 
Base directory: /expanse/lustre/projects/csd940/zalibhai/mariner_hi-c/biomodal/downstream 
Output directory: /expanse/lustre/projects/csd940/zalibhai/mariner_hi-c/biomodal/downstream/plots/visualizations 

Loading required packages...
Error in file(filename, "r", encoding = encoding) : 
  cannot open the connection
Calls: source -> withVisible -> eval -> eval -> source -> file
In addition: Warning messages:
1: package ‘tibble’ was built under R version 4.4.3 
2: package ‘dplyr’ was built under R version 4.4.3 
3: package ‘jsonlite’ was built under R version 4.4.3 
4: package ‘rtracklayer’ was built under R version 4.4.3 
5: In file(filename, "r", encoding = encoding) :
  cannot open file '/Users/zakiralibhai/Documents/GitHub/mariner_hi-c/scripts/utils/multi_format_output.R': No such file or directory
Execution halted
WARNING: scripts/viz_sections/section_21_discordant_mc_hmc_analysis.R failed with exit code 1

--------------------------------------------------------------------------------
Running scripts/viz_sections/section_22_demethylation_ratio.R...
--------------------------------------------------------------------------------

================================================================================
BIOMODAL DUET evoC DIFFERENTIAL METHYLATION VISUALIZATION
================================================================================
Date: 2026-03-31 00:12:44 
Base directory: /expanse/lustre/projects/csd940/zalibhai/mariner_hi-c/biomodal/downstream 
Output directory: /expanse/lustre/projects/csd940/zalibhai/mariner_hi-c/biomodal/downstream/plots/visualizations 

Loading required packages...
Error in file(filename, "r", encoding = encoding) : 
  cannot open the connection
Calls: source -> withVisible -> eval -> eval -> source -> file
In addition: Warning messages:
1: package ‘tibble’ was built under R version 4.4.3 
2: package ‘dplyr’ was built under R version 4.4.3 
3: package ‘jsonlite’ was built under R version 4.4.3 
4: package ‘rtracklayer’ was built under R version 4.4.3 
5: In file(filename, "r", encoding = encoding) :
  cannot open file '/Users/zakiralibhai/Documents/GitHub/mariner_hi-c/scripts/utils/multi_format_output.R': No such file or directory
Execution halted
WARNING: scripts/viz_sections/section_22_demethylation_ratio.R failed with exit code 1

--------------------------------------------------------------------------------
Running scripts/viz_sections/section_23_baseline_hmc_predictor.R...
--------------------------------------------------------------------------------

================================================================================
BIOMODAL DUET evoC DIFFERENTIAL METHYLATION VISUALIZATION
================================================================================
Date: 2026-03-31 00:12:55 
Base directory: /expanse/lustre/projects/csd940/zalibhai/mariner_hi-c/biomodal/downstream 
Output directory: /expanse/lustre/projects/csd940/zalibhai/mariner_hi-c/biomodal/downstream/plots/visualizations 

Loading required packages...
Error in file(filename, "r", encoding = encoding) : 
  cannot open the connection
Calls: source -> withVisible -> eval -> eval -> source -> file
In addition: Warning messages:
1: package ‘tibble’ was built under R version 4.4.3 
2: package ‘dplyr’ was built under R version 4.4.3 
3: package ‘jsonlite’ was built under R version 4.4.3 
4: package ‘rtracklayer’ was built under R version 4.4.3 
5: In file(filename, "r", encoding = encoding) :
  cannot open file '/Users/zakiralibhai/Documents/GitHub/mariner_hi-c/scripts/utils/multi_format_output.R': No such file or directory
Execution halted
WARNING: scripts/viz_sections/section_23_baseline_hmc_predictor.R failed with exit code 1

--------------------------------------------------------------------------------
Running scripts/viz_sections/section_24_dnmt3a_prediction.R...
--------------------------------------------------------------------------------

================================================================================
BIOMODAL DUET evoC DIFFERENTIAL METHYLATION VISUALIZATION
================================================================================
Date: 2026-03-31 00:13:05 
Base directory: /expanse/lustre/projects/csd940/zalibhai/mariner_hi-c/biomodal/downstream 
Output directory: /expanse/lustre/projects/csd940/zalibhai/mariner_hi-c/biomodal/downstream/plots/visualizations 

Loading required packages...
Error in file(filename, "r", encoding = encoding) : 
  cannot open the connection
Calls: source -> withVisible -> eval -> eval -> source -> file
In addition: Warning messages:
1: package ‘tibble’ was built under R version 4.4.3 
2: package ‘dplyr’ was built under R version 4.4.3 
3: package ‘jsonlite’ was built under R version 4.4.3 
4: package ‘rtracklayer’ was built under R version 4.4.3 
5: In file(filename, "r", encoding = encoding) :
  cannot open file '/Users/zakiralibhai/Documents/GitHub/mariner_hi-c/scripts/utils/multi_format_output.R': No such file or directory
Execution halted
WARNING: scripts/viz_sections/section_24_dnmt3a_prediction.R failed with exit code 1

--------------------------------------------------------------------------------
Running scripts/viz_sections/section_25_delta_ratio_models.R...
--------------------------------------------------------------------------------

================================================================================
BIOMODAL DUET evoC DIFFERENTIAL METHYLATION VISUALIZATION
================================================================================
Date: 2026-03-31 00:13:16 
Base directory: /expanse/lustre/projects/csd940/zalibhai/mariner_hi-c/biomodal/downstream 
Output directory: /expanse/lustre/projects/csd940/zalibhai/mariner_hi-c/biomodal/downstream/plots/visualizations 

Loading required packages...
Error in file(filename, "r", encoding = encoding) : 
  cannot open the connection
Calls: source -> withVisible -> eval -> eval -> source -> file
In addition: Warning messages:
1: package ‘tibble’ was built under R version 4.4.3 
2: package ‘dplyr’ was built under R version 4.4.3 
3: package ‘jsonlite’ was built under R version 4.4.3 
4: package ‘rtracklayer’ was built under R version 4.4.3 
5: In file(filename, "r", encoding = encoding) :
  cannot open file '/Users/zakiralibhai/Documents/GitHub/mariner_hi-c/scripts/utils/multi_format_output.R': No such file or directory
Execution halted
WARNING: scripts/viz_sections/section_25_delta_ratio_models.R failed with exit code 1

--------------------------------------------------------------------------------
Running scripts/viz_sections/section_26_tet_ko_comparison.R...
--------------------------------------------------------------------------------

================================================================================
BIOMODAL DUET evoC DIFFERENTIAL METHYLATION VISUALIZATION
================================================================================
Date: 2026-03-31 00:13:27 
Base directory: /expanse/lustre/projects/csd940/zalibhai/mariner_hi-c/biomodal/downstream 
Output directory: /expanse/lustre/projects/csd940/zalibhai/mariner_hi-c/biomodal/downstream/plots/visualizations 

Loading required packages...
Error in file(filename, "r", encoding = encoding) : 
  cannot open the connection
Calls: source -> withVisible -> eval -> eval -> source -> file
In addition: Warning messages:
1: package ‘tibble’ was built under R version 4.4.3 
2: package ‘dplyr’ was built under R version 4.4.3 
3: package ‘jsonlite’ was built under R version 4.4.3 
4: package ‘rtracklayer’ was built under R version 4.4.3 
5: In file(filename, "r", encoding = encoding) :
  cannot open file '/Users/zakiralibhai/Documents/GitHub/mariner_hi-c/scripts/utils/multi_format_output.R': No such file or directory
Execution halted
WARNING: scripts/viz_sections/section_26_tet_ko_comparison.R failed with exit code 1

--------------------------------------------------------------------------------
Running scripts/viz_sections/section_27_methylation_hic_loop_anchor_integration.R...
--------------------------------------------------------------------------------

================================================================================
BIOMODAL DUET evoC DIFFERENTIAL METHYLATION VISUALIZATION
================================================================================
Date: 2026-03-31 00:13:37 
Base directory: /expanse/lustre/projects/csd940/zalibhai/mariner_hi-c/biomodal/downstream 
Output directory: /expanse/lustre/projects/csd940/zalibhai/mariner_hi-c/biomodal/downstream/plots/visualizations 

Loading required packages...
Error in file(filename, "r", encoding = encoding) : 
  cannot open the connection
Calls: source -> withVisible -> eval -> eval -> source -> file
In addition: Warning messages:
1: package ‘tibble’ was built under R version 4.4.3 
2: package ‘dplyr’ was built under R version 4.4.3 
3: package ‘jsonlite’ was built under R version 4.4.3 
4: package ‘rtracklayer’ was built under R version 4.4.3 
5: In file(filename, "r", encoding = encoding) :
  cannot open file '/Users/zakiralibhai/Documents/GitHub/mariner_hi-c/scripts/utils/multi_format_output.R': No such file or directory
Execution halted
WARNING: scripts/viz_sections/section_27_methylation_hic_loop_anchor_integration.R failed with exit code 1

--------------------------------------------------------------------------------
Running scripts/viz_sections/section_28_coordinated_mc_hmc_analysis.R...
--------------------------------------------------------------------------------

================================================================================
BIOMODAL DUET evoC DIFFERENTIAL METHYLATION VISUALIZATION
================================================================================
Date: 2026-03-31 00:13:48 
Base directory: /expanse/lustre/projects/csd940/zalibhai/mariner_hi-c/biomodal/downstream 
Output directory: /expanse/lustre/projects/csd940/zalibhai/mariner_hi-c/biomodal/downstream/plots/visualizations 

Loading required packages...
Error in file(filename, "r", encoding = encoding) : 
  cannot open the connection
Calls: source -> withVisible -> eval -> eval -> source -> file
In addition: Warning messages:
1: package ‘tibble’ was built under R version 4.4.3 
2: package ‘dplyr’ was built under R version 4.4.3 
3: package ‘jsonlite’ was built under R version 4.4.3 
4: package ‘rtracklayer’ was built under R version 4.4.3 
5: In file(filename, "r", encoding = encoding) :
  cannot open file '/Users/zakiralibhai/Documents/GitHub/mariner_hi-c/scripts/utils/multi_format_output.R': No such file or directory
Execution halted
WARNING: scripts/viz_sections/section_28_coordinated_mc_hmc_analysis.R failed with exit code 1

--------------------------------------------------------------------------------
Running scripts/viz_sections/section_29_ab_compartment_methylation_mapping.R...
--------------------------------------------------------------------------------

================================================================================
BIOMODAL DUET evoC DIFFERENTIAL METHYLATION VISUALIZATION
================================================================================
Date: 2026-03-31 00:13:58 
Base directory: /expanse/lustre/projects/csd940/zalibhai/mariner_hi-c/biomodal/downstream 
Output directory: /expanse/lustre/projects/csd940/zalibhai/mariner_hi-c/biomodal/downstream/plots/visualizations 

Loading required packages...
Error in file(filename, "r", encoding = encoding) : 
  cannot open the connection
Calls: source -> withVisible -> eval -> eval -> source -> file
In addition: Warning messages:
1: package ‘tibble’ was built under R version 4.4.3 
2: package ‘dplyr’ was built under R version 4.4.3 
3: package ‘jsonlite’ was built under R version 4.4.3 
4: package ‘rtracklayer’ was built under R version 4.4.3 
5: In file(filename, "r", encoding = encoding) :
  cannot open file '/Users/zakiralibhai/Documents/GitHub/mariner_hi-c/scripts/utils/multi_format_output.R': No such file or directory
Execution halted
WARNING: scripts/viz_sections/section_29_ab_compartment_methylation_mapping.R failed with exit code 1

--------------------------------------------------------------------------------
Running scripts/viz_sections/section_30_polycomb_target_enrichment.R...
--------------------------------------------------------------------------------

================================================================================
BIOMODAL DUET evoC DIFFERENTIAL METHYLATION VISUALIZATION
================================================================================
Date: 2026-03-31 00:14:09 
Base directory: /expanse/lustre/projects/csd940/zalibhai/mariner_hi-c/biomodal/downstream 
Output directory: /expanse/lustre/projects/csd940/zalibhai/mariner_hi-c/biomodal/downstream/plots/visualizations 

Loading required packages...
Error in file(filename, "r", encoding = encoding) : 
  cannot open the connection
Calls: source -> withVisible -> eval -> eval -> source -> file
In addition: Warning messages:
1: package ‘tibble’ was built under R version 4.4.3 
2: package ‘dplyr’ was built under R version 4.4.3 
3: package ‘jsonlite’ was built under R version 4.4.3 
4: package ‘rtracklayer’ was built under R version 4.4.3 
5: In file(filename, "r", encoding = encoding) :
  cannot open file '/Users/zakiralibhai/Documents/GitHub/mariner_hi-c/scripts/utils/multi_format_output.R': No such file or directory
Execution halted
WARNING: scripts/viz_sections/section_30_polycomb_target_enrichment.R failed with exit code 1

--------------------------------------------------------------------------------
Running scripts/viz_sections/section_31_mecp2_loop_anchor_integration.R...
--------------------------------------------------------------------------------

================================================================================
BIOMODAL DUET evoC DIFFERENTIAL METHYLATION VISUALIZATION
================================================================================
Date: 2026-03-31 00:14:20 
Base directory: /expanse/lustre/projects/csd940/zalibhai/mariner_hi-c/biomodal/downstream 
Output directory: /expanse/lustre/projects/csd940/zalibhai/mariner_hi-c/biomodal/downstream/plots/visualizations 

Loading required packages...
Loaded multi_format_output.R - Functions available:
  - save_multiformat_ggplot(plot, base_path, width, height, dpi)
  - save_multiformat_base(plot_expr, base_path, width, height, dpi)
  - save_multiformat_pheatmap(pheatmap_call, base_path, width, height, dpi)
Packages loaded successfully.

================================================================================
LOADING DATA
================================================================================

Loading gene body mC DMRs...
  Loaded 20991 genes
Loading gene body hmC DMRs...
  Loaded 20991 genes
Loading Biological QC data...
  Loaded QC data successfully
Loading upstream sequencing metrics...
  Loaded 8 samples

Loading regional DMR data for comparison...
  Gene bodies: 10779 significant / 20991 total (51.4%)
  CpG islands: 446 significant / 8910 total (5.0%)
  CpG shores: 9837 significant / 32581 total (30.2%)
  CpG shelves: 6914 significant / 29094 total (23.8%)
  Promoters: 1700 significant / 20417 total (8.3%)
  TSS regions: 195 significant / 14165 total (1.4%)

Data loading complete.

Warning messages:
1: package ‘tibble’ was built under R version 4.4.3 
2: package ‘dplyr’ was built under R version 4.4.3 
3: package ‘jsonlite’ was built under R version 4.4.3 
4: package ‘rtracklayer’ was built under R version 4.4.3 

================================================================================
SECTION 31: MeCP2 x HI-C LOOP ANCHOR INTEGRATION
================================================================================

Error: anchor_gene_associations_great.tsv not found -- run Section 27 first
Execution halted
WARNING: scripts/viz_sections/section_31_mecp2_loop_anchor_integration.R failed with exit code 1

--------------------------------------------------------------------------------
Running scripts/viz_sections/section_32_chg_exploratory_analysis.R...
--------------------------------------------------------------------------------

================================================================================
BIOMODAL DUET evoC DIFFERENTIAL METHYLATION VISUALIZATION
================================================================================
Date: 2026-03-31 00:14:34 
Base directory: /expanse/lustre/projects/csd940/zalibhai/mariner_hi-c/biomodal/downstream 
Output directory: /expanse/lustre/projects/csd940/zalibhai/mariner_hi-c/biomodal/downstream/plots/visualizations 

Loading required packages...
slurmstepd: error: *** JOB 47739097 ON exp-6-07 CANCELLED AT 2026-03-31T00:14:37 ***
