===========================================
Stage 0: hic2cool convert
===========================================
Job ID:     48238677
Node:       exp-1-37
CPUs:       8
Memory:     65536 MB
Timepoint:  250402
Sample:     ctrl_M1
Input:      /expanse/lustre/projects/csd940/zalibhai/stripes/StripeCaller/data/hic/250402/ctrl_M1.hic
Output:     /expanse/lustre/projects/csd940/zalibhai/stripes/stripenn/data/cool/250402/ctrl_M1.mcool
Start:      Mon Apr 20 03:12:58 PDT 2026
===========================================
/home/zalibhai/miniforge3/envs/hictk/bin/hictk
hictk-v2.1.4-bioconda
[2026-04-20 03:12:59.892] [info]: Running hictk v2.1.4-bioconda
[2026-04-20 03:12:59.895] [info]: Converting /expanse/lustre/projects/csd940/zalibhai/stripes/StripeCaller/data/hic/250402/ctrl_M1.hic to /expanse/lustre/projects/csd940/zalibhai/stripes/stripenn/data/cool/250402/ctrl_M1.mcool (hic -> mcool)...
[2026-04-20 03:13:01.638] [info]: [5000] begin processing 5000bp matrix...
[2026-04-20 03:13:06.912] [info]: [5000] processing chr1:82900000-82905000 at 1896813 pixels/s (cache hit rate 0.00%)...
[2026-04-20 03:13:11.047] [info]: [5000] processing chr1:180580000-180585000 at 2418965 pixels/s (cache hit rate 0.01%)...
[2026-04-20 03:13:16.129] [info]: [5000] processing chr2:69910000-69915000 at 1967729 pixels/s (cache hit rate 0.00%)...
[2026-04-20 03:13:20.436] [info]: [5000] processing chr2:168195000-168200000 at 2322341 pixels/s (cache hit rate 0.00%)...
[2026-04-20 03:13:25.532] [info]: [5000] processing chr3:13015000-13020000 at 1962709 pixels/s (cache hit rate 0.00%)...
[2026-04-20 03:13:31.065] [info]: [5000] processing chr3:100790000-100795000 at 1807338 pixels/s (cache hit rate 0.04%)...
[2026-04-20 03:13:36.223] [info]: [5000] processing chr4:48130000-48135000 at 1938736 pixels/s (cache hit rate 0.00%)...
[2026-04-20 03:13:40.717] [info]: [5000] processing chr4:148875000-148880000 at 2225684 pixels/s (cache hit rate 0.00%)...
[2026-04-20 03:13:46.120] [info]: [5000] processing chr5:90730000-90735000 at 1850824 pixels/s (cache hit rate 0.01%)...
[2026-04-20 03:13:51.120] [info]: [5000] processing chr6:34870000-34875000 at 2000400 pixels/s (cache hit rate 0.00%)...
[2026-04-20 03:13:55.965] [info]: [5000] processing chr6:140505000-140510000 at 2064410 pixels/s (cache hit rate 0.01%)...
[2026-04-20 03:14:00.984] [info]: [5000] processing chr7:91110000-91115000 at 1992429 pixels/s (cache hit rate 0.00%)...
[2026-04-20 03:14:05.957] [info]: [5000] processing chr10:46220000-46225000 at 2010859 pixels/s (cache hit rate 0.02%)...
[2026-04-20 03:14:11.167] [info]: [5000] processing chr8:28575000-28580000 at 1919754 pixels/s (cache hit rate 0.00%)...
[2026-04-20 03:14:16.514] [info]: [5000] processing chr14:19090000-19095000 at 1870557 pixels/s (cache hit rate 0.00%)...
[2026-04-20 03:14:21.714] [info]: [5000] processing chr9:14055000-14060000 at 1923077 pixels/s (cache hit rate 0.00%)...
[2026-04-20 03:14:27.201] [info]: [5000] processing chr9:109000000-109005000 at 1822490 pixels/s (cache hit rate 0.00%)...
[2026-04-20 03:14:32.618] [info]: [5000] processing chr11:83860000-83865000 at 1846381 pixels/s (cache hit rate 0.00%)...
[2026-04-20 03:14:38.350] [info]: [5000] processing chr13:83015000-83020000 at 1744896 pixels/s (cache hit rate 0.00%)...
[2026-04-20 03:14:44.210] [info]: [5000] processing chr12:95880000-95885000 at 1706485 pixels/s (cache hit rate 0.00%)...
[2026-04-20 03:14:50.126] [info]: [5000] processing chr16:12010000-12015000 at 1690617 pixels/s (cache hit rate 0.00%)...
[2026-04-20 03:14:56.672] [info]: [5000] processing chr17:53910000-53915000 at 1527884 pixels/s (cache hit rate 0.00%)...
[2026-04-20 03:15:03.967] [info]: [5000] processing chr19:23985000-23990000 at 1370802 pixels/s (cache hit rate 0.00%)...
[2026-04-20 03:15:05.400] [info]: [5000] processing KR normalization vector...
[2026-04-20 03:15:06.552] [info]: [5000] DONE! Processed 231951840 pixels across 21 chromosomes in 124.91s
[2026-04-20 03:15:06.693] [info]: [10000] begin processing 10000bp matrix...
[2026-04-20 03:15:09.345] [info]: [10000] processing chr1:93060000-93070000 at 3773585 pixels/s (cache hit rate 35.63%)...
[2026-04-20 03:15:12.318] [info]: [10000] processing chr2:15770000-15780000 at 3363606 pixels/s (cache hit rate 36.12%)...
[2026-04-20 03:15:15.202] [info]: [10000] processing chr2:116610000-116620000 at 3469813 pixels/s (cache hit rate 35.47%)...
[2026-04-20 03:15:18.068] [info]: [10000] processing chrX:109860000-109870000 at 3489184 pixels/s (cache hit rate 38.11%)...
[2026-04-20 03:15:20.974] [info]: [10000] processing chr3:82150000-82160000 at 3442341 pixels/s (cache hit rate 41.66%)...
[2026-04-20 03:15:23.830] [info]: [10000] processing chr4:45310000-45320000 at 3501401 pixels/s (cache hit rate 45.62%)...
[2026-04-20 03:15:26.728] [info]: [10000] processing chr5:8360000-8370000 at 3451847 pixels/s (cache hit rate 46.30%)...
[2026-04-20 03:15:29.554] [info]: [10000] processing chr5:120350000-120360000 at 3538570 pixels/s (cache hit rate 42.56%)...
[2026-04-20 03:15:32.450] [info]: [10000] processing chr6:81910000-81920000 at 3454231 pixels/s (cache hit rate 47.95%)...
[2026-04-20 03:15:35.265] [info]: [10000] processing chr7:61680000-61690000 at 3553660 pixels/s (cache hit rate 51.22%)...
[2026-04-20 03:15:38.001] [info]: [10000] processing chr10:32330000-32340000 at 3654971 pixels/s (cache hit rate 54.04%)...
[2026-04-20 03:15:40.722] [info]: [10000] processing chr8:32240000-32250000 at 3675119 pixels/s (cache hit rate 56.65%)...
[2026-04-20 03:15:43.550] [info]: [10000] processing chr14:39790000-39800000 at 3536068 pixels/s (cache hit rate 58.75%)...
[2026-04-20 03:15:46.420] [info]: [10000] processing chr9:48250000-48260000 at 3484321 pixels/s (cache hit rate 60.89%)...
[2026-04-20 03:15:49.255] [info]: [10000] processing chr11:50950000-50960000 at 3528582 pixels/s (cache hit rate 64.90%)...
[2026-04-20 03:15:52.055] [info]: [10000] processing chr13:64610000-64620000 at 3571429 pixels/s (cache hit rate 69.27%)...
[2026-04-20 03:15:54.874] [info]: [10000] processing chr12:114420000-114430000 at 3547357 pixels/s (cache hit rate 67.08%)...
[2026-04-20 03:15:57.680] [info]: [10000] processing chr16:56420000-56430000 at 3565062 pixels/s (cache hit rate 81.44%)...
[2026-04-20 03:16:00.694] [info]: [10000] processing chr18:55510000-55520000 at 3318951 pixels/s (cache hit rate 93.87%)...
[2026-04-20 03:16:02.113] [info]: [10000] processing KR normalization vector...
[2026-04-20 03:16:03.125] [info]: [10000] DONE! Processed 193859446 pixels across 21 chromosomes in 56.43s
[2026-04-20 03:16:03.131] [info]: DONE! Processed 2 resolution(s) in 183.24s!
[2026-04-20 03:16:03.131] [info]: /expanse/lustre/projects/csd940/zalibhai/stripes/StripeCaller/data/hic/250402/ctrl_M1.hic size: 2394.39 MB
[2026-04-20 03:16:03.131] [info]: /expanse/lustre/projects/csd940/zalibhai/stripes/stripenn/data/cool/250402/ctrl_M1.mcool size: 616.74 MB

Conversion complete. Resolutions available:
The following arguments were not expected: /expanse/lustre/projects/csd940/zalibhai/stripes/stripenn/data/cool/250402/ctrl_M1.mcool ls
Run with --help for more information.

5kb/10kb spot check:
{
    "assembly": "/expanse/lustre/projects/csd940/ctea/HiC/restriction_sites/mm10.filtered.chrom.sizes",
    "bin-size": 5000,
    "bin-type": "fixed",
    "cis": 327191949,
    "creation-date": "2026-04-20T10:13:01",
    "format": "HDF5::Cooler",
    "format-url": "https://github.com/open2c/cooler",
    "format-version": 3,
    "generated-by": "hictk-v2.1.4-bioconda",
    "metadata": {},
    "nbins": 545114,
    "nchroms": 21,
    "nnz": 231925920,
    "storage-mode": "symmetric-upper",
    "sum": 385394387
}
{
    "assembly": "/expanse/lustre/projects/csd940/ctea/HiC/restriction_sites/mm10.filtered.chrom.sizes",
    "bin-size": 10000,
    "bin-type": "fixed",
    "cis": 327191949,
    "creation-date": "2026-04-20T10:15:06",
    "format": "HDF5::Cooler",
    "format-url": "https://github.com/open2c/cooler",
    "format-version": 3,
    "generated-by": "hictk-v2.1.4-bioconda",
    "metadata": {},
    "nbins": 272564,
    "nchroms": 21,
    "nnz": 193829723,
    "storage-mode": "symmetric-upper",
    "sum": 385394387
}

End: Mon Apr 20 03:16:05 PDT 2026
===========================================
