===========================================
Stage 0: hic2cool convert
===========================================
Job ID:     48238675
Node:       exp-3-50
CPUs:       8
Memory:     65536 MB
Timepoint:  250831
Sample:     mut_M3
Input:      /expanse/lustre/projects/csd940/zalibhai/stripes/StripeCaller/data/hic/250831/mut_M3.hic
Output:     /expanse/lustre/projects/csd940/zalibhai/stripes/stripenn/data/cool/250831/mut_M3.mcool
Start:      Mon Apr 20 03:12:58 PDT 2026
===========================================
/home/zalibhai/miniforge3/envs/hictk/bin/hictk
hictk-v2.1.4-bioconda
[2026-04-20 03:13:00.013] [info]: Running hictk v2.1.4-bioconda
[2026-04-20 03:13:00.015] [info]: Converting /expanse/lustre/projects/csd940/zalibhai/stripes/StripeCaller/data/hic/250831/mut_M3.hic to /expanse/lustre/projects/csd940/zalibhai/stripes/stripenn/data/cool/250831/mut_M3.mcool (hic -> mcool)...
[2026-04-20 03:13:01.751] [info]: [5000] begin processing 5000bp matrix...
[2026-04-20 03:13:06.479] [info]: [5000] processing chr1:52000000-52005000 at 2115954 pixels/s (cache hit rate 0.00%)...
[2026-04-20 03:13:10.188] [info]: [5000] processing chr1:100135000-100140000 at 2696872 pixels/s (cache hit rate 0.00%)...
[2026-04-20 03:13:13.600] [info]: [5000] processing chr1:158755000-158760000 at 2931692 pixels/s (cache hit rate 0.01%)...
[2026-04-20 03:13:17.034] [info]: [5000] processing chr2:16560000-16565000 at 2912056 pixels/s (cache hit rate 0.00%)...
[2026-04-20 03:13:21.272] [info]: [5000] processing chr2:61230000-61235000 at 2359604 pixels/s (cache hit rate 0.00%)...
[2026-04-20 03:13:25.303] [info]: [5000] processing chr2:118110000-118115000 at 2480774 pixels/s (cache hit rate 0.00%)...
[2026-04-20 03:13:28.244] [info]: [5000] processing chr2:167370000-167375000 at 3400204 pixels/s (cache hit rate 0.00%)...
[2026-04-20 03:13:32.279] [info]: [5000] processing chrX:105915000-105920000 at 2478929 pixels/s (cache hit rate 0.00%)...
[2026-04-20 03:13:36.527] [info]: [5000] processing chr3:35180000-35185000 at 2354049 pixels/s (cache hit rate 0.04%)...
[2026-04-20 03:13:41.037] [info]: [5000] processing chr3:91870000-91875000 at 2217787 pixels/s (cache hit rate 0.03%)...
[2026-04-20 03:13:44.409] [info]: [5000] processing chr3:155270000-155275000 at 2965599 pixels/s (cache hit rate 0.01%)...
[2026-04-20 03:13:49.294] [info]: [5000] processing chr4:55440000-55445000 at 2047083 pixels/s (cache hit rate 0.00%)...
[2026-04-20 03:13:53.431] [info]: [5000] processing chr4:118220000-118225000 at 2417211 pixels/s (cache hit rate 0.00%)...
[2026-04-20 03:13:57.114] [info]: [5000] processing chr5:20980000-20985000 at 2715178 pixels/s (cache hit rate 0.04%)...
[2026-04-20 03:14:01.560] [info]: [5000] processing chr5:74620000-74625000 at 2249213 pixels/s (cache hit rate 0.00%)...
[2026-04-20 03:14:05.136] [info]: [5000] processing chr5:133640000-133645000 at 2797203 pixels/s (cache hit rate 0.00%)...
[2026-04-20 03:14:09.485] [info]: [5000] processing chr6:40340000-40345000 at 2299379 pixels/s (cache hit rate 0.00%)...
[2026-04-20 03:14:14.180] [info]: [5000] processing chr6:98615000-98620000 at 2129925 pixels/s (cache hit rate 0.02%)...
[2026-04-20 03:14:18.248] [info]: [5000] processing chr7:27305000-27310000 at 2458815 pixels/s (cache hit rate 0.00%)...
[2026-04-20 03:14:22.939] [info]: [5000] processing chr7:87860000-87865000 at 2132196 pixels/s (cache hit rate 0.00%)...
[2026-04-20 03:14:26.379] [info]: [5000] processing chr10:8825000-8830000 at 2906977 pixels/s (cache hit rate 0.00%)...
[2026-04-20 03:14:31.711] [info]: [5000] processing chr10:69955000-69960000 at 1875469 pixels/s (cache hit rate 0.02%)...
[2026-04-20 03:14:35.664] [info]: [5000] processing chr8:13680000-13685000 at 2530364 pixels/s (cache hit rate 0.00%)...
[2026-04-20 03:14:40.741] [info]: [5000] processing chr8:87520000-87525000 at 1970055 pixels/s (cache hit rate 0.00%)...
[2026-04-20 03:14:44.862] [info]: [5000] processing chr14:28625000-28630000 at 2426595 pixels/s (cache hit rate 0.00%)...
[2026-04-20 03:14:49.268] [info]: [5000] processing chr14:103625000-103630000 at 2270148 pixels/s (cache hit rate 0.00%)...
[2026-04-20 03:14:54.398] [info]: [5000] processing chr9:50575000-50580000 at 1949318 pixels/s (cache hit rate 0.00%)...
[2026-04-20 03:14:58.546] [info]: [5000] processing chr11:3130000-3135000 at 2410800 pixels/s (cache hit rate 0.00%)...
[2026-04-20 03:15:04.041] [info]: [5000] processing chr11:65675000-65680000 at 1820167 pixels/s (cache hit rate 0.00%)...
[2026-04-20 03:15:08.736] [info]: [5000] processing chr13:22310000-22315000 at 2130379 pixels/s (cache hit rate 0.00%)...
[2026-04-20 03:15:13.872] [info]: [5000] processing chr13:106735000-106740000 at 1947040 pixels/s (cache hit rate 0.00%)...
[2026-04-20 03:15:19.602] [info]: [5000] processing chr12:76055000-76060000 at 1745201 pixels/s (cache hit rate 0.00%)...
[2026-04-20 03:15:25.027] [info]: [5000] processing chr15:54960000-54965000 at 1843658 pixels/s (cache hit rate 0.00%)...
[2026-04-20 03:15:30.489] [info]: [5000] processing chr16:42815000-42820000 at 1831166 pixels/s (cache hit rate 0.00%)...
[2026-04-20 03:15:36.428] [info]: [5000] processing chr17:57145000-57150000 at 1684069 pixels/s (cache hit rate 0.00%)...
[2026-04-20 03:15:42.856] [info]: [5000] processing chr18:71875000-71880000 at 1555694 pixels/s (cache hit rate 0.00%)...
[2026-04-20 03:15:46.823] [info]: [5000] processing KR normalization vector...
[2026-04-20 03:15:48.011] [info]: [5000] DONE! Processed 365500314 pixels across 21 chromosomes in 166.26s
[2026-04-20 03:15:48.167] [info]: [10000] begin processing 10000bp matrix...
[2026-04-20 03:15:50.720] [info]: [10000] processing chr1:58300000-58310000 at 3918495 pixels/s (cache hit rate 37.66%)...
[2026-04-20 03:15:53.583] [info]: [10000] processing chr1:119680000-119690000 at 3492840 pixels/s (cache hit rate 30.60%)...
[2026-04-20 03:15:56.293] [info]: [10000] processing chr1:183200000-183210000 at 3691399 pixels/s (cache hit rate 22.27%)...
[2026-04-20 03:15:59.120] [info]: [10000] processing chr2:37900000-37910000 at 3537319 pixels/s (cache hit rate 40.39%)...
[2026-04-20 03:16:01.947] [info]: [10000] processing chr2:101020000-101030000 at 3537319 pixels/s (cache hit rate 34.91%)...
[2026-04-20 03:16:04.652] [info]: [10000] processing chr2:161580000-161590000 at 3698225 pixels/s (cache hit rate 25.98%)...
[2026-04-20 03:16:07.459] [info]: [10000] processing chrX:107050000-107060000 at 3562522 pixels/s (cache hit rate 38.09%)...
[2026-04-20 03:16:10.221] [info]: [10000] processing chr3:43400000-43410000 at 3620565 pixels/s (cache hit rate 42.34%)...
[2026-04-20 03:16:13.193] [info]: [10000] processing chr3:107970000-107980000 at 3365870 pixels/s (cache hit rate 37.31%)...
[2026-04-20 03:16:16.154] [info]: [10000] processing chr4:28950000-28960000 at 3378378 pixels/s (cache hit rate 47.37%)...
[2026-04-20 03:16:19.194] [info]: [10000] processing chr4:99540000-99550000 at 3290556 pixels/s (cache hit rate 39.65%)...
[2026-04-20 03:16:22.047] [info]: [10000] processing chr5:9000000-9010000 at 3506311 pixels/s (cache hit rate 46.30%)...
[2026-04-20 03:16:24.948] [info]: [10000] processing chr5:73810000-73820000 at 3447087 pixels/s (cache hit rate 46.85%)...
[2026-04-20 03:16:27.878] [info]: [10000] processing chr5:141940000-141950000 at 3414135 pixels/s (cache hit rate 32.46%)...
[2026-04-20 03:16:30.792] [info]: [10000] processing chr6:57040000-57050000 at 3432887 pixels/s (cache hit rate 51.03%)...
[2026-04-20 03:16:33.731] [info]: [10000] processing chr6:134900000-134910000 at 3402518 pixels/s (cache hit rate 37.72%)...
[2026-04-20 03:16:36.626] [info]: [10000] processing chr7:67860000-67870000 at 3454231 pixels/s (cache hit rate 52.95%)...
[2026-04-20 03:16:39.587] [info]: [10000] processing chr7:144280000-144290000 at 3378378 pixels/s (cache hit rate 35.15%)...
[2026-04-20 03:16:42.470] [info]: [10000] processing chr10:72060000-72070000 at 3468609 pixels/s (cache hit rate 53.27%)...
[2026-04-20 03:16:45.367] [info]: [10000] processing chr8:27420000-27430000 at 3453039 pixels/s (cache hit rate 59.86%)...
[2026-04-20 03:16:48.215] [info]: [10000] processing chr8:117720000-117730000 at 3511236 pixels/s (cache hit rate 49.96%)...
[2026-04-20 03:16:51.119] [info]: [10000] processing chr14:71420000-71430000 at 3444712 pixels/s (cache hit rate 58.64%)...
[2026-04-20 03:16:53.976] [info]: [10000] processing chr9:43180000-43190000 at 3500175 pixels/s (cache hit rate 62.90%)...
[2026-04-20 03:16:56.793] [info]: [10000] processing chr11:6480000-6490000 at 3551136 pixels/s (cache hit rate 57.38%)...
[2026-04-20 03:16:59.652] [info]: [10000] processing chr11:86140000-86150000 at 3497726 pixels/s (cache hit rate 62.71%)...
[2026-04-20 03:17:02.528] [info]: [10000] processing chr13:61630000-61640000 at 3477051 pixels/s (cache hit rate 68.65%)...
[2026-04-20 03:17:05.369] [info]: [10000] processing chr12:58440000-58450000 at 3519887 pixels/s (cache hit rate 71.43%)...
[2026-04-20 03:17:08.174] [info]: [10000] processing chr15:64770000-64780000 at 3566334 pixels/s (cache hit rate 76.61%)...
[2026-04-20 03:17:11.095] [info]: [10000] processing chr17:3410000-3420000 at 3424658 pixels/s (cache hit rate 66.06%)...
[2026-04-20 03:17:13.867] [info]: [10000] processing chr18:47490000-47500000 at 3607504 pixels/s (cache hit rate 94.01%)...
[2026-04-20 03:17:15.615] [info]: [10000] processing KR normalization vector...
[2026-04-20 03:17:16.674] [info]: [10000] DONE! Processed 305105902 pixels across 21 chromosomes in 88.51s
[2026-04-20 03:17:16.677] [info]: DONE! Processed 2 resolution(s) in 256.66s!
[2026-04-20 03:17:16.677] [info]: /expanse/lustre/projects/csd940/zalibhai/stripes/StripeCaller/data/hic/250831/mut_M3.hic size: 3891.36 MB
[2026-04-20 03:17:16.677] [info]: /expanse/lustre/projects/csd940/zalibhai/stripes/stripenn/data/cool/250831/mut_M3.mcool size: 1014.12 MB

Conversion complete. Resolutions available:
The following arguments were not expected: /expanse/lustre/projects/csd940/zalibhai/stripes/stripenn/data/cool/250831/mut_M3.mcool ls
Run with --help for more information.

5kb/10kb spot check:
{
    "assembly": "/expanse/lustre/projects/csd940/ctea/HiC/restriction_sites/mm10.filtered.chrom.sizes",
    "bin-size": 5000,
    "bin-type": "fixed",
    "cis": 463777341,
    "creation-date": "2026-04-20T10:13:01",
    "format": "HDF5::Cooler",
    "format-url": "https://github.com/open2c/cooler",
    "format-version": 3,
    "generated-by": "hictk-v2.1.4-bioconda",
    "metadata": {},
    "nbins": 545114,
    "nchroms": 21,
    "nnz": 365500157,
    "storage-mode": "symmetric-upper",
    "sum": 611092030
}
{
    "assembly": "/expanse/lustre/projects/csd940/ctea/HiC/restriction_sites/mm10.filtered.chrom.sizes",
    "bin-size": 10000,
    "bin-type": "fixed",
    "cis": 463777341,
    "creation-date": "2026-04-20T10:15:48",
    "format": "HDF5::Cooler",
    "format-url": "https://github.com/open2c/cooler",
    "format-version": 3,
    "generated-by": "hictk-v2.1.4-bioconda",
    "metadata": {},
    "nbins": 272564,
    "nchroms": 21,
    "nnz": 305102951,
    "storage-mode": "symmetric-upper",
    "sum": 611092030
}

End: Mon Apr 20 03:17:19 PDT 2026
===========================================
