===========================================
Stage 0: hic2cool convert
===========================================
Job ID:     48238670
Node:       exp-17-53
CPUs:       8
Memory:     65536 MB
Timepoint:  250831
Sample:     ctrl_M2
Input:      /expanse/lustre/projects/csd940/zalibhai/stripes/StripeCaller/data/hic/250831/ctrl_M2.hic
Output:     /expanse/lustre/projects/csd940/zalibhai/stripes/stripenn/data/cool/250831/ctrl_M2.mcool
Start:      Mon Apr 20 03:12:58 PDT 2026
===========================================
/home/zalibhai/miniforge3/envs/hictk/bin/hictk
hictk-v2.1.4-bioconda
[2026-04-20 03:13:00.515] [info]: Running hictk v2.1.4-bioconda
[2026-04-20 03:13:00.516] [info]: Converting /expanse/lustre/projects/csd940/zalibhai/stripes/StripeCaller/data/hic/250831/ctrl_M2.hic to /expanse/lustre/projects/csd940/zalibhai/stripes/stripenn/data/cool/250831/ctrl_M2.mcool (hic -> mcool)...
[2026-04-20 03:13:02.407] [info]: [5000] begin processing 5000bp matrix...
[2026-04-20 03:13:07.910] [info]: [5000] processing chr1:58365000-58370000 at 1817521 pixels/s (cache hit rate 0.00%)...
[2026-04-20 03:13:12.604] [info]: [5000] processing chr1:118665000-118670000 at 2130379 pixels/s (cache hit rate 0.00%)...
[2026-04-20 03:13:16.214] [info]: [5000] processing chr1:179775000-179780000 at 2770851 pixels/s (cache hit rate 0.00%)...
[2026-04-20 03:13:20.830] [info]: [5000] processing chr2:34010000-34015000 at 2166847 pixels/s (cache hit rate 0.00%)...
[2026-04-20 03:13:25.963] [info]: [5000] processing chr2:92960000-92965000 at 1948558 pixels/s (cache hit rate 0.00%)...
[2026-04-20 03:13:30.370] [info]: [5000] processing chr2:153935000-153940000 at 2269632 pixels/s (cache hit rate 0.00%)...
[2026-04-20 03:13:35.181] [info]: [5000] processing chrX:48355000-48360000 at 2079002 pixels/s (cache hit rate 0.00%)...
[2026-04-20 03:13:40.731] [info]: [5000] processing chrX:136900000-136905000 at 1801802 pixels/s (cache hit rate 0.00%)...
[2026-04-20 03:13:46.055] [info]: [5000] processing chr3:44770000-44775000 at 1878640 pixels/s (cache hit rate 0.04%)...
[2026-04-20 03:13:51.247] [info]: [5000] processing chr3:107660000-107665000 at 1926040 pixels/s (cache hit rate 0.03%)...
[2026-04-20 03:13:55.805] [info]: [5000] processing chr4:25380000-25385000 at 2194426 pixels/s (cache hit rate 0.00%)...
[2026-04-20 03:14:01.126] [info]: [5000] processing chr4:92535000-92540000 at 1879346 pixels/s (cache hit rate 0.00%)...
[2026-04-20 03:14:04.804] [info]: [5000] processing chr4:153535000-153540000 at 2719608 pixels/s (cache hit rate 0.02%)...
[2026-04-20 03:14:10.241] [info]: [5000] processing chr5:61275000-61280000 at 1839250 pixels/s (cache hit rate 0.02%)...
[2026-04-20 03:14:14.700] [info]: [5000] processing chr5:127910000-127915000 at 2243158 pixels/s (cache hit rate 0.00%)...
[2026-04-20 03:14:19.578] [info]: [5000] processing chr6:40760000-40765000 at 2050441 pixels/s (cache hit rate 0.00%)...
[2026-04-20 03:14:24.907] [info]: [5000] processing chr6:108670000-108675000 at 1876877 pixels/s (cache hit rate 0.02%)...
[2026-04-20 03:14:29.629] [info]: [5000] processing chr7:42250000-42255000 at 2117747 pixels/s (cache hit rate 0.00%)...
[2026-04-20 03:14:34.434] [info]: [5000] processing chr7:117175000-117180000 at 2081165 pixels/s (cache hit rate 0.00%)...
[2026-04-20 03:14:39.827] [info]: [5000] processing chr10:40070000-40075000 at 1854599 pixels/s (cache hit rate 0.03%)...
[2026-04-20 03:14:45.046] [info]: [5000] processing chr10:116230000-116235000 at 1916076 pixels/s (cache hit rate 0.07%)...
[2026-04-20 03:14:50.997] [info]: [5000] processing chr8:67240000-67245000 at 1680390 pixels/s (cache hit rate 0.00%)...
[2026-04-20 03:14:55.910] [info]: [5000] processing chr14:19080000-19085000 at 2035831 pixels/s (cache hit rate 0.00%)...
[2026-04-20 03:15:01.497] [info]: [5000] processing chr14:98660000-98665000 at 1790190 pixels/s (cache hit rate 0.00%)...
[2026-04-20 03:15:07.762] [info]: [5000] processing chr9:54045000-54050000 at 1596169 pixels/s (cache hit rate 0.00%)...
[2026-04-20 03:15:12.447] [info]: [5000] processing chr11:10575000-10580000 at 2134472 pixels/s (cache hit rate 0.00%)...
[2026-04-20 03:15:18.164] [info]: [5000] processing chr11:82265000-82270000 at 1749475 pixels/s (cache hit rate 0.00%)...
[2026-04-20 03:15:23.573] [info]: [5000] processing chr13:47270000-47275000 at 1848771 pixels/s (cache hit rate 0.00%)...
[2026-04-20 03:15:28.798] [info]: [5000] processing chr12:31315000-31320000 at 1914242 pixels/s (cache hit rate 0.00%)...
[2026-04-20 03:15:34.219] [info]: [5000] processing chr15:20250000-20255000 at 1845018 pixels/s (cache hit rate 0.00%)...
[2026-04-20 03:15:40.464] [info]: [5000] processing chr16:20855000-20860000 at 1601537 pixels/s (cache hit rate 0.00%)...
[2026-04-20 03:15:47.653] [info]: [5000] processing chr17:44390000-44395000 at 1391014 pixels/s (cache hit rate 0.00%)...
[2026-04-20 03:15:54.922] [info]: [5000] processing chr18:75175000-75180000 at 1375705 pixels/s (cache hit rate 0.00%)...
[2026-04-20 03:15:58.993] [info]: [5000] processing KR normalization vector...
[2026-04-20 03:16:00.496] [info]: [5000] DONE! Processed 334889334 pixels across 21 chromosomes in 178.09s
[2026-04-20 03:16:00.677] [info]: [10000] begin processing 10000bp matrix...
[2026-04-20 03:16:03.724] [info]: [10000] processing chr1:64150000-64160000 at 3284072 pixels/s (cache hit rate 36.45%)...
[2026-04-20 03:16:07.243] [info]: [10000] processing chr1:133180000-133190000 at 2842524 pixels/s (cache hit rate 31.74%)...
[2026-04-20 03:16:10.809] [info]: [10000] processing chr2:7100000-7110000 at 2804262 pixels/s (cache hit rate 30.99%)...
[2026-04-20 03:16:14.425] [info]: [10000] processing chr2:65220000-65230000 at 2765487 pixels/s (cache hit rate 40.44%)...
[2026-04-20 03:16:18.102] [info]: [10000] processing chr2:133420000-133430000 at 2720348 pixels/s (cache hit rate 32.88%)...
[2026-04-20 03:16:21.930] [info]: [10000] processing chrX:34190000-34200000 at 2612330 pixels/s (cache hit rate 41.01%)...
[2026-04-20 03:16:25.463] [info]: [10000] processing chrX:130940000-130950000 at 2831257 pixels/s (cache hit rate 35.99%)...
[2026-04-20 03:16:29.262] [info]: [10000] processing chr3:51200000-51210000 at 2632272 pixels/s (cache hit rate 42.30%)...
[2026-04-20 03:16:32.871] [info]: [10000] processing chr3:124860000-124870000 at 2770851 pixels/s (cache hit rate 34.88%)...
[2026-04-20 03:16:36.498] [info]: [10000] processing chr4:48800000-48810000 at 2757860 pixels/s (cache hit rate 47.69%)...
[2026-04-20 03:16:40.341] [info]: [10000] processing chr4:128080000-128090000 at 2603489 pixels/s (cache hit rate 35.01%)...
[2026-04-20 03:16:43.716] [info]: [10000] processing chr5:38790000-38800000 at 2962963 pixels/s (cache hit rate 45.10%)...
[2026-04-20 03:16:47.064] [info]: [10000] processing chr5:120660000-120670000 at 2986858 pixels/s (cache hit rate 42.19%)...
[2026-04-20 03:16:50.728] [info]: [10000] processing chr6:42210000-42220000 at 2729258 pixels/s (cache hit rate 49.46%)...
[2026-04-20 03:16:54.256] [info]: [10000] processing chr6:121830000-121840000 at 2834467 pixels/s (cache hit rate 42.69%)...
[2026-04-20 03:16:57.692] [info]: [10000] processing chr7:66890000-66900000 at 2910361 pixels/s (cache hit rate 53.42%)...
[2026-04-20 03:17:01.193] [info]: [10000] processing chr10:7800000-7810000 at 2856327 pixels/s (cache hit rate 51.27%)...
[2026-04-20 03:17:04.833] [info]: [10000] processing chr10:89160000-89170000 at 2748008 pixels/s (cache hit rate 52.21%)...
[2026-04-20 03:17:08.416] [info]: [10000] processing chr8:57580000-57590000 at 2791736 pixels/s (cache hit rate 59.22%)...
[2026-04-20 03:17:12.303] [info]: [10000] processing chr14:25140000-25150000 at 2573340 pixels/s (cache hit rate 61.59%)...
[2026-04-20 03:17:16.024] [info]: [10000] processing chr9:10760000-10770000 at 2687450 pixels/s (cache hit rate 53.97%)...
[2026-04-20 03:17:19.680] [info]: [10000] processing chr9:93530000-93540000 at 2735978 pixels/s (cache hit rate 62.68%)...
[2026-04-20 03:17:23.362] [info]: [10000] processing chr11:62780000-62790000 at 2715915 pixels/s (cache hit rate 66.15%)...
[2026-04-20 03:17:27.093] [info]: [10000] processing chr13:44140000-44150000 at 2680247 pixels/s (cache hit rate 70.90%)...
[2026-04-20 03:17:30.701] [info]: [10000] processing chr12:52020000-52030000 at 2772387 pixels/s (cache hit rate 74.10%)...
[2026-04-20 03:17:34.362] [info]: [10000] processing chr15:72840000-72850000 at 2731494 pixels/s (cache hit rate 76.99%)...
[2026-04-20 03:17:38.161] [info]: [10000] processing chr17:23510000-23520000 at 2632965 pixels/s (cache hit rate 86.34%)...
[2026-04-20 03:17:41.979] [info]: [10000] processing chr19:16940000-16950000 at 2619859 pixels/s (cache hit rate 97.47%)...
[2026-04-20 03:17:43.118] [info]: [10000] processing KR normalization vector...
[2026-04-20 03:17:44.509] [info]: [10000] DONE! Processed 281979930 pixels across 21 chromosomes in 103.83s
[2026-04-20 03:17:44.515] [info]: DONE! Processed 2 resolution(s) in 284.00s!
[2026-04-20 03:17:44.515] [info]: /expanse/lustre/projects/csd940/zalibhai/stripes/StripeCaller/data/hic/250831/ctrl_M2.hic size: 3641.16 MB
[2026-04-20 03:17:44.515] [info]: /expanse/lustre/projects/csd940/zalibhai/stripes/stripenn/data/cool/250831/ctrl_M2.mcool size: 945.62 MB

Conversion complete. Resolutions available:
The following arguments were not expected: /expanse/lustre/projects/csd940/zalibhai/stripes/stripenn/data/cool/250831/ctrl_M2.mcool ls
Run with --help for more information.

5kb/10kb spot check:
{
    "assembly": "/expanse/lustre/projects/csd940/ctea/HiC/restriction_sites/mm10.filtered.chrom.sizes",
    "bin-size": 5000,
    "bin-type": "fixed",
    "cis": 417845862,
    "creation-date": "2026-04-20T10:13:02",
    "format": "HDF5::Cooler",
    "format-url": "https://github.com/open2c/cooler",
    "format-version": 3,
    "generated-by": "hictk-v2.1.4-bioconda",
    "metadata": {},
    "nbins": 545114,
    "nchroms": 21,
    "nnz": 334794667,
    "storage-mode": "symmetric-upper",
    "sum": 554893997
}
{
    "assembly": "/expanse/lustre/projects/csd940/ctea/HiC/restriction_sites/mm10.filtered.chrom.sizes",
    "bin-size": 10000,
    "bin-type": "fixed",
    "cis": 417845862,
    "creation-date": "2026-04-20T10:16:00",
    "format": "HDF5::Cooler",
    "format-url": "https://github.com/open2c/cooler",
    "format-version": 3,
    "generated-by": "hictk-v2.1.4-bioconda",
    "metadata": {},
    "nbins": 272564,
    "nchroms": 21,
    "nnz": 281939965,
    "storage-mode": "symmetric-upper",
    "sum": 554893997
}

End: Mon Apr 20 03:17:47 PDT 2026
===========================================
