===========================================
Stage 0: hic2cool convert
===========================================
Job ID:     48238669
Node:       exp-1-08
CPUs:       8
Memory:     65536 MB
Timepoint:  250831
Sample:     ctrl_M1
Input:      /expanse/lustre/projects/csd940/zalibhai/stripes/StripeCaller/data/hic/250831/ctrl_M1.hic
Output:     /expanse/lustre/projects/csd940/zalibhai/stripes/stripenn/data/cool/250831/ctrl_M1.mcool
Start:      Mon Apr 20 03:12:57 PDT 2026
===========================================
/home/zalibhai/miniforge3/envs/hictk/bin/hictk
hictk-v2.1.4-bioconda
[2026-04-20 03:12:59.789] [info]: Running hictk v2.1.4-bioconda
[2026-04-20 03:12:59.791] [info]: Converting /expanse/lustre/projects/csd940/zalibhai/stripes/StripeCaller/data/hic/250831/ctrl_M1.hic to /expanse/lustre/projects/csd940/zalibhai/stripes/stripenn/data/cool/250831/ctrl_M1.mcool (hic -> mcool)...
[2026-04-20 03:13:01.550] [info]: [5000] begin processing 5000bp matrix...
[2026-04-20 03:13:06.296] [info]: [5000] processing chr1:54785000-54790000 at 2107926 pixels/s (cache hit rate 0.00%)...
[2026-04-20 03:13:10.185] [info]: [5000] processing chr1:110750000-110755000 at 2572016 pixels/s (cache hit rate 0.00%)...
[2026-04-20 03:13:13.374] [info]: [5000] processing chr1:173185000-173190000 at 3135779 pixels/s (cache hit rate 0.01%)...
[2026-04-20 03:13:17.119] [info]: [5000] processing chr2:31895000-31900000 at 2670940 pixels/s (cache hit rate 0.00%)...
[2026-04-20 03:13:21.243] [info]: [5000] processing chr2:87785000-87790000 at 2425418 pixels/s (cache hit rate 0.00%)...
[2026-04-20 03:13:24.859] [info]: [5000] processing chr2:149725000-149730000 at 2765487 pixels/s (cache hit rate 0.00%)...
[2026-04-20 03:13:28.762] [info]: [5000] processing chrX:42740000-42745000 at 2562788 pixels/s (cache hit rate 0.00%)...
[2026-04-20 03:13:33.382] [info]: [5000] processing chrX:112275000-112280000 at 2164502 pixels/s (cache hit rate 0.00%)...
[2026-04-20 03:13:37.470] [info]: [5000] processing chr3:26295000-26300000 at 2446782 pixels/s (cache hit rate 0.06%)...
[2026-04-20 03:13:42.096] [info]: [5000] processing chr3:86230000-86235000 at 2161695 pixels/s (cache hit rate 0.03%)...
[2026-04-20 03:13:45.463] [info]: [5000] processing chr3:154245000-154250000 at 2970003 pixels/s (cache hit rate 0.02%)...
[2026-04-20 03:13:50.102] [info]: [5000] processing chr4:58415000-58420000 at 2156102 pixels/s (cache hit rate 0.00%)...
[2026-04-20 03:13:54.247] [info]: [5000] processing chr4:127810000-127815000 at 2413127 pixels/s (cache hit rate 0.00%)...
[2026-04-20 03:13:58.127] [info]: [5000] processing chr5:35555000-35560000 at 2577320 pixels/s (cache hit rate 0.03%)...
[2026-04-20 03:14:02.519] [info]: [5000] processing chr5:106515000-106520000 at 2277386 pixels/s (cache hit rate 0.00%)...
[2026-04-20 03:14:06.268] [info]: [5000] processing chr6:21160000-21165000 at 2667378 pixels/s (cache hit rate 0.00%)...
[2026-04-20 03:14:11.290] [info]: [5000] processing chr6:83745000-83750000 at 1991635 pixels/s (cache hit rate 0.02%)...
[2026-04-20 03:14:15.141] [info]: [5000] processing chr7:15315000-15320000 at 2598077 pixels/s (cache hit rate 0.00%)...
[2026-04-20 03:14:19.929] [info]: [5000] processing chr7:84795000-84800000 at 2088991 pixels/s (cache hit rate 0.00%)...
[2026-04-20 03:14:23.880] [info]: [5000] processing chr10:16960000-16965000 at 2531646 pixels/s (cache hit rate 0.06%)...
[2026-04-20 03:14:28.854] [info]: [5000] processing chr10:85455000-85460000 at 2010454 pixels/s (cache hit rate 0.00%)...
[2026-04-20 03:14:33.483] [info]: [5000] processing chr8:34505000-34510000 at 2160294 pixels/s (cache hit rate 0.00%)...
[2026-04-20 03:14:37.915] [info]: [5000] processing chr8:113810000-113815000 at 2256318 pixels/s (cache hit rate 0.02%)...
[2026-04-20 03:14:42.738] [info]: [5000] processing chr14:64110000-64115000 at 2073828 pixels/s (cache hit rate 0.00%)...
[2026-04-20 03:14:47.616] [info]: [5000] processing chr9:27420000-27425000 at 2050441 pixels/s (cache hit rate 0.00%)...
[2026-04-20 03:14:52.398] [info]: [5000] processing chr9:103080000-103085000 at 2091175 pixels/s (cache hit rate 0.00%)...
[2026-04-20 03:14:57.516] [info]: [5000] processing chr11:57895000-57900000 at 1953888 pixels/s (cache hit rate 0.00%)...
[2026-04-20 03:15:02.332] [info]: [5000] processing chr13:23660000-23665000 at 2076843 pixels/s (cache hit rate 0.00%)...
[2026-04-20 03:15:07.078] [info]: [5000] processing chr13:119095000-119100000 at 2107038 pixels/s (cache hit rate 0.11%)...
[2026-04-20 03:15:12.847] [info]: [5000] processing chr12:92135000-92140000 at 1733703 pixels/s (cache hit rate 0.00%)...
[2026-04-20 03:15:18.323] [info]: [5000] processing chr15:78065000-78070000 at 1826150 pixels/s (cache hit rate 0.00%)...
[2026-04-20 03:15:24.128] [info]: [5000] processing chr16:85400000-85405000 at 1722950 pixels/s (cache hit rate 0.00%)...
[2026-04-20 03:15:30.274] [info]: [5000] processing chr18:15645000-15650000 at 1627075 pixels/s (cache hit rate 0.00%)...
[2026-04-20 03:15:37.488] [info]: [5000] processing chr19:59800000-59805000 at 1386194 pixels/s (cache hit rate 0.63%)...
[2026-04-20 03:15:37.545] [info]: [5000] processing KR normalization vector...
[2026-04-20 03:15:38.755] [info]: [5000] DONE! Processed 340053740 pixels across 21 chromosomes in 157.20s
[2026-04-20 03:15:38.909] [info]: [10000] begin processing 10000bp matrix...
[2026-04-20 03:15:41.566] [info]: [10000] processing chr1:61520000-61530000 at 3765060 pixels/s (cache hit rate 35.36%)...
[2026-04-20 03:15:44.461] [info]: [10000] processing chr1:129850000-129860000 at 3454231 pixels/s (cache hit rate 32.16%)...
[2026-04-20 03:15:47.340] [info]: [10000] processing chr2:6210000-6220000 at 3473428 pixels/s (cache hit rate 27.72%)...
[2026-04-20 03:15:50.109] [info]: [10000] processing chr2:64400000-64410000 at 3612717 pixels/s (cache hit rate 40.92%)...
[2026-04-20 03:15:52.903] [info]: [10000] processing chr2:133490000-133500000 at 3579098 pixels/s (cache hit rate 32.80%)...
[2026-04-20 03:15:55.870] [info]: [10000] processing chrX:36550000-36560000 at 3371544 pixels/s (cache hit rate 42.44%)...
[2026-04-20 03:15:58.636] [info]: [10000] processing chrX:114840000-114850000 at 3615329 pixels/s (cache hit rate 35.20%)...
[2026-04-20 03:16:01.455] [info]: [10000] processing chr3:36240000-36250000 at 3547357 pixels/s (cache hit rate 43.94%)...
[2026-04-20 03:16:04.361] [info]: [10000] processing chr3:106500000-106510000 at 3441156 pixels/s (cache hit rate 37.32%)...
[2026-04-20 03:16:07.264] [info]: [10000] processing chr4:32450000-32460000 at 3447087 pixels/s (cache hit rate 43.80%)...
[2026-04-20 03:16:10.065] [info]: [10000] processing chr4:109430000-109440000 at 3571429 pixels/s (cache hit rate 40.61%)...
[2026-04-20 03:16:12.985] [info]: [10000] processing chr5:29890000-29900000 at 3424658 pixels/s (cache hit rate 44.40%)...
[2026-04-20 03:16:15.823] [info]: [10000] processing chr5:110870000-110880000 at 3523608 pixels/s (cache hit rate 43.92%)...
[2026-04-20 03:16:18.834] [info]: [10000] processing chr6:34420000-34430000 at 3322259 pixels/s (cache hit rate 49.59%)...
[2026-04-20 03:16:21.736] [info]: [10000] processing chr6:112810000-112820000 at 3444712 pixels/s (cache hit rate 44.65%)...
[2026-04-20 03:16:24.580] [info]: [10000] processing chr7:58080000-58090000 at 3517411 pixels/s (cache hit rate 54.34%)...
[2026-04-20 03:16:27.647] [info]: [10000] processing chr10:4540000-4550000 at 3260515 pixels/s (cache hit rate 36.29%)...
[2026-04-20 03:16:30.371] [info]: [10000] processing chr10:83940000-83950000 at 3672420 pixels/s (cache hit rate 55.29%)...
[2026-04-20 03:16:33.219] [info]: [10000] processing chr8:48160000-48170000 at 3511236 pixels/s (cache hit rate 59.95%)...
[2026-04-20 03:16:36.111] [info]: [10000] processing chr14:21170000-21180000 at 3459011 pixels/s (cache hit rate 57.80%)...
[2026-04-20 03:16:38.981] [info]: [10000] processing chr9:4040000-4050000 at 3485535 pixels/s (cache hit rate 42.55%)...
[2026-04-20 03:16:41.780] [info]: [10000] processing chr9:89580000-89590000 at 3573981 pixels/s (cache hit rate 62.13%)...
[2026-04-20 03:16:44.615] [info]: [10000] processing chr11:63880000-63890000 at 3527337 pixels/s (cache hit rate 66.54%)...
[2026-04-20 03:16:47.451] [info]: [10000] processing chr13:48540000-48550000 at 3527337 pixels/s (cache hit rate 68.35%)...
[2026-04-20 03:16:50.205] [info]: [10000] processing chr12:52990000-53000000 at 3632401 pixels/s (cache hit rate 74.18%)...
[2026-04-20 03:16:53.260] [info]: [10000] processing chr15:68930000-68940000 at 3274394 pixels/s (cache hit rate 76.16%)...
[2026-04-20 03:16:56.217] [info]: [10000] processing chr17:19990000-20000000 at 3382950 pixels/s (cache hit rate 84.18%)...
[2026-04-20 03:16:59.194] [info]: [10000] processing chr19:11060000-11070000 at 3360215 pixels/s (cache hit rate 96.52%)...
[2026-04-20 03:17:00.144] [info]: [10000] processing KR normalization vector...
[2026-04-20 03:17:01.223] [info]: [10000] DONE! Processed 282492602 pixels across 21 chromosomes in 82.31s
[2026-04-20 03:17:01.227] [info]: DONE! Processed 2 resolution(s) in 241.44s!
[2026-04-20 03:17:01.228] [info]: /expanse/lustre/projects/csd940/zalibhai/stripes/StripeCaller/data/hic/250831/ctrl_M1.hic size: 3665.54 MB
[2026-04-20 03:17:01.228] [info]: /expanse/lustre/projects/csd940/zalibhai/stripes/stripenn/data/cool/250831/ctrl_M1.mcool size: 948.65 MB

Conversion complete. Resolutions available:
The following arguments were not expected: /expanse/lustre/projects/csd940/zalibhai/stripes/stripenn/data/cool/250831/ctrl_M1.mcool ls
Run with --help for more information.

5kb/10kb spot check:
{
    "assembly": "/expanse/lustre/projects/csd940/ctea/HiC/restriction_sites/mm10.filtered.chrom.sizes",
    "bin-size": 5000,
    "bin-type": "fixed",
    "cis": 448899338,
    "creation-date": "2026-04-20T10:13:01",
    "format": "HDF5::Cooler",
    "format-url": "https://github.com/open2c/cooler",
    "format-version": 3,
    "generated-by": "hictk-v2.1.4-bioconda",
    "metadata": {},
    "nbins": 545114,
    "nchroms": 21,
    "nnz": 340026870,
    "storage-mode": "symmetric-upper",
    "sum": 580458938
}
{
    "assembly": "/expanse/lustre/projects/csd940/ctea/HiC/restriction_sites/mm10.filtered.chrom.sizes",
    "bin-size": 10000,
    "bin-type": "fixed",
    "cis": 448899338,
    "creation-date": "2026-04-20T10:15:38",
    "format": "HDF5::Cooler",
    "format-url": "https://github.com/open2c/cooler",
    "format-version": 3,
    "generated-by": "hictk-v2.1.4-bioconda",
    "metadata": {},
    "nbins": 272564,
    "nchroms": 21,
    "nnz": 282396301,
    "storage-mode": "symmetric-upper",
    "sum": 580458938
}

End: Mon Apr 20 03:17:03 PDT 2026
===========================================
