===========================================
Stage 0: hic2cool convert
===========================================
Job ID:     48238683
Node:       exp-1-21
CPUs:       8
Memory:     65536 MB
Timepoint:  250402
Sample:     mut_M3
Input:      /expanse/lustre/projects/csd940/zalibhai/stripes/StripeCaller/data/hic/250402/mut_M3.hic
Output:     /expanse/lustre/projects/csd940/zalibhai/stripes/stripenn/data/cool/250402/mut_M3.mcool
Start:      Mon Apr 20 03:12:58 PDT 2026
===========================================
/home/zalibhai/miniforge3/envs/hictk/bin/hictk
hictk-v2.1.4-bioconda
[2026-04-20 03:12:59.858] [info]: Running hictk v2.1.4-bioconda
[2026-04-20 03:12:59.868] [info]: Converting /expanse/lustre/projects/csd940/zalibhai/stripes/StripeCaller/data/hic/250402/mut_M3.hic to /expanse/lustre/projects/csd940/zalibhai/stripes/stripenn/data/cool/250402/mut_M3.mcool (hic -> mcool)...
[2026-04-20 03:13:01.374] [info]: [5000] begin processing 5000bp matrix...
[2026-04-20 03:13:05.823] [info]: [5000] processing chr1:74930000-74935000 at 2248707 pixels/s (cache hit rate 0.00%)...
[2026-04-20 03:13:09.475] [info]: [5000] processing chr1:160895000-160900000 at 2738226 pixels/s (cache hit rate 0.01%)...
[2026-04-20 03:13:13.413] [info]: [5000] processing chr2:43840000-43845000 at 2540650 pixels/s (cache hit rate 0.00%)...
[2026-04-20 03:13:17.608] [info]: [5000] processing chr2:129335000-129340000 at 2383790 pixels/s (cache hit rate 0.00%)...
[2026-04-20 03:13:21.205] [info]: [5000] processing chrX:86795000-86800000 at 2780095 pixels/s (cache hit rate 0.00%)...
[2026-04-20 03:13:25.747] [info]: [5000] processing chr3:50690000-50695000 at 2201673 pixels/s (cache hit rate 0.03%)...
[2026-04-20 03:13:29.725] [info]: [5000] processing chr3:141860000-141865000 at 2514458 pixels/s (cache hit rate 0.02%)...
[2026-04-20 03:13:34.299] [info]: [5000] processing chr4:74940000-74945000 at 2186270 pixels/s (cache hit rate 0.00%)...
[2026-04-20 03:13:37.670] [info]: [5000] processing chr5:11175000-11180000 at 2967359 pixels/s (cache hit rate 0.07%)...
[2026-04-20 03:13:42.103] [info]: [5000] processing chr5:101975000-101980000 at 2255809 pixels/s (cache hit rate 0.00%)...
[2026-04-20 03:13:46.072] [info]: [5000] processing chr6:33350000-33355000 at 2520161 pixels/s (cache hit rate 0.00%)...
[2026-04-20 03:13:50.645] [info]: [5000] processing chr6:122830000-122835000 at 2186748 pixels/s (cache hit rate 0.01%)...
[2026-04-20 03:13:55.246] [info]: [5000] processing chr7:73760000-73765000 at 2173441 pixels/s (cache hit rate 0.00%)...
[2026-04-20 03:13:59.174] [info]: [5000] processing chr10:20740000-20745000 at 2546473 pixels/s (cache hit rate 0.05%)...
[2026-04-20 03:14:03.928] [info]: [5000] processing chr10:118905000-118910000 at 2103049 pixels/s (cache hit rate 0.01%)...
[2026-04-20 03:14:08.716] [info]: [5000] processing chr8:94035000-94040000 at 2088991 pixels/s (cache hit rate 0.00%)...
[2026-04-20 03:14:13.663] [info]: [5000] processing chr14:70025000-70030000 at 2021427 pixels/s (cache hit rate 0.00%)...
[2026-04-20 03:14:18.750] [info]: [5000] processing chr9:49710000-49715000 at 1965795 pixels/s (cache hit rate 0.00%)...
[2026-04-20 03:14:23.300] [info]: [5000] processing chr11:28255000-28260000 at 2197802 pixels/s (cache hit rate 0.00%)...
[2026-04-20 03:14:28.169] [info]: [5000] processing chr13:8650000-8655000 at 2054232 pixels/s (cache hit rate 0.00%)...
[2026-04-20 03:14:33.172] [info]: [5000] processing chr12:7515000-7520000 at 1998801 pixels/s (cache hit rate 0.00%)...
[2026-04-20 03:14:38.242] [info]: [5000] processing chr15:9920000-9925000 at 1972776 pixels/s (cache hit rate 0.00%)...
[2026-04-20 03:14:43.736] [info]: [5000] processing chr16:25255000-25260000 at 1820499 pixels/s (cache hit rate 0.00%)...
[2026-04-20 03:14:49.349] [info]: [5000] processing chr17:65315000-65320000 at 1781578 pixels/s (cache hit rate 0.00%)...
[2026-04-20 03:14:55.640] [info]: [5000] processing chr19:25795000-25800000 at 1589825 pixels/s (cache hit rate 0.00%)...
[2026-04-20 03:14:56.882] [info]: [5000] processing KR normalization vector...
[2026-04-20 03:14:57.903] [info]: [5000] DONE! Processed 251925528 pixels across 21 chromosomes in 116.53s
[2026-04-20 03:14:58.024] [info]: [10000] begin processing 10000bp matrix...
[2026-04-20 03:15:00.270] [info]: [10000] processing chr1:86290000-86300000 at 4454343 pixels/s (cache hit rate 36.72%)...
[2026-04-20 03:15:02.662] [info]: [10000] processing chr1:192260000-192270000 at 4180602 pixels/s (cache hit rate 22.90%)...
[2026-04-20 03:15:05.131] [info]: [10000] processing chr2:80790000-80800000 at 4050223 pixels/s (cache hit rate 37.71%)...
[2026-04-20 03:15:07.545] [info]: [10000] processing chrX:17460000-17470000 at 4144219 pixels/s (cache hit rate 40.91%)...
[2026-04-20 03:15:10.050] [info]: [10000] processing chr3:33070000-33080000 at 3992016 pixels/s (cache hit rate 41.27%)...
[2026-04-20 03:15:12.494] [info]: [10000] processing chr3:136400000-136410000 at 4089980 pixels/s (cache hit rate 35.68%)...
[2026-04-20 03:15:14.893] [info]: [10000] processing chr4:87980000-87990000 at 4170142 pixels/s (cache hit rate 44.76%)...
[2026-04-20 03:15:17.386] [info]: [10000] processing chr5:32490000-32500000 at 4012841 pixels/s (cache hit rate 45.62%)...
[2026-04-20 03:15:19.785] [info]: [10000] processing chr5:138830000-138840000 at 4168404 pixels/s (cache hit rate 38.92%)...
[2026-04-20 03:15:22.252] [info]: [10000] processing chr6:88070000-88080000 at 4055150 pixels/s (cache hit rate 49.18%)...
[2026-04-20 03:15:24.743] [info]: [10000] processing chr7:59770000-59780000 at 4014452 pixels/s (cache hit rate 50.56%)...
[2026-04-20 03:15:27.234] [info]: [10000] processing chr10:21230000-21240000 at 4016064 pixels/s (cache hit rate 50.87%)...
[2026-04-20 03:15:29.738] [info]: [10000] processing chr8:13080000-13090000 at 3993610 pixels/s (cache hit rate 51.65%)...
[2026-04-20 03:15:32.222] [info]: [10000] processing chr14:14900000-14910000 at 4027386 pixels/s (cache hit rate 57.37%)...
[2026-04-20 03:15:34.706] [info]: [10000] processing chr9:20490000-20500000 at 4027386 pixels/s (cache hit rate 58.90%)...
[2026-04-20 03:15:37.150] [info]: [10000] processing chr11:12780000-12790000 at 4093328 pixels/s (cache hit rate 59.41%)...
[2026-04-20 03:15:39.647] [info]: [10000] processing chr13:11720000-11730000 at 4006410 pixels/s (cache hit rate 61.57%)...
[2026-04-20 03:15:42.090] [info]: [10000] processing chr12:33720000-33730000 at 4093328 pixels/s (cache hit rate 73.31%)...
[2026-04-20 03:15:44.538] [info]: [10000] processing chr15:68660000-68670000 at 4086637 pixels/s (cache hit rate 74.87%)...
[2026-04-20 03:15:47.037] [info]: [10000] processing chr17:40870000-40880000 at 4001601 pixels/s (cache hit rate 84.65%)...
[2026-04-20 03:15:49.598] [info]: [10000] processing chr19:44220000-44230000 at 3906250 pixels/s (cache hit rate 98.41%)...
[2026-04-20 03:15:49.869] [info]: [10000] processing KR normalization vector...
[2026-04-20 03:15:50.767] [info]: [10000] DONE! Processed 210453650 pixels across 21 chromosomes in 52.74s
[2026-04-20 03:15:50.774] [info]: DONE! Processed 2 resolution(s) in 170.91s!
[2026-04-20 03:15:50.774] [info]: /expanse/lustre/projects/csd940/zalibhai/stripes/StripeCaller/data/hic/250402/mut_M3.hic size: 2595.16 MB
[2026-04-20 03:15:50.774] [info]: /expanse/lustre/projects/csd940/zalibhai/stripes/stripenn/data/cool/250402/mut_M3.mcool size: 670.56 MB

Conversion complete. Resolutions available:
The following arguments were not expected: /expanse/lustre/projects/csd940/zalibhai/stripes/stripenn/data/cool/250402/mut_M3.mcool ls
Run with --help for more information.

5kb/10kb spot check:
{
    "assembly": "/expanse/lustre/projects/csd940/ctea/HiC/restriction_sites/mm10.filtered.chrom.sizes",
    "bin-size": 5000,
    "bin-type": "fixed",
    "cis": 349546226,
    "creation-date": "2026-04-20T10:13:01",
    "format": "HDF5::Cooler",
    "format-url": "https://github.com/open2c/cooler",
    "format-version": 3,
    "generated-by": "hictk-v2.1.4-bioconda",
    "metadata": {},
    "nbins": 545114,
    "nchroms": 21,
    "nnz": 251912764,
    "storage-mode": "symmetric-upper",
    "sum": 417435909
}
{
    "assembly": "/expanse/lustre/projects/csd940/ctea/HiC/restriction_sites/mm10.filtered.chrom.sizes",
    "bin-size": 10000,
    "bin-type": "fixed",
    "cis": 349546226,
    "creation-date": "2026-04-20T10:14:57",
    "format": "HDF5::Cooler",
    "format-url": "https://github.com/open2c/cooler",
    "format-version": 3,
    "generated-by": "hictk-v2.1.4-bioconda",
    "metadata": {},
    "nbins": 272564,
    "nchroms": 21,
    "nnz": 210426825,
    "storage-mode": "symmetric-upper",
    "sum": 417435909
}

End: Mon Apr 20 03:15:53 PDT 2026
===========================================
