===========================================
Stage 0: hic2cool convert
===========================================
Job ID:     48238676
Node:       exp-8-54
CPUs:       8
Memory:     65536 MB
Timepoint:  250831
Sample:     mut_merged
Input:      /expanse/lustre/projects/csd940/zalibhai/stripes/StripeCaller/data/hic/250831/mut_merged.hic
Output:     /expanse/lustre/projects/csd940/zalibhai/stripes/stripenn/data/cool/250831/mut_merged.mcool
Start:      Mon Apr 20 03:12:58 PDT 2026
===========================================
/home/zalibhai/miniforge3/envs/hictk/bin/hictk
hictk-v2.1.4-bioconda
[2026-04-20 03:12:59.993] [info]: Running hictk v2.1.4-bioconda
[2026-04-20 03:12:59.995] [info]: Converting /expanse/lustre/projects/csd940/zalibhai/stripes/StripeCaller/data/hic/250831/mut_merged.hic to /expanse/lustre/projects/csd940/zalibhai/stripes/stripenn/data/cool/250831/mut_merged.mcool (hic -> mcool)...
[2026-04-20 03:13:02.591] [info]: [5000] begin processing 5000bp matrix...
[2026-04-20 03:13:07.450] [info]: [5000] processing chr1:22075000-22080000 at 2058884 pixels/s (cache hit rate 0.00%)...
[2026-04-20 03:13:11.755] [info]: [5000] processing chr1:40035000-40040000 at 2322880 pixels/s (cache hit rate 0.00%)...
[2026-04-20 03:13:16.086] [info]: [5000] processing chr1:59990000-59995000 at 2308936 pixels/s (cache hit rate 0.00%)...
[2026-04-20 03:13:19.745] [info]: [5000] processing chr1:78595000-78600000 at 2733734 pixels/s (cache hit rate 0.00%)...
[2026-04-20 03:13:23.152] [info]: [5000] processing chr1:96855000-96860000 at 2935134 pixels/s (cache hit rate 0.00%)...
[2026-04-20 03:13:27.341] [info]: [5000] processing chr1:123850000-123855000 at 2387205 pixels/s (cache hit rate 0.00%)...
[2026-04-20 03:13:30.659] [info]: [5000] processing chr1:144510000-144515000 at 3014772 pixels/s (cache hit rate 0.00%)...
[2026-04-20 03:13:33.926] [info]: [5000] processing chr1:167355000-167360000 at 3060912 pixels/s (cache hit rate 0.00%)...
[2026-04-20 03:13:36.808] [info]: [5000] processing chr1:188965000-188970000 at 3471017 pixels/s (cache hit rate 0.00%)...
[2026-04-20 03:13:40.929] [info]: [5000] processing chr2:13590000-13595000 at 2427184 pixels/s (cache hit rate 0.00%)...
[2026-04-20 03:13:45.452] [info]: [5000] processing chr2:29770000-29775000 at 2210922 pixels/s (cache hit rate 0.00%)...
[2026-04-20 03:13:49.222] [info]: [5000] processing chr2:47150000-47155000 at 2652520 pixels/s (cache hit rate 0.00%)...
[2026-04-20 03:13:53.588] [info]: [5000] processing chr2:69100000-69105000 at 2290951 pixels/s (cache hit rate 0.00%)...
[2026-04-20 03:13:57.214] [info]: [5000] processing chr2:90905000-90910000 at 2758621 pixels/s (cache hit rate 0.00%)...
[2026-04-20 03:14:00.662] [info]: [5000] processing chr2:113800000-113805000 at 2900232 pixels/s (cache hit rate 0.00%)...
[2026-04-20 03:14:03.826] [info]: [5000] processing chr2:133085000-133090000 at 3161555 pixels/s (cache hit rate 0.00%)...
[2026-04-20 03:14:06.616] [info]: [5000] processing chr2:155790000-155795000 at 3584229 pixels/s (cache hit rate 0.00%)...
[2026-04-20 03:14:09.707] [info]: [5000] processing chr2:174765000-174770000 at 3236246 pixels/s (cache hit rate 0.00%)...
[2026-04-20 03:14:13.824] [info]: [5000] processing chrX:21075000-21080000 at 2428953 pixels/s (cache hit rate 0.00%)...
[2026-04-20 03:14:18.894] [info]: [5000] processing chrX:55585000-55590000 at 1972387 pixels/s (cache hit rate 0.00%)...
[2026-04-20 03:14:23.583] [info]: [5000] processing chrX:83935000-83940000 at 2133106 pixels/s (cache hit rate 0.00%)...
[2026-04-20 03:14:27.465] [info]: [5000] processing chrX:109240000-109245000 at 2575992 pixels/s (cache hit rate 0.00%)...
[2026-04-20 03:14:30.930] [info]: [5000] processing chrX:146210000-146215000 at 2886836 pixels/s (cache hit rate 0.00%)...
[2026-04-20 03:14:34.545] [info]: [5000] processing chr3:11020000-11025000 at 2767017 pixels/s (cache hit rate 0.00%)...
[2026-04-20 03:14:39.255] [info]: [5000] processing chr3:33320000-33325000 at 2123142 pixels/s (cache hit rate 0.08%)...
[2026-04-20 03:14:44.111] [info]: [5000] processing chr3:55250000-55255000 at 2059732 pixels/s (cache hit rate 0.00%)...
[2026-04-20 03:14:48.671] [info]: [5000] processing chr3:80200000-80205000 at 2192982 pixels/s (cache hit rate 0.08%)...
[2026-04-20 03:14:52.172] [info]: [5000] processing chr3:100840000-100845000 at 2857143 pixels/s (cache hit rate 0.00%)...
[2026-04-20 03:14:55.441] [info]: [5000] processing chr3:125550000-125555000 at 3059039 pixels/s (cache hit rate 0.00%)...
[2026-04-20 03:14:58.495] [info]: [5000] processing chr3:154335000-154340000 at 3274394 pixels/s (cache hit rate 0.04%)...
[2026-04-20 03:15:03.168] [info]: [5000] processing chr4:21955000-21960000 at 2140411 pixels/s (cache hit rate 0.00%)...
[2026-04-20 03:15:08.277] [info]: [5000] processing chr4:45260000-45265000 at 1957713 pixels/s (cache hit rate 0.00%)...
[2026-04-20 03:15:12.311] [info]: [5000] processing chr4:66605000-66610000 at 2478929 pixels/s (cache hit rate 0.00%)...
[2026-04-20 03:15:16.594] [info]: [5000] processing chr4:95865000-95870000 at 2334812 pixels/s (cache hit rate 0.00%)...
[2026-04-20 03:15:20.013] [info]: [5000] processing chr4:119120000-119125000 at 2924832 pixels/s (cache hit rate 0.00%)...
[2026-04-20 03:15:23.350] [info]: [5000] processing chr4:138320000-138325000 at 2997602 pixels/s (cache hit rate 0.00%)...
[2026-04-20 03:15:26.891] [info]: [5000] processing chr5:8550000-8555000 at 2824859 pixels/s (cache hit rate 0.10%)...
[2026-04-20 03:15:31.709] [info]: [5000] processing chr5:29975000-29980000 at 2075550 pixels/s (cache hit rate 0.00%)...
[2026-04-20 03:15:35.782] [info]: [5000] processing chr5:49915000-49920000 at 2455193 pixels/s (cache hit rate 0.00%)...
[2026-04-20 03:15:39.857] [info]: [5000] processing chr5:76030000-76035000 at 2453988 pixels/s (cache hit rate 0.00%)...
[2026-04-20 03:15:43.524] [info]: [5000] processing chr5:106260000-106265000 at 2727025 pixels/s (cache hit rate 0.00%)...
[2026-04-20 03:15:46.619] [info]: [5000] processing chr5:125615000-125620000 at 3231018 pixels/s (cache hit rate 0.00%)...
[2026-04-20 03:15:49.555] [info]: [5000] processing chr5:148465000-148470000 at 3405995 pixels/s (cache hit rate 0.11%)...
[2026-04-20 03:15:54.294] [info]: [5000] processing chr6:23870000-23875000 at 2110595 pixels/s (cache hit rate 0.00%)...
[2026-04-20 03:15:58.997] [info]: [5000] processing chr6:44035000-44040000 at 2126302 pixels/s (cache hit rate 0.00%)...
[2026-04-20 03:16:03.911] [info]: [5000] processing chr6:67775000-67780000 at 2035416 pixels/s (cache hit rate 0.05%)...
[2026-04-20 03:16:08.166] [info]: [5000] processing chr6:91785000-91790000 at 2350176 pixels/s (cache hit rate 0.00%)...
[2026-04-20 03:16:11.580] [info]: [5000] processing chr6:118695000-118700000 at 2929974 pixels/s (cache hit rate 0.00%)...
[2026-04-20 03:16:14.797] [info]: [5000] processing chr7:4495000-4500000 at 3109453 pixels/s (cache hit rate 0.00%)...
[2026-04-20 03:16:19.803] [info]: [5000] processing chr7:34135000-34140000 at 1997603 pixels/s (cache hit rate 0.00%)...
[2026-04-20 03:16:24.471] [info]: [5000] processing chr7:58290000-58295000 at 2142245 pixels/s (cache hit rate 0.00%)...
[2026-04-20 03:16:28.478] [info]: [5000] processing chr7:82125000-82130000 at 2496256 pixels/s (cache hit rate 0.00%)...
[2026-04-20 03:16:32.280] [info]: [5000] processing chr7:114600000-114605000 at 2630195 pixels/s (cache hit rate 0.00%)...
[2026-04-20 03:16:35.377] [info]: [5000] processing chr7:138310000-138315000 at 3228931 pixels/s (cache hit rate 0.00%)...
[2026-04-20 03:16:40.176] [info]: [5000] processing chr10:18880000-18885000 at 2084202 pixels/s (cache hit rate 0.06%)...
[2026-04-20 03:16:45.769] [info]: [5000] processing chr10:43445000-43450000 at 1788269 pixels/s (cache hit rate 0.00%)...
[2026-04-20 03:16:50.592] [info]: [5000] processing chr10:69935000-69940000 at 2073398 pixels/s (cache hit rate 0.00%)...
[2026-04-20 03:16:54.298] [info]: [5000] processing chr10:96015000-96020000 at 2699055 pixels/s (cache hit rate 0.11%)...
[2026-04-20 03:16:58.025] [info]: [5000] processing chr8:4790000-4795000 at 2683123 pixels/s (cache hit rate 0.00%)...
[2026-04-20 03:17:03.134] [info]: [5000] processing chr8:27605000-27610000 at 1957713 pixels/s (cache hit rate 0.00%)...
[2026-04-20 03:17:08.364] [info]: [5000] processing chr8:57760000-57765000 at 1912046 pixels/s (cache hit rate 0.00%)...
[2026-04-20 03:17:12.758] [info]: [5000] processing chr8:88215000-88220000 at 2275831 pixels/s (cache hit rate 0.00%)...
[2026-04-20 03:17:16.073] [info]: [5000] processing chr8:117490000-117495000 at 3017502 pixels/s (cache hit rate 0.06%)...
[2026-04-20 03:17:20.916] [info]: [5000] processing chr14:21150000-21155000 at 2065262 pixels/s (cache hit rate 0.00%)...
[2026-04-20 03:17:25.978] [info]: [5000] processing chr14:47700000-47705000 at 1975894 pixels/s (cache hit rate 0.00%)...
[2026-04-20 03:17:30.117] [info]: [5000] processing chr14:75050000-75055000 at 2416043 pixels/s (cache hit rate 0.00%)...
[2026-04-20 03:17:33.983] [info]: [5000] processing chr14:118020000-118025000 at 2587322 pixels/s (cache hit rate 0.00%)...
[2026-04-20 03:17:39.384] [info]: [5000] processing chr9:24775000-24780000 at 1851509 pixels/s (cache hit rate 0.00%)...
[2026-04-20 03:17:44.750] [info]: [5000] processing chr9:47770000-47775000 at 1863933 pixels/s (cache hit rate 0.00%)...
[2026-04-20 03:17:49.089] [info]: [5000] processing chr9:72370000-72375000 at 2304678 pixels/s (cache hit rate 0.00%)...
[2026-04-20 03:17:53.052] [info]: [5000] processing chr9:106325000-106330000 at 2523978 pixels/s (cache hit rate 0.00%)...
[2026-04-20 03:17:56.854] [info]: [5000] processing chr11:14140000-14145000 at 2630195 pixels/s (cache hit rate 0.00%)...
[2026-04-20 03:18:02.324] [info]: [5000] processing chr11:42765000-42770000 at 1828488 pixels/s (cache hit rate 0.00%)...
[2026-04-20 03:18:07.257] [info]: [5000] processing chr11:68635000-68640000 at 2027164 pixels/s (cache hit rate 0.00%)...
[2026-04-20 03:18:11.179] [info]: [5000] processing chr11:99325000-99330000 at 2550370 pixels/s (cache hit rate 0.00%)...
[2026-04-20 03:18:15.360] [info]: [5000] processing chr13:15035000-15040000 at 2391772 pixels/s (cache hit rate 0.00%)...
[2026-04-20 03:18:21.473] [info]: [5000] processing chr13:44200000-44205000 at 1635858 pixels/s (cache hit rate 0.00%)...
[2026-04-20 03:18:26.240] [info]: [5000] processing chr13:80960000-80965000 at 2098196 pixels/s (cache hit rate 0.00%)...
[2026-04-20 03:18:30.772] [info]: [5000] processing chr12:7930000-7935000 at 2207018 pixels/s (cache hit rate 0.00%)...
[2026-04-20 03:18:37.040] [info]: [5000] processing chr12:41025000-41030000 at 1595405 pixels/s (cache hit rate 0.00%)...
[2026-04-20 03:18:42.603] [info]: [5000] processing chr12:79975000-79980000 at 1797914 pixels/s (cache hit rate 0.00%)...
[2026-04-20 03:18:46.885] [info]: [5000] processing chr15:9380000-9385000 at 2335903 pixels/s (cache hit rate 0.00%)...
[2026-04-20 03:18:53.145] [info]: [5000] processing chr15:48080000-48085000 at 1597444 pixels/s (cache hit rate 0.00%)...
[2026-04-20 03:18:58.260] [info]: [5000] processing chr15:90730000-90735000 at 1955034 pixels/s (cache hit rate 0.00%)...
[2026-04-20 03:19:04.029] [info]: [5000] processing chr16:27585000-27590000 at 1733703 pixels/s (cache hit rate 0.00%)...
[2026-04-20 03:19:09.955] [info]: [5000] processing chr16:76470000-76475000 at 1687764 pixels/s (cache hit rate 0.00%)...
[2026-04-20 03:19:15.977] [info]: [5000] processing chr17:30865000-30870000 at 1660578 pixels/s (cache hit rate 0.00%)...
[2026-04-20 03:19:22.247] [info]: [5000] processing chr17:81060000-81065000 at 1595151 pixels/s (cache hit rate 0.00%)...
[2026-04-20 03:19:29.212] [info]: [5000] processing chr18:37140000-37145000 at 1435956 pixels/s (cache hit rate 0.00%)...
[2026-04-20 03:19:35.568] [info]: [5000] processing chr19:10620000-10625000 at 1573317 pixels/s (cache hit rate 0.00%)...
[2026-04-20 03:19:41.830] [info]: [5000] processing KR normalization vector...
[2026-04-20 03:19:43.072] [info]: [5000] DONE! Processed 907990262 pixels across 21 chromosomes in 400.48s
[2026-04-20 03:19:43.350] [info]: [10000] begin processing 10000bp matrix...
[2026-04-20 03:19:46.151] [info]: [10000] processing chr1:24290000-24300000 at 3572705 pixels/s (cache hit rate 33.52%)...
[2026-04-20 03:19:49.302] [info]: [10000] processing chr1:44720000-44730000 at 3173596 pixels/s (cache hit rate 38.68%)...
[2026-04-20 03:19:52.408] [info]: [10000] processing chr1:67490000-67500000 at 3220612 pixels/s (cache hit rate 39.69%)...
[2026-04-20 03:19:55.992] [info]: [10000] processing chr1:88390000-88400000 at 2790179 pixels/s (cache hit rate 28.28%)...
[2026-04-20 03:19:58.614] [info]: [10000] processing chr1:116960000-116970000 at 3815338 pixels/s (cache hit rate 38.92%)...
[2026-04-20 03:20:01.845] [info]: [10000] processing chr1:139370000-139380000 at 3095017 pixels/s (cache hit rate 21.88%)...
[2026-04-20 03:20:05.080] [info]: [10000] processing chr1:167350000-167360000 at 3091190 pixels/s (cache hit rate 19.66%)...
[2026-04-20 03:20:08.225] [info]: [10000] processing chr1:191540000-191550000 at 3180662 pixels/s (cache hit rate 13.71%)...
[2026-04-20 03:20:11.440] [info]: [10000] processing chr2:18820000-18830000 at 3111388 pixels/s (cache hit rate 40.25%)...
[2026-04-20 03:20:14.989] [info]: [10000] processing chr2:34860000-34870000 at 2818489 pixels/s (cache hit rate 35.05%)...
[2026-04-20 03:20:18.373] [info]: [10000] processing chr2:58770000-58780000 at 2955083 pixels/s (cache hit rate 35.17%)...
[2026-04-20 03:20:21.399] [info]: [10000] processing chr2:81700000-81710000 at 3305785 pixels/s (cache hit rate 41.85%)...
[2026-04-20 03:20:24.679] [info]: [10000] processing chr2:109400000-109410000 at 3049710 pixels/s (cache hit rate 31.08%)...
[2026-04-20 03:20:28.006] [info]: [10000] processing chr2:132940000-132950000 at 3005711 pixels/s (cache hit rate 32.36%)...
[2026-04-20 03:20:31.549] [info]: [10000] processing chr2:158150000-158160000 at 2823264 pixels/s (cache hit rate 19.14%)...
[2026-04-20 03:20:35.253] [info]: [10000] processing chrX:6050000-6060000 at 2700513 pixels/s (cache hit rate 32.25%)...
[2026-04-20 03:20:38.196] [info]: [10000] processing chrX:40130000-40140000 at 3397893 pixels/s (cache hit rate 40.75%)...
[2026-04-20 03:20:41.142] [info]: [10000] processing chrX:71760000-71770000 at 3394433 pixels/s (cache hit rate 43.35%)...
[2026-04-20 03:20:44.225] [info]: [10000] processing chrX:101830000-101840000 at 3243594 pixels/s (cache hit rate 35.59%)...
[2026-04-20 03:20:47.375] [info]: [10000] processing chrX:142370000-142380000 at 3175611 pixels/s (cache hit rate 28.48%)...
[2026-04-20 03:20:50.679] [info]: [10000] processing chr3:12480000-12490000 at 3026634 pixels/s (cache hit rate 34.89%)...
[2026-04-20 03:20:53.707] [info]: [10000] processing chr3:37230000-37240000 at 3302510 pixels/s (cache hit rate 51.47%)...
[2026-04-20 03:20:56.833] [info]: [10000] processing chr3:63950000-63960000 at 3198976 pixels/s (cache hit rate 41.35%)...
[2026-04-20 03:21:00.035] [info]: [10000] processing chr3:90370000-90380000 at 3124024 pixels/s (cache hit rate 35.73%)...
[2026-04-20 03:21:03.423] [info]: [10000] processing chr3:116850000-116860000 at 2951594 pixels/s (cache hit rate 30.84%)...
[2026-04-20 03:21:06.421] [info]: [10000] processing chr3:150510000-150520000 at 3336670 pixels/s (cache hit rate 24.43%)...
[2026-04-20 03:21:09.622] [info]: [10000] processing chr4:22640000-22650000 at 3125000 pixels/s (cache hit rate 41.48%)...
[2026-04-20 03:21:12.641] [info]: [10000] processing chr4:48330000-48340000 at 3312355 pixels/s (cache hit rate 54.40%)...
[2026-04-20 03:21:15.757] [info]: [10000] processing chr4:78710000-78720000 at 3210273 pixels/s (cache hit rate 35.66%)...
[2026-04-20 03:21:18.717] [info]: [10000] processing chr4:108180000-108190000 at 3378378 pixels/s (cache hit rate 36.20%)...
[2026-04-20 03:21:21.820] [info]: [10000] processing chr4:133650000-133660000 at 3223727 pixels/s (cache hit rate 33.83%)...
[2026-04-20 03:21:25.191] [info]: [10000] processing chr5:5190000-5200000 at 2965599 pixels/s (cache hit rate 31.53%)...
[2026-04-20 03:21:28.387] [info]: [10000] processing chr5:30120000-30130000 at 3128911 pixels/s (cache hit rate 47.49%)...
[2026-04-20 03:21:31.119] [info]: [10000] processing chr5:53670000-53680000 at 3661662 pixels/s (cache hit rate 53.37%)...
[2026-04-20 03:21:34.168] [info]: [10000] processing chr5:88720000-88730000 at 3279764 pixels/s (cache hit rate 39.74%)...
[2026-04-20 03:21:37.342] [info]: [10000] processing chr5:116730000-116740000 at 3151592 pixels/s (cache hit rate 34.00%)...
[2026-04-20 03:21:40.548] [info]: [10000] processing chr5:140450000-140460000 at 3120125 pixels/s (cache hit rate 28.71%)...
[2026-04-20 03:21:43.798] [info]: [10000] processing chr6:20380000-20390000 at 3076923 pixels/s (cache hit rate 44.19%)...
[2026-04-20 03:21:46.597] [info]: [10000] processing chr6:44360000-44370000 at 3573981 pixels/s (cache hit rate 57.38%)...
[2026-04-20 03:21:49.480] [info]: [10000] processing chr6:72660000-72670000 at 3469813 pixels/s (cache hit rate 45.31%)...
[2026-04-20 03:21:52.589] [info]: [10000] processing chr6:100910000-100920000 at 3216468 pixels/s (cache hit rate 40.83%)...
[2026-04-20 03:21:55.705] [info]: [10000] processing chr6:136840000-136850000 at 3210273 pixels/s (cache hit rate 34.83%)...
[2026-04-20 03:21:58.805] [info]: [10000] processing chr7:28120000-28130000 at 3225806 pixels/s (cache hit rate 54.44%)...
[2026-04-20 03:22:02.087] [info]: [10000] processing chr7:57190000-57200000 at 3046923 pixels/s (cache hit rate 53.39%)...
[2026-04-20 03:22:05.295] [info]: [10000] processing chr7:86510000-86520000 at 3117207 pixels/s (cache hit rate 46.50%)...
[2026-04-20 03:22:08.473] [info]: [10000] processing chr7:122590000-122600000 at 3147624 pixels/s (cache hit rate 35.50%)...
[2026-04-20 03:22:11.899] [info]: [10000] processing chr10:7170000-7180000 at 2919708 pixels/s (cache hit rate 48.67%)...
[2026-04-20 03:22:15.023] [info]: [10000] processing chr10:35900000-35910000 at 3202049 pixels/s (cache hit rate 58.83%)...
[2026-04-20 03:22:18.326] [info]: [10000] processing chr10:66940000-66950000 at 3027551 pixels/s (cache hit rate 46.53%)...
[2026-04-20 03:22:21.383] [info]: [10000] processing chr10:98150000-98160000 at 3272251 pixels/s (cache hit rate 46.14%)...
[2026-04-20 03:22:24.710] [info]: [10000] processing chr8:11330000-11340000 at 3006615 pixels/s (cache hit rate 47.70%)...
[2026-04-20 03:22:27.807] [info]: [10000] processing chr8:40080000-40090000 at 3229974 pixels/s (cache hit rate 60.38%)...
[2026-04-20 03:22:31.100] [info]: [10000] processing chr8:79690000-79700000 at 3036745 pixels/s (cache hit rate 53.77%)...
[2026-04-20 03:22:33.982] [info]: [10000] processing chr8:114730000-114740000 at 3469813 pixels/s (cache hit rate 45.27%)...
[2026-04-20 03:22:37.185] [info]: [10000] processing chr14:22880000-22890000 at 3122073 pixels/s (cache hit rate 59.11%)...
[2026-04-20 03:22:40.185] [info]: [10000] processing chr14:55760000-55770000 at 3333333 pixels/s (cache hit rate 63.03%)...
[2026-04-20 03:22:43.325] [info]: [10000] processing chr14:94290000-94300000 at 3185728 pixels/s (cache hit rate 51.79%)...
[2026-04-20 03:22:46.644] [info]: [10000] processing chr9:20080000-20090000 at 3012956 pixels/s (cache hit rate 58.52%)...
[2026-04-20 03:22:49.543] [info]: [10000] processing chr9:46680000-46690000 at 3450656 pixels/s (cache hit rate 71.71%)...
[2026-04-20 03:22:52.825] [info]: [10000] processing chr9:76900000-76910000 at 3046923 pixels/s (cache hit rate 52.86%)...
[2026-04-20 03:22:55.744] [info]: [10000] processing chr9:120190000-120200000 at 3427005 pixels/s (cache hit rate 44.96%)...
[2026-04-20 03:22:59.004] [info]: [10000] processing chr11:31480000-31490000 at 3067485 pixels/s (cache hit rate 64.86%)...
[2026-04-20 03:23:02.196] [info]: [10000] processing chr11:64430000-64440000 at 3133814 pixels/s (cache hit rate 66.87%)...
[2026-04-20 03:23:05.495] [info]: [10000] processing chr11:103170000-103180000 at 3031222 pixels/s (cache hit rate 55.21%)...
[2026-04-20 03:23:08.696] [info]: [10000] processing chr13:24850000-24860000 at 3125000 pixels/s (cache hit rate 70.03%)...
[2026-04-20 03:23:11.889] [info]: [10000] processing chr13:63840000-63850000 at 3132832 pixels/s (cache hit rate 69.30%)...
[2026-04-20 03:23:14.914] [info]: [10000] processing chr12:5270000-5280000 at 3306878 pixels/s (cache hit rate 59.67%)...
[2026-04-20 03:23:17.947] [info]: [10000] processing chr12:48390000-48400000 at 3298153 pixels/s (cache hit rate 74.03%)...
[2026-04-20 03:23:21.140] [info]: [10000] processing chr12:102500000-102510000 at 3131851 pixels/s (cache hit rate 64.53%)...
[2026-04-20 03:23:24.155] [info]: [10000] processing chr15:39290000-39300000 at 3317850 pixels/s (cache hit rate 75.83%)...
[2026-04-20 03:23:27.157] [info]: [10000] processing chr15:100040000-100050000 at 3332223 pixels/s (cache hit rate 69.41%)...
[2026-04-20 03:23:30.237] [info]: [10000] processing chr16:46940000-46950000 at 3247808 pixels/s (cache hit rate 82.37%)...
[2026-04-20 03:23:33.314] [info]: [10000] processing chr17:24470000-24480000 at 3249919 pixels/s (cache hit rate 85.53%)...
[2026-04-20 03:23:36.547] [info]: [10000] processing chr18:7200000-7210000 at 3094059 pixels/s (cache hit rate 89.39%)...
[2026-04-20 03:23:39.881] [info]: [10000] processing chr18:74820000-74830000 at 3000300 pixels/s (cache hit rate 94.43%)...
[2026-04-20 03:23:42.420] [info]: [10000] processing KR normalization vector...
[2026-04-20 03:23:43.666] [info]: [10000] DONE! Processed 756894546 pixels across 21 chromosomes in 240.31s
[2026-04-20 03:23:43.668] [info]: DONE! Processed 2 resolution(s) in 643.67s!
[2026-04-20 03:23:43.668] [info]: /expanse/lustre/projects/csd940/zalibhai/stripes/StripeCaller/data/hic/250831/mut_merged.hic size: 8677.84 MB
[2026-04-20 03:23:43.669] [info]: /expanse/lustre/projects/csd940/zalibhai/stripes/stripenn/data/cool/250831/mut_merged.mcool size: 2378.75 MB

Conversion complete. Resolutions available:
The following arguments were not expected: /expanse/lustre/projects/csd940/zalibhai/stripes/stripenn/data/cool/250831/mut_merged.mcool ls
Run with --help for more information.

5kb/10kb spot check:
{
    "assembly": "/expanse/lustre/projects/csd940/ctea/HiC/restriction_sites/mm10.filtered.chrom.sizes",
    "bin-size": 5000,
    "bin-type": "fixed",
    "cis": 1305191768,
    "creation-date": "2026-04-20T10:13:02",
    "format": "HDF5::Cooler",
    "format-url": "https://github.com/open2c/cooler",
    "format-version": 3,
    "generated-by": "hictk-v2.1.4-bioconda",
    "metadata": {},
    "nbins": 545114,
    "nchroms": 21,
    "nnz": 907945131,
    "storage-mode": "symmetric-upper",
    "sum": 1731101552
}
{
    "assembly": "/expanse/lustre/projects/csd940/ctea/HiC/restriction_sites/mm10.filtered.chrom.sizes",
    "bin-size": 10000,
    "bin-type": "fixed",
    "cis": 1305191768,
    "creation-date": "2026-04-20T10:19:43",
    "format": "HDF5::Cooler",
    "format-url": "https://github.com/open2c/cooler",
    "format-version": 3,
    "generated-by": "hictk-v2.1.4-bioconda",
    "metadata": {},
    "nbins": 272564,
    "nchroms": 21,
    "nnz": 756847273,
    "storage-mode": "symmetric-upper",
    "sum": 1731101552
}

End: Mon Apr 20 03:23:46 PDT 2026
===========================================
