===========================================
Stage 0: hic2cool convert
===========================================
Job ID:     48238681
Node:       exp-5-43
CPUs:       8
Memory:     65536 MB
Timepoint:  250402
Sample:     mut_M1
Input:      /expanse/lustre/projects/csd940/zalibhai/stripes/StripeCaller/data/hic/250402/mut_M1.hic
Output:     /expanse/lustre/projects/csd940/zalibhai/stripes/stripenn/data/cool/250402/mut_M1.mcool
Start:      Mon Apr 20 03:12:58 PDT 2026
===========================================
/home/zalibhai/miniforge3/envs/hictk/bin/hictk
hictk-v2.1.4-bioconda
[2026-04-20 03:12:59.831] [info]: Running hictk v2.1.4-bioconda
[2026-04-20 03:12:59.832] [info]: Converting /expanse/lustre/projects/csd940/zalibhai/stripes/StripeCaller/data/hic/250402/mut_M1.hic to /expanse/lustre/projects/csd940/zalibhai/stripes/stripenn/data/cool/250402/mut_M1.mcool (hic -> mcool)...
[2026-04-20 03:13:01.501] [info]: [5000] begin processing 5000bp matrix...
[2026-04-20 03:13:06.328] [info]: [5000] processing chr1:64775000-64780000 at 2072109 pixels/s (cache hit rate 0.00%)...
[2026-04-20 03:13:10.245] [info]: [5000] processing chr1:140050000-140055000 at 2553626 pixels/s (cache hit rate 0.00%)...
[2026-04-20 03:13:14.172] [info]: [5000] processing chr2:22855000-22860000 at 2546473 pixels/s (cache hit rate 0.00%)...
[2026-04-20 03:13:18.967] [info]: [5000] processing chr2:90885000-90890000 at 2085506 pixels/s (cache hit rate 0.00%)...
[2026-04-20 03:13:22.679] [info]: [5000] processing chr2:169505000-169510000 at 2694691 pixels/s (cache hit rate 0.00%)...
[2026-04-20 03:13:27.137] [info]: [5000] processing chrX:157940000-157945000 at 2243158 pixels/s (cache hit rate 0.01%)...
[2026-04-20 03:13:32.265] [info]: [5000] processing chr3:65125000-65130000 at 1950458 pixels/s (cache hit rate 0.03%)...
[2026-04-20 03:13:36.333] [info]: [5000] processing chr3:149545000-149550000 at 2458815 pixels/s (cache hit rate 0.04%)...
[2026-04-20 03:13:41.339] [info]: [5000] processing chr4:67335000-67340000 at 1997603 pixels/s (cache hit rate 0.00%)...
[2026-04-20 03:13:45.106] [info]: [5000] processing chr4:151530000-151535000 at 2654632 pixels/s (cache hit rate 0.00%)...
[2026-04-20 03:13:50.013] [info]: [5000] processing chr5:72565000-72570000 at 2038736 pixels/s (cache hit rate 0.01%)...
[2026-04-20 03:13:54.052] [info]: [5000] processing chr6:8345000-8350000 at 2475860 pixels/s (cache hit rate 0.00%)...
[2026-04-20 03:13:59.593] [info]: [5000] processing chr6:80830000-80835000 at 1805054 pixels/s (cache hit rate 0.01%)...
[2026-04-20 03:14:04.007] [info]: [5000] processing chr7:29850000-29855000 at 2265519 pixels/s (cache hit rate 0.00%)...
[2026-04-20 03:14:08.826] [info]: [5000] processing chr7:114800000-114805000 at 2074689 pixels/s (cache hit rate 0.00%)...
[2026-04-20 03:14:14.004] [info]: [5000] processing chr10:48485000-48490000 at 1931621 pixels/s (cache hit rate 0.02%)...
[2026-04-20 03:14:18.823] [info]: [5000] processing chr8:14340000-14345000 at 2075119 pixels/s (cache hit rate 0.00%)...
[2026-04-20 03:14:24.135] [info]: [5000] processing chr8:106950000-106955000 at 1882885 pixels/s (cache hit rate 0.00%)...
[2026-04-20 03:14:29.439] [info]: [5000] processing chr14:69225000-69230000 at 1885370 pixels/s (cache hit rate 0.00%)...
[2026-04-20 03:14:34.962] [info]: [5000] processing chr9:40240000-40245000 at 1810938 pixels/s (cache hit rate 0.00%)...
[2026-04-20 03:14:39.725] [info]: [5000] processing chr11:10210000-10215000 at 2099517 pixels/s (cache hit rate 0.00%)...
[2026-04-20 03:14:45.279] [info]: [5000] processing chr11:89975000-89980000 at 1800828 pixels/s (cache hit rate 0.00%)...
[2026-04-20 03:14:50.784] [info]: [5000] processing chr13:67060000-67065000 at 1816530 pixels/s (cache hit rate 0.00%)...
[2026-04-20 03:14:56.376] [info]: [5000] processing chr12:56310000-56315000 at 1788589 pixels/s (cache hit rate 0.00%)...
[2026-04-20 03:15:01.778] [info]: [5000] processing chr15:46970000-46975000 at 1851509 pixels/s (cache hit rate 0.00%)...
[2026-04-20 03:15:07.524] [info]: [5000] processing chr16:54320000-54325000 at 1740341 pixels/s (cache hit rate 0.00%)...
[2026-04-20 03:15:13.484] [info]: [5000] processing chr17:88360000-88365000 at 1678416 pixels/s (cache hit rate 0.00%)...
[2026-04-20 03:15:20.580] [info]: [5000] processing chr19:28885000-28890000 at 1409443 pixels/s (cache hit rate 0.00%)...
[2026-04-20 03:15:21.776] [info]: [5000] processing KR normalization vector...
[2026-04-20 03:15:22.793] [info]: [5000] DONE! Processed 281851092 pixels across 21 chromosomes in 141.29s
[2026-04-20 03:15:22.935] [info]: [10000] begin processing 10000bp matrix...
[2026-04-20 03:15:25.273] [info]: [10000] processing chr1:75290000-75300000 at 4278990 pixels/s (cache hit rate 36.28%)...
[2026-04-20 03:15:27.817] [info]: [10000] processing chr1:165480000-165490000 at 3930818 pixels/s (cache hit rate 28.25%)...
[2026-04-20 03:15:30.532] [info]: [10000] processing chr2:50580000-50590000 at 3684598 pixels/s (cache hit rate 37.03%)...
[2026-04-20 03:15:33.143] [info]: [10000] processing chr2:139890000-139900000 at 3829950 pixels/s (cache hit rate 33.43%)...
[2026-04-20 03:15:35.806] [info]: [10000] processing chrX:115840000-115850000 at 3755163 pixels/s (cache hit rate 37.08%)...
[2026-04-20 03:15:38.462] [info]: [10000] processing chr3:61770000-61780000 at 3765060 pixels/s (cache hit rate 42.27%)...
[2026-04-20 03:15:41.152] [info]: [10000] processing chr4:6570000-6580000 at 3718855 pixels/s (cache hit rate 36.76%)...
[2026-04-20 03:15:43.729] [info]: [10000] processing chr4:97240000-97250000 at 3880481 pixels/s (cache hit rate 44.69%)...
[2026-04-20 03:15:46.439] [info]: [10000] processing chr5:31340000-31350000 at 3691399 pixels/s (cache hit rate 45.11%)...
[2026-04-20 03:15:48.991] [info]: [10000] processing chr5:129010000-129020000 at 3918495 pixels/s (cache hit rate 40.44%)...
[2026-04-20 03:15:51.646] [info]: [10000] processing chr6:67950000-67960000 at 3767898 pixels/s (cache hit rate 50.46%)...
[2026-04-20 03:15:54.295] [info]: [10000] processing chr7:33460000-33470000 at 3776435 pixels/s (cache hit rate 51.16%)...
[2026-04-20 03:15:56.888] [info]: [10000] processing chr7:131810000-131820000 at 3858025 pixels/s (cache hit rate 44.04%)...
[2026-04-20 03:15:59.507] [info]: [10000] processing chr10:79560000-79570000 at 3819710 pixels/s (cache hit rate 52.10%)...
[2026-04-20 03:16:02.094] [info]: [10000] processing chr8:67570000-67580000 at 3865481 pixels/s (cache hit rate 57.84%)...
[2026-04-20 03:16:04.784] [info]: [10000] processing chr14:51330000-51340000 at 3718855 pixels/s (cache hit rate 59.26%)...
[2026-04-20 03:16:07.383] [info]: [10000] processing chr9:40800000-40810000 at 3847634 pixels/s (cache hit rate 61.85%)...
[2026-04-20 03:16:09.952] [info]: [10000] processing chr11:26620000-26630000 at 3894081 pixels/s (cache hit rate 67.28%)...
[2026-04-20 03:16:12.595] [info]: [10000] processing chr13:17210000-17220000 at 3783579 pixels/s (cache hit rate 70.23%)...
[2026-04-20 03:16:15.271] [info]: [10000] processing chr12:27470000-27480000 at 3738318 pixels/s (cache hit rate 75.24%)...
[2026-04-20 03:16:17.825] [info]: [10000] processing chr15:39470000-39480000 at 3916960 pixels/s (cache hit rate 75.48%)...
[2026-04-20 03:16:20.402] [info]: [10000] processing chr16:87650000-87660000 at 3880481 pixels/s (cache hit rate 79.15%)...
[2026-04-20 03:16:22.938] [info]: [10000] processing chr18:50140000-50150000 at 3944773 pixels/s (cache hit rate 94.17%)...
[2026-04-20 03:16:24.431] [info]: [10000] processing KR normalization vector...
[2026-04-20 03:16:25.423] [info]: [10000] DONE! Processed 234759600 pixels across 21 chromosomes in 62.49s
[2026-04-20 03:16:25.428] [info]: DONE! Processed 2 resolution(s) in 205.59s!
[2026-04-20 03:16:25.428] [info]: /expanse/lustre/projects/csd940/zalibhai/stripes/StripeCaller/data/hic/250402/mut_M1.hic size: 2843.85 MB
[2026-04-20 03:16:25.428] [info]: /expanse/lustre/projects/csd940/zalibhai/stripes/stripenn/data/cool/250402/mut_M1.mcool size: 742.15 MB

Conversion complete. Resolutions available:
The following arguments were not expected: /expanse/lustre/projects/csd940/zalibhai/stripes/stripenn/data/cool/250402/mut_M1.mcool ls
Run with --help for more information.

5kb/10kb spot check:
{
    "assembly": "/expanse/lustre/projects/csd940/ctea/HiC/restriction_sites/mm10.filtered.chrom.sizes",
    "bin-size": 5000,
    "bin-type": "fixed",
    "cis": 392776622,
    "creation-date": "2026-04-20T10:13:01",
    "format": "HDF5::Cooler",
    "format-url": "https://github.com/open2c/cooler",
    "format-version": 3,
    "generated-by": "hictk-v2.1.4-bioconda",
    "metadata": {},
    "nbins": 545114,
    "nchroms": 21,
    "nnz": 281825546,
    "storage-mode": "symmetric-upper",
    "sum": 467674103
}
{
    "assembly": "/expanse/lustre/projects/csd940/ctea/HiC/restriction_sites/mm10.filtered.chrom.sizes",
    "bin-size": 10000,
    "bin-type": "fixed",
    "cis": 392776622,
    "creation-date": "2026-04-20T10:15:22",
    "format": "HDF5::Cooler",
    "format-url": "https://github.com/open2c/cooler",
    "format-version": 3,
    "generated-by": "hictk-v2.1.4-bioconda",
    "metadata": {},
    "nbins": 272564,
    "nchroms": 21,
    "nnz": 234729800,
    "storage-mode": "symmetric-upper",
    "sum": 467674103
}

End: Mon Apr 20 03:16:28 PDT 2026
===========================================
