===========================================
Stage 0: hic2cool convert
===========================================
Job ID:     48238678
Node:       exp-3-56
CPUs:       8
Memory:     65536 MB
Timepoint:  250402
Sample:     ctrl_M2
Input:      /expanse/lustre/projects/csd940/zalibhai/stripes/StripeCaller/data/hic/250402/ctrl_M2.hic
Output:     /expanse/lustre/projects/csd940/zalibhai/stripes/stripenn/data/cool/250402/ctrl_M2.mcool
Start:      Mon Apr 20 03:12:58 PDT 2026
===========================================
/home/zalibhai/miniforge3/envs/hictk/bin/hictk
hictk-v2.1.4-bioconda
[2026-04-20 03:12:59.715] [info]: Running hictk v2.1.4-bioconda
[2026-04-20 03:12:59.717] [info]: Converting /expanse/lustre/projects/csd940/zalibhai/stripes/StripeCaller/data/hic/250402/ctrl_M2.hic to /expanse/lustre/projects/csd940/zalibhai/stripes/stripenn/data/cool/250402/ctrl_M2.mcool (hic -> mcool)...
[2026-04-20 03:13:01.085] [info]: [5000] begin processing 5000bp matrix...
[2026-04-20 03:13:05.713] [info]: [5000] processing chr1:54210000-54215000 at 2161228 pixels/s (cache hit rate 0.00%)...
[2026-04-20 03:13:09.445] [info]: [5000] processing chr1:115945000-115950000 at 2680247 pixels/s (cache hit rate 0.00%)...
[2026-04-20 03:13:12.592] [info]: [5000] processing chr1:181670000-181675000 at 3178640 pixels/s (cache hit rate 0.01%)...
[2026-04-20 03:13:16.588] [info]: [5000] processing chr2:39855000-39860000 at 2502503 pixels/s (cache hit rate 0.00%)...
[2026-04-20 03:13:20.856] [info]: [5000] processing chr2:102790000-102795000 at 2343567 pixels/s (cache hit rate 0.00%)...
[2026-04-20 03:13:24.078] [info]: [5000] processing chr2:168060000-168065000 at 3103662 pixels/s (cache hit rate 0.00%)...
[2026-04-20 03:13:28.139] [info]: [5000] processing chrX:128575000-128580000 at 2463054 pixels/s (cache hit rate 0.00%)...
[2026-04-20 03:13:32.503] [info]: [5000] processing chr3:43995000-44000000 at 2291476 pixels/s (cache hit rate 0.04%)...
[2026-04-20 03:13:36.724] [info]: [5000] processing chr3:106000000-106005000 at 2369107 pixels/s (cache hit rate 0.03%)...
[2026-04-20 03:13:40.586] [info]: [5000] processing chr4:24825000-24830000 at 2590003 pixels/s (cache hit rate 0.00%)...
[2026-04-20 03:13:45.023] [info]: [5000] processing chr4:93025000-93030000 at 2254283 pixels/s (cache hit rate 0.00%)...
[2026-04-20 03:13:48.089] [info]: [5000] processing chr5:3540000-3545000 at 3261579 pixels/s (cache hit rate 0.00%)...
[2026-04-20 03:13:52.465] [info]: [5000] processing chr5:62720000-62725000 at 2285714 pixels/s (cache hit rate 0.02%)...
[2026-04-20 03:13:56.128] [info]: [5000] processing chr5:129510000-129515000 at 2730003 pixels/s (cache hit rate 0.00%)...
[2026-04-20 03:14:00.439] [info]: [5000] processing chr6:41450000-41455000 at 2320186 pixels/s (cache hit rate 0.00%)...
[2026-04-20 03:14:04.959] [info]: [5000] processing chr6:108400000-108405000 at 2212879 pixels/s (cache hit rate 0.02%)...
[2026-04-20 03:14:09.048] [info]: [5000] processing chr7:41325000-41330000 at 2446184 pixels/s (cache hit rate 0.00%)...
[2026-04-20 03:14:13.444] [info]: [5000] processing chr7:102280000-102285000 at 2274795 pixels/s (cache hit rate 0.00%)...
[2026-04-20 03:14:17.521] [info]: [5000] processing chr10:26410000-26415000 at 2453386 pixels/s (cache hit rate 0.04%)...
[2026-04-20 03:14:22.534] [info]: [5000] processing chr10:93415000-93420000 at 1995211 pixels/s (cache hit rate 0.00%)...
[2026-04-20 03:14:27.217] [info]: [5000] processing chr8:47720000-47725000 at 2135839 pixels/s (cache hit rate 0.00%)...
[2026-04-20 03:14:31.695] [info]: [5000] processing chr14:7970000-7975000 at 2233639 pixels/s (cache hit rate 0.00%)...
[2026-04-20 03:14:36.892] [info]: [5000] processing chr14:75210000-75215000 at 1924557 pixels/s (cache hit rate 0.00%)...
[2026-04-20 03:14:42.022] [info]: [5000] processing chr9:33415000-33420000 at 1949318 pixels/s (cache hit rate 0.00%)...
[2026-04-20 03:14:46.902] [info]: [5000] processing chr9:104475000-104480000 at 2049600 pixels/s (cache hit rate 0.00%)...
[2026-04-20 03:14:51.943] [info]: [5000] processing chr11:51760000-51765000 at 1983733 pixels/s (cache hit rate 0.00%)...
[2026-04-20 03:14:56.725] [info]: [5000] processing chr13:9900000-9905000 at 2091175 pixels/s (cache hit rate 0.00%)...
[2026-04-20 03:15:02.092] [info]: [5000] processing chr13:90290000-90295000 at 1863586 pixels/s (cache hit rate 0.00%)...
[2026-04-20 03:15:07.488] [info]: [5000] processing chr12:62995000-63000000 at 1853225 pixels/s (cache hit rate 0.00%)...
[2026-04-20 03:15:12.669] [info]: [5000] processing chr15:38955000-38960000 at 1930129 pixels/s (cache hit rate 0.00%)...
[2026-04-20 03:15:18.157] [info]: [5000] processing chr16:26995000-27000000 at 1822490 pixels/s (cache hit rate 0.00%)...
[2026-04-20 03:15:24.060] [info]: [5000] processing chr17:36565000-36570000 at 1693767 pixels/s (cache hit rate 0.00%)...
[2026-04-20 03:15:30.519] [info]: [5000] processing chr18:42585000-42590000 at 1548227 pixels/s (cache hit rate 0.00%)...
[2026-04-20 03:15:36.327] [info]: [5000] processing KR normalization vector...
[2026-04-20 03:15:37.370] [info]: [5000] DONE! Processed 338481814 pixels across 21 chromosomes in 156.29s
[2026-04-20 03:15:37.526] [info]: [10000] begin processing 10000bp matrix...
[2026-04-20 03:15:39.947] [info]: [10000] processing chr1:61830000-61840000 at 4132231 pixels/s (cache hit rate 35.44%)...
[2026-04-20 03:15:42.528] [info]: [10000] processing chr1:133620000-133630000 at 3875969 pixels/s (cache hit rate 32.45%)...
[2026-04-20 03:15:45.203] [info]: [10000] processing chr2:16600000-16610000 at 3738318 pixels/s (cache hit rate 37.32%)...
[2026-04-20 03:15:47.818] [info]: [10000] processing chr2:76530000-76540000 at 3825555 pixels/s (cache hit rate 40.17%)...
[2026-04-20 03:15:50.464] [info]: [10000] processing chr2:155590000-155600000 at 3779289 pixels/s (cache hit rate 26.50%)...
[2026-04-20 03:15:53.140] [info]: [10000] processing chrX:114960000-114970000 at 3736921 pixels/s (cache hit rate 37.00%)...
[2026-04-20 03:15:55.779] [info]: [10000] processing chr3:51230000-51240000 at 3790751 pixels/s (cache hit rate 41.85%)...
[2026-04-20 03:15:58.361] [info]: [10000] processing chr3:127090000-127100000 at 3874467 pixels/s (cache hit rate 34.80%)...
[2026-04-20 03:16:01.069] [info]: [10000] processing chr4:51520000-51530000 at 3692762 pixels/s (cache hit rate 44.18%)...
[2026-04-20 03:16:03.678] [info]: [10000] processing chr4:132510000-132520000 at 3832886 pixels/s (cache hit rate 36.53%)...
[2026-04-20 03:16:06.416] [info]: [10000] processing chr5:47770000-47780000 at 3653635 pixels/s (cache hit rate 44.78%)...
[2026-04-20 03:16:09.029] [info]: [10000] processing chr5:127510000-127520000 at 3828484 pixels/s (cache hit rate 39.15%)...
[2026-04-20 03:16:11.755] [info]: [10000] processing chr6:50320000-50330000 at 3669725 pixels/s (cache hit rate 48.54%)...
[2026-04-20 03:16:14.314] [info]: [10000] processing chr6:137130000-137140000 at 3910833 pixels/s (cache hit rate 40.75%)...
[2026-04-20 03:16:17.054] [info]: [10000] processing chr7:70610000-70620000 at 3649635 pixels/s (cache hit rate 50.47%)...
[2026-04-20 03:16:19.751] [info]: [10000] processing chr10:8910000-8920000 at 3709199 pixels/s (cache hit rate 54.83%)...
[2026-04-20 03:16:22.440] [info]: [10000] processing chr10:84940000-84950000 at 3720238 pixels/s (cache hit rate 50.04%)...
[2026-04-20 03:16:25.116] [info]: [10000] processing chr8:55630000-55640000 at 3736921 pixels/s (cache hit rate 57.88%)...
[2026-04-20 03:16:27.774] [info]: [10000] processing chr14:24900000-24910000 at 3762227 pixels/s (cache hit rate 60.49%)...
[2026-04-20 03:16:30.499] [info]: [10000] processing chr9:7520000-7530000 at 3671072 pixels/s (cache hit rate 57.03%)...
[2026-04-20 03:16:33.177] [info]: [10000] processing chr9:77950000-77960000 at 3735525 pixels/s (cache hit rate 60.64%)...
[2026-04-20 03:16:35.894] [info]: [10000] processing chr11:48000000-48010000 at 3680530 pixels/s (cache hit rate 63.77%)...
[2026-04-20 03:16:38.580] [info]: [10000] processing chr13:20300000-20310000 at 3723008 pixels/s (cache hit rate 65.72%)...
[2026-04-20 03:16:41.270] [info]: [10000] processing chr12:13880000-13890000 at 3718855 pixels/s (cache hit rate 68.82%)...
[2026-04-20 03:16:43.943] [info]: [10000] processing chr15:11020000-11030000 at 3742515 pixels/s (cache hit rate 69.46%)...
[2026-04-20 03:16:46.687] [info]: [10000] processing chr16:22800000-22810000 at 3645643 pixels/s (cache hit rate 78.80%)...
[2026-04-20 03:16:49.405] [info]: [10000] processing chr17:60180000-60190000 at 3680530 pixels/s (cache hit rate 84.21%)...
[2026-04-20 03:16:52.247] [info]: [10000] processing chr19:24320000-24330000 at 3518649 pixels/s (cache hit rate 97.99%)...
[2026-04-20 03:16:52.926] [info]: [10000] processing KR normalization vector...
[2026-04-20 03:16:53.946] [info]: [10000] DONE! Processed 281877932 pixels across 21 chromosomes in 76.42s
[2026-04-20 03:16:53.952] [info]: DONE! Processed 2 resolution(s) in 234.24s!
[2026-04-20 03:16:53.952] [info]: /expanse/lustre/projects/csd940/zalibhai/stripes/StripeCaller/data/hic/250402/ctrl_M2.hic size: 3348.98 MB
[2026-04-20 03:16:53.952] [info]: /expanse/lustre/projects/csd940/zalibhai/stripes/stripenn/data/cool/250402/ctrl_M2.mcool size: 884.83 MB

Conversion complete. Resolutions available:
The following arguments were not expected: /expanse/lustre/projects/csd940/zalibhai/stripes/stripenn/data/cool/250402/ctrl_M2.mcool ls
Run with --help for more information.

5kb/10kb spot check:
{
    "assembly": "/expanse/lustre/projects/csd940/ctea/HiC/restriction_sites/mm10.filtered.chrom.sizes",
    "bin-size": 5000,
    "bin-type": "fixed",
    "cis": 455743024,
    "creation-date": "2026-04-20T10:13:01",
    "format": "HDF5::Cooler",
    "format-url": "https://github.com/open2c/cooler",
    "format-version": 3,
    "generated-by": "hictk-v2.1.4-bioconda",
    "metadata": {},
    "nbins": 545114,
    "nchroms": 21,
    "nnz": 338440907,
    "storage-mode": "symmetric-upper",
    "sum": 551448877
}
{
    "assembly": "/expanse/lustre/projects/csd940/ctea/HiC/restriction_sites/mm10.filtered.chrom.sizes",
    "bin-size": 10000,
    "bin-type": "fixed",
    "cis": 455743024,
    "creation-date": "2026-04-20T10:15:37",
    "format": "HDF5::Cooler",
    "format-url": "https://github.com/open2c/cooler",
    "format-version": 3,
    "generated-by": "hictk-v2.1.4-bioconda",
    "metadata": {},
    "nbins": 272564,
    "nchroms": 21,
    "nnz": 281788966,
    "storage-mode": "symmetric-upper",
    "sum": 551448877
}

End: Mon Apr 20 03:16:56 PDT 2026
===========================================
