============================================================
ChromHMM 9-mark SLURM wrapper
Job ID:    48731723
Node:      exp-1-10
CPUs:      4
Memory:    32768MB
Method:    intersect
CODE_DIR:  /expanse/lustre/projects/csd940/zalibhai/mariner_hi-c
Started:   Sat May  2 19:35:17 PDT 2026
============================================================

--- Pre-flight checks ---
  OK  java: /usr/bin/java
  OK  bedtools: /home/zalibhai/miniforge3/envs/cluster/bin/bedtools
  OK  peaks/beds/H3K27acCerebellumLate2.bed (15105 lines)
  OK  peaks/beds/H3K27me3CerebellumLate1.bed (15809 lines)
  OK  peaks/beds/H3K4me1CerebellumLate1.bed (113781 lines)
  OK  peaks/beds/H3K4me3CerebellumLate2.bed (6581 lines)
  OK  peaks/CTCF.bed (32487 lines)
  OK  peaks/intersect/P51_K119ub_ctrl_intersect.bed (20592 lines)
  OK  peaks/atac_seq/consensus_control.bed (65799 lines)
  OK  peaks/h3k9/H3K9acCerebellumLate1.bed (21668 lines)
  OK  peaks/h3k9/H3K9acCerebellumLate2.bed (20054 lines)
  OK  peaks/h3k9/H3K9me3CerebellumEarly1.bed (13105 lines)
  OK  peaks/h3k9/H3K9me3CerebellumEarly2.bed (15049 lines)

--- Creating H3K9 consensus BEDs ---
  Intersect consensus (peaks in BOTH replicates)...
    H3K9ac intersect: 17845 peaks
    H3K9me3 intersect: 5921 peaks

============================================================
Running 9-mark segmentation: intersect consensus
============================================================
============================================================
Phase 2b: ChromHMM 9-mark segmentation (k=15 18)
Repo root:    /expanse/lustre/projects/csd940/zalibhai/mariner_hi-c
Cell:         cerebellum_late
Output dir:   /expanse/lustre/projects/csd940/zalibhai/mariner_hi-c/cluster/outputs/bap1_late/chromHMM_9mark_intersect
H3K9ac src:   peaks/h3k9/H3K9ac_consensus_intersect.bed
H3K9me3 src:  peaks/h3k9/H3K9me3_consensus_intersect.bed
Parallelism:  4 threads
Started:      Sat May  2 19:35:18 PDT 2026
============================================================

[1/5] Staging 9 peak BEDs (filter to chr1-19 + chrX + chrY, take cols 1-3)...
    H3K27ac       peaks/beds/H3K27acCerebellumLate2.bed                         (  15105 ->   15100)
    H3K27me3      peaks/beds/H3K27me3CerebellumLate1.bed                        (  15809 ->   15801)
    H3K4me1       peaks/beds/H3K4me1CerebellumLate1.bed                         ( 113781 ->  113722)
    H3K4me3       peaks/beds/H3K4me3CerebellumLate2.bed                         (   6581 ->    6581)
    CTCF          peaks/CTCF.bed                                                (  32487 ->   32474)
    H2AK119ub     peaks/intersect/P51_K119ub_ctrl_intersect.bed                 (  20592 ->   20583)
    ATAC          peaks/atac_seq/consensus_control.bed                          (  65799 ->   65799)
    H3K9ac        peaks/h3k9/H3K9ac_consensus_intersect.bed                     (  17845 ->   17840)
    H3K9me3       peaks/h3k9/H3K9me3_consensus_intersect.bed                    (   5921 ->    5551)

[2/5] Filtering chromsizes to chr1-19 + chrX + chrY...
    /expanse/lustre/projects/csd940/zalibhai/mariner_hi-c/cluster/outputs/bap1_late/chromHMM_9mark_intersect/mm10_standard.txt: 21 chroms, total 2725521370 bp

[3/5] Writing 9-mark cellmarkfiletable...
    /expanse/lustre/projects/csd940/zalibhai/mariner_hi-c/cluster/outputs/bap1_late/chromHMM_9mark_intersect/cellmarkfiletable.txt:
        cerebellum_late	H3K27ac	H3K27ac.bed
        cerebellum_late	H3K27me3	H3K27me3.bed
        cerebellum_late	H3K4me1	H3K4me1.bed
        cerebellum_late	H3K4me3	H3K4me3.bed
        cerebellum_late	CTCF	CTCF.bed
        cerebellum_late	H2AK119ub	H2AK119ub.bed
        cerebellum_late	ATAC	ATAC.bed
        cerebellum_late	H3K9ac	H3K9ac.bed
        cerebellum_late	H3K9me3	H3K9me3.bed

[4/5] Running ChromHMM BinarizeBed (9 marks)...
Writing to file /expanse/lustre/projects/csd940/zalibhai/mariner_hi-c/cluster/outputs/bap1_late/chromHMM_9mark_intersect/binarized/cerebellum_late_chr1_binary.txt
Writing to file /expanse/lustre/projects/csd940/zalibhai/mariner_hi-c/cluster/outputs/bap1_late/chromHMM_9mark_intersect/binarized/cerebellum_late_chr2_binary.txt
Writing to file /expanse/lustre/projects/csd940/zalibhai/mariner_hi-c/cluster/outputs/bap1_late/chromHMM_9mark_intersect/binarized/cerebellum_late_chrX_binary.txt
Writing to file /expanse/lustre/projects/csd940/zalibhai/mariner_hi-c/cluster/outputs/bap1_late/chromHMM_9mark_intersect/binarized/cerebellum_late_chr3_binary.txt
Writing to file /expanse/lustre/projects/csd940/zalibhai/mariner_hi-c/cluster/outputs/bap1_late/chromHMM_9mark_intersect/binarized/cerebellum_late_chr4_binary.txt
Writing to file /expanse/lustre/projects/csd940/zalibhai/mariner_hi-c/cluster/outputs/bap1_late/chromHMM_9mark_intersect/binarized/cerebellum_late_chr5_binary.txt
Writing to file /expanse/lustre/projects/csd940/zalibhai/mariner_hi-c/cluster/outputs/bap1_late/chromHMM_9mark_intersect/binarized/cerebellum_late_chr6_binary.txt
Writing to file /expanse/lustre/projects/csd940/zalibhai/mariner_hi-c/cluster/outputs/bap1_late/chromHMM_9mark_intersect/binarized/cerebellum_late_chr7_binary.txt
Writing to file /expanse/lustre/projects/csd940/zalibhai/mariner_hi-c/cluster/outputs/bap1_late/chromHMM_9mark_intersect/binarized/cerebellum_late_chr10_binary.txt
Writing to file /expanse/lustre/projects/csd940/zalibhai/mariner_hi-c/cluster/outputs/bap1_late/chromHMM_9mark_intersect/binarized/cerebellum_late_chr8_binary.txt
Writing to file /expanse/lustre/projects/csd940/zalibhai/mariner_hi-c/cluster/outputs/bap1_late/chromHMM_9mark_intersect/binarized/cerebellum_late_chr14_binary.txt
Writing to file /expanse/lustre/projects/csd940/zalibhai/mariner_hi-c/cluster/outputs/bap1_late/chromHMM_9mark_intersect/binarized/cerebellum_late_chr9_binary.txt
Writing to file /expanse/lustre/projects/csd940/zalibhai/mariner_hi-c/cluster/outputs/bap1_late/chromHMM_9mark_intersect/binarized/cerebellum_late_chr11_binary.txt
Writing to file /expanse/lustre/projects/csd940/zalibhai/mariner_hi-c/cluster/outputs/bap1_late/chromHMM_9mark_intersect/binarized/cerebellum_late_chr13_binary.txt
Writing to file /expanse/lustre/projects/csd940/zalibhai/mariner_hi-c/cluster/outputs/bap1_late/chromHMM_9mark_intersect/binarized/cerebellum_late_chr12_binary.txt
Writing to file /expanse/lustre/projects/csd940/zalibhai/mariner_hi-c/cluster/outputs/bap1_late/chromHMM_9mark_intersect/binarized/cerebellum_late_chr15_binary.txt
Writing to file /expanse/lustre/projects/csd940/zalibhai/mariner_hi-c/cluster/outputs/bap1_late/chromHMM_9mark_intersect/binarized/cerebellum_late_chr16_binary.txt
Writing to file /expanse/lustre/projects/csd940/zalibhai/mariner_hi-c/cluster/outputs/bap1_late/chromHMM_9mark_intersect/binarized/cerebellum_late_chr17_binary.txt
Writing to file /expanse/lustre/projects/csd940/zalibhai/mariner_hi-c/cluster/outputs/bap1_late/chromHMM_9mark_intersect/binarized/cerebellum_late_chrY_binary.txt
Writing to file /expanse/lustre/projects/csd940/zalibhai/mariner_hi-c/cluster/outputs/bap1_late/chromHMM_9mark_intersect/binarized/cerebellum_late_chr18_binary.txt
Writing to file /expanse/lustre/projects/csd940/zalibhai/mariner_hi-c/cluster/outputs/bap1_late/chromHMM_9mark_intersect/binarized/cerebellum_late_chr19_binary.txt
    binary files produced: 21 (expect 21)
    header columns in chr1 binary: 2 (expect 10 = cell + 9 marks)

[5/5] Running ChromHMM LearnModel (k=15, mm10, -p 4)...
    Model dir: /expanse/lustre/projects/csd940/zalibhai/mariner_hi-c/cluster/outputs/bap1_late/chromHMM_9mark_intersect/learned_model_15
    Started:   Sat May  2 19:35:31 PDT 2026
Using 4 threads for Baum-Welch training
Writing to file /expanse/lustre/projects/csd940/zalibhai/mariner_hi-c/cluster/outputs/bap1_late/chromHMM_9mark_intersect/learned_model_15/transitions_15.txt
Writing to file /expanse/lustre/projects/csd940/zalibhai/mariner_hi-c/cluster/outputs/bap1_late/chromHMM_9mark_intersect/learned_model_15/emissions_15.txt
Writing to file /expanse/lustre/projects/csd940/zalibhai/mariner_hi-c/cluster/outputs/bap1_late/chromHMM_9mark_intersect/learned_model_15/emissions_15.svg
Writing to file /expanse/lustre/projects/csd940/zalibhai/mariner_hi-c/cluster/outputs/bap1_late/chromHMM_9mark_intersect/learned_model_15/emissions_15.png
Writing to file /expanse/lustre/projects/csd940/zalibhai/mariner_hi-c/cluster/outputs/bap1_late/chromHMM_9mark_intersect/learned_model_15/transitions_15.png
Writing to file /expanse/lustre/projects/csd940/zalibhai/mariner_hi-c/cluster/outputs/bap1_late/chromHMM_9mark_intersect/learned_model_15/transitions_15.svg
Writing to file /expanse/lustre/projects/csd940/zalibhai/mariner_hi-c/cluster/outputs/bap1_late/chromHMM_9mark_intersect/learned_model_15/model_15.txt
 Iteration  Estimated Log Likelihood     Change    Total Time (secs)
         1              -4646329.134          -                  6.9
         2              -2941689.352 1704639.782                 13.0
         3              -2879911.618  61777.734                 17.1
         4              -2873457.826   6453.791                 21.5
         5              -2870651.319   2806.507                 25.3
         6              -2867508.329   3142.990                 29.1
         7              -2860348.838   7159.492                 33.1
         8              -2840347.148  20001.690                 36.9
         9              -2826515.862  13831.285                 40.7
        10              -2824441.205   2074.658                 44.9
        11              -2823875.030    566.174                 49.0
        12              -2823449.033    425.997                 52.9
        13              -2823095.494    353.539                 56.6
        14              -2822898.901    196.593                 60.6
        15              -2822828.329     70.571                 64.6
        16              -2822808.398     19.932                 68.4
        17              -2822802.241      6.157                 72.6
        18              -2822799.699      2.542                 76.4
        19              -2822798.312      1.387                 80.4
        20              -2822797.403      0.909                 84.6
        21              -2822796.742      0.660                 88.3
        22              -2822796.234      0.508                 92.4
        23              -2822795.830      0.404                 96.5
        24              -2822795.502      0.328                100.8
        25              -2822795.231      0.271                104.7
        26              -2822795.004      0.227                108.8
        27              -2822794.812      0.192                112.6
        28              -2822794.648      0.164                116.5
        29              -2822794.506      0.141                120.3
        30              -2822794.384      0.122                124.2
        31              -2822794.277      0.107                128.4
        32              -2822794.183      0.094                132.1
        33              -2822794.101      0.083                135.7
        34              -2822794.028      0.073                139.8
        35              -2822793.962      0.065                143.5
        36              -2822793.904      0.058                147.1
        37              -2822793.853      0.052                150.6
        38              -2822793.806      0.047                154.3
        39              -2822793.764      0.042                157.9
        40              -2822793.726      0.038                161.7
        41              -2822793.692      0.034                165.2
        42              -2822793.662      0.031                169.1
        43              -2822793.634      0.028                172.7
        44              -2822793.609      0.025                176.2
        45              -2822793.586      0.023                179.6
        46              -2822793.565      0.021                183.8
        47              -2822793.546      0.019                191.4
        48              -2822793.529      0.017                199.3
        49              -2822793.513      0.016                203.5
        50              -2822793.499      0.014                207.8
        51              -2822793.486      0.013                212.2
        52              -2822793.474      0.012                216.4
        53              -2822793.463      0.011                220.6
        54              -2822793.453      0.010                224.7
        55              -2822793.444      0.009                228.8
        56              -2822793.436      0.008                233.2
        57              -2822793.428      0.008                237.4
        58              -2822793.421      0.007                242.0
        59              -2822793.415      0.006                246.2
        60              -2822793.409      0.006                250.6
        61              -2822793.404      0.005                254.8
        62              -2822793.399      0.005                258.9
        63              -2822793.394      0.004                263.1
        64              -2822793.390      0.004                267.3
        65              -2822793.386      0.004                271.7
        66              -2822793.383      0.003                276.0
        67              -2822793.380      0.003                280.5
        68              -2822793.377      0.003                284.6
        69              -2822793.374      0.003                289.0
        70              -2822793.372      0.002                293.1
        71              -2822793.369      0.002                297.2
        72              -2822793.367      0.002                301.2
        73              -2822793.365      0.002                305.3
        74              -2822793.364      0.002                309.5
        75              -2822793.362      0.002                313.8
        76              -2822793.361      0.001                318.0
        77              -2822793.359      0.001                322.5
        78              -2822793.358      0.001                326.7
        79              -2822793.357      0.001                331.0
        80              -2822793.356      0.001                335.1
        81              -2822793.355      0.001                339.4
Writing to file /expanse/lustre/projects/csd940/zalibhai/mariner_hi-c/cluster/outputs/bap1_late/chromHMM_9mark_intersect/learned_model_15/cerebellum_late_15_segments.bed
Writing to file /expanse/lustre/projects/csd940/zalibhai/mariner_hi-c/cluster/outputs/bap1_late/chromHMM_9mark_intersect/learned_model_15/cerebellum_late_15_dense.bed
Writing to file /expanse/lustre/projects/csd940/zalibhai/mariner_hi-c/cluster/outputs/bap1_late/chromHMM_9mark_intersect/learned_model_15/cerebellum_late_15_expanded.bed
Writing to file /expanse/lustre/projects/csd940/zalibhai/mariner_hi-c/cluster/outputs/bap1_late/chromHMM_9mark_intersect/learned_model_15/cerebellum_late_15_overlap.txt
Writing to file /expanse/lustre/projects/csd940/zalibhai/mariner_hi-c/cluster/outputs/bap1_late/chromHMM_9mark_intersect/learned_model_15/cerebellum_late_15_overlap.png
Writing to file /expanse/lustre/projects/csd940/zalibhai/mariner_hi-c/cluster/outputs/bap1_late/chromHMM_9mark_intersect/learned_model_15/cerebellum_late_15_overlap.svg
Writing to file /expanse/lustre/projects/csd940/zalibhai/mariner_hi-c/cluster/outputs/bap1_late/chromHMM_9mark_intersect/learned_model_15/cerebellum_late_15_RefSeqTES_neighborhood.txt
Writing to file /expanse/lustre/projects/csd940/zalibhai/mariner_hi-c/cluster/outputs/bap1_late/chromHMM_9mark_intersect/learned_model_15/cerebellum_late_15_RefSeqTES_neighborhood.png
Writing to file /expanse/lustre/projects/csd940/zalibhai/mariner_hi-c/cluster/outputs/bap1_late/chromHMM_9mark_intersect/learned_model_15/cerebellum_late_15_RefSeqTES_neighborhood.svg
Writing to file /expanse/lustre/projects/csd940/zalibhai/mariner_hi-c/cluster/outputs/bap1_late/chromHMM_9mark_intersect/learned_model_15/cerebellum_late_15_RefSeqTSS_neighborhood.txt
Writing to file /expanse/lustre/projects/csd940/zalibhai/mariner_hi-c/cluster/outputs/bap1_late/chromHMM_9mark_intersect/learned_model_15/cerebellum_late_15_RefSeqTSS_neighborhood.png
Writing to file /expanse/lustre/projects/csd940/zalibhai/mariner_hi-c/cluster/outputs/bap1_late/chromHMM_9mark_intersect/learned_model_15/cerebellum_late_15_RefSeqTSS_neighborhood.svg
Warning could not automatically open in a browser /expanse/lustre/projects/csd940/zalibhai/mariner_hi-c/cluster/outputs/bap1_late/chromHMM_9mark_intersect/learned_model_15/webpage_15.html
    Finished:  Sat May  2 19:41:34 PDT 2026

  --- Verification for k=15 ---
  OK  /expanse/lustre/projects/csd940/zalibhai/mariner_hi-c/cluster/outputs/bap1_late/chromHMM_9mark_intersect/learned_model_15/cerebellum_late_15_segments.bed: 392007 segments
  OK  /expanse/lustre/projects/csd940/zalibhai/mariner_hi-c/cluster/outputs/bap1_late/chromHMM_9mark_intersect/learned_model_15/emissions_15.txt

  --- emissions_15.txt ---
State (Emission order)	CTCF	ATAC	H3K4me1	H3K9ac	H3K4me3	H3K27ac	H2AK119ub	H3K27me3	H3K9me3
1	0.007356666628329305	0.010454503407653113	0.04863498861540233	2.2338734304454358E-4	2.3526689959298366E-52	3.6074124948421326E-56	9.199649899377443E-102	0.9941153924629057	9.19213532284642E-38
2	0.014446334256772435	0.014701815227736174	5.787331408436608E-15	0.04013437562000606	0.005537199575046188	0.0012747642376721871	0.9980164837525527	0.9997751215187491	0.0035683232949761043
3	0.018389890786944668	0.02004493593701941	1.581601157459399E-27	0.0655993227144775	0.001437998639827509	6.694493856606173E-38	0.9947319437961832	5.662510740831594E-29	8.754195899733154E-4
4	0.040952587741260114	0.20844976074375685	0.9999998737737743	0.27248360430353774	0.04217453331811118	9.597473606803099E-38	0.9982814997924823	0.3750028187942209	0.001547881102644227
5	0.005003225843731642	4.52006325733227E-28	1.0	3.0339200690575147E-123	2.3161243302436668E-11	6.957457424663773E-128	2.2784799822369752E-100	1.2458185250723694E-85	7.023589771857743E-131
6	0.03543702072576429	0.15247575687289244	1.0	0.9189464292469594	0.2568560027771481	1.7279363475661298E-94	0.00274024719168683	0.019352065865457478	0.0032668785529701176
7	0.03698139783082135	0.245633055512545	0.9999999999999982	0.9918186105145131	0.3783327097826398	0.9999825362458303	0.38430528280629145	0.019733982576983135	0.0015579152989015326
8	0.022331905018196894	0.18270915590739847	0.6589366866549192	5.218370491590519E-59	0.01817120054384849	0.9962939897790011	0.15488416635242008	0.004220552463856542	0.005038128271210064
9	0.04178850682811557	0.3416817638927908	1.4583258522231459E-37	0.9323024857712906	0.761329315296866	0.9999999999999648	0.26350191598167055	0.018676957195400117	0.0021916331767423136
10	0.032561713367902326	0.24289483583360003	2.0932522596344586E-28	0.87621130239265	0.3823972866811735	4.670106250089042E-80	0.06614320547152239	0.026510170499264348	0.001357038257174418
11	1.0009996886588613E-78	6.600168889472926E-36	1.148159953996911E-101	1.6586747358672728E-174	1.7730612909329699E-124	1.0540350674314457E-168	5.6039989139670295E-158	2.4087505150525578E-164	9.099404800950396E-213
12	0.31839208635558996	0.978791752846562	1.555924990673709E-35	1.3536753593258446E-106	3.4615128960127005E-90	1.7117834318876795E-108	2.694097828137595E-63	2.885232870515802E-99	1.833417490067994E-72
13	0.15192944419875365	0.9856651647711085	1.0	5.678836599636005E-194	2.6332675441682643E-188	6.2276029372183086E-149	1.2554090784688344E-5	2.939464818255637E-69	9.229206415351773E-119
14	0.9940920630294228	0.037048619422396706	0.02399429076161008	7.566834080838685E-63	7.790389238945699E-88	8.632089100802936E-51	2.2282387496523993E-78	5.264427448768912E-62	2.453684548897041E-96
15	0.0020467596310476087	0.028798606394043674	0.02389024963831732	0.0015008552344136883	6.349236720286447E-26	1.9855823939128616E-38	0.00822631433662005	0.01745398927959529	0.9700500809925762
  --- end emissions ---

  Chrom coverage (expect 21):
chr1 chr10 chr11 chr12 chr13 chr14 chr15 chr16 chr17 chr18 chr19 chr2 chr3 chr4 chr5 chr6 chr7 chr8 chr9 chrX chrY 
  State distribution:
       145385 E11
        94196 E5
        18966 E13
        15779 E14
        15146 E1
        13115 E3
        12818 E4
        11788 E12
        11779 E8
        11016 E9
        10149 E2
        10114 E10
         9937 E7
         7285 E6
         4534 E15

[5/5] Running ChromHMM LearnModel (k=18, mm10, -p 4)...
    Model dir: /expanse/lustre/projects/csd940/zalibhai/mariner_hi-c/cluster/outputs/bap1_late/chromHMM_9mark_intersect/learned_model_18
    Started:   Sat May  2 19:41:35 PDT 2026
Using 4 threads for Baum-Welch training
Writing to file /expanse/lustre/projects/csd940/zalibhai/mariner_hi-c/cluster/outputs/bap1_late/chromHMM_9mark_intersect/learned_model_18/transitions_18.txt
Writing to file /expanse/lustre/projects/csd940/zalibhai/mariner_hi-c/cluster/outputs/bap1_late/chromHMM_9mark_intersect/learned_model_18/emissions_18.txt
Writing to file /expanse/lustre/projects/csd940/zalibhai/mariner_hi-c/cluster/outputs/bap1_late/chromHMM_9mark_intersect/learned_model_18/emissions_18.svg
Writing to file /expanse/lustre/projects/csd940/zalibhai/mariner_hi-c/cluster/outputs/bap1_late/chromHMM_9mark_intersect/learned_model_18/emissions_18.png
Writing to file /expanse/lustre/projects/csd940/zalibhai/mariner_hi-c/cluster/outputs/bap1_late/chromHMM_9mark_intersect/learned_model_18/transitions_18.png
Writing to file /expanse/lustre/projects/csd940/zalibhai/mariner_hi-c/cluster/outputs/bap1_late/chromHMM_9mark_intersect/learned_model_18/transitions_18.svg
Writing to file /expanse/lustre/projects/csd940/zalibhai/mariner_hi-c/cluster/outputs/bap1_late/chromHMM_9mark_intersect/learned_model_18/model_18.txt
 Iteration  Estimated Log Likelihood     Change    Total Time (secs)
         1              -4559232.140          -                  7.0
         2              -2764794.438 1794437.702                 14.6
         3              -2695699.712  69094.726                 19.7
         4              -2687011.086   8688.626                 25.1
         5              -2684119.459   2891.627                 30.1
         6              -2682899.812   1219.647                 35.5
         7              -2682111.253    788.558                 40.7
         8              -2681146.680    964.574                 45.7
         9              -2679944.021   1202.659                 50.7
        10              -2678995.642    948.379                 56.1
        11              -2677916.793   1078.849                 61.2
        12              -2676702.062   1214.731                 65.8
        13              -2675865.834    836.228                 70.9
        14              -2675361.111    504.723                 76.2
        15              -2675081.971    279.140                 81.0
        16              -2674969.705    112.266                 86.1
        17              -2674901.559     68.146                 91.1
        18              -2674869.948     31.611                 96.0
        19              -2674863.102      6.847                101.1
        20              -2674860.368      2.734                106.1
        21              -2674858.488      1.880                111.2
        22              -2674857.206      1.282                116.8
        23              -2674856.538      0.668                121.8
        24              -2674856.185      0.353                126.5
        25              -2674855.973      0.212                131.5
        26              -2674855.827      0.145                136.2
        27              -2674855.715      0.113                141.1
        28              -2674855.621      0.093                145.9
        29              -2674855.541      0.081                150.9
        30              -2674855.470      0.071                156.0
        31              -2674855.408      0.062                160.9
        32              -2674855.352      0.056                165.7
        33              -2674855.302      0.050                171.3
        34              -2674855.258      0.045                176.6
        35              -2674855.218      0.040                181.6
        36              -2674855.181      0.036                186.5
        37              -2674855.149      0.033                191.8
        38              -2674855.119      0.030                196.7
        39              -2674855.092      0.027                201.7
        40              -2674855.067      0.024                207.1
        41              -2674855.045      0.022                212.0
        42              -2674855.025      0.020                217.0
        43              -2674855.006      0.018                221.8
        44              -2674854.990      0.017                226.7
        45              -2674854.974      0.015                231.4
        46              -2674854.960      0.014                236.1
        47              -2674854.947      0.013                240.8
        48              -2674854.936      0.012                245.6
        49              -2674854.925      0.011                250.5
        50              -2674854.915      0.010                255.4
        51              -2674854.906      0.009                260.6
        52              -2674854.898      0.008                265.6
        53              -2674854.890      0.008                270.7
        54              -2674854.883      0.007                275.3
        55              -2674854.877      0.006                280.0
        56              -2674854.871      0.006                285.0
        57              -2674854.866      0.005                289.9
        58              -2674854.861      0.005                294.9
        59              -2674854.856      0.005                299.6
        60              -2674854.852      0.004                304.6
        61              -2674854.848      0.004                309.3
        62              -2674854.845      0.003                314.1
        63              -2674854.842      0.003                318.9
        64              -2674854.839      0.003                323.8
        65              -2674854.836      0.003                328.9
        66              -2674854.834      0.002                333.9
        67              -2674854.831      0.002                339.2
        68              -2674854.829      0.002                344.1
        69              -2674854.827      0.002                349.3
        70              -2674854.825      0.002                354.1
        71              -2674854.824      0.002                359.0
        72              -2674854.822      0.001                364.0
        73              -2674854.821      0.001                368.8
        74              -2674854.820      0.001                373.9
        75              -2674854.818      0.001                378.8
        76              -2674854.817      0.001                383.5
        77              -2674854.816      0.001                388.4
        78              -2674854.815      0.001                393.3
Writing to file /expanse/lustre/projects/csd940/zalibhai/mariner_hi-c/cluster/outputs/bap1_late/chromHMM_9mark_intersect/learned_model_18/cerebellum_late_18_segments.bed
Writing to file /expanse/lustre/projects/csd940/zalibhai/mariner_hi-c/cluster/outputs/bap1_late/chromHMM_9mark_intersect/learned_model_18/cerebellum_late_18_dense.bed
Writing to file /expanse/lustre/projects/csd940/zalibhai/mariner_hi-c/cluster/outputs/bap1_late/chromHMM_9mark_intersect/learned_model_18/cerebellum_late_18_expanded.bed
Writing to file /expanse/lustre/projects/csd940/zalibhai/mariner_hi-c/cluster/outputs/bap1_late/chromHMM_9mark_intersect/learned_model_18/cerebellum_late_18_overlap.txt
Writing to file /expanse/lustre/projects/csd940/zalibhai/mariner_hi-c/cluster/outputs/bap1_late/chromHMM_9mark_intersect/learned_model_18/cerebellum_late_18_overlap.png
Writing to file /expanse/lustre/projects/csd940/zalibhai/mariner_hi-c/cluster/outputs/bap1_late/chromHMM_9mark_intersect/learned_model_18/cerebellum_late_18_overlap.svg
Writing to file /expanse/lustre/projects/csd940/zalibhai/mariner_hi-c/cluster/outputs/bap1_late/chromHMM_9mark_intersect/learned_model_18/cerebellum_late_18_RefSeqTES_neighborhood.txt
Writing to file /expanse/lustre/projects/csd940/zalibhai/mariner_hi-c/cluster/outputs/bap1_late/chromHMM_9mark_intersect/learned_model_18/cerebellum_late_18_RefSeqTES_neighborhood.png
Writing to file /expanse/lustre/projects/csd940/zalibhai/mariner_hi-c/cluster/outputs/bap1_late/chromHMM_9mark_intersect/learned_model_18/cerebellum_late_18_RefSeqTES_neighborhood.svg
Writing to file /expanse/lustre/projects/csd940/zalibhai/mariner_hi-c/cluster/outputs/bap1_late/chromHMM_9mark_intersect/learned_model_18/cerebellum_late_18_RefSeqTSS_neighborhood.txt
Writing to file /expanse/lustre/projects/csd940/zalibhai/mariner_hi-c/cluster/outputs/bap1_late/chromHMM_9mark_intersect/learned_model_18/cerebellum_late_18_RefSeqTSS_neighborhood.png
Writing to file /expanse/lustre/projects/csd940/zalibhai/mariner_hi-c/cluster/outputs/bap1_late/chromHMM_9mark_intersect/learned_model_18/cerebellum_late_18_RefSeqTSS_neighborhood.svg
Warning could not automatically open in a browser /expanse/lustre/projects/csd940/zalibhai/mariner_hi-c/cluster/outputs/bap1_late/chromHMM_9mark_intersect/learned_model_18/webpage_18.html
    Finished:  Sat May  2 19:48:34 PDT 2026

  --- Verification for k=18 ---
  OK  /expanse/lustre/projects/csd940/zalibhai/mariner_hi-c/cluster/outputs/bap1_late/chromHMM_9mark_intersect/learned_model_18/cerebellum_late_18_segments.bed: 399313 segments
  OK  /expanse/lustre/projects/csd940/zalibhai/mariner_hi-c/cluster/outputs/bap1_late/chromHMM_9mark_intersect/learned_model_18/emissions_18.txt

  --- emissions_18.txt ---
State (Emission order)	CTCF	ATAC	H3K4me1	H3K9ac	H3K4me3	H3K27ac	H2AK119ub	H3K27me3	H3K9me3
1	0.01847564672449568	0.02058458581360996	2.713371149817294E-46	0.0700450147958702	0.0018492189213379362	5.9632822360358956E-24	0.9945714257849201	5.242312579398192E-67	0.001000268652401698
2	0.011823851100734604	0.008719470663273275	1.0441936036583528E-50	3.948916133033655E-37	2.988615991892858E-74	0.0012386039474221121	0.9986756499859367	0.9997418972072681	0.002612558165047149
3	0.044773717468014854	0.15563094424982413	0.852276498618524	0.3692982517179919	0.07949110833497372	0.008323826102498346	0.9487721694392126	0.9996954954815656	0.008597046436287852
4	0.03999027181444901	0.24094472293122748	1.0	0.256595049554337	0.030743238793221973	4.372158082488199E-106	0.9989296390791391	1.4003075603442162E-118	0.0010410013342061785
5	0.0050049698288500396	3.9868281964556216E-27	1.0	5.29608451773551E-116	4.1811298533388957E-35	9.39175270671898E-131	8.23061391751148E-112	8.845354414293951E-163	1.1365452210941044E-121
6	0.03552157451398859	0.15150825049643368	1.0	0.917793439098801	0.2579007290409584	1.6440530861285548E-107	2.9279618744872354E-4	2.5839320383533798E-5	0.002466641754589858
7	0.033531149800217874	0.20714598828224037	0.9999999999817243	0.9513321066592957	0.4101995388405011	1.0	2.788101871058411E-49	0.004301529594085002	0.0015407912399408093
8	0.0406807714079926	0.2815862574119673	0.8393704298188699	0.9801400226855956	0.3570863385285486	0.999334620150062	0.9998923714286907	0.06245861929684059	0.002114505535027838
9	0.025358464515138755	0.25446476876026525	1.0	2.922144310998055E-69	1.177165194543248E-32	0.9990058423927939	0.1777433379835054	0.0011695840073188272	0.0031513847806828653
10	0.020629421118629216	0.08547002303944706	5.345396989999948E-36	0.24072434926871072	8.563472919848664E-4	0.9828901191930792	0.08511312319754241	0.002960179687054155	0.004431745832492647
11	0.04467878235819222	0.3963956666085218	7.547329626572883E-16	0.9213320817906908	0.9999999999999996	0.9999619747704921	0.24219631998404764	0.005378680576247228	0.002007696045619981
12	0.0325837031433523	0.2459021044604423	3.4244594150832006E-10	0.8742369537519346	0.3840122826350526	1.2453463415734908E-38	0.04805914373703513	4.298696499982566E-4	6.714265417166737E-4
13	6.332431291072313E-76	1.0274606390803862E-34	3.1062405986527995E-98	2.2056798212768905E-154	3.935943128879192E-152	1.658055923891946E-205	5.0040744615575105E-155	7.611035307410736E-164	7.904754914718672E-205
14	0.3184954415438917	0.9786474299644367	2.032125429509473E-34	3.6105346793934406E-100	6.0602741761363824E-90	1.5351915842813337E-90	1.896425161716182E-61	5.7477592799455945E-92	9.67904759912981E-70
15	0.15194452856316537	0.9855820747611885	1.0	1.9611991165468816E-187	1.9931912131670318E-196	3.15212168351394E-168	1.3091963872834138E-19	2.0092362872235593E-78	4.23360591495037E-114
16	0.9941175689462124	0.03702817866711541	0.023932657775972713	5.627519440254856E-46	3.8424028998066874E-88	7.62048515939881E-70	1.6042464102068429E-77	4.058663304530891E-56	7.681623978394175E-93
17	0.007009464064441276	0.009373659012931058	0.04558356009588212	2.272607085991247E-6	2.7806533499514187E-53	6.408277788487226E-28	4.554321204438217E-98	0.994043231386135	2.6523659293531365E-65
18	0.002047041437787832	0.028724618002526386	0.02381606113204281	0.001668939893343722	1.9785085476596555E-49	6.179345217191592E-57	0.007996082148599029	0.01731674872105045	0.9700497057448058
  --- end emissions ---

  Chrom coverage (expect 21):
chr1 chr10 chr11 chr12 chr13 chr14 chr15 chr16 chr17 chr18 chr19 chr2 chr3 chr4 chr5 chr6 chr7 chr8 chr9 chrX chrY 
  State distribution:
       145303 E13
        94231 E5
        18966 E15
        15771 E16
        15601 E10
        15103 E17
        13248 E1
        11785 E14
         9542 E2
         9514 E12
         8704 E9
         8192 E4
         7628 E7
         7135 E6
         5731 E11
         4952 E3
         4535 E18
         3372 E8

============================================================
NEXT (manual):
  Inspect emissions_15.txt above (9 columns:
    H3K27ac, H3K27me3, H3K4me1, H3K4me3, CTCF, H2AK119ub, ATAC, H3K9ac, H3K9me3)
  Write rename file:
    /expanse/lustre/projects/csd940/zalibhai/mariner_hi-c/cluster/outputs/bap1_late/chromHMM_9mark_intersect/15state_rename_cerebellum.txt
  Format: E{N}<TAB>{Biological_Name}  (15 lines)

  Inspect emissions_18.txt above (9 columns:
    H3K27ac, H3K27me3, H3K4me1, H3K4me3, CTCF, H2AK119ub, ATAC, H3K9ac, H3K9me3)
  Write rename file:
    /expanse/lustre/projects/csd940/zalibhai/mariner_hi-c/cluster/outputs/bap1_late/chromHMM_9mark_intersect/18state_rename_cerebellum.txt
  Format: E{N}<TAB>{Biological_Name}  (18 lines)

============================================================

Phase 2b finished: Sat May  2 19:48:34 PDT 2026

============================================================
All requested models complete.

--- intersect ---
  OK  k=15: 392007 segments
  OK  k=18: 399313 segments
  Rename files to create:
    cluster/outputs/bap1_late/chromHMM_9mark_intersect/15state_rename_cerebellum.txt
    cluster/outputs/bap1_late/chromHMM_9mark_intersect/18state_rename_cerebellum.txt

Finished: Sat May  2 19:48:34 PDT 2026
============================================================
