===========================================
Phase 6: cooltools off-diagonal pileup
===========================================
Job ID:      48577675
Node:        exp-1-06
CPUs:        16
Memory:      65536 MB
CODE_DIR:    /expanse/lustre/projects/csd940/zalibhai/mariner_hi-c
MCOOL_CTRL:  /expanse/lustre/projects/csd940/zalibhai/stripes/stripenn/data/cool/250402/ctrl_merged.mcool
MCOOL_MUT:   /expanse/lustre/projects/csd940/zalibhai/stripes/stripenn/data/cool/250402/mut_merged.mcool
Start:       Mon Apr 27 18:08:57 PDT 2026
===========================================
/home/zalibhai/miniforge3/envs/cluster/bin/python
cooltools 0.6.1 bioframe 0.6.1 cooler 0.9.3
env OK
[1/2] Loading clusters from /expanse/lustre/projects/csd940/zalibhai/mariner_hi-c/cluster/bap1_late/cluster3/k-6/data/combined-clusters.txt...
  clust1: 12298 loops
  clust2: 10970 loops
  clust3: 8738 loops
  clust4: 3916 loops
  clust5: 667 loops
  clust6: 2359 loops

[2/2] cooltools pileup at 10000bp / flank +/-500000bp
  out_dir:    /expanse/lustre/projects/csd940/zalibhai/mariner_hi-c/cluster/bap1_late/cooltools/obs_exp_contacts
  mcool_ctrl: /expanse/lustre/projects/csd940/zalibhai/stripes/stripenn/data/cool/250402/ctrl_merged.mcool
  mcool_mut:  /expanse/lustre/projects/csd940/zalibhai/stripes/stripenn/data/cool/250402/mut_merged.mcool
  NOTE: viewframe built from cooler chromsizes (no UCSC fetch needed).
WARNING:matplotlib.font_manager:findfont: Font family 'arial' not found.
WARNING:matplotlib.font_manager:findfont: Font family 'arial' not found.
WARNING:matplotlib.font_manager:findfont: Font family 'arial' not found.
WARNING:matplotlib.font_manager:findfont: Font family 'arial' not found.
WARNING:matplotlib.font_manager:findfont: Font family 'arial' not found.
WARNING:matplotlib.font_manager:findfont: Font family 'arial' not found.
WARNING:matplotlib.font_manager:findfont: Font family 'arial' not found.
WARNING:matplotlib.font_manager:findfont: Font family 'arial' not found.
WARNING:matplotlib.font_manager:findfont: Font family 'arial' not found.
WARNING:matplotlib.font_manager:findfont: Font family 'arial' not found.
WARNING:matplotlib.font_manager:findfont: Font family 'arial' not found.
WARNING:matplotlib.font_manager:findfont: Font family 'arial' not found.
WARNING:matplotlib.font_manager:findfont: Font family 'arial' not found.
WARNING:matplotlib.font_manager:findfont: Font family 'arial' not found.
WARNING:matplotlib.font_manager:findfont: Font family 'arial' not found.
WARNING:matplotlib.font_manager:findfont: Font family 'arial' not found.
WARNING:matplotlib.font_manager:findfont: Font family 'arial' not found.
WARNING:matplotlib.font_manager:findfont: Font family 'arial' not found.
WARNING:matplotlib.font_manager:findfont: Font family 'arial' not found.
WARNING:matplotlib.font_manager:findfont: Font family 'arial' not found.
WARNING:matplotlib.font_manager:findfont: Font family 'arial' not found.
WARNING:matplotlib.font_manager:findfont: Font family 'arial' not found.
WARNING:matplotlib.font_manager:findfont: Font family 'arial' not found.
WARNING:matplotlib.font_manager:findfont: Font family 'arial' not found.
WARNING:matplotlib.font_manager:findfont: Font family 'arial' not found.
WARNING:matplotlib.font_manager:findfont: Font family 'arial' not found.
WARNING:matplotlib.font_manager:findfont: Font family 'arial' not found.
WARNING:matplotlib.font_manager:findfont: Font family 'arial' not found.
WARNING:matplotlib.font_manager:findfont: Font family 'arial' not found.
WARNING:matplotlib.font_manager:findfont: Font family 'arial' not found.
WARNING:matplotlib.font_manager:findfont: Font family 'arial' not found.
WARNING:matplotlib.font_manager:findfont: Font family 'arial' not found.
WARNING:matplotlib.font_manager:findfont: Font family 'arial' not found.
WARNING:matplotlib.font_manager:findfont: Font family 'arial' not found.
WARNING:matplotlib.font_manager:findfont: Font family 'arial' not found.
WARNING:matplotlib.font_manager:findfont: Font family 'arial' not found.
WARNING:matplotlib.font_manager:findfont: Font family 'arial' not found.
WARNING:matplotlib.font_manager:findfont: Font family 'arial' not found.
WARNING:matplotlib.font_manager:findfont: Font family 'arial' not found.
WARNING:matplotlib.font_manager:findfont: Font family 'arial' not found.
WARNING:matplotlib.font_manager:findfont: Font family 'arial' not found.
WARNING:matplotlib.font_manager:findfont: Font family 'arial' not found.
WARNING:matplotlib.font_manager:findfont: Font family 'arial' not found.
WARNING:matplotlib.font_manager:findfont: Font family 'arial' not found.
WARNING:matplotlib.font_manager:findfont: Font family 'arial' not found.
WARNING:matplotlib.font_manager:findfont: Font family 'arial' not found.
WARNING:matplotlib.font_manager:findfont: Font family 'arial' not found.
WARNING:matplotlib.font_manager:findfont: Font family 'arial' not found.
WARNING:matplotlib.font_manager:findfont: Font family 'arial' not found.
WARNING:matplotlib.font_manager:findfont: Font family 'arial' not found.
WARNING:matplotlib.font_manager:findfont: Font family 'arial' not found.
WARNING:matplotlib.font_manager:findfont: Font family 'arial' not found.
WARNING:matplotlib.font_manager:findfont: Font family 'arial' not found.
WARNING:matplotlib.font_manager:findfont: Font family 'arial' not found.
WARNING:matplotlib.font_manager:findfont: Font family 'arial' not found.
WARNING:matplotlib.font_manager:findfont: Font family 'arial' not found.
WARNING:matplotlib.font_manager:findfont: Font family 'arial' not found.
WARNING:matplotlib.font_manager:findfont: Font family 'arial' not found.
WARNING:matplotlib.font_manager:findfont: Font family 'arial' not found.
WARNING:matplotlib.font_manager:findfont: Font family 'arial' not found.
WARNING:matplotlib.font_manager:findfont: Font family 'arial' not found.
WARNING:matplotlib.font_manager:findfont: Font family 'arial' not found.
WARNING:matplotlib.font_manager:findfont: Font family 'arial' not found.
WARNING:matplotlib.font_manager:findfont: Font family 'arial' not found.
WARNING:matplotlib.font_manager:findfont: Font family 'arial' not found.
WARNING:matplotlib.font_manager:findfont: Font family 'arial' not found.
WARNING:matplotlib.font_manager:findfont: Font family 'arial' not found.
WARNING:matplotlib.font_manager:findfont: Font family 'arial' not found.
WARNING:matplotlib.font_manager:findfont: Font family 'arial' not found.
WARNING:matplotlib.font_manager:findfont: Font family 'arial' not found.
WARNING:matplotlib.font_manager:findfont: Font family 'arial' not found.
WARNING:matplotlib.font_manager:findfont: Font family 'arial' not found.
WARNING:matplotlib.font_manager:findfont: Font family 'arial' not found.
WARNING:matplotlib.font_manager:findfont: Font family 'arial' not found.
WARNING:matplotlib.font_manager:findfont: Font family 'arial' not found.
WARNING:matplotlib.font_manager:findfont: Font family 'arial' not found.
WARNING:matplotlib.font_manager:findfont: Font family 'arial' not found.
WARNING:matplotlib.font_manager:findfont: Font family 'arial' not found.
WARNING:matplotlib.font_manager:findfont: Font family 'arial' not found.
WARNING:matplotlib.font_manager:findfont: Font family 'arial' not found.
WARNING:matplotlib.font_manager:findfont: Font family 'arial' not found.
WARNING:matplotlib.font_manager:findfont: Font family 'arial' not found.
WARNING:matplotlib.font_manager:findfont: Font family 'arial' not found.
WARNING:matplotlib.font_manager:findfont: Font family 'arial' not found.
WARNING:matplotlib.font_manager:findfont: Font family 'arial' not found.
WARNING:matplotlib.font_manager:findfont: Font family 'arial' not found.
WARNING:matplotlib.font_manager:findfont: Font family 'arial' not found.
WARNING:matplotlib.font_manager:findfont: Font family 'arial' not found.
WARNING:matplotlib.font_manager:findfont: Font family 'arial' not found.
WARNING:matplotlib.font_manager:findfont: Font family 'arial' not found.
WARNING:matplotlib.font_manager:findfont: Font family 'arial' not found.
WARNING:matplotlib.font_manager:findfont: Font family 'arial' not found.
WARNING:matplotlib.font_manager:findfont: Font family 'arial' not found.
WARNING:matplotlib.font_manager:findfont: Font family 'arial' not found.
WARNING:matplotlib.font_manager:findfont: Font family 'arial' not found.
WARNING:matplotlib.font_manager:findfont: Font family 'arial' not found.
WARNING:matplotlib.font_manager:findfont: Font family 'arial' not found.
WARNING:matplotlib.font_manager:findfont: Font family 'arial' not found.
WARNING:matplotlib.font_manager:findfont: Font family 'arial' not found.
WARNING:matplotlib.font_manager:findfont: Font family 'arial' not found.
WARNING:matplotlib.font_manager:findfont: Font family 'arial' not found.
WARNING:matplotlib.font_manager:findfont: Font family 'arial' not found.
WARNING:matplotlib.font_manager:findfont: Font family 'arial' not found.
WARNING:matplotlib.font_manager:findfont: Font family 'arial' not found.
WARNING:matplotlib.font_manager:findfont: Font family 'arial' not found.
INFO:fontTools.subset:maxp pruned
INFO:fontTools.subset:cmap pruned
INFO:fontTools.subset:kern dropped
INFO:fontTools.subset:post pruned
INFO:fontTools.subset:FFTM dropped
INFO:fontTools.subset:GPOS pruned
INFO:fontTools.subset:GSUB pruned
INFO:fontTools.subset:glyf pruned
INFO:fontTools.subset:Added gid0 to subset
INFO:fontTools.subset:Added first four glyphs to subset
INFO:fontTools.subset:Closing glyph list over 'MATH': 32 glyphs before
INFO:fontTools.subset:Glyph names: ['.notdef', '.null', 'a', 'b', 'c', 'e', 'five', 'four', 'g', 'hyphen', 'i', 'k', 'l', 'minus', 'n', 'nonmarkingreturn', 'o', 'one', 'p', 'period', 'r', 's', 'six', 'slash', 'space', 't', 'three', 'two', 'u', 'v', 'x', 'zero']
INFO:fontTools.subset:Glyph IDs:   [0, 1, 2, 3, 16, 17, 18, 19, 20, 21, 22, 23, 24, 25, 68, 69, 70, 72, 74, 76, 78, 79, 81, 82, 83, 85, 86, 87, 88, 89, 91, 3228]
INFO:fontTools.subset:Closed glyph list over 'MATH': 32 glyphs after
INFO:fontTools.subset:Glyph names: ['.notdef', '.null', 'a', 'b', 'c', 'e', 'five', 'four', 'g', 'hyphen', 'i', 'k', 'l', 'minus', 'n', 'nonmarkingreturn', 'o', 'one', 'p', 'period', 'r', 's', 'six', 'slash', 'space', 't', 'three', 'two', 'u', 'v', 'x', 'zero']
INFO:fontTools.subset:Glyph IDs:   [0, 1, 2, 3, 16, 17, 18, 19, 20, 21, 22, 23, 24, 25, 68, 69, 70, 72, 74, 76, 78, 79, 81, 82, 83, 85, 86, 87, 88, 89, 91, 3228]
INFO:fontTools.subset:Closing glyph list over 'GSUB': 32 glyphs before
INFO:fontTools.subset:Glyph names: ['.notdef', '.null', 'a', 'b', 'c', 'e', 'five', 'four', 'g', 'hyphen', 'i', 'k', 'l', 'minus', 'n', 'nonmarkingreturn', 'o', 'one', 'p', 'period', 'r', 's', 'six', 'slash', 'space', 't', 'three', 'two', 'u', 'v', 'x', 'zero']
INFO:fontTools.subset:Glyph IDs:   [0, 1, 2, 3, 16, 17, 18, 19, 20, 21, 22, 23, 24, 25, 68, 69, 70, 72, 74, 76, 78, 79, 81, 82, 83, 85, 86, 87, 88, 89, 91, 3228]
INFO:fontTools.subset:Closed glyph list over 'GSUB': 32 glyphs after
INFO:fontTools.subset:Glyph names: ['.notdef', '.null', 'a', 'b', 'c', 'e', 'five', 'four', 'g', 'hyphen', 'i', 'k', 'l', 'minus', 'n', 'nonmarkingreturn', 'o', 'one', 'p', 'period', 'r', 's', 'six', 'slash', 'space', 't', 'three', 'two', 'u', 'v', 'x', 'zero']
INFO:fontTools.subset:Glyph IDs:   [0, 1, 2, 3, 16, 17, 18, 19, 20, 21, 22, 23, 24, 25, 68, 69, 70, 72, 74, 76, 78, 79, 81, 82, 83, 85, 86, 87, 88, 89, 91, 3228]
INFO:fontTools.subset:Closing glyph list over 'glyf': 32 glyphs before
INFO:fontTools.subset:Glyph names: ['.notdef', '.null', 'a', 'b', 'c', 'e', 'five', 'four', 'g', 'hyphen', 'i', 'k', 'l', 'minus', 'n', 'nonmarkingreturn', 'o', 'one', 'p', 'period', 'r', 's', 'six', 'slash', 'space', 't', 'three', 'two', 'u', 'v', 'x', 'zero']
INFO:fontTools.subset:Glyph IDs:   [0, 1, 2, 3, 16, 17, 18, 19, 20, 21, 22, 23, 24, 25, 68, 69, 70, 72, 74, 76, 78, 79, 81, 82, 83, 85, 86, 87, 88, 89, 91, 3228]
INFO:fontTools.subset:Closed glyph list over 'glyf': 32 glyphs after
INFO:fontTools.subset:Glyph names: ['.notdef', '.null', 'a', 'b', 'c', 'e', 'five', 'four', 'g', 'hyphen', 'i', 'k', 'l', 'minus', 'n', 'nonmarkingreturn', 'o', 'one', 'p', 'period', 'r', 's', 'six', 'slash', 'space', 't', 'three', 'two', 'u', 'v', 'x', 'zero']
INFO:fontTools.subset:Glyph IDs:   [0, 1, 2, 3, 16, 17, 18, 19, 20, 21, 22, 23, 24, 25, 68, 69, 70, 72, 74, 76, 78, 79, 81, 82, 83, 85, 86, 87, 88, 89, 91, 3228]
INFO:fontTools.subset:Retaining 32 glyphs
INFO:fontTools.subset:head subsetting not needed
INFO:fontTools.subset:hhea subsetting not needed
INFO:fontTools.subset:maxp subsetting not needed
INFO:fontTools.subset:OS/2 subsetting not needed
INFO:fontTools.subset:hmtx subsetted
INFO:fontTools.subset:cmap subsetted
INFO:fontTools.subset:fpgm subsetting not needed
INFO:fontTools.subset:prep subsetting not needed
INFO:fontTools.subset:cvt  subsetting not needed
INFO:fontTools.subset:loca subsetting not needed
INFO:fontTools.subset:post subsetted
INFO:fontTools.subset:gasp subsetting not needed
INFO:fontTools.subset:MATH subsetted
INFO:fontTools.subset:GDEF subsetted
INFO:fontTools.subset:GPOS subsetted
INFO:fontTools.subset:GSUB subsetted
INFO:fontTools.subset:name subsetting not needed
INFO:fontTools.subset:glyf subsetted
INFO:fontTools.subset:head pruned
INFO:fontTools.subset:OS/2 Unicode ranges pruned: [0, 38]
INFO:fontTools.subset:OS/2 CodePage ranges pruned: [0]
INFO:fontTools.subset:glyf pruned
INFO:fontTools.subset:GDEF pruned
INFO:fontTools.subset:GPOS pruned
INFO:fontTools.subset:GSUB pruned
INFO:fontTools.subset:name pruned
WARNING:matplotlib.font_manager:findfont: Font family 'arial' not found.
WARNING:matplotlib.font_manager:findfont: Font family 'arial' not found.
WARNING:matplotlib.font_manager:findfont: Font family 'arial' not found.
WARNING:matplotlib.font_manager:findfont: Font family 'arial' not found.
WARNING:matplotlib.font_manager:findfont: Font family 'arial' not found.
WARNING:matplotlib.font_manager:findfont: Font family 'arial' not found.
WARNING:matplotlib.font_manager:findfont: Font family 'arial' not found.
WARNING:matplotlib.font_manager:findfont: Font family 'arial' not found.
WARNING:matplotlib.font_manager:findfont: Font family 'arial' not found.
WARNING:matplotlib.font_manager:findfont: Font family 'arial' not found.
WARNING:matplotlib.font_manager:findfont: Font family 'arial' not found.
WARNING:matplotlib.font_manager:findfont: Font family 'arial' not found.
WARNING:matplotlib.font_manager:findfont: Font family 'arial' not found.
WARNING:matplotlib.font_manager:findfont: Font family 'arial' not found.
WARNING:matplotlib.font_manager:findfont: Font family 'arial' not found.
WARNING:matplotlib.font_manager:findfont: Font family 'arial' not found.
WARNING:matplotlib.font_manager:findfont: Font family 'arial' not found.
WARNING:matplotlib.font_manager:findfont: Font family 'arial' not found.
WARNING:matplotlib.font_manager:findfont: Font family 'arial' not found.
WARNING:matplotlib.font_manager:findfont: Font family 'arial' not found.
WARNING:matplotlib.font_manager:findfont: Font family 'arial' not found.
WARNING:matplotlib.font_manager:findfont: Font family 'arial' not found.
WARNING:matplotlib.font_manager:findfont: Font family 'arial' not found.
WARNING:matplotlib.font_manager:findfont: Font family 'arial' not found.
WARNING:matplotlib.font_manager:findfont: Font family 'arial' not found.
WARNING:matplotlib.font_manager:findfont: Font family 'arial' not found.
WARNING:matplotlib.font_manager:findfont: Font family 'arial' not found.
WARNING:matplotlib.font_manager:findfont: Font family 'arial' not found.
WARNING:matplotlib.font_manager:findfont: Font family 'arial' not found.
WARNING:matplotlib.font_manager:findfont: Font family 'arial' not found.
WARNING:matplotlib.font_manager:findfont: Font family 'arial' not found.
WARNING:matplotlib.font_manager:findfont: Font family 'arial' not found.
WARNING:matplotlib.font_manager:findfont: Font family 'arial' not found.
WARNING:matplotlib.font_manager:findfont: Font family 'arial' not found.
WARNING:matplotlib.font_manager:findfont: Font family 'arial' not found.
WARNING:matplotlib.font_manager:findfont: Font family 'arial' not found.
WARNING:matplotlib.font_manager:findfont: Font family 'arial' not found.
WARNING:matplotlib.font_manager:findfont: Font family 'arial' not found.
WARNING:matplotlib.font_manager:findfont: Font family 'arial' not found.
WARNING:matplotlib.font_manager:findfont: Font family 'arial' not found.
WARNING:matplotlib.font_manager:findfont: Font family 'arial' not found.
WARNING:matplotlib.font_manager:findfont: Font family 'arial' not found.
WARNING:matplotlib.font_manager:findfont: Font family 'arial' not found.
WARNING:matplotlib.font_manager:findfont: Font family 'arial' not found.
WARNING:matplotlib.font_manager:findfont: Font family 'arial' not found.
WARNING:matplotlib.font_manager:findfont: Font family 'arial' not found.
WARNING:matplotlib.font_manager:findfont: Font family 'arial' not found.
WARNING:matplotlib.font_manager:findfont: Font family 'arial' not found.
WARNING:matplotlib.font_manager:findfont: Font family 'arial' not found.
WARNING:matplotlib.font_manager:findfont: Font family 'arial' not found.
WARNING:matplotlib.font_manager:findfont: Font family 'arial' not found.
WARNING:matplotlib.font_manager:findfont: Font family 'arial' not found.
WARNING:matplotlib.font_manager:findfont: Font family 'arial' not found.
WARNING:matplotlib.font_manager:findfont: Font family 'arial' not found.
WARNING:matplotlib.font_manager:findfont: Font family 'arial' not found.
WARNING:matplotlib.font_manager:findfont: Font family 'arial' not found.
WARNING:matplotlib.font_manager:findfont: Font family 'arial' not found.
WARNING:matplotlib.font_manager:findfont: Font family 'arial' not found.
WARNING:matplotlib.font_manager:findfont: Font family 'arial' not found.
WARNING:matplotlib.font_manager:findfont: Font family 'arial' not found.
WARNING:matplotlib.font_manager:findfont: Font family 'arial' not found.
WARNING:matplotlib.font_manager:findfont: Font family 'arial' not found.
WARNING:matplotlib.font_manager:findfont: Font family 'arial' not found.
WARNING:matplotlib.font_manager:findfont: Font family 'arial' not found.
WARNING:matplotlib.font_manager:findfont: Font family 'arial' not found.
WARNING:matplotlib.font_manager:findfont: Font family 'arial' not found.
WARNING:matplotlib.font_manager:findfont: Font family 'arial' not found.
WARNING:matplotlib.font_manager:findfont: Font family 'arial' not found.
WARNING:matplotlib.font_manager:findfont: Font family 'arial' not found.
WARNING:matplotlib.font_manager:findfont: Font family 'arial' not found.
WARNING:matplotlib.font_manager:findfont: Font family 'arial' not found.
WARNING:matplotlib.font_manager:findfont: Font family 'arial' not found.
WARNING:matplotlib.font_manager:findfont: Font family 'arial' not found.
WARNING:matplotlib.font_manager:findfont: Font family 'arial' not found.
WARNING:matplotlib.font_manager:findfont: Font family 'arial' not found.
WARNING:matplotlib.font_manager:findfont: Font family 'arial' not found.
WARNING:matplotlib.font_manager:findfont: Font family 'arial' not found.
WARNING:matplotlib.font_manager:findfont: Font family 'arial' not found.
WARNING:matplotlib.font_manager:findfont: Font family 'arial' not found.
WARNING:matplotlib.font_manager:findfont: Font family 'arial' not found.
WARNING:matplotlib.font_manager:findfont: Font family 'arial' not found.
WARNING:matplotlib.font_manager:findfont: Font family 'arial' not found.
WARNING:matplotlib.font_manager:findfont: Font family 'arial' not found.
WARNING:matplotlib.font_manager:findfont: Font family 'arial' not found.
WARNING:matplotlib.font_manager:findfont: Font family 'arial' not found.
WARNING:matplotlib.font_manager:findfont: Font family 'arial' not found.
WARNING:matplotlib.font_manager:findfont: Font family 'arial' not found.
WARNING:matplotlib.font_manager:findfont: Font family 'arial' not found.
INFO:fontTools.subset:maxp pruned
INFO:fontTools.subset:cmap pruned
INFO:fontTools.subset:kern dropped
INFO:fontTools.subset:post pruned
INFO:fontTools.subset:FFTM dropped
INFO:fontTools.subset:GPOS pruned
INFO:fontTools.subset:GSUB pruned
INFO:fontTools.subset:glyf pruned
INFO:fontTools.subset:Added gid0 to subset
INFO:fontTools.subset:Added first four glyphs to subset
INFO:fontTools.subset:Closing glyph list over 'MATH': 32 glyphs before
INFO:fontTools.subset:Glyph names: ['.notdef', '.null', 'a', 'b', 'c', 'e', 'five', 'four', 'g', 'hyphen', 'i', 'k', 'l', 'minus', 'n', 'nonmarkingreturn', 'o', 'one', 'p', 'period', 'r', 's', 'six', 'slash', 'space', 't', 'three', 'two', 'u', 'v', 'x', 'zero']
INFO:fontTools.subset:Glyph IDs:   [0, 1, 2, 3, 16, 17, 18, 19, 20, 21, 22, 23, 24, 25, 68, 69, 70, 72, 74, 76, 78, 79, 81, 82, 83, 85, 86, 87, 88, 89, 91, 3228]
INFO:fontTools.subset:Closed glyph list over 'MATH': 32 glyphs after
INFO:fontTools.subset:Glyph names: ['.notdef', '.null', 'a', 'b', 'c', 'e', 'five', 'four', 'g', 'hyphen', 'i', 'k', 'l', 'minus', 'n', 'nonmarkingreturn', 'o', 'one', 'p', 'period', 'r', 's', 'six', 'slash', 'space', 't', 'three', 'two', 'u', 'v', 'x', 'zero']
INFO:fontTools.subset:Glyph IDs:   [0, 1, 2, 3, 16, 17, 18, 19, 20, 21, 22, 23, 24, 25, 68, 69, 70, 72, 74, 76, 78, 79, 81, 82, 83, 85, 86, 87, 88, 89, 91, 3228]
INFO:fontTools.subset:Closing glyph list over 'GSUB': 32 glyphs before
INFO:fontTools.subset:Glyph names: ['.notdef', '.null', 'a', 'b', 'c', 'e', 'five', 'four', 'g', 'hyphen', 'i', 'k', 'l', 'minus', 'n', 'nonmarkingreturn', 'o', 'one', 'p', 'period', 'r', 's', 'six', 'slash', 'space', 't', 'three', 'two', 'u', 'v', 'x', 'zero']
INFO:fontTools.subset:Glyph IDs:   [0, 1, 2, 3, 16, 17, 18, 19, 20, 21, 22, 23, 24, 25, 68, 69, 70, 72, 74, 76, 78, 79, 81, 82, 83, 85, 86, 87, 88, 89, 91, 3228]
INFO:fontTools.subset:Closed glyph list over 'GSUB': 32 glyphs after
INFO:fontTools.subset:Glyph names: ['.notdef', '.null', 'a', 'b', 'c', 'e', 'five', 'four', 'g', 'hyphen', 'i', 'k', 'l', 'minus', 'n', 'nonmarkingreturn', 'o', 'one', 'p', 'period', 'r', 's', 'six', 'slash', 'space', 't', 'three', 'two', 'u', 'v', 'x', 'zero']
INFO:fontTools.subset:Glyph IDs:   [0, 1, 2, 3, 16, 17, 18, 19, 20, 21, 22, 23, 24, 25, 68, 69, 70, 72, 74, 76, 78, 79, 81, 82, 83, 85, 86, 87, 88, 89, 91, 3228]
INFO:fontTools.subset:Closing glyph list over 'glyf': 32 glyphs before
INFO:fontTools.subset:Glyph names: ['.notdef', '.null', 'a', 'b', 'c', 'e', 'five', 'four', 'g', 'hyphen', 'i', 'k', 'l', 'minus', 'n', 'nonmarkingreturn', 'o', 'one', 'p', 'period', 'r', 's', 'six', 'slash', 'space', 't', 'three', 'two', 'u', 'v', 'x', 'zero']
INFO:fontTools.subset:Glyph IDs:   [0, 1, 2, 3, 16, 17, 18, 19, 20, 21, 22, 23, 24, 25, 68, 69, 70, 72, 74, 76, 78, 79, 81, 82, 83, 85, 86, 87, 88, 89, 91, 3228]
INFO:fontTools.subset:Closed glyph list over 'glyf': 32 glyphs after
INFO:fontTools.subset:Glyph names: ['.notdef', '.null', 'a', 'b', 'c', 'e', 'five', 'four', 'g', 'hyphen', 'i', 'k', 'l', 'minus', 'n', 'nonmarkingreturn', 'o', 'one', 'p', 'period', 'r', 's', 'six', 'slash', 'space', 't', 'three', 'two', 'u', 'v', 'x', 'zero']
INFO:fontTools.subset:Glyph IDs:   [0, 1, 2, 3, 16, 17, 18, 19, 20, 21, 22, 23, 24, 25, 68, 69, 70, 72, 74, 76, 78, 79, 81, 82, 83, 85, 86, 87, 88, 89, 91, 3228]
INFO:fontTools.subset:Retaining 32 glyphs
INFO:fontTools.subset:head subsetting not needed
INFO:fontTools.subset:hhea subsetting not needed
INFO:fontTools.subset:maxp subsetting not needed
INFO:fontTools.subset:OS/2 subsetting not needed
INFO:fontTools.subset:hmtx subsetted
INFO:fontTools.subset:cmap subsetted
INFO:fontTools.subset:fpgm subsetting not needed
INFO:fontTools.subset:prep subsetting not needed
INFO:fontTools.subset:cvt  subsetting not needed
INFO:fontTools.subset:loca subsetting not needed
INFO:fontTools.subset:post subsetted
INFO:fontTools.subset:gasp subsetting not needed
INFO:fontTools.subset:MATH subsetted
INFO:fontTools.subset:GDEF subsetted
INFO:fontTools.subset:GPOS subsetted
INFO:fontTools.subset:GSUB subsetted
INFO:fontTools.subset:name subsetting not needed
INFO:fontTools.subset:glyf subsetted
INFO:fontTools.subset:head pruned
INFO:fontTools.subset:OS/2 Unicode ranges pruned: [0, 38]
INFO:fontTools.subset:OS/2 CodePage ranges pruned: [0]
INFO:fontTools.subset:glyf pruned
INFO:fontTools.subset:GDEF pruned
INFO:fontTools.subset:GPOS pruned
INFO:fontTools.subset:GSUB pruned
INFO:fontTools.subset:name pruned
WARNING:matplotlib.font_manager:findfont: Font family 'arial' not found.
WARNING:matplotlib.font_manager:findfont: Font family 'arial' not found.
WARNING:matplotlib.font_manager:findfont: Font family 'arial' not found.
WARNING:matplotlib.font_manager:findfont: Font family 'arial' not found.
WARNING:matplotlib.font_manager:findfont: Font family 'arial' not found.
WARNING:matplotlib.font_manager:findfont: Font family 'arial' not found.
WARNING:matplotlib.font_manager:findfont: Font family 'arial' not found.
WARNING:matplotlib.font_manager:findfont: Font family 'arial' not found.
WARNING:matplotlib.font_manager:findfont: Font family 'arial' not found.
WARNING:matplotlib.font_manager:findfont: Font family 'arial' not found.
WARNING:matplotlib.font_manager:findfont: Font family 'arial' not found.
WARNING:matplotlib.font_manager:findfont: Font family 'arial' not found.
WARNING:matplotlib.font_manager:findfont: Font family 'arial' not found.
WARNING:matplotlib.font_manager:findfont: Font family 'arial' not found.
WARNING:matplotlib.font_manager:findfont: Font family 'arial' not found.
WARNING:matplotlib.font_manager:findfont: Font family 'arial' not found.
WARNING:matplotlib.font_manager:findfont: Font family 'arial' not found.
WARNING:matplotlib.font_manager:findfont: Font family 'arial' not found.
WARNING:matplotlib.font_manager:findfont: Font family 'arial' not found.
WARNING:matplotlib.font_manager:findfont: Font family 'arial' not found.
WARNING:matplotlib.font_manager:findfont: Font family 'arial' not found.
WARNING:matplotlib.font_manager:findfont: Font family 'arial' not found.
WARNING:matplotlib.font_manager:findfont: Font family 'arial' not found.
WARNING:matplotlib.font_manager:findfont: Font family 'arial' not found.
WARNING:matplotlib.font_manager:findfont: Font family 'arial' not found.
WARNING:matplotlib.font_manager:findfont: Font family 'arial' not found.
WARNING:matplotlib.font_manager:findfont: Font family 'arial' not found.
WARNING:matplotlib.font_manager:findfont: Font family 'arial' not found.
WARNING:matplotlib.font_manager:findfont: Font family 'arial' not found.
WARNING:matplotlib.font_manager:findfont: Font family 'arial' not found.
WARNING:matplotlib.font_manager:findfont: Font family 'arial' not found.
WARNING:matplotlib.font_manager:findfont: Font family 'arial' not found.
WARNING:matplotlib.font_manager:findfont: Font family 'arial' not found.
WARNING:matplotlib.font_manager:findfont: Font family 'arial' not found.
WARNING:matplotlib.font_manager:findfont: Font family 'arial' not found.
WARNING:matplotlib.font_manager:findfont: Font family 'arial' not found.
WARNING:matplotlib.font_manager:findfont: Font family 'arial' not found.
WARNING:matplotlib.font_manager:findfont: Font family 'arial' not found.
WARNING:matplotlib.font_manager:findfont: Font family 'arial' not found.
WARNING:matplotlib.font_manager:findfont: Font family 'arial' not found.
WARNING:matplotlib.font_manager:findfont: Font family 'arial' not found.
WARNING:matplotlib.font_manager:findfont: Font family 'arial' not found.
WARNING:matplotlib.font_manager:findfont: Font family 'arial' not found.
WARNING:matplotlib.font_manager:findfont: Font family 'arial' not found.
WARNING:matplotlib.font_manager:findfont: Font family 'arial' not found.
WARNING:matplotlib.font_manager:findfont: Font family 'arial' not found.
WARNING:matplotlib.font_manager:findfont: Font family 'arial' not found.
WARNING:matplotlib.font_manager:findfont: Font family 'arial' not found.
WARNING:matplotlib.font_manager:findfont: Font family 'arial' not found.
WARNING:matplotlib.font_manager:findfont: Font family 'arial' not found.
WARNING:matplotlib.font_manager:findfont: Font family 'arial' not found.
WARNING:matplotlib.font_manager:findfont: Font family 'arial' not found.
WARNING:matplotlib.font_manager:findfont: Font family 'arial' not found.
WARNING:matplotlib.font_manager:findfont: Font family 'arial' not found.
WARNING:matplotlib.font_manager:findfont: Font family 'arial' not found.
WARNING:matplotlib.font_manager:findfont: Font family 'arial' not found.
WARNING:matplotlib.font_manager:findfont: Font family 'arial' not found.
WARNING:matplotlib.font_manager:findfont: Font family 'arial' not found.
WARNING:matplotlib.font_manager:findfont: Font family 'arial' not found.
WARNING:matplotlib.font_manager:findfont: Font family 'arial' not found.
WARNING:matplotlib.font_manager:findfont: Font family 'arial' not found.
WARNING:matplotlib.font_manager:findfont: Font family 'arial' not found.
WARNING:matplotlib.font_manager:findfont: Font family 'arial' not found.
WARNING:matplotlib.font_manager:findfont: Font family 'arial' not found.
WARNING:matplotlib.font_manager:findfont: Font family 'arial' not found.
WARNING:matplotlib.font_manager:findfont: Font family 'arial' not found.
WARNING:matplotlib.font_manager:findfont: Font family 'arial' not found.
WARNING:matplotlib.font_manager:findfont: Font family 'arial' not found.
WARNING:matplotlib.font_manager:findfont: Font family 'arial' not found.
WARNING:matplotlib.font_manager:findfont: Font family 'arial' not found.
WARNING:matplotlib.font_manager:findfont: Font family 'arial' not found.
WARNING:matplotlib.font_manager:findfont: Font family 'arial' not found.
WARNING:matplotlib.font_manager:findfont: Font family 'arial' not found.
WARNING:matplotlib.font_manager:findfont: Font family 'arial' not found.
WARNING:matplotlib.font_manager:findfont: Font family 'arial' not found.
WARNING:matplotlib.font_manager:findfont: Font family 'arial' not found.
WARNING:matplotlib.font_manager:findfont: Font family 'arial' not found.
WARNING:matplotlib.font_manager:findfont: Font family 'arial' not found.
WARNING:matplotlib.font_manager:findfont: Font family 'arial' not found.
WARNING:matplotlib.font_manager:findfont: Font family 'arial' not found.
WARNING:matplotlib.font_manager:findfont: Font family 'arial' not found.
WARNING:matplotlib.font_manager:findfont: Font family 'arial' not found.
WARNING:matplotlib.font_manager:findfont: Font family 'arial' not found.
WARNING:matplotlib.font_manager:findfont: Font family 'arial' not found.
WARNING:matplotlib.font_manager:findfont: Font family 'arial' not found.
WARNING:matplotlib.font_manager:findfont: Font family 'arial' not found.
WARNING:matplotlib.font_manager:findfont: Font family 'arial' not found.
WARNING:matplotlib.font_manager:findfont: Font family 'arial' not found.
WARNING:matplotlib.font_manager:findfont: Font family 'arial' not found.
WARNING:matplotlib.font_manager:findfont: Font family 'arial' not found.
WARNING:matplotlib.font_manager:findfont: Font family 'arial' not found.
WARNING:matplotlib.font_manager:findfont: Font family 'arial' not found.
WARNING:matplotlib.font_manager:findfont: Font family 'arial' not found.
WARNING:matplotlib.font_manager:findfont: Font family 'arial' not found.
WARNING:matplotlib.font_manager:findfont: Font family 'arial' not found.
WARNING:matplotlib.font_manager:findfont: Font family 'arial' not found.
WARNING:matplotlib.font_manager:findfont: Font family 'arial' not found.
WARNING:matplotlib.font_manager:findfont: Font family 'arial' not found.
WARNING:matplotlib.font_manager:findfont: Font family 'arial' not found.
WARNING:matplotlib.font_manager:findfont: Font family 'arial' not found.
WARNING:matplotlib.font_manager:findfont: Font family 'arial' not found.
WARNING:matplotlib.font_manager:findfont: Font family 'arial' not found.
WARNING:matplotlib.font_manager:findfont: Font family 'arial' not found.
WARNING:matplotlib.font_manager:findfont: Font family 'arial' not found.
WARNING:matplotlib.font_manager:findfont: Font family 'arial' not found.
WARNING:matplotlib.font_manager:findfont: Font family 'arial' not found.
WARNING:matplotlib.font_manager:findfont: Font family 'arial' not found.
WARNING:matplotlib.font_manager:findfont: Font family 'arial' not found.
WARNING:matplotlib.font_manager:findfont: Font family 'arial' not found.
WARNING:matplotlib.font_manager:findfont: Font family 'arial' not found.
WARNING:matplotlib.font_manager:findfont: Font family 'arial' not found.
WARNING:matplotlib.font_manager:findfont: Font family 'arial' not found.
WARNING:matplotlib.font_manager:findfont: Font family 'arial' not found.
WARNING:matplotlib.font_manager:findfont: Font family 'arial' not found.
WARNING:matplotlib.font_manager:findfont: Font family 'arial' not found.
WARNING:matplotlib.font_manager:findfont: Font family 'arial' not found.
WARNING:matplotlib.font_manager:findfont: Font family 'arial' not found.
WARNING:matplotlib.font_manager:findfont: Font family 'arial' not found.
WARNING:matplotlib.font_manager:findfont: Font family 'arial' not found.
WARNING:matplotlib.font_manager:findfont: Font family 'arial' not found.
WARNING:matplotlib.font_manager:findfont: Font family 'arial' not found.
WARNING:matplotlib.font_manager:findfont: Font family 'arial' not found.
INFO:fontTools.subset:maxp pruned
INFO:fontTools.subset:cmap pruned
INFO:fontTools.subset:kern dropped
INFO:fontTools.subset:post pruned
INFO:fontTools.subset:FFTM dropped
INFO:fontTools.subset:GPOS pruned
INFO:fontTools.subset:GSUB pruned
INFO:fontTools.subset:glyf pruned
INFO:fontTools.subset:Added gid0 to subset
INFO:fontTools.subset:Added first four glyphs to subset
INFO:fontTools.subset:Closing glyph list over 'MATH': 32 glyphs before
INFO:fontTools.subset:Glyph names: ['.notdef', '.null', 'a', 'b', 'c', 'e', 'five', 'four', 'g', 'hyphen', 'i', 'k', 'l', 'minus', 'n', 'nonmarkingreturn', 'o', 'one', 'p', 'period', 'r', 's', 'six', 'slash', 'space', 't', 'three', 'two', 'u', 'v', 'x', 'zero']
INFO:fontTools.subset:Glyph IDs:   [0, 1, 2, 3, 16, 17, 18, 19, 20, 21, 22, 23, 24, 25, 68, 69, 70, 72, 74, 76, 78, 79, 81, 82, 83, 85, 86, 87, 88, 89, 91, 3228]
INFO:fontTools.subset:Closed glyph list over 'MATH': 32 glyphs after
INFO:fontTools.subset:Glyph names: ['.notdef', '.null', 'a', 'b', 'c', 'e', 'five', 'four', 'g', 'hyphen', 'i', 'k', 'l', 'minus', 'n', 'nonmarkingreturn', 'o', 'one', 'p', 'period', 'r', 's', 'six', 'slash', 'space', 't', 'three', 'two', 'u', 'v', 'x', 'zero']
INFO:fontTools.subset:Glyph IDs:   [0, 1, 2, 3, 16, 17, 18, 19, 20, 21, 22, 23, 24, 25, 68, 69, 70, 72, 74, 76, 78, 79, 81, 82, 83, 85, 86, 87, 88, 89, 91, 3228]
INFO:fontTools.subset:Closing glyph list over 'GSUB': 32 glyphs before
INFO:fontTools.subset:Glyph names: ['.notdef', '.null', 'a', 'b', 'c', 'e', 'five', 'four', 'g', 'hyphen', 'i', 'k', 'l', 'minus', 'n', 'nonmarkingreturn', 'o', 'one', 'p', 'period', 'r', 's', 'six', 'slash', 'space', 't', 'three', 'two', 'u', 'v', 'x', 'zero']
INFO:fontTools.subset:Glyph IDs:   [0, 1, 2, 3, 16, 17, 18, 19, 20, 21, 22, 23, 24, 25, 68, 69, 70, 72, 74, 76, 78, 79, 81, 82, 83, 85, 86, 87, 88, 89, 91, 3228]
INFO:fontTools.subset:Closed glyph list over 'GSUB': 32 glyphs after
INFO:fontTools.subset:Glyph names: ['.notdef', '.null', 'a', 'b', 'c', 'e', 'five', 'four', 'g', 'hyphen', 'i', 'k', 'l', 'minus', 'n', 'nonmarkingreturn', 'o', 'one', 'p', 'period', 'r', 's', 'six', 'slash', 'space', 't', 'three', 'two', 'u', 'v', 'x', 'zero']
INFO:fontTools.subset:Glyph IDs:   [0, 1, 2, 3, 16, 17, 18, 19, 20, 21, 22, 23, 24, 25, 68, 69, 70, 72, 74, 76, 78, 79, 81, 82, 83, 85, 86, 87, 88, 89, 91, 3228]
INFO:fontTools.subset:Closing glyph list over 'glyf': 32 glyphs before
INFO:fontTools.subset:Glyph names: ['.notdef', '.null', 'a', 'b', 'c', 'e', 'five', 'four', 'g', 'hyphen', 'i', 'k', 'l', 'minus', 'n', 'nonmarkingreturn', 'o', 'one', 'p', 'period', 'r', 's', 'six', 'slash', 'space', 't', 'three', 'two', 'u', 'v', 'x', 'zero']
INFO:fontTools.subset:Glyph IDs:   [0, 1, 2, 3, 16, 17, 18, 19, 20, 21, 22, 23, 24, 25, 68, 69, 70, 72, 74, 76, 78, 79, 81, 82, 83, 85, 86, 87, 88, 89, 91, 3228]
INFO:fontTools.subset:Closed glyph list over 'glyf': 32 glyphs after
INFO:fontTools.subset:Glyph names: ['.notdef', '.null', 'a', 'b', 'c', 'e', 'five', 'four', 'g', 'hyphen', 'i', 'k', 'l', 'minus', 'n', 'nonmarkingreturn', 'o', 'one', 'p', 'period', 'r', 's', 'six', 'slash', 'space', 't', 'three', 'two', 'u', 'v', 'x', 'zero']
INFO:fontTools.subset:Glyph IDs:   [0, 1, 2, 3, 16, 17, 18, 19, 20, 21, 22, 23, 24, 25, 68, 69, 70, 72, 74, 76, 78, 79, 81, 82, 83, 85, 86, 87, 88, 89, 91, 3228]
INFO:fontTools.subset:Retaining 32 glyphs
INFO:fontTools.subset:head subsetting not needed
INFO:fontTools.subset:hhea subsetting not needed
INFO:fontTools.subset:maxp subsetting not needed
INFO:fontTools.subset:OS/2 subsetting not needed
INFO:fontTools.subset:hmtx subsetted
INFO:fontTools.subset:cmap subsetted
INFO:fontTools.subset:fpgm subsetting not needed
INFO:fontTools.subset:prep subsetting not needed
INFO:fontTools.subset:cvt  subsetting not needed
INFO:fontTools.subset:loca subsetting not needed
INFO:fontTools.subset:post subsetted
INFO:fontTools.subset:gasp subsetting not needed
INFO:fontTools.subset:MATH subsetted
INFO:fontTools.subset:GDEF subsetted
INFO:fontTools.subset:GPOS subsetted
INFO:fontTools.subset:GSUB subsetted
INFO:fontTools.subset:name subsetting not needed
INFO:fontTools.subset:glyf subsetted
INFO:fontTools.subset:head pruned
INFO:fontTools.subset:OS/2 Unicode ranges pruned: [0, 38]
INFO:fontTools.subset:OS/2 CodePage ranges pruned: [0]
INFO:fontTools.subset:glyf pruned
INFO:fontTools.subset:GDEF pruned
INFO:fontTools.subset:GPOS pruned
INFO:fontTools.subset:GSUB pruned
INFO:fontTools.subset:name pruned
WARNING:matplotlib.font_manager:findfont: Font family 'arial' not found.
WARNING:matplotlib.font_manager:findfont: Font family 'arial' not found.
WARNING:matplotlib.font_manager:findfont: Font family 'arial' not found.
WARNING:matplotlib.font_manager:findfont: Font family 'arial' not found.
WARNING:matplotlib.font_manager:findfont: Font family 'arial' not found.
WARNING:matplotlib.font_manager:findfont: Font family 'arial' not found.
WARNING:matplotlib.font_manager:findfont: Font family 'arial' not found.
WARNING:matplotlib.font_manager:findfont: Font family 'arial' not found.
WARNING:matplotlib.font_manager:findfont: Font family 'arial' not found.
WARNING:matplotlib.font_manager:findfont: Font family 'arial' not found.
WARNING:matplotlib.font_manager:findfont: Font family 'arial' not found.
WARNING:matplotlib.font_manager:findfont: Font family 'arial' not found.
WARNING:matplotlib.font_manager:findfont: Font family 'arial' not found.
WARNING:matplotlib.font_manager:findfont: Font family 'arial' not found.
WARNING:matplotlib.font_manager:findfont: Font family 'arial' not found.
WARNING:matplotlib.font_manager:findfont: Font family 'arial' not found.
WARNING:matplotlib.font_manager:findfont: Font family 'arial' not found.
WARNING:matplotlib.font_manager:findfont: Font family 'arial' not found.
WARNING:matplotlib.font_manager:findfont: Font family 'arial' not found.
WARNING:matplotlib.font_manager:findfont: Font family 'arial' not found.
WARNING:matplotlib.font_manager:findfont: Font family 'arial' not found.
WARNING:matplotlib.font_manager:findfont: Font family 'arial' not found.
WARNING:matplotlib.font_manager:findfont: Font family 'arial' not found.
WARNING:matplotlib.font_manager:findfont: Font family 'arial' not found.
WARNING:matplotlib.font_manager:findfont: Font family 'arial' not found.
WARNING:matplotlib.font_manager:findfont: Font family 'arial' not found.
WARNING:matplotlib.font_manager:findfont: Font family 'arial' not found.
WARNING:matplotlib.font_manager:findfont: Font family 'arial' not found.
WARNING:matplotlib.font_manager:findfont: Font family 'arial' not found.
WARNING:matplotlib.font_manager:findfont: Font family 'arial' not found.
WARNING:matplotlib.font_manager:findfont: Font family 'arial' not found.
WARNING:matplotlib.font_manager:findfont: Font family 'arial' not found.
WARNING:matplotlib.font_manager:findfont: Font family 'arial' not found.
WARNING:matplotlib.font_manager:findfont: Font family 'arial' not found.
WARNING:matplotlib.font_manager:findfont: Font family 'arial' not found.
WARNING:matplotlib.font_manager:findfont: Font family 'arial' not found.
WARNING:matplotlib.font_manager:findfont: Font family 'arial' not found.
WARNING:matplotlib.font_manager:findfont: Font family 'arial' not found.
WARNING:matplotlib.font_manager:findfont: Font family 'arial' not found.
WARNING:matplotlib.font_manager:findfont: Font family 'arial' not found.
WARNING:matplotlib.font_manager:findfont: Font family 'arial' not found.
WARNING:matplotlib.font_manager:findfont: Font family 'arial' not found.
WARNING:matplotlib.font_manager:findfont: Font family 'arial' not found.
WARNING:matplotlib.font_manager:findfont: Font family 'arial' not found.
WARNING:matplotlib.font_manager:findfont: Font family 'arial' not found.
WARNING:matplotlib.font_manager:findfont: Font family 'arial' not found.
WARNING:matplotlib.font_manager:findfont: Font family 'arial' not found.
WARNING:matplotlib.font_manager:findfont: Font family 'arial' not found.
WARNING:matplotlib.font_manager:findfont: Font family 'arial' not found.
WARNING:matplotlib.font_manager:findfont: Font family 'arial' not found.
WARNING:matplotlib.font_manager:findfont: Font family 'arial' not found.
WARNING:matplotlib.font_manager:findfont: Font family 'arial' not found.
WARNING:matplotlib.font_manager:findfont: Font family 'arial' not found.
WARNING:matplotlib.font_manager:findfont: Font family 'arial' not found.
WARNING:matplotlib.font_manager:findfont: Font family 'arial' not found.
WARNING:matplotlib.font_manager:findfont: Font family 'arial' not found.
WARNING:matplotlib.font_manager:findfont: Font family 'arial' not found.
WARNING:matplotlib.font_manager:findfont: Font family 'arial' not found.
WARNING:matplotlib.font_manager:findfont: Font family 'arial' not found.
WARNING:matplotlib.font_manager:findfont: Font family 'arial' not found.
WARNING:matplotlib.font_manager:findfont: Font family 'arial' not found.
WARNING:matplotlib.font_manager:findfont: Font family 'arial' not found.
WARNING:matplotlib.font_manager:findfont: Font family 'arial' not found.
WARNING:matplotlib.font_manager:findfont: Font family 'arial' not found.
WARNING:matplotlib.font_manager:findfont: Font family 'arial' not found.
WARNING:matplotlib.font_manager:findfont: Font family 'arial' not found.
WARNING:matplotlib.font_manager:findfont: Font family 'arial' not found.
WARNING:matplotlib.font_manager:findfont: Font family 'arial' not found.
WARNING:matplotlib.font_manager:findfont: Font family 'arial' not found.
WARNING:matplotlib.font_manager:findfont: Font family 'arial' not found.
WARNING:matplotlib.font_manager:findfont: Font family 'arial' not found.
WARNING:matplotlib.font_manager:findfont: Font family 'arial' not found.
WARNING:matplotlib.font_manager:findfont: Font family 'arial' not found.
WARNING:matplotlib.font_manager:findfont: Font family 'arial' not found.
WARNING:matplotlib.font_manager:findfont: Font family 'arial' not found.
WARNING:matplotlib.font_manager:findfont: Font family 'arial' not found.
WARNING:matplotlib.font_manager:findfont: Font family 'arial' not found.
WARNING:matplotlib.font_manager:findfont: Font family 'arial' not found.
WARNING:matplotlib.font_manager:findfont: Font family 'arial' not found.
WARNING:matplotlib.font_manager:findfont: Font family 'arial' not found.
WARNING:matplotlib.font_manager:findfont: Font family 'arial' not found.
WARNING:matplotlib.font_manager:findfont: Font family 'arial' not found.
WARNING:matplotlib.font_manager:findfont: Font family 'arial' not found.
WARNING:matplotlib.font_manager:findfont: Font family 'arial' not found.
WARNING:matplotlib.font_manager:findfont: Font family 'arial' not found.
WARNING:matplotlib.font_manager:findfont: Font family 'arial' not found.
WARNING:matplotlib.font_manager:findfont: Font family 'arial' not found.
WARNING:matplotlib.font_manager:findfont: Font family 'arial' not found.
INFO:fontTools.subset:maxp pruned
INFO:fontTools.subset:cmap pruned
INFO:fontTools.subset:kern dropped
INFO:fontTools.subset:post pruned
INFO:fontTools.subset:FFTM dropped
INFO:fontTools.subset:GPOS pruned
INFO:fontTools.subset:GSUB pruned
INFO:fontTools.subset:glyf pruned
INFO:fontTools.subset:Added gid0 to subset
INFO:fontTools.subset:Added first four glyphs to subset
INFO:fontTools.subset:Closing glyph list over 'MATH': 32 glyphs before
INFO:fontTools.subset:Glyph names: ['.notdef', '.null', 'a', 'b', 'c', 'e', 'five', 'four', 'g', 'hyphen', 'i', 'k', 'l', 'minus', 'n', 'nonmarkingreturn', 'o', 'one', 'p', 'period', 'r', 's', 'six', 'slash', 'space', 't', 'three', 'two', 'u', 'v', 'x', 'zero']
INFO:fontTools.subset:Glyph IDs:   [0, 1, 2, 3, 16, 17, 18, 19, 20, 21, 22, 23, 24, 25, 68, 69, 70, 72, 74, 76, 78, 79, 81, 82, 83, 85, 86, 87, 88, 89, 91, 3228]
INFO:fontTools.subset:Closed glyph list over 'MATH': 32 glyphs after
INFO:fontTools.subset:Glyph names: ['.notdef', '.null', 'a', 'b', 'c', 'e', 'five', 'four', 'g', 'hyphen', 'i', 'k', 'l', 'minus', 'n', 'nonmarkingreturn', 'o', 'one', 'p', 'period', 'r', 's', 'six', 'slash', 'space', 't', 'three', 'two', 'u', 'v', 'x', 'zero']
INFO:fontTools.subset:Glyph IDs:   [0, 1, 2, 3, 16, 17, 18, 19, 20, 21, 22, 23, 24, 25, 68, 69, 70, 72, 74, 76, 78, 79, 81, 82, 83, 85, 86, 87, 88, 89, 91, 3228]
INFO:fontTools.subset:Closing glyph list over 'GSUB': 32 glyphs before
INFO:fontTools.subset:Glyph names: ['.notdef', '.null', 'a', 'b', 'c', 'e', 'five', 'four', 'g', 'hyphen', 'i', 'k', 'l', 'minus', 'n', 'nonmarkingreturn', 'o', 'one', 'p', 'period', 'r', 's', 'six', 'slash', 'space', 't', 'three', 'two', 'u', 'v', 'x', 'zero']
INFO:fontTools.subset:Glyph IDs:   [0, 1, 2, 3, 16, 17, 18, 19, 20, 21, 22, 23, 24, 25, 68, 69, 70, 72, 74, 76, 78, 79, 81, 82, 83, 85, 86, 87, 88, 89, 91, 3228]
INFO:fontTools.subset:Closed glyph list over 'GSUB': 32 glyphs after
INFO:fontTools.subset:Glyph names: ['.notdef', '.null', 'a', 'b', 'c', 'e', 'five', 'four', 'g', 'hyphen', 'i', 'k', 'l', 'minus', 'n', 'nonmarkingreturn', 'o', 'one', 'p', 'period', 'r', 's', 'six', 'slash', 'space', 't', 'three', 'two', 'u', 'v', 'x', 'zero']
INFO:fontTools.subset:Glyph IDs:   [0, 1, 2, 3, 16, 17, 18, 19, 20, 21, 22, 23, 24, 25, 68, 69, 70, 72, 74, 76, 78, 79, 81, 82, 83, 85, 86, 87, 88, 89, 91, 3228]
INFO:fontTools.subset:Closing glyph list over 'glyf': 32 glyphs before
INFO:fontTools.subset:Glyph names: ['.notdef', '.null', 'a', 'b', 'c', 'e', 'five', 'four', 'g', 'hyphen', 'i', 'k', 'l', 'minus', 'n', 'nonmarkingreturn', 'o', 'one', 'p', 'period', 'r', 's', 'six', 'slash', 'space', 't', 'three', 'two', 'u', 'v', 'x', 'zero']
INFO:fontTools.subset:Glyph IDs:   [0, 1, 2, 3, 16, 17, 18, 19, 20, 21, 22, 23, 24, 25, 68, 69, 70, 72, 74, 76, 78, 79, 81, 82, 83, 85, 86, 87, 88, 89, 91, 3228]
INFO:fontTools.subset:Closed glyph list over 'glyf': 32 glyphs after
INFO:fontTools.subset:Glyph names: ['.notdef', '.null', 'a', 'b', 'c', 'e', 'five', 'four', 'g', 'hyphen', 'i', 'k', 'l', 'minus', 'n', 'nonmarkingreturn', 'o', 'one', 'p', 'period', 'r', 's', 'six', 'slash', 'space', 't', 'three', 'two', 'u', 'v', 'x', 'zero']
INFO:fontTools.subset:Glyph IDs:   [0, 1, 2, 3, 16, 17, 18, 19, 20, 21, 22, 23, 24, 25, 68, 69, 70, 72, 74, 76, 78, 79, 81, 82, 83, 85, 86, 87, 88, 89, 91, 3228]
INFO:fontTools.subset:Retaining 32 glyphs
INFO:fontTools.subset:head subsetting not needed
INFO:fontTools.subset:hhea subsetting not needed
INFO:fontTools.subset:maxp subsetting not needed
INFO:fontTools.subset:OS/2 subsetting not needed
INFO:fontTools.subset:hmtx subsetted
INFO:fontTools.subset:cmap subsetted
INFO:fontTools.subset:fpgm subsetting not needed
INFO:fontTools.subset:prep subsetting not needed
INFO:fontTools.subset:cvt  subsetting not needed
INFO:fontTools.subset:loca subsetting not needed
INFO:fontTools.subset:post subsetted
INFO:fontTools.subset:gasp subsetting not needed
INFO:fontTools.subset:MATH subsetted
INFO:fontTools.subset:GDEF subsetted
INFO:fontTools.subset:GPOS subsetted
INFO:fontTools.subset:GSUB subsetted
INFO:fontTools.subset:name subsetting not needed
INFO:fontTools.subset:glyf subsetted
INFO:fontTools.subset:head pruned
INFO:fontTools.subset:OS/2 Unicode ranges pruned: [0, 38]
INFO:fontTools.subset:OS/2 CodePage ranges pruned: [0]
INFO:fontTools.subset:glyf pruned
INFO:fontTools.subset:GDEF pruned
INFO:fontTools.subset:GPOS pruned
INFO:fontTools.subset:GSUB pruned
INFO:fontTools.subset:name pruned
WARNING:matplotlib.font_manager:findfont: Font family 'arial' not found.
WARNING:matplotlib.font_manager:findfont: Font family 'arial' not found.
WARNING:matplotlib.font_manager:findfont: Font family 'arial' not found.
WARNING:matplotlib.font_manager:findfont: Font family 'arial' not found.
WARNING:matplotlib.font_manager:findfont: Font family 'arial' not found.
WARNING:matplotlib.font_manager:findfont: Font family 'arial' not found.
WARNING:matplotlib.font_manager:findfont: Font family 'arial' not found.
WARNING:matplotlib.font_manager:findfont: Font family 'arial' not found.
WARNING:matplotlib.font_manager:findfont: Font family 'arial' not found.
WARNING:matplotlib.font_manager:findfont: Font family 'arial' not found.
WARNING:matplotlib.font_manager:findfont: Font family 'arial' not found.
WARNING:matplotlib.font_manager:findfont: Font family 'arial' not found.
WARNING:matplotlib.font_manager:findfont: Font family 'arial' not found.
WARNING:matplotlib.font_manager:findfont: Font family 'arial' not found.
WARNING:matplotlib.font_manager:findfont: Font family 'arial' not found.
WARNING:matplotlib.font_manager:findfont: Font family 'arial' not found.
WARNING:matplotlib.font_manager:findfont: Font family 'arial' not found.

Phase 6 complete. Outputs:
  /expanse/lustre/projects/csd940/zalibhai/mariner_hi-c/cluster/bap1_late/cooltools/obs_exp_contacts/obs_exp_contacts_ctrl.{png,pdf,svg,jpg}
  /expanse/lustre/projects/csd940/zalibhai/mariner_hi-c/cluster/bap1_late/cooltools/obs_exp_contacts/obs_exp_contacts_mut.{png,pdf,svg,jpg}

Output files:
total 43K
-rw-r--r-- 1 zalibhai csd940  70K Apr 27 18:25 obs_exp_contacts_ctrl.jpg
-rw-r--r-- 1 zalibhai csd940  56K Apr 27 18:25 obs_exp_contacts_ctrl.pdf
-rw-r--r-- 1 zalibhai csd940 151K Apr 27 18:25 obs_exp_contacts_ctrl.png
-rw-r--r-- 1 zalibhai csd940 126K Apr 27 18:25 obs_exp_contacts_ctrl.svg
-rw-r--r-- 1 zalibhai csd940  69K Apr 27 18:43 obs_exp_contacts_mut.jpg
-rw-r--r-- 1 zalibhai csd940  56K Apr 27 18:43 obs_exp_contacts_mut.pdf
-rw-r--r-- 1 zalibhai csd940 153K Apr 27 18:43 obs_exp_contacts_mut.png
-rw-r--r-- 1 zalibhai csd940 128K Apr 27 18:43 obs_exp_contacts_mut.svg

End: Mon Apr 27 18:43:07 PDT 2026
===========================================
