===========================================
Stage 2: Build Union Stripe Set
===========================================
Job ID:     48243240
Node:       exp-1-09
Timepoint:  250831
Resolution: 5000 bp (5 kb)
Start:      Mon Apr 20 15:11:51 PDT 2026
===========================================
Warning messages:
1: package ‘yaml’ was built under R version 4.4.3 
2: package ‘dplyr’ was built under R version 4.4.3 

========================================
Stage 2: Build Union Stripe Set
Timepoint:  250831
Resolution: 5000 bp (5 kb)
========================================

Config loaded: /expanse/lustre/projects/csd940/zalibhai/mariner_hi-c/stripes/stripenn/config/stripenn_config.yaml
Anchor tolerance: 50000 bp (50 kb)
Exclude chromosomes: chrX, chrY, chrM

=== Loading Stripenn Results ===
  ctrl: /expanse/lustre/projects/csd940/zalibhai/stripes/stripenn/outputs/250831/res_5kb/calls/ctrl_merged/result_filtered.tsv
  mut:  /expanse/lustre/projects/csd940/zalibhai/stripes/stripenn/outputs/250831/res_5kb/calls/mut_merged/result_filtered.tsv
  Read 3237 stripes from result_filtered.tsv
  Filtered 5 stripes on excluded chromosomes
  Read 3068 stripes from result_filtered.tsv
  Filtered 9 stripes on excluded chromosomes

  Loaded ctrl: 3232 stripes (after filtering)
  Loaded mut:  3059 stripes (after filtering)

=== Building Union Set ===
  Control merged: 3232 stripes
  Mutant merged:  3059 stripes
  Shared: 2283, Control-only: 949, Mutant-only: 776
Total union: 4008 stripes

=== Saving Outputs ===
  Full TSV: /expanse/lustre/projects/csd940/zalibhai/stripes/stripenn/outputs/250831/res_5kb/union_stripes.tsv (4008 rows)
  RDS:      /expanse/lustre/projects/csd940/zalibhai/stripes/stripenn/outputs/250831/res_5kb/union_stripes.rds
  BEDPE:    /expanse/lustre/projects/csd940/zalibhai/stripes/stripenn/outputs/250831/res_5kb/union_stripes.bedpe (4008 rows)

=== Summary ===
  Shared:       2283
  Control-only: 949
  Mutant-only:  776
  Total:        4008

Direction distribution:
  3prime: 1897
  5prime: 2111

Source x Direction:
              
               3prime 5prime
  control_only    477    472
  mutant_only     377    399
  shared         1043   1240

Median stripe length: 415000 bp
Median stripe width:  25000 bp

========================================
Stage 2 complete.
End: 2026-04-20 15:12:37.725952
========================================

Union BEDPE created: 4008 stripes
End: Mon Apr 20 15:12:37 PDT 2026
===========================================
