===========================================
Stage 2: Build Union Stripe Set
===========================================
Job ID:     48243242
Node:       exp-16-55
Timepoint:  250402
Resolution: 5000 bp (5 kb)
Start:      Mon Apr 20 15:12:53 PDT 2026
===========================================
Warning messages:
1: package ‘yaml’ was built under R version 4.4.3 
2: package ‘dplyr’ was built under R version 4.4.3 

========================================
Stage 2: Build Union Stripe Set
Timepoint:  250402
Resolution: 5000 bp (5 kb)
========================================

Config loaded: /expanse/lustre/projects/csd940/zalibhai/mariner_hi-c/stripes/stripenn/config/stripenn_config.yaml
Anchor tolerance: 50000 bp (50 kb)
Exclude chromosomes: chrX, chrY, chrM

=== Loading Stripenn Results ===
  ctrl: /expanse/lustre/projects/csd940/zalibhai/stripes/stripenn/outputs/250402/res_5kb/calls/ctrl_merged/result_filtered.tsv
  mut:  /expanse/lustre/projects/csd940/zalibhai/stripes/stripenn/outputs/250402/res_5kb/calls/mut_merged/result_filtered.tsv
  Read 5327 stripes from result_filtered.tsv
  Filtered 8 stripes on excluded chromosomes
  Read 5850 stripes from result_filtered.tsv
  Filtered 7 stripes on excluded chromosomes

  Loaded ctrl: 5319 stripes (after filtering)
  Loaded mut:  5843 stripes (after filtering)

=== Building Union Set ===
  Control merged: 5319 stripes
  Mutant merged:  5843 stripes
  Shared: 3791, Control-only: 1528, Mutant-only: 2052
Total union: 7371 stripes

=== Saving Outputs ===
  Full TSV: /expanse/lustre/projects/csd940/zalibhai/stripes/stripenn/outputs/250402/res_5kb/union_stripes.tsv (7371 rows)
  RDS:      /expanse/lustre/projects/csd940/zalibhai/stripes/stripenn/outputs/250402/res_5kb/union_stripes.rds
  BEDPE:    /expanse/lustre/projects/csd940/zalibhai/stripes/stripenn/outputs/250402/res_5kb/union_stripes.bedpe (7371 rows)

=== Summary ===
  Shared:       3791
  Control-only: 1528
  Mutant-only:  2052
  Total:        7371

Direction distribution:
  3prime: 3709
  5prime: 3662

Source x Direction:
              
               3prime 5prime
  control_only    779    749
  mutant_only    1008   1044
  shared         1922   1869

Median stripe length: 650000 bp
Median stripe width:  20000 bp

========================================
Stage 2 complete.
End: 2026-04-20 15:14:04.855621
========================================

Union BEDPE created: 7371 stripes
End: Mon Apr 20 15:14:05 PDT 2026
===========================================
