===========================================
Stage 2: Build Union Stripe Set
===========================================
Job ID:     48243241
Node:       exp-1-09
Timepoint:  250831
Resolution: 10000 bp (10 kb)
Start:      Mon Apr 20 15:12:51 PDT 2026
===========================================
Warning messages:
1: package ‘yaml’ was built under R version 4.4.3 
2: package ‘dplyr’ was built under R version 4.4.3 

========================================
Stage 2: Build Union Stripe Set
Timepoint:  250831
Resolution: 10000 bp (10 kb)
========================================

Config loaded: /expanse/lustre/projects/csd940/zalibhai/mariner_hi-c/stripes/stripenn/config/stripenn_config.yaml
Anchor tolerance: 50000 bp (50 kb)
Exclude chromosomes: chrX, chrY, chrM

=== Loading Stripenn Results ===
  ctrl: /expanse/lustre/projects/csd940/zalibhai/stripes/stripenn/outputs/250831/res_10kb/calls/ctrl_merged/result_filtered.tsv
  mut:  /expanse/lustre/projects/csd940/zalibhai/stripes/stripenn/outputs/250831/res_10kb/calls/mut_merged/result_filtered.tsv
  Read 1482 stripes from result_filtered.tsv
  Filtered 4 stripes on excluded chromosomes
  Read 1398 stripes from result_filtered.tsv
  Filtered 2 stripes on excluded chromosomes

  Loaded ctrl: 1478 stripes (after filtering)
  Loaded mut:  1396 stripes (after filtering)

=== Building Union Set ===
  Control merged: 1478 stripes
  Mutant merged:  1396 stripes
  Shared: 995, Control-only: 483, Mutant-only: 401
Total union: 1879 stripes

=== Saving Outputs ===
  Full TSV: /expanse/lustre/projects/csd940/zalibhai/stripes/stripenn/outputs/250831/res_10kb/union_stripes.tsv (1879 rows)
  RDS:      /expanse/lustre/projects/csd940/zalibhai/stripes/stripenn/outputs/250831/res_10kb/union_stripes.rds
  BEDPE:    /expanse/lustre/projects/csd940/zalibhai/stripes/stripenn/outputs/250831/res_10kb/union_stripes.bedpe (1879 rows)

=== Summary ===
  Shared:       995
  Control-only: 483
  Mutant-only:  401
  Total:        1879

Direction distribution:
  3prime: 763
  5prime: 1116

Source x Direction:
              
               3prime 5prime
  control_only    218    265
  mutant_only     172    229
  shared          373    622

Median stripe length: 780000 bp
Median stripe width:  50000 bp

========================================
Stage 2 complete.
End: 2026-04-20 15:13:13.226951
========================================

Union BEDPE created: 1879 stripes
End: Mon Apr 20 15:13:13 PDT 2026
===========================================
