===========================================
Stage 0: hic2cool convert
===========================================
Job ID:     48238680
Node:       exp-4-06
CPUs:       8
Memory:     65536 MB
Timepoint:  250402
Sample:     ctrl_merged
Input:      /expanse/lustre/projects/csd940/zalibhai/stripes/StripeCaller/data/hic/250402/ctrl_merged.hic
Output:     /expanse/lustre/projects/csd940/zalibhai/stripes/stripenn/data/cool/250402/ctrl_merged.mcool
Start:      Mon Apr 20 03:12:57 PDT 2026
===========================================
/home/zalibhai/miniforge3/envs/hictk/bin/hictk
hictk-v2.1.4-bioconda
[2026-04-20 03:13:00.326] [info]: Running hictk v2.1.4-bioconda
[2026-04-20 03:13:00.327] [info]: Converting /expanse/lustre/projects/csd940/zalibhai/stripes/StripeCaller/data/hic/250402/ctrl_merged.hic to /expanse/lustre/projects/csd940/zalibhai/stripes/stripenn/data/cool/250402/ctrl_merged.mcool (hic -> mcool)...
[2026-04-20 03:13:03.133] [info]: [5000] begin processing 5000bp matrix...
[2026-04-20 03:13:09.404] [info]: [5000] processing chr1:22740000-22745000 at 1594896 pixels/s (cache hit rate 0.00%)...
[2026-04-20 03:13:14.151] [info]: [5000] processing chr1:44135000-44140000 at 2107038 pixels/s (cache hit rate 0.00%)...
[2026-04-20 03:13:18.347] [info]: [5000] processing chr1:70880000-70885000 at 2383790 pixels/s (cache hit rate 0.00%)...
[2026-04-20 03:13:22.109] [info]: [5000] processing chr1:93725000-93730000 at 2658161 pixels/s (cache hit rate 0.00%)...
[2026-04-20 03:13:26.916] [info]: [5000] processing chr1:125540000-125545000 at 2080300 pixels/s (cache hit rate 0.00%)...
[2026-04-20 03:13:30.795] [info]: [5000] processing chr1:153985000-153990000 at 2578649 pixels/s (cache hit rate 0.00%)...
[2026-04-20 03:13:33.782] [info]: [5000] processing chr1:183730000-183735000 at 3347841 pixels/s (cache hit rate 0.03%)...
[2026-04-20 03:13:39.464] [info]: [5000] processing chr2:16300000-16305000 at 1760253 pixels/s (cache hit rate 0.00%)...
[2026-04-20 03:13:44.542] [info]: [5000] processing chr2:34810000-34815000 at 1969279 pixels/s (cache hit rate 0.00%)...
[2026-04-20 03:13:49.612] [info]: [5000] processing chr2:59665000-59670000 at 1972776 pixels/s (cache hit rate 0.00%)...
[2026-04-20 03:13:54.215] [info]: [5000] processing chr2:86445000-86450000 at 2172496 pixels/s (cache hit rate 0.00%)...
[2026-04-20 03:13:58.727] [info]: [5000] processing chr2:117075000-117080000 at 2216312 pixels/s (cache hit rate 0.00%)...
[2026-04-20 03:14:02.555] [info]: [5000] processing chr2:145000000-145005000 at 2613013 pixels/s (cache hit rate 0.00%)...
[2026-04-20 03:14:05.435] [info]: [5000] processing chr2:179790000-179795000 at 3473428 pixels/s (cache hit rate 0.08%)...
[2026-04-20 03:14:10.659] [info]: [5000] processing chrX:56105000-56110000 at 1914608 pixels/s (cache hit rate 0.00%)...
[2026-04-20 03:14:14.878] [info]: [5000] processing chrX:112810000-112815000 at 2370792 pixels/s (cache hit rate 0.00%)...
[2026-04-20 03:14:19.715] [info]: [5000] processing chr3:9195000-9200000 at 2067825 pixels/s (cache hit rate 0.00%)...
[2026-04-20 03:14:25.153] [info]: [5000] processing chr3:32670000-32675000 at 1838911 pixels/s (cache hit rate 0.07%)...
[2026-04-20 03:14:30.791] [info]: [5000] processing chr3:57200000-57205000 at 1773679 pixels/s (cache hit rate 0.00%)...
[2026-04-20 03:14:36.199] [info]: [5000] processing chr3:85385000-85390000 at 1849112 pixels/s (cache hit rate 0.06%)...
[2026-04-20 03:14:40.058] [info]: [5000] processing chr3:111440000-111445000 at 2592017 pixels/s (cache hit rate 0.00%)...
[2026-04-20 03:14:43.899] [info]: [5000] processing chr3:151655000-151660000 at 2604167 pixels/s (cache hit rate 0.02%)...
[2026-04-20 03:14:49.856] [info]: [5000] processing chr4:22430000-22435000 at 1678697 pixels/s (cache hit rate 0.00%)...
[2026-04-20 03:14:55.534] [info]: [5000] processing chr4:48325000-48330000 at 1761184 pixels/s (cache hit rate 0.00%)...
[2026-04-20 03:15:00.689] [info]: [5000] processing chr4:79550000-79555000 at 1940241 pixels/s (cache hit rate 0.00%)...
[2026-04-20 03:15:04.876] [info]: [5000] processing chr4:111455000-111460000 at 2388915 pixels/s (cache hit rate 0.00%)...
[2026-04-20 03:15:07.864] [info]: [5000] processing chr4:136680000-136685000 at 3346720 pixels/s (cache hit rate 0.00%)...
[2026-04-20 03:15:12.586] [info]: [5000] processing chr5:12970000-12975000 at 2118195 pixels/s (cache hit rate 0.07%)...
[2026-04-20 03:15:17.537] [info]: [5000] processing chr5:35320000-35325000 at 2020202 pixels/s (cache hit rate 0.00%)...
[2026-04-20 03:15:22.381] [info]: [5000] processing chr5:64150000-64155000 at 2064410 pixels/s (cache hit rate 0.00%)...
[2026-04-20 03:15:26.785] [info]: [5000] processing chr5:99525000-99530000 at 2270663 pixels/s (cache hit rate 0.00%)...
[2026-04-20 03:15:30.774] [info]: [5000] processing chr5:124200000-124205000 at 2508151 pixels/s (cache hit rate 0.00%)...
[2026-04-20 03:15:35.095] [info]: [5000] processing chr6:6440000-6445000 at 2314279 pixels/s (cache hit rate 0.00%)...
[2026-04-20 03:15:40.901] [info]: [5000] processing chr6:30380000-30385000 at 1722060 pixels/s (cache hit rate 0.00%)...
[2026-04-20 03:15:46.792] [info]: [5000] processing chr6:55515000-55520000 at 1697793 pixels/s (cache hit rate 0.00%)...
[2026-04-20 03:15:52.624] [info]: [5000] processing chr6:85675000-85680000 at 1714972 pixels/s (cache hit rate 0.04%)...
[2026-04-20 03:15:57.081] [info]: [5000] processing chr6:116810000-116815000 at 2243662 pixels/s (cache hit rate 0.00%)...
[2026-04-20 03:16:01.628] [info]: [5000] processing chr7:12105000-12110000 at 2199736 pixels/s (cache hit rate 0.00%)...
[2026-04-20 03:16:06.640] [info]: [5000] processing chr7:41030000-41035000 at 1995211 pixels/s (cache hit rate 0.00%)...
[2026-04-20 03:16:12.200] [info]: [5000] processing chr7:66575000-66580000 at 1798885 pixels/s (cache hit rate 0.00%)...
[2026-04-20 03:16:16.781] [info]: [5000] processing chr7:94120000-94125000 at 2183406 pixels/s (cache hit rate 0.00%)...
[2026-04-20 03:16:20.638] [info]: [5000] processing chr7:125875000-125880000 at 2592689 pixels/s (cache hit rate 0.00%)...
[2026-04-20 03:16:25.524] [info]: [5000] processing chr10:12705000-12710000 at 2046664 pixels/s (cache hit rate 0.08%)...
[2026-04-20 03:16:32.339] [info]: [5000] processing chr10:39630000-39635000 at 1467567 pixels/s (cache hit rate 0.00%)...
[2026-04-20 03:16:38.338] [info]: [5000] processing chr10:68100000-68105000 at 1666944 pixels/s (cache hit rate 0.00%)...
[2026-04-20 03:16:43.098] [info]: [5000] processing chr10:102920000-102925000 at 2101723 pixels/s (cache hit rate 0.04%)...
[2026-04-20 03:16:48.229] [info]: [5000] processing chr8:13990000-13995000 at 1948938 pixels/s (cache hit rate 0.00%)...
[2026-04-20 03:16:54.436] [info]: [5000] processing chr8:42640000-42645000 at 1611084 pixels/s (cache hit rate 0.00%)...
[2026-04-20 03:17:00.174] [info]: [5000] processing chr8:78245000-78250000 at 1742768 pixels/s (cache hit rate 0.00%)...
[2026-04-20 03:17:04.210] [info]: [5000] processing chr8:115735000-115740000 at 2477701 pixels/s (cache hit rate 0.04%)...
[2026-04-20 03:17:09.813] [info]: [5000] processing chr14:23265000-23270000 at 1785077 pixels/s (cache hit rate 0.00%)...
[2026-04-20 03:17:16.341] [info]: [5000] processing chr14:53050000-53055000 at 1531863 pixels/s (cache hit rate 0.00%)...
[2026-04-20 03:17:21.476] [info]: [5000] processing chr14:90145000-90150000 at 1947799 pixels/s (cache hit rate 0.00%)...
[2026-04-20 03:17:27.221] [info]: [5000] processing chr9:12090000-12095000 at 1740644 pixels/s (cache hit rate 0.00%)...
[2026-04-20 03:17:34.945] [info]: [5000] processing chr9:35310000-35315000 at 1294666 pixels/s (cache hit rate 0.00%)...
[2026-04-20 03:17:41.507] [info]: [5000] processing chr9:60470000-60475000 at 1523926 pixels/s (cache hit rate 0.00%)...
[2026-04-20 03:17:46.967] [info]: [5000] processing chr9:97145000-97150000 at 1831837 pixels/s (cache hit rate 0.00%)...
[2026-04-20 03:17:51.913] [info]: [5000] processing chr11:11880000-11885000 at 2021836 pixels/s (cache hit rate 0.00%)...
[2026-04-20 03:17:58.403] [info]: [5000] processing chr11:38705000-38710000 at 1541307 pixels/s (cache hit rate 0.00%)...
[2026-04-20 03:18:03.962] [info]: [5000] processing chr11:66580000-66585000 at 1798561 pixels/s (cache hit rate 0.00%)...
[2026-04-20 03:18:09.092] [info]: [5000] processing chr11:101535000-101540000 at 1949318 pixels/s (cache hit rate 0.00%)...
[2026-04-20 03:18:14.918] [info]: [5000] processing chr13:19145000-19150000 at 1716444 pixels/s (cache hit rate 0.00%)...
[2026-04-20 03:18:21.710] [info]: [5000] processing chr13:50215000-50220000 at 1472320 pixels/s (cache hit rate 0.00%)...
[2026-04-20 03:18:27.141] [info]: [5000] processing chr13:95560000-95565000 at 1841621 pixels/s (cache hit rate 0.00%)...
[2026-04-20 03:18:32.987] [info]: [5000] processing chr12:21330000-21335000 at 1710571 pixels/s (cache hit rate 0.00%)...
[2026-04-20 03:18:39.919] [info]: [5000] processing chr12:57320000-57325000 at 1442585 pixels/s (cache hit rate 0.00%)...
[2026-04-20 03:18:45.539] [info]: [5000] processing chr12:100980000-100985000 at 1779676 pixels/s (cache hit rate 0.00%)...
[2026-04-20 03:18:51.963] [info]: [5000] processing chr15:26780000-26785000 at 1556905 pixels/s (cache hit rate 0.00%)...
[2026-04-20 03:18:58.291] [info]: [5000] processing chr15:68035000-68040000 at 1580528 pixels/s (cache hit rate 0.00%)...
[2026-04-20 03:19:03.558] [info]: [5000] processing chr16:12150000-12155000 at 1898614 pixels/s (cache hit rate 0.00%)...
[2026-04-20 03:19:10.672] [info]: [5000] processing chr16:48885000-48890000 at 1406074 pixels/s (cache hit rate 0.00%)...
[2026-04-20 03:19:16.909] [info]: [5000] processing chr17:10420000-10425000 at 1603335 pixels/s (cache hit rate 0.00%)...
[2026-04-20 03:19:24.593] [info]: [5000] processing chr17:52000000-52005000 at 1301575 pixels/s (cache hit rate 0.00%)...
[2026-04-20 03:19:31.594] [info]: [5000] processing chr18:10880000-10885000 at 1428367 pixels/s (cache hit rate 0.00%)...
[2026-04-20 03:19:40.064] [info]: [5000] processing chr18:52795000-52800000 at 1180777 pixels/s (cache hit rate 0.00%)...
[2026-04-20 03:19:48.541] [info]: [5000] processing chr19:23420000-23425000 at 1179663 pixels/s (cache hit rate 0.00%)...
[2026-04-20 03:19:53.126] [info]: [5000] processing GW_SCALE normalization vector...
[2026-04-20 03:19:54.045] [critical]: FAILURE! hictk convert encountered the following error: unable to read "GW_SCALE" weights
ERROR: hictk convert failed (exit=1) or produced empty output.
