===========================================
Stage 0: hic2cool convert
===========================================
Job ID:     48238672
Node:       exp-2-05
CPUs:       8
Memory:     65536 MB
Timepoint:  250831
Sample:     ctrl_merged
Input:      /expanse/lustre/projects/csd940/zalibhai/stripes/StripeCaller/data/hic/250831/ctrl_merged.hic
Output:     /expanse/lustre/projects/csd940/zalibhai/stripes/stripenn/data/cool/250831/ctrl_merged.mcool
Start:      Mon Apr 20 03:12:58 PDT 2026
===========================================
/home/zalibhai/miniforge3/envs/hictk/bin/hictk
hictk-v2.1.4-bioconda
[2026-04-20 03:13:00.197] [info]: Running hictk v2.1.4-bioconda
[2026-04-20 03:13:00.199] [info]: Converting /expanse/lustre/projects/csd940/zalibhai/stripes/StripeCaller/data/hic/250831/ctrl_merged.hic to /expanse/lustre/projects/csd940/zalibhai/stripes/stripenn/data/cool/250831/ctrl_merged.mcool (hic -> mcool)...
[2026-04-20 03:13:05.138] [info]: [5000] begin processing 5000bp matrix...
[2026-04-20 03:13:10.403] [info]: [5000] processing chr1:22165000-22170000 at 1899696 pixels/s (cache hit rate 0.00%)...
[2026-04-20 03:13:15.093] [info]: [5000] processing chr1:39925000-39930000 at 2132651 pixels/s (cache hit rate 0.00%)...
[2026-04-20 03:13:19.661] [info]: [5000] processing chr1:59570000-59575000 at 2189621 pixels/s (cache hit rate 0.00%)...
[2026-04-20 03:13:23.366] [info]: [5000] processing chr1:77595000-77600000 at 2699784 pixels/s (cache hit rate 0.00%)...
[2026-04-20 03:13:27.049] [info]: [5000] processing chr1:94885000-94890000 at 2715178 pixels/s (cache hit rate 0.00%)...
[2026-04-20 03:13:31.261] [info]: [5000] processing chr1:122045000-122050000 at 2374733 pixels/s (cache hit rate 0.00%)...
[2026-04-20 03:13:34.960] [info]: [5000] processing chr1:141945000-141950000 at 2704164 pixels/s (cache hit rate 0.00%)...
[2026-04-20 03:13:38.312] [info]: [5000] processing chr1:165555000-165560000 at 2983294 pixels/s (cache hit rate 0.04%)...
[2026-04-20 03:13:41.880] [info]: [5000] processing chr1:186810000-186815000 at 2803476 pixels/s (cache hit rate 0.00%)...
[2026-04-20 03:13:46.089] [info]: [5000] processing chr2:11360000-11365000 at 2375861 pixels/s (cache hit rate 0.00%)...
[2026-04-20 03:13:50.629] [info]: [5000] processing chr2:28110000-28115000 at 2203128 pixels/s (cache hit rate 0.00%)...
[2026-04-20 03:13:55.164] [info]: [5000] processing chr2:43765000-43770000 at 2205072 pixels/s (cache hit rate 0.00%)...
[2026-04-20 03:14:00.495] [info]: [5000] processing chr2:65155000-65160000 at 1875469 pixels/s (cache hit rate 0.00%)...
[2026-04-20 03:14:04.887] [info]: [5000] processing chr2:85290000-85295000 at 2276867 pixels/s (cache hit rate 0.00%)...
[2026-04-20 03:14:09.176] [info]: [5000] processing chr2:108555000-108560000 at 2332090 pixels/s (cache hit rate 0.00%)...
[2026-04-20 03:14:13.021] [info]: [5000] processing chr2:129580000-129585000 at 2601457 pixels/s (cache hit rate 0.00%)...
[2026-04-20 03:14:16.231] [info]: [5000] processing chr2:152115000-152120000 at 3115265 pixels/s (cache hit rate 0.00%)...
[2026-04-20 03:14:19.760] [info]: [5000] processing chr2:169035000-169040000 at 2833664 pixels/s (cache hit rate 0.00%)...
[2026-04-20 03:14:23.892] [info]: [5000] processing chrX:17570000-17575000 at 2420721 pixels/s (cache hit rate 0.00%)...
[2026-04-20 03:14:29.231] [info]: [5000] processing chrX:56965000-56970000 at 1873361 pixels/s (cache hit rate 0.00%)...
[2026-04-20 03:14:34.021] [info]: [5000] processing chrX:90960000-90965000 at 2088119 pixels/s (cache hit rate 0.00%)...
[2026-04-20 03:14:38.321] [info]: [5000] processing chrX:130745000-130750000 at 2325581 pixels/s (cache hit rate 0.00%)...
[2026-04-20 03:14:41.993] [info]: [5000] processing chr3:4580000-4585000 at 2723312 pixels/s (cache hit rate 0.00%)...
[2026-04-20 03:14:47.062] [info]: [5000] processing chr3:26880000-26885000 at 1973165 pixels/s (cache hit rate 0.07%)...
[2026-04-20 03:14:51.895] [info]: [5000] processing chr3:47620000-47625000 at 2069108 pixels/s (cache hit rate 0.00%)...
[2026-04-20 03:14:56.599] [info]: [5000] processing chr3:69390000-69395000 at 2126302 pixels/s (cache hit rate 0.04%)...
[2026-04-20 03:15:00.943] [info]: [5000] processing chr3:92775000-92780000 at 2302026 pixels/s (cache hit rate 0.04%)...
[2026-04-20 03:15:04.349] [info]: [5000] processing chr3:114820000-114825000 at 2935995 pixels/s (cache hit rate 0.00%)...
[2026-04-20 03:15:08.020] [info]: [5000] processing chr3:141765000-141770000 at 2724796 pixels/s (cache hit rate 0.00%)...
[2026-04-20 03:15:11.840] [info]: [5000] processing chr4:11485000-11490000 at 2618487 pixels/s (cache hit rate 0.00%)...
[2026-04-20 03:15:16.977] [info]: [5000] processing chr4:35035000-35040000 at 1946661 pixels/s (cache hit rate 0.00%)...
[2026-04-20 03:15:21.516] [info]: [5000] processing chr4:55780000-55785000 at 2203128 pixels/s (cache hit rate 0.00%)...
[2026-04-20 03:15:25.567] [info]: [5000] processing chr4:82480000-82485000 at 2469136 pixels/s (cache hit rate 0.00%)...
[2026-04-20 03:15:29.353] [info]: [5000] processing chr4:106920000-106925000 at 2642008 pixels/s (cache hit rate 0.00%)...
[2026-04-20 03:15:33.070] [info]: [5000] processing chr4:129200000-129205000 at 2690342 pixels/s (cache hit rate 0.00%)...
[2026-04-20 03:15:36.116] [info]: [5000] processing chr4:150810000-150815000 at 3284072 pixels/s (cache hit rate 0.00%)...
[2026-04-20 03:15:41.704] [info]: [5000] processing chr5:21065000-21070000 at 1789549 pixels/s (cache hit rate 0.04%)...
[2026-04-20 03:15:45.856] [info]: [5000] processing chr5:36990000-36995000 at 2408478 pixels/s (cache hit rate 0.00%)...
[2026-04-20 03:15:50.808] [info]: [5000] processing chr5:62215000-62220000 at 2019794 pixels/s (cache hit rate 0.00%)...
[2026-04-20 03:15:54.821] [info]: [5000] processing chr5:89665000-89670000 at 2491901 pixels/s (cache hit rate 0.00%)...
[2026-04-20 03:15:58.288] [info]: [5000] processing chr5:114085000-114090000 at 2885170 pixels/s (cache hit rate 0.00%)...
[2026-04-20 03:16:01.307] [info]: [5000] processing chr5:133315000-133320000 at 3312355 pixels/s (cache hit rate 0.00%)...
[2026-04-20 03:16:04.759] [info]: [5000] processing chr6:8035000-8040000 at 2897711 pixels/s (cache hit rate 0.00%)...
[2026-04-20 03:16:09.883] [info]: [5000] processing chr6:30870000-30875000 at 1951981 pixels/s (cache hit rate 0.00%)...
[2026-04-20 03:16:14.630] [info]: [5000] processing chr6:51080000-51085000 at 2107038 pixels/s (cache hit rate 0.00%)...
[2026-04-20 03:16:19.636] [info]: [5000] processing chr6:75655000-75660000 at 1998002 pixels/s (cache hit rate 0.05%)...
[2026-04-20 03:16:23.618] [info]: [5000] processing chr6:98210000-98215000 at 2511932 pixels/s (cache hit rate 0.00%)...
[2026-04-20 03:16:27.303] [info]: [5000] processing chr6:125805000-125810000 at 2713704 pixels/s (cache hit rate 0.00%)...
[2026-04-20 03:16:31.277] [info]: [5000] processing chr7:12995000-13000000 at 2516356 pixels/s (cache hit rate 0.00%)...
[2026-04-20 03:16:36.759] [info]: [5000] processing chr7:38840000-38845000 at 1824485 pixels/s (cache hit rate 0.00%)...
[2026-04-20 03:16:42.073] [info]: [5000] processing chr7:65065000-65070000 at 1882176 pixels/s (cache hit rate 0.00%)...
[2026-04-20 03:16:45.999] [info]: [5000] processing chr7:88585000-88590000 at 2547122 pixels/s (cache hit rate 0.00%)...
[2026-04-20 03:16:49.655] [info]: [5000] processing chr7:118025000-118030000 at 2735230 pixels/s (cache hit rate 0.00%)...
[2026-04-20 03:16:52.889] [info]: [5000] processing chr7:141820000-141825000 at 3092146 pixels/s (cache hit rate 0.12%)...
[2026-04-20 03:16:58.305] [info]: [5000] processing chr10:21055000-21060000 at 1846722 pixels/s (cache hit rate 0.05%)...
[2026-04-20 03:17:03.900] [info]: [5000] processing chr10:45595000-45600000 at 1787310 pixels/s (cache hit rate 0.00%)...
[2026-04-20 03:17:08.705] [info]: [5000] processing chr10:71710000-71715000 at 2081165 pixels/s (cache hit rate 0.00%)...
[2026-04-20 03:17:12.615] [info]: [5000] processing chr10:97900000-97905000 at 2558199 pixels/s (cache hit rate 0.05%)...
[2026-04-20 03:17:16.683] [info]: [5000] processing chr8:6150000-6155000 at 2458815 pixels/s (cache hit rate 0.00%)...
[2026-04-20 03:17:21.800] [info]: [5000] processing chr8:28905000-28910000 at 1953888 pixels/s (cache hit rate 0.00%)...
[2026-04-20 03:17:27.134] [info]: [5000] processing chr8:62130000-62135000 at 1875117 pixels/s (cache hit rate 0.00%)...
[2026-04-20 03:17:31.424] [info]: [5000] processing chr8:91595000-91600000 at 2331546 pixels/s (cache hit rate 0.00%)...
[2026-04-20 03:17:34.840] [info]: [5000] processing chr8:120670000-120675000 at 2927400 pixels/s (cache hit rate 0.06%)...
[2026-04-20 03:17:40.109] [info]: [5000] processing chr14:23010000-23015000 at 1898254 pixels/s (cache hit rate 0.00%)...
[2026-04-20 03:17:45.363] [info]: [5000] processing chr14:49685000-49690000 at 1903312 pixels/s (cache hit rate 0.00%)...
[2026-04-20 03:17:49.703] [info]: [5000] processing chr14:76875000-76880000 at 2305210 pixels/s (cache hit rate 0.00%)...
[2026-04-20 03:17:53.856] [info]: [5000] processing chr14:119615000-119620000 at 2407898 pixels/s (cache hit rate 0.00%)...
[2026-04-20 03:18:00.222] [info]: [5000] processing chr9:25430000-25435000 at 1571092 pixels/s (cache hit rate 0.00%)...
[2026-04-20 03:18:05.916] [info]: [5000] processing chr9:48230000-48235000 at 1756235 pixels/s (cache hit rate 0.00%)...
[2026-04-20 03:18:10.559] [info]: [5000] processing chr9:72495000-72500000 at 2154244 pixels/s (cache hit rate 0.00%)...
[2026-04-20 03:18:14.631] [info]: [5000] processing chr9:106180000-106185000 at 2455796 pixels/s (cache hit rate 0.00%)...
[2026-04-20 03:18:18.509] [info]: [5000] processing chr11:13505000-13510000 at 2578649 pixels/s (cache hit rate 0.00%)...
[2026-04-20 03:18:24.389] [info]: [5000] processing chr11:41575000-41580000 at 1700970 pixels/s (cache hit rate 0.00%)...
[2026-04-20 03:18:29.583] [info]: [5000] processing chr11:67725000-67730000 at 1925669 pixels/s (cache hit rate 0.00%)...
[2026-04-20 03:18:33.955] [info]: [5000] processing chr11:98005000-98010000 at 2287283 pixels/s (cache hit rate 0.00%)...
[2026-04-20 03:18:38.417] [info]: [5000] processing chr13:13465000-13470000 at 2241147 pixels/s (cache hit rate 0.00%)...
[2026-04-20 03:18:44.663] [info]: [5000] processing chr13:42315000-42320000 at 1601025 pixels/s (cache hit rate 0.00%)...
[2026-04-20 03:18:49.590] [info]: [5000] processing chr13:77255000-77260000 at 2030045 pixels/s (cache hit rate 0.00%)...
[2026-04-20 03:18:53.995] [info]: [5000] processing chr12:5020000-5025000 at 2270148 pixels/s (cache hit rate 0.00%)...
[2026-04-20 03:19:00.009] [info]: [5000] processing chr12:36620000-36625000 at 1662787 pixels/s (cache hit rate 0.00%)...
[2026-04-20 03:19:06.358] [info]: [5000] processing chr12:75405000-75410000 at 1574803 pixels/s (cache hit rate 0.00%)...
[2026-04-20 03:19:11.097] [info]: [5000] processing chr15:5145000-5150000 at 2110595 pixels/s (cache hit rate 0.00%)...
[2026-04-20 03:19:18.289] [info]: [5000] processing chr15:40780000-40785000 at 1390434 pixels/s (cache hit rate 0.00%)...
[2026-04-20 03:19:24.519] [info]: [5000] processing chr15:82585000-82590000 at 1605394 pixels/s (cache hit rate 0.00%)...
[2026-04-20 03:19:30.354] [info]: [5000] processing chr16:21280000-21285000 at 1714384 pixels/s (cache hit rate 0.00%)...
[2026-04-20 03:19:36.377] [info]: [5000] processing chr16:62790000-62795000 at 1660302 pixels/s (cache hit rate 0.00%)...
[2026-04-20 03:19:42.206] [info]: [5000] processing chr17:19370000-19375000 at 1715854 pixels/s (cache hit rate 0.00%)...
[2026-04-20 03:19:49.006] [info]: [5000] processing chr17:66320000-66325000 at 1470588 pixels/s (cache hit rate 0.00%)...
[2026-04-20 03:19:55.945] [info]: [5000] processing chr18:24105000-24110000 at 1441338 pixels/s (cache hit rate 0.00%)...
[2026-04-20 03:20:03.265] [info]: [5000] processing chr18:73155000-73160000 at 1366120 pixels/s (cache hit rate 0.00%)...
[2026-04-20 03:20:12.020] [info]: [5000] processing chr19:48360000-48365000 at 1142335 pixels/s (cache hit rate 0.06%)...
[2026-04-20 03:20:12.699] [info]: [5000] processing KR normalization vector...
[2026-04-20 03:20:14.141] [info]: [5000] DONE! Processed 911285188 pixels across 21 chromosomes in 429.00s
[2026-04-20 03:20:14.516] [info]: [10000] begin processing 10000bp matrix...
[2026-04-20 03:20:17.754] [info]: [10000] processing chr1:24410000-24420000 at 3089280 pixels/s (cache hit rate 33.41%)...
[2026-04-20 03:20:21.223] [info]: [10000] processing chr1:44520000-44530000 at 2883506 pixels/s (cache hit rate 38.13%)...
[2026-04-20 03:20:24.641] [info]: [10000] processing chr1:66890000-66900000 at 2925688 pixels/s (cache hit rate 39.87%)...
[2026-04-20 03:20:28.138] [info]: [10000] processing chr1:87880000-87890000 at 2860412 pixels/s (cache hit rate 36.11%)...
[2026-04-20 03:20:31.458] [info]: [10000] processing chr1:115380000-115390000 at 3012956 pixels/s (cache hit rate 29.25%)...
[2026-04-20 03:20:35.219] [info]: [10000] processing chr1:137870000-137880000 at 2659574 pixels/s (cache hit rate 22.05%)...
[2026-04-20 03:20:38.399] [info]: [10000] processing chr1:166000000-166010000 at 3144654 pixels/s (cache hit rate 28.02%)...
[2026-04-20 03:20:42.284] [info]: [10000] processing chr1:190000000-190010000 at 2574665 pixels/s (cache hit rate 9.82%)...
[2026-04-20 03:20:45.769] [info]: [10000] processing chr2:17060000-17070000 at 2868617 pixels/s (cache hit rate 37.32%)...
[2026-04-20 03:20:49.415] [info]: [10000] processing chr2:33530000-33540000 at 2743484 pixels/s (cache hit rate 36.80%)...
[2026-04-20 03:20:52.680] [info]: [10000] processing chr2:55570000-55580000 at 3062787 pixels/s (cache hit rate 41.36%)...
[2026-04-20 03:20:56.331] [info]: [10000] processing chr2:78150000-78160000 at 2738976 pixels/s (cache hit rate 32.00%)...
[2026-04-20 03:20:59.817] [info]: [10000] processing chr2:105500000-105510000 at 2869440 pixels/s (cache hit rate 31.79%)...
[2026-04-20 03:21:03.087] [info]: [10000] processing chr2:130300000-130310000 at 3058104 pixels/s (cache hit rate 33.81%)...
[2026-04-20 03:21:06.952] [info]: [10000] processing chr2:155230000-155240000 at 2587322 pixels/s (cache hit rate 19.66%)...
[2026-04-20 03:21:10.428] [info]: [10000] processing chr2:179100000-179110000 at 2877698 pixels/s (cache hit rate 14.38%)...
[2026-04-20 03:21:13.781] [info]: [10000] processing chrX:39350000-39360000 at 2983294 pixels/s (cache hit rate 38.40%)...
[2026-04-20 03:21:16.906] [info]: [10000] processing chrX:76610000-76620000 at 3201024 pixels/s (cache hit rate 40.26%)...
[2026-04-20 03:21:20.014] [info]: [10000] processing chrX:116100000-116110000 at 3217503 pixels/s (cache hit rate 33.26%)...
[2026-04-20 03:21:23.112] [info]: [10000] processing chrX:169860000-169870000 at 3227889 pixels/s (cache hit rate 21.11%)...
[2026-04-20 03:21:26.760] [info]: [10000] processing chr3:28530000-28540000 at 2741980 pixels/s (cache hit rate 38.09%)...
[2026-04-20 03:21:29.728] [info]: [10000] processing chr3:53370000-53380000 at 3369272 pixels/s (cache hit rate 49.89%)...
[2026-04-20 03:21:33.012] [info]: [10000] processing chr3:81820000-81830000 at 3045995 pixels/s (cache hit rate 39.82%)...
[2026-04-20 03:21:36.827] [info]: [10000] processing chr3:104100000-104110000 at 2621232 pixels/s (cache hit rate 28.71%)...
[2026-04-20 03:21:40.034] [info]: [10000] processing chr3:135360000-135370000 at 3118179 pixels/s (cache hit rate 29.29%)...
[2026-04-20 03:21:43.511] [info]: [10000] processing chr4:10230000-10240000 at 2876870 pixels/s (cache hit rate 31.47%)...
[2026-04-20 03:21:46.419] [info]: [10000] processing chr4:38350000-38360000 at 3439972 pixels/s (cache hit rate 57.07%)...
[2026-04-20 03:21:49.915] [info]: [10000] processing chr4:62490000-62500000 at 2861230 pixels/s (cache hit rate 40.82%)...
[2026-04-20 03:21:52.923] [info]: [10000] processing chr4:95160000-95170000 at 3325574 pixels/s (cache hit rate 40.90%)...
[2026-04-20 03:21:56.464] [info]: [10000] processing chr4:123230000-123240000 at 2824859 pixels/s (cache hit rate 30.77%)...
[2026-04-20 03:22:00.074] [info]: [10000] processing chr4:144690000-144700000 at 2770083 pixels/s (cache hit rate 23.71%)...
[2026-04-20 03:22:03.842] [info]: [10000] processing chr5:20030000-20040000 at 2653928 pixels/s (cache hit rate 41.18%)...
[2026-04-20 03:22:07.146] [info]: [10000] processing chr5:38320000-38330000 at 3027551 pixels/s (cache hit rate 48.29%)...
[2026-04-20 03:22:10.083] [info]: [10000] processing chr5:68420000-68430000 at 3404835 pixels/s (cache hit rate 47.45%)...
[2026-04-20 03:22:13.114] [info]: [10000] processing chr5:102730000-102740000 at 3299241 pixels/s (cache hit rate 42.90%)...
[2026-04-20 03:22:16.678] [info]: [10000] processing chr5:125660000-125670000 at 2806624 pixels/s (cache hit rate 25.60%)...
[2026-04-20 03:22:20.352] [info]: [10000] processing chr6:3530000-3540000 at 2721829 pixels/s (cache hit rate 24.05%)...
[2026-04-20 03:22:23.631] [info]: [10000] processing chr6:30020000-30030000 at 3050641 pixels/s (cache hit rate 51.49%)...
[2026-04-20 03:22:26.569] [info]: [10000] processing chr6:53380000-53390000 at 3403676 pixels/s (cache hit rate 55.36%)...
[2026-04-20 03:22:29.820] [info]: [10000] processing chr6:84390000-84400000 at 3075977 pixels/s (cache hit rate 45.61%)...
[2026-04-20 03:22:33.117] [info]: [10000] processing chr6:113790000-113800000 at 3033981 pixels/s (cache hit rate 37.45%)...
[2026-04-20 03:22:36.412] [info]: [10000] processing chr7:3410000-3420000 at 3034901 pixels/s (cache hit rate 25.45%)...
[2026-04-20 03:22:39.183] [info]: [10000] processing chr7:36830000-36840000 at 3610108 pixels/s (cache hit rate 59.16%)...
[2026-04-20 03:22:42.334] [info]: [10000] processing chr7:66810000-66820000 at 3174603 pixels/s (cache hit rate 51.41%)...
[2026-04-20 03:22:45.626] [info]: [10000] processing chr7:98120000-98130000 at 3037667 pixels/s (cache hit rate 39.11%)...
[2026-04-20 03:22:48.728] [info]: [10000] processing chr7:129210000-129220000 at 3223727 pixels/s (cache hit rate 35.03%)...
[2026-04-20 03:22:51.976] [info]: [10000] processing chr10:12560000-12570000 at 3079766 pixels/s (cache hit rate 47.95%)...
[2026-04-20 03:22:54.702] [info]: [10000] processing chr10:41990000-42000000 at 3671072 pixels/s (cache hit rate 57.58%)...
[2026-04-20 03:22:57.859] [info]: [10000] processing chr10:72750000-72760000 at 3168568 pixels/s (cache hit rate 52.19%)...
[2026-04-20 03:23:00.990] [info]: [10000] processing chr10:107670000-107680000 at 3193868 pixels/s (cache hit rate 38.77%)...
[2026-04-20 03:23:04.181] [info]: [10000] processing chr8:15010000-15020000 at 3134796 pixels/s (cache hit rate 55.10%)...
[2026-04-20 03:23:07.184] [info]: [10000] processing chr8:48020000-48030000 at 3330003 pixels/s (cache hit rate 61.59%)...
[2026-04-20 03:23:10.242] [info]: [10000] processing chr8:88110000-88120000 at 3271181 pixels/s (cache hit rate 52.38%)...
[2026-04-20 03:23:13.493] [info]: [10000] processing chr8:122360000-122370000 at 3075977 pixels/s (cache hit rate 32.19%)...
[2026-04-20 03:23:16.614] [info]: [10000] processing chr14:28560000-28570000 at 3204101 pixels/s (cache hit rate 63.66%)...
[2026-04-20 03:23:19.716] [info]: [10000] processing chr14:61650000-61660000 at 3223727 pixels/s (cache hit rate 54.61%)...
[2026-04-20 03:23:22.680] [info]: [10000] processing chr14:104300000-104310000 at 3374958 pixels/s (cache hit rate 51.30%)...
[2026-04-20 03:23:25.661] [info]: [10000] processing chr9:24150000-24160000 at 3355705 pixels/s (cache hit rate 62.68%)...
[2026-04-20 03:23:28.652] [info]: [10000] processing chr9:51380000-51390000 at 3343363 pixels/s (cache hit rate 61.43%)...
[2026-04-20 03:23:31.604] [info]: [10000] processing chr9:83550000-83560000 at 3387534 pixels/s (cache hit rate 59.57%)...
[2026-04-20 03:23:34.878] [info]: [10000] processing chr11:4080000-4090000 at 3055301 pixels/s (cache hit rate 44.20%)...
[2026-04-20 03:23:37.738] [info]: [10000] processing chr11:35510000-35520000 at 3496503 pixels/s (cache hit rate 71.43%)...
[2026-04-20 03:23:40.653] [info]: [10000] processing chr11:69060000-69070000 at 3431709 pixels/s (cache hit rate 59.91%)...
[2026-04-20 03:23:43.953] [info]: [10000] processing chr11:109330000-109340000 at 3030303 pixels/s (cache hit rate 52.49%)...
[2026-04-20 03:23:47.427] [info]: [10000] processing chr13:29980000-29990000 at 2879355 pixels/s (cache hit rate 67.68%)...
[2026-04-20 03:23:50.815] [info]: [10000] processing chr13:70730000-70740000 at 2951594 pixels/s (cache hit rate 68.13%)...
[2026-04-20 03:23:54.261] [info]: [10000] processing chr12:8770000-8780000 at 2902758 pixels/s (cache hit rate 71.96%)...
[2026-04-20 03:23:57.645] [info]: [10000] processing chr12:52660000-52670000 at 2955083 pixels/s (cache hit rate 72.99%)...
[2026-04-20 03:24:01.045] [info]: [10000] processing chr12:107510000-107520000 at 2942042 pixels/s (cache hit rate 62.35%)...
[2026-04-20 03:24:04.384] [info]: [10000] processing chr15:42590000-42600000 at 2994909 pixels/s (cache hit rate 76.59%)...
[2026-04-20 03:24:07.958] [info]: [10000] processing chr16:3880000-3890000 at 2798769 pixels/s (cache hit rate 60.00%)...
[2026-04-20 03:24:11.198] [info]: [10000] processing chr16:49120000-49130000 at 3085467 pixels/s (cache hit rate 84.81%)...
[2026-04-20 03:24:14.757] [info]: [10000] processing chr17:25030000-25040000 at 2810568 pixels/s (cache hit rate 84.95%)...
[2026-04-20 03:24:18.300] [info]: [10000] processing chr18:6840000-6850000 at 2823264 pixels/s (cache hit rate 89.22%)...
[2026-04-20 03:24:21.882] [info]: [10000] processing chr18:71670000-71680000 at 2792516 pixels/s (cache hit rate 94.81%)...
[2026-04-20 03:24:24.799] [info]: [10000] processing KR normalization vector...
[2026-04-20 03:24:26.287] [info]: [10000] DONE! Processed 757135362 pixels across 21 chromosomes in 251.77s
[2026-04-20 03:24:26.296] [info]: DONE! Processed 2 resolution(s) in 686.10s!
[2026-04-20 03:24:26.296] [info]: /expanse/lustre/projects/csd940/zalibhai/stripes/StripeCaller/data/hic/250831/ctrl_merged.hic size: 8703.17 MB
[2026-04-20 03:24:26.296] [info]: /expanse/lustre/projects/csd940/zalibhai/stripes/stripenn/data/cool/250831/ctrl_merged.mcool size: 2376.86 MB

Conversion complete. Resolutions available:
The following arguments were not expected: /expanse/lustre/projects/csd940/zalibhai/stripes/stripenn/data/cool/250831/ctrl_merged.mcool ls
Run with --help for more information.

5kb/10kb spot check:
{
    "assembly": "/expanse/lustre/projects/csd940/ctea/HiC/restriction_sites/mm10.filtered.chrom.sizes",
    "bin-size": 5000,
    "bin-type": "fixed",
    "cis": 1387544251,
    "creation-date": "2026-04-20T10:13:02",
    "format": "HDF5::Cooler",
    "format-url": "https://github.com/open2c/cooler",
    "format-version": 3,
    "generated-by": "hictk-v2.1.4-bioconda",
    "metadata": {},
    "nbins": 545114,
    "nchroms": 21,
    "nnz": 911192594,
    "storage-mode": "symmetric-upper",
    "sum": 1814089850
}
{
    "assembly": "/expanse/lustre/projects/csd940/ctea/HiC/restriction_sites/mm10.filtered.chrom.sizes",
    "bin-size": 10000,
    "bin-type": "fixed",
    "cis": 1387544251,
    "creation-date": "2026-04-20T10:20:14",
    "format": "HDF5::Cooler",
    "format-url": "https://github.com/open2c/cooler",
    "format-version": 3,
    "generated-by": "hictk-v2.1.4-bioconda",
    "metadata": {},
    "nbins": 272564,
    "nchroms": 21,
    "nnz": 757067681,
    "storage-mode": "symmetric-upper",
    "sum": 1814089850
}

End: Mon Apr 20 03:24:28 PDT 2026
===========================================
