===========================================
Stage 0: hic2cool convert
===========================================
Job ID:     48238679
Node:       exp-3-56
CPUs:       8
Memory:     65536 MB
Timepoint:  250402
Sample:     ctrl_M3
Input:      /expanse/lustre/projects/csd940/zalibhai/stripes/StripeCaller/data/hic/250402/ctrl_M3.hic
Output:     /expanse/lustre/projects/csd940/zalibhai/stripes/stripenn/data/cool/250402/ctrl_M3.mcool
Start:      Mon Apr 20 03:12:58 PDT 2026
===========================================
/home/zalibhai/miniforge3/envs/hictk/bin/hictk
hictk-v2.1.4-bioconda
[2026-04-20 03:12:59.821] [info]: Running hictk v2.1.4-bioconda
[2026-04-20 03:12:59.822] [info]: Converting /expanse/lustre/projects/csd940/zalibhai/stripes/StripeCaller/data/hic/250402/ctrl_M3.hic to /expanse/lustre/projects/csd940/zalibhai/stripes/stripenn/data/cool/250402/ctrl_M3.mcool (hic -> mcool)...
[2026-04-20 03:13:01.523] [info]: [5000] begin processing 5000bp matrix...
[2026-04-20 03:13:06.253] [info]: [5000] processing chr1:58850000-58855000 at 2115059 pixels/s (cache hit rate 0.00%)...
[2026-04-20 03:13:10.130] [info]: [5000] processing chr1:127060000-127065000 at 2579314 pixels/s (cache hit rate 0.00%)...
[2026-04-20 03:13:13.599] [info]: [5000] processing chr2:6650000-6655000 at 2883506 pixels/s (cache hit rate 0.00%)...
[2026-04-20 03:13:18.159] [info]: [5000] processing chr2:61060000-61065000 at 2193463 pixels/s (cache hit rate 0.00%)...
[2026-04-20 03:13:22.303] [info]: [5000] processing chr2:130445000-130450000 at 2413127 pixels/s (cache hit rate 0.00%)...
[2026-04-20 03:13:26.031] [info]: [5000] processing chrX:57235000-57240000 at 2683123 pixels/s (cache hit rate 0.00%)...
[2026-04-20 03:13:30.342] [info]: [5000] processing chr3:21705000-21710000 at 2319109 pixels/s (cache hit rate 0.07%)...
[2026-04-20 03:13:35.406] [info]: [5000] processing chr3:86955000-86960000 at 1975114 pixels/s (cache hit rate 0.03%)...
[2026-04-20 03:13:39.288] [info]: [5000] processing chr4:10385000-10390000 at 2576656 pixels/s (cache hit rate 0.00%)...
[2026-04-20 03:13:44.259] [info]: [5000] processing chr4:79970000-79975000 at 2011668 pixels/s (cache hit rate 0.00%)...
[2026-04-20 03:13:47.815] [info]: [5000] processing chr4:152440000-152445000 at 2812148 pixels/s (cache hit rate 0.00%)...
[2026-04-20 03:13:52.593] [info]: [5000] processing chr5:64170000-64175000 at 2093364 pixels/s (cache hit rate 0.01%)...
[2026-04-20 03:13:56.514] [info]: [5000] processing chr5:138995000-139000000 at 2550370 pixels/s (cache hit rate 0.00%)...
[2026-04-20 03:14:01.479] [info]: [5000] processing chr6:55580000-55585000 at 2014504 pixels/s (cache hit rate 0.00%)...
[2026-04-20 03:14:05.926] [info]: [5000] processing chr6:134995000-135000000 at 2248707 pixels/s (cache hit rate 0.02%)...
[2026-04-20 03:14:10.728] [info]: [5000] processing chr7:66220000-66225000 at 2082899 pixels/s (cache hit rate 0.00%)...
[2026-04-20 03:14:14.626] [info]: [5000] processing chr7:141845000-141850000 at 2565418 pixels/s (cache hit rate 0.03%)...
[2026-04-20 03:14:20.140] [info]: [5000] processing chr10:66785000-66790000 at 1813565 pixels/s (cache hit rate 0.02%)...
[2026-04-20 03:14:24.698] [info]: [5000] processing chr8:24060000-24065000 at 2194908 pixels/s (cache hit rate 0.00%)...
[2026-04-20 03:14:29.698] [info]: [5000] processing chr8:106845000-106850000 at 2000000 pixels/s (cache hit rate 0.00%)...
[2026-04-20 03:14:34.982] [info]: [5000] processing chr14:60080000-60085000 at 1892864 pixels/s (cache hit rate 0.00%)...
[2026-04-20 03:14:40.058] [info]: [5000] processing chr9:27250000-27255000 at 1970055 pixels/s (cache hit rate 0.00%)...
[2026-04-20 03:14:45.366] [info]: [5000] processing chr9:100370000-100375000 at 1884304 pixels/s (cache hit rate 0.00%)...
[2026-04-20 03:14:50.545] [info]: [5000] processing chr11:53795000-53800000 at 1931248 pixels/s (cache hit rate 0.00%)...
[2026-04-20 03:14:55.415] [info]: [5000] processing chr13:17525000-17530000 at 2053388 pixels/s (cache hit rate 0.00%)...
[2026-04-20 03:15:00.470] [info]: [5000] processing chr13:113825000-113830000 at 1978631 pixels/s (cache hit rate 0.00%)...
[2026-04-20 03:15:06.151] [info]: [5000] processing chr12:88500000-88505000 at 1760253 pixels/s (cache hit rate 0.00%)...
[2026-04-20 03:15:11.589] [info]: [5000] processing chr15:73155000-73160000 at 1839250 pixels/s (cache hit rate 0.00%)...
[2026-04-20 03:15:17.131] [info]: [5000] processing chr16:71515000-71520000 at 1804728 pixels/s (cache hit rate 0.00%)...
[2026-04-20 03:15:22.906] [info]: [5000] processing chrY:9725000-9730000 at 1731302 pixels/s (cache hit rate 0.00%)...
[2026-04-20 03:15:29.918] [info]: [5000] processing chr19:23185000-23190000 at 1426127 pixels/s (cache hit rate 0.00%)...
[2026-04-20 03:15:31.812] [info]: [5000] processing KR normalization vector...
[2026-04-20 03:15:32.847] [info]: [5000] DONE! Processed 312630160 pixels across 21 chromosomes in 151.32s
[2026-04-20 03:15:32.999] [info]: [10000] begin processing 10000bp matrix...
[2026-04-20 03:15:35.375] [info]: [10000] processing chr1:67390000-67400000 at 4210526 pixels/s (cache hit rate 37.04%)...
[2026-04-20 03:15:38.061] [info]: [10000] processing chr1:148470000-148480000 at 3724395 pixels/s (cache hit rate 28.35%)...
[2026-04-20 03:15:40.831] [info]: [10000] processing chr2:29460000-29470000 at 3610108 pixels/s (cache hit rate 34.80%)...
[2026-04-20 03:15:43.309] [info]: [10000] processing chr2:104020000-104030000 at 4037142 pixels/s (cache hit rate 39.17%)...
[2026-04-20 03:15:45.957] [info]: [10000] processing chrX:24280000-24290000 at 3777862 pixels/s (cache hit rate 39.50%)...
[2026-04-20 03:15:48.786] [info]: [10000] processing chr3:19100000-19110000 at 3534818 pixels/s (cache hit rate 35.31%)...
[2026-04-20 03:15:51.343] [info]: [10000] processing chr3:93750000-93760000 at 3912363 pixels/s (cache hit rate 43.80%)...
[2026-04-20 03:15:54.118] [info]: [10000] processing chr4:29580000-29590000 at 3604903 pixels/s (cache hit rate 41.15%)...
[2026-04-20 03:15:56.728] [info]: [10000] processing chr4:116890000-116900000 at 3831418 pixels/s (cache hit rate 42.75%)...
[2026-04-20 03:15:59.479] [info]: [10000] processing chr5:37280000-37290000 at 3635042 pixels/s (cache hit rate 49.18%)...
[2026-04-20 03:16:02.221] [info]: [10000] processing chr5:125340000-125350000 at 3648304 pixels/s (cache hit rate 37.70%)...
[2026-04-20 03:16:04.902] [info]: [10000] processing chr6:54580000-54590000 at 3729952 pixels/s (cache hit rate 49.98%)...
[2026-04-20 03:16:07.600] [info]: [10000] processing chr7:6780000-6790000 at 3706449 pixels/s (cache hit rate 44.15%)...
[2026-04-20 03:16:10.373] [info]: [10000] processing chr7:89480000-89490000 at 3607504 pixels/s (cache hit rate 49.93%)...
[2026-04-20 03:16:13.076] [info]: [10000] processing chr10:34520000-34530000 at 3702332 pixels/s (cache hit rate 55.38%)...
[2026-04-20 03:16:15.832] [info]: [10000] processing chr8:8690000-8700000 at 3629764 pixels/s (cache hit rate 56.60%)...
[2026-04-20 03:16:18.551] [info]: [10000] processing chr8:100580000-100590000 at 3677823 pixels/s (cache hit rate 53.02%)...
[2026-04-20 03:16:21.241] [info]: [10000] processing chr14:71860000-71870000 at 3718855 pixels/s (cache hit rate 58.83%)...
[2026-04-20 03:16:24.026] [info]: [10000] processing chr9:48470000-48480000 at 3590664 pixels/s (cache hit rate 60.89%)...
[2026-04-20 03:16:26.692] [info]: [10000] processing chr11:24540000-24550000 at 3752345 pixels/s (cache hit rate 65.82%)...
[2026-04-20 03:16:29.509] [info]: [10000] processing chr13:5600000-5610000 at 3549876 pixels/s (cache hit rate 58.10%)...
[2026-04-20 03:16:32.296] [info]: [10000] processing chr12:4190000-4200000 at 3589375 pixels/s (cache hit rate 51.61%)...
[2026-04-20 03:16:34.972] [info]: [10000] processing chr15:6870000-6880000 at 3736921 pixels/s (cache hit rate 71.03%)...
[2026-04-20 03:16:37.703] [info]: [10000] processing chr16:24590000-24600000 at 3661662 pixels/s (cache hit rate 80.16%)...
[2026-04-20 03:16:40.485] [info]: [10000] processing chr17:73520000-73530000 at 3595829 pixels/s (cache hit rate 84.27%)...
[2026-04-20 03:16:43.463] [info]: [10000] processing chr19:49850000-49860000 at 3357958 pixels/s (cache hit rate 98.50%)...
[2026-04-20 03:16:43.754] [info]: [10000] processing KR normalization vector...
[2026-04-20 03:16:44.774] [info]: [10000] DONE! Processed 260382954 pixels across 21 chromosomes in 71.77s
[2026-04-20 03:16:44.778] [info]: DONE! Processed 2 resolution(s) in 224.96s!
[2026-04-20 03:16:44.778] [info]: /expanse/lustre/projects/csd940/zalibhai/stripes/StripeCaller/data/hic/250402/ctrl_M3.hic size: 3125.10 MB
[2026-04-20 03:16:44.778] [info]: /expanse/lustre/projects/csd940/zalibhai/stripes/stripenn/data/cool/250402/ctrl_M3.mcool size: 820.62 MB

Conversion complete. Resolutions available:
The following arguments were not expected: /expanse/lustre/projects/csd940/zalibhai/stripes/stripenn/data/cool/250402/ctrl_M3.mcool ls
Run with --help for more information.

5kb/10kb spot check:
{
    "assembly": "/expanse/lustre/projects/csd940/ctea/HiC/restriction_sites/mm10.filtered.chrom.sizes",
    "bin-size": 5000,
    "bin-type": "fixed",
    "cis": 441326415,
    "creation-date": "2026-04-20T10:13:01",
    "format": "HDF5::Cooler",
    "format-url": "https://github.com/open2c/cooler",
    "format-version": 3,
    "generated-by": "hictk-v2.1.4-bioconda",
    "metadata": {},
    "nbins": 545114,
    "nchroms": 21,
    "nnz": 312565080,
    "storage-mode": "symmetric-upper",
    "sum": 527231186
}
{
    "assembly": "/expanse/lustre/projects/csd940/ctea/HiC/restriction_sites/mm10.filtered.chrom.sizes",
    "bin-size": 10000,
    "bin-type": "fixed",
    "cis": 441326415,
    "creation-date": "2026-04-20T10:15:32",
    "format": "HDF5::Cooler",
    "format-url": "https://github.com/open2c/cooler",
    "format-version": 3,
    "generated-by": "hictk-v2.1.4-bioconda",
    "metadata": {},
    "nbins": 272564,
    "nchroms": 21,
    "nnz": 260291477,
    "storage-mode": "symmetric-upper",
    "sum": 527231186
}

End: Mon Apr 20 03:16:47 PDT 2026
===========================================
