===========================================
Stage 0: hic2cool convert
===========================================
Job ID:     48238684
Node:       exp-4-04
CPUs:       8
Memory:     65536 MB
Timepoint:  250402
Sample:     mut_merged
Input:      /expanse/lustre/projects/csd940/zalibhai/stripes/StripeCaller/data/hic/250402/mut_merged.hic
Output:     /expanse/lustre/projects/csd940/zalibhai/stripes/stripenn/data/cool/250402/mut_merged.mcool
Start:      Mon Apr 20 03:12:57 PDT 2026
===========================================
/home/zalibhai/miniforge3/envs/hictk/bin/hictk
hictk-v2.1.4-bioconda
[2026-04-20 03:13:00.079] [info]: Running hictk v2.1.4-bioconda
[2026-04-20 03:13:00.086] [info]: Converting /expanse/lustre/projects/csd940/zalibhai/stripes/StripeCaller/data/hic/250402/mut_merged.hic to /expanse/lustre/projects/csd940/zalibhai/stripes/stripenn/data/cool/250402/mut_merged.mcool (hic -> mcool)...
[2026-04-20 03:13:02.479] [info]: [5000] begin processing 5000bp matrix...
[2026-04-20 03:13:07.298] [info]: [5000] processing chr1:24345000-24350000 at 2075981 pixels/s (cache hit rate 0.00%)...
[2026-04-20 03:13:11.524] [info]: [5000] processing chr1:48730000-48735000 at 2366304 pixels/s (cache hit rate 0.00%)...
[2026-04-20 03:13:15.349] [info]: [5000] processing chr1:75915000-75920000 at 2615063 pixels/s (cache hit rate 0.00%)...
[2026-04-20 03:13:18.954] [info]: [5000] processing chr1:104585000-104590000 at 2773925 pixels/s (cache hit rate 0.00%)...
[2026-04-20 03:13:22.475] [info]: [5000] processing chr1:134305000-134310000 at 2839296 pixels/s (cache hit rate 0.00%)...
[2026-04-20 03:13:25.469] [info]: [5000] processing chr1:166545000-166550000 at 3340013 pixels/s (cache hit rate 0.02%)...
[2026-04-20 03:13:29.635] [info]: [5000] processing chr2:6670000-6675000 at 2400960 pixels/s (cache hit rate 0.00%)...
[2026-04-20 03:13:33.855] [info]: [5000] processing chr2:27630000-27635000 at 2370230 pixels/s (cache hit rate 0.00%)...
[2026-04-20 03:13:38.117] [info]: [5000] processing chr2:51245000-51250000 at 2346316 pixels/s (cache hit rate 0.00%)...
[2026-04-20 03:13:42.350] [info]: [5000] processing chr2:78800000-78805000 at 2362391 pixels/s (cache hit rate 0.00%)...
[2026-04-20 03:13:46.243] [info]: [5000] processing chr2:111375000-111380000 at 2569373 pixels/s (cache hit rate 0.00%)...
[2026-04-20 03:13:49.656] [info]: [5000] processing chr2:140990000-140995000 at 2930832 pixels/s (cache hit rate 0.00%)...
[2026-04-20 03:13:52.254] [info]: [5000] processing chr2:177200000-177205000 at 3849115 pixels/s (cache hit rate 0.00%)...
[2026-04-20 03:13:57.020] [info]: [5000] processing chrX:56660000-56665000 at 2098196 pixels/s (cache hit rate 0.00%)...
[2026-04-20 03:14:00.985] [info]: [5000] processing chrX:120170000-120175000 at 2522068 pixels/s (cache hit rate 0.00%)...
[2026-04-20 03:14:05.695] [info]: [5000] processing chr3:12515000-12520000 at 2123593 pixels/s (cache hit rate 0.00%)...
[2026-04-20 03:14:10.856] [info]: [5000] processing chr3:37420000-37425000 at 1937984 pixels/s (cache hit rate 0.07%)...
[2026-04-20 03:14:16.199] [info]: [5000] processing chr3:65500000-65505000 at 1871608 pixels/s (cache hit rate 0.00%)...
[2026-04-20 03:14:20.846] [info]: [5000] processing chr3:94840000-94845000 at 2152389 pixels/s (cache hit rate 0.06%)...
[2026-04-20 03:14:24.646] [info]: [5000] processing chr3:127500000-127505000 at 2632272 pixels/s (cache hit rate 0.00%)...
[2026-04-20 03:14:29.173] [info]: [5000] processing chr4:9795000-9800000 at 2208968 pixels/s (cache hit rate 0.00%)...
[2026-04-20 03:14:34.415] [info]: [5000] processing chr4:37575000-37580000 at 1908033 pixels/s (cache hit rate 0.00%)...
[2026-04-20 03:14:39.204] [info]: [5000] processing chr4:66165000-66170000 at 2088119 pixels/s (cache hit rate 0.00%)...
[2026-04-20 03:14:43.723] [info]: [5000] processing chr4:102955000-102960000 at 2213369 pixels/s (cache hit rate 0.00%)...
[2026-04-20 03:14:46.957] [info]: [5000] processing chr4:131925000-131930000 at 3092146 pixels/s (cache hit rate 0.00%)...
[2026-04-20 03:14:50.785] [info]: [5000] processing chr5:8785000-8790000 at 2612330 pixels/s (cache hit rate 0.10%)...
[2026-04-20 03:14:55.734] [info]: [5000] processing chr5:34545000-34550000 at 2021019 pixels/s (cache hit rate 0.00%)...
[2026-04-20 03:15:00.458] [info]: [5000] processing chr5:66115000-66120000 at 2116850 pixels/s (cache hit rate 0.00%)...
[2026-04-20 03:15:04.799] [info]: [5000] processing chr5:103850000-103855000 at 2304147 pixels/s (cache hit rate 0.00%)...
[2026-04-20 03:15:07.874] [info]: [5000] processing chr5:131565000-131570000 at 3252033 pixels/s (cache hit rate 0.00%)...
[2026-04-20 03:15:12.413] [info]: [5000] processing chr6:14235000-14240000 at 2203128 pixels/s (cache hit rate 0.00%)...
[2026-04-20 03:15:17.452] [info]: [5000] processing chr6:40040000-40045000 at 1984915 pixels/s (cache hit rate 0.00%)...
[2026-04-20 03:15:22.653] [info]: [5000] processing chr6:70850000-70855000 at 1922707 pixels/s (cache hit rate 0.04%)...
[2026-04-20 03:15:27.295] [info]: [5000] processing chr6:100795000-100800000 at 2154708 pixels/s (cache hit rate 0.00%)...
[2026-04-20 03:15:31.404] [info]: [5000] processing chr6:143965000-143970000 at 2433682 pixels/s (cache hit rate 0.00%)...
[2026-04-20 03:15:36.774] [info]: [5000] processing chr7:34165000-34170000 at 1862891 pixels/s (cache hit rate 0.00%)...
[2026-04-20 03:15:41.614] [info]: [5000] processing chr7:62925000-62930000 at 2066116 pixels/s (cache hit rate 0.00%)...
[2026-04-20 03:15:45.507] [info]: [5000] processing chr7:92090000-92095000 at 2569373 pixels/s (cache hit rate 0.00%)...
[2026-04-20 03:15:48.849] [info]: [5000] processing chr7:127400000-127405000 at 2992220 pixels/s (cache hit rate 0.00%)...
[2026-04-20 03:15:53.042] [info]: [5000] processing chr10:15695000-15700000 at 2384927 pixels/s (cache hit rate 0.06%)...
[2026-04-20 03:15:58.583] [info]: [5000] processing chr10:43975000-43980000 at 1805054 pixels/s (cache hit rate 0.00%)...
[2026-04-20 03:16:03.290] [info]: [5000] processing chr10:75630000-75635000 at 2124947 pixels/s (cache hit rate 0.00%)...
[2026-04-20 03:16:07.010] [info]: [5000] processing chr10:118810000-118815000 at 2688172 pixels/s (cache hit rate 0.03%)...
[2026-04-20 03:16:12.175] [info]: [5000] processing chr8:25145000-25150000 at 1936108 pixels/s (cache hit rate 0.00%)...
[2026-04-20 03:16:17.275] [info]: [5000] processing chr8:62470000-62475000 at 1960784 pixels/s (cache hit rate 0.00%)...
[2026-04-20 03:16:21.329] [info]: [5000] processing chr8:99340000-99345000 at 2467308 pixels/s (cache hit rate 0.00%)...
[2026-04-20 03:16:26.120] [info]: [5000] processing chr14:15345000-15350000 at 2087683 pixels/s (cache hit rate 0.00%)...
[2026-04-20 03:16:31.558] [info]: [5000] processing chr14:46370000-46375000 at 1838911 pixels/s (cache hit rate 0.00%)...
[2026-04-20 03:16:35.924] [info]: [5000] processing chr14:83535000-83540000 at 2290951 pixels/s (cache hit rate 0.00%)...
[2026-04-20 03:16:40.698] [info]: [5000] processing chr9:9940000-9945000 at 2094680 pixels/s (cache hit rate 0.00%)...
[2026-04-20 03:16:46.590] [info]: [5000] processing chr9:35810000-35815000 at 1697505 pixels/s (cache hit rate 0.00%)...
[2026-04-20 03:16:51.624] [info]: [5000] processing chr9:64305000-64310000 at 1986492 pixels/s (cache hit rate 0.00%)...
[2026-04-20 03:16:57.470] [info]: [5000] processing chr9:104590000-104595000 at 1710864 pixels/s (cache hit rate 0.00%)...
[2026-04-20 03:17:04.227] [info]: [5000] processing chr11:19615000-19620000 at 1480385 pixels/s (cache hit rate 0.00%)...
[2026-04-20 03:17:12.284] [info]: [5000] processing chr11:49985000-49990000 at 1241157 pixels/s (cache hit rate 0.00%)...
[2026-04-20 03:17:18.978] [info]: [5000] processing chr11:81045000-81050000 at 1494098 pixels/s (cache hit rate 0.00%)...
[2026-04-20 03:17:25.234] [info]: [5000] processing chr13:8025000-8030000 at 1598721 pixels/s (cache hit rate 0.00%)...
[2026-04-20 03:17:33.476] [info]: [5000] processing chr13:37865000-37870000 at 1213298 pixels/s (cache hit rate 0.00%)...
[2026-04-20 03:17:40.335] [info]: [5000] processing chr13:80695000-80700000 at 1458151 pixels/s (cache hit rate 0.00%)...
[2026-04-20 03:17:46.867] [info]: [5000] processing chr12:13495000-13500000 at 1530690 pixels/s (cache hit rate 0.00%)...
[2026-04-20 03:17:55.167] [info]: [5000] processing chr12:51405000-51410000 at 1204964 pixels/s (cache hit rate 0.00%)...
[2026-04-20 03:18:01.996] [info]: [5000] processing chr12:95610000-95615000 at 1464343 pixels/s (cache hit rate 0.00%)...
[2026-04-20 03:18:09.560] [info]: [5000] processing chr15:25915000-25920000 at 1322227 pixels/s (cache hit rate 0.00%)...
[2026-04-20 03:18:17.438] [info]: [5000] processing chr15:69415000-69420000 at 1269358 pixels/s (cache hit rate 0.00%)...
[2026-04-20 03:18:24.641] [info]: [5000] processing chr16:16045000-16050000 at 1388310 pixels/s (cache hit rate 0.00%)...
[2026-04-20 03:18:33.144] [info]: [5000] processing chr16:58985000-58990000 at 1176332 pixels/s (cache hit rate 0.00%)...
[2026-04-20 03:18:41.194] [info]: [5000] processing chr17:20865000-20870000 at 1242390 pixels/s (cache hit rate 0.00%)...
[2026-04-20 03:18:49.405] [info]: [5000] processing chr17:69750000-69755000 at 1217878 pixels/s (cache hit rate 0.00%)...
[2026-04-20 03:18:55.860] [info]: [5000] processing chr18:26310000-26315000 at 1549427 pixels/s (cache hit rate 0.00%)...
[2026-04-20 03:19:02.995] [info]: [5000] processing chr18:85210000-85215000 at 1401542 pixels/s (cache hit rate 0.00%)...
[2026-04-20 03:19:14.133] [info]: [5000] processing GW_SCALE normalization vector...
[2026-04-20 03:19:15.095] [critical]: FAILURE! hictk convert encountered the following error: unable to read "GW_SCALE" weights
ERROR: hictk convert failed (exit=1) or produced empty output.
