===========================================
Stage 0: hic2cool convert
===========================================
Job ID:     48238682
Node:       exp-5-44
CPUs:       8
Memory:     65536 MB
Timepoint:  250402
Sample:     mut_M2
Input:      /expanse/lustre/projects/csd940/zalibhai/stripes/StripeCaller/data/hic/250402/mut_M2.hic
Output:     /expanse/lustre/projects/csd940/zalibhai/stripes/stripenn/data/cool/250402/mut_M2.mcool
Start:      Mon Apr 20 03:12:58 PDT 2026
===========================================
/home/zalibhai/miniforge3/envs/hictk/bin/hictk
hictk-v2.1.4-bioconda
[2026-04-20 03:12:59.787] [info]: Running hictk v2.1.4-bioconda
[2026-04-20 03:12:59.789] [info]: Converting /expanse/lustre/projects/csd940/zalibhai/stripes/StripeCaller/data/hic/250402/mut_M2.hic to /expanse/lustre/projects/csd940/zalibhai/stripes/stripenn/data/cool/250402/mut_M2.mcool (hic -> mcool)...
[2026-04-20 03:13:01.345] [info]: [5000] begin processing 5000bp matrix...
[2026-04-20 03:13:05.990] [info]: [5000] processing chr1:64835000-64840000 at 2153780 pixels/s (cache hit rate 0.00%)...
[2026-04-20 03:13:09.723] [info]: [5000] processing chr1:137990000-137995000 at 2678811 pixels/s (cache hit rate 0.00%)...
[2026-04-20 03:13:13.506] [info]: [5000] processing chr2:21400000-21405000 at 2644104 pixels/s (cache hit rate 0.00%)...
[2026-04-20 03:13:17.886] [info]: [5000] processing chr2:87055000-87060000 at 2282584 pixels/s (cache hit rate 0.00%)...
[2026-04-20 03:13:21.508] [info]: [5000] processing chr2:164785000-164790000 at 2760906 pixels/s (cache hit rate 0.00%)...
[2026-04-20 03:13:25.570] [info]: [5000] processing chrX:147270000-147275000 at 2462448 pixels/s (cache hit rate 0.01%)...
[2026-04-20 03:13:30.359] [info]: [5000] processing chr3:62960000-62965000 at 2088119 pixels/s (cache hit rate 0.03%)...
[2026-04-20 03:13:34.196] [info]: [5000] processing chr3:146640000-146645000 at 2607562 pixels/s (cache hit rate 0.03%)...
[2026-04-20 03:13:39.019] [info]: [5000] processing chr4:66310000-66315000 at 2073398 pixels/s (cache hit rate 0.00%)...
[2026-04-20 03:13:42.598] [info]: [5000] processing chr4:147470000-147475000 at 2794077 pixels/s (cache hit rate 0.00%)...
[2026-04-20 03:13:47.022] [info]: [5000] processing chr5:66905000-66910000 at 2260398 pixels/s (cache hit rate 0.01%)...
[2026-04-20 03:13:50.547] [info]: [5000] processing chr5:150975000-150980000 at 2836879 pixels/s (cache hit rate 0.07%)...
[2026-04-20 03:13:55.774] [info]: [5000] processing chr6:72895000-72900000 at 1913509 pixels/s (cache hit rate 0.01%)...
[2026-04-20 03:13:59.812] [info]: [5000] processing chr7:18780000-18785000 at 2476474 pixels/s (cache hit rate 0.00%)...
[2026-04-20 03:14:04.932] [info]: [5000] processing chr7:94605000-94610000 at 1953507 pixels/s (cache hit rate 0.00%)...
[2026-04-20 03:14:09.514] [info]: [5000] processing chr10:31030000-31035000 at 2182453 pixels/s (cache hit rate 0.03%)...
[2026-04-20 03:14:14.494] [info]: [5000] processing chr10:120230000-120235000 at 2008032 pixels/s (cache hit rate 0.06%)...
[2026-04-20 03:14:20.048] [info]: [5000] processing chr8:81505000-81510000 at 1800828 pixels/s (cache hit rate 0.00%)...
[2026-04-20 03:14:25.214] [info]: [5000] processing chr14:45790000-45795000 at 1936108 pixels/s (cache hit rate 0.00%)...
[2026-04-20 03:14:30.353] [info]: [5000] processing chr9:21905000-21910000 at 1946283 pixels/s (cache hit rate 0.00%)...
[2026-04-20 03:14:35.805] [info]: [5000] processing chr9:99395000-99400000 at 1834526 pixels/s (cache hit rate 0.00%)...
[2026-04-20 03:14:41.220] [info]: [5000] processing chr11:58645000-58650000 at 1846722 pixels/s (cache hit rate 0.00%)...
[2026-04-20 03:14:46.508] [info]: [5000] processing chr13:29160000-29165000 at 1891074 pixels/s (cache hit rate 0.00%)...
[2026-04-20 03:14:51.669] [info]: [5000] processing chr12:18270000-18275000 at 1937984 pixels/s (cache hit rate 0.00%)...
[2026-04-20 03:14:57.231] [info]: [5000] processing chr15:9365000-9370000 at 1797914 pixels/s (cache hit rate 0.00%)...
[2026-04-20 03:15:03.097] [info]: [5000] processing chr16:14450000-14455000 at 1704739 pixels/s (cache hit rate 0.00%)...
[2026-04-20 03:15:09.390] [info]: [5000] processing chr17:36210000-36215000 at 1589320 pixels/s (cache hit rate 0.00%)...
[2026-04-20 03:15:15.856] [info]: [5000] processing chr18:59470000-59475000 at 1546790 pixels/s (cache hit rate 0.00%)...
[2026-04-20 03:15:20.096] [info]: [5000] processing KR normalization vector...
[2026-04-20 03:15:21.128] [info]: [5000] DONE! Processed 285982762 pixels across 21 chromosomes in 139.78s
[2026-04-20 03:15:21.272] [info]: [10000] begin processing 10000bp matrix...
[2026-04-20 03:15:23.662] [info]: [10000] processing chr1:74660000-74670000 at 4185852 pixels/s (cache hit rate 36.42%)...
[2026-04-20 03:15:26.280] [info]: [10000] processing chr1:163400000-163410000 at 3819710 pixels/s (cache hit rate 27.99%)...
[2026-04-20 03:15:28.995] [info]: [10000] processing chr2:47110000-47120000 at 3683241 pixels/s (cache hit rate 39.95%)...
[2026-04-20 03:15:31.741] [info]: [10000] processing chr2:134890000-134900000 at 3641661 pixels/s (cache hit rate 31.20%)...
[2026-04-20 03:15:34.378] [info]: [10000] processing chrX:103260000-103270000 at 3793627 pixels/s (cache hit rate 39.57%)...
[2026-04-20 03:15:37.193] [info]: [10000] processing chr3:57780000-57790000 at 3553660 pixels/s (cache hit rate 40.81%)...
[2026-04-20 03:15:39.922] [info]: [10000] processing chr4:3830000-3840000 at 3664346 pixels/s (cache hit rate 22.10%)...
[2026-04-20 03:15:42.497] [info]: [10000] processing chr4:92970000-92980000 at 3883495 pixels/s (cache hit rate 44.88%)...
[2026-04-20 03:15:45.156] [info]: [10000] processing chr5:25900000-25910000 at 3762227 pixels/s (cache hit rate 47.47%)...
[2026-04-20 03:15:47.821] [info]: [10000] processing chr5:119880000-119890000 at 3752345 pixels/s (cache hit rate 41.14%)...
[2026-04-20 03:15:50.524] [info]: [10000] processing chr6:55910000-55920000 at 3700962 pixels/s (cache hit rate 50.51%)...
[2026-04-20 03:15:53.195] [info]: [10000] processing chr7:17340000-17350000 at 3745318 pixels/s (cache hit rate 51.64%)...
[2026-04-20 03:15:55.989] [info]: [10000] processing chr7:109680000-109690000 at 3580380 pixels/s (cache hit rate 47.20%)...
[2026-04-20 03:15:58.728] [info]: [10000] processing chr10:57130000-57140000 at 3652301 pixels/s (cache hit rate 52.00%)...
[2026-04-20 03:16:01.388] [info]: [10000] processing chr8:36700000-36710000 at 3760812 pixels/s (cache hit rate 59.27%)...
[2026-04-20 03:16:04.129] [info]: [10000] processing chr14:24010000-24020000 at 3648304 pixels/s (cache hit rate 59.91%)...
[2026-04-20 03:16:06.800] [info]: [10000] processing chr9:18530000-18540000 at 3745318 pixels/s (cache hit rate 65.54%)...
[2026-04-20 03:16:09.519] [info]: [10000] processing chr9:116790000-116800000 at 3677823 pixels/s (cache hit rate 53.97%)...
[2026-04-20 03:16:12.161] [info]: [10000] processing chr11:88970000-88980000 at 3785011 pixels/s (cache hit rate 62.70%)...
[2026-04-20 03:16:14.882] [info]: [10000] processing chr13:91300000-91310000 at 3676471 pixels/s (cache hit rate 66.67%)...
[2026-04-20 03:16:17.548] [info]: [10000] processing chr12:106300000-106310000 at 3752345 pixels/s (cache hit rate 68.47%)...
[2026-04-20 03:16:20.284] [info]: [10000] processing chr16:23660000-23670000 at 3654971 pixels/s (cache hit rate 79.52%)...
[2026-04-20 03:16:22.960] [info]: [10000] processing chr17:89720000-89730000 at 3738318 pixels/s (cache hit rate 82.41%)...
[2026-04-20 03:16:25.701] [info]: [10000] processing KR normalization vector...
[2026-04-20 03:16:26.712] [info]: [10000] DONE! Processed 238814944 pixels across 21 chromosomes in 65.44s
[2026-04-20 03:16:26.719] [info]: DONE! Processed 2 resolution(s) in 206.93s!
[2026-04-20 03:16:26.719] [info]: /expanse/lustre/projects/csd940/zalibhai/stripes/StripeCaller/data/hic/250402/mut_M2.hic size: 2892.32 MB
[2026-04-20 03:16:26.719] [info]: /expanse/lustre/projects/csd940/zalibhai/stripes/stripenn/data/cool/250402/mut_M2.mcool size: 754.81 MB

Conversion complete. Resolutions available:
The following arguments were not expected: /expanse/lustre/projects/csd940/zalibhai/stripes/stripenn/data/cool/250402/mut_M2.mcool ls
Run with --help for more information.

5kb/10kb spot check:
{
    "assembly": "/expanse/lustre/projects/csd940/ctea/HiC/restriction_sites/mm10.filtered.chrom.sizes",
    "bin-size": 5000,
    "bin-type": "fixed",
    "cis": 396514495,
    "creation-date": "2026-04-20T10:13:01",
    "format": "HDF5::Cooler",
    "format-url": "https://github.com/open2c/cooler",
    "format-version": 3,
    "generated-by": "hictk-v2.1.4-bioconda",
    "metadata": {},
    "nbins": 545114,
    "nchroms": 21,
    "nnz": 285891381,
    "storage-mode": "symmetric-upper",
    "sum": 474393581
}
{
    "assembly": "/expanse/lustre/projects/csd940/ctea/HiC/restriction_sites/mm10.filtered.chrom.sizes",
    "bin-size": 10000,
    "bin-type": "fixed",
    "cis": 396514495,
    "creation-date": "2026-04-20T10:15:21",
    "format": "HDF5::Cooler",
    "format-url": "https://github.com/open2c/cooler",
    "format-version": 3,
    "generated-by": "hictk-v2.1.4-bioconda",
    "metadata": {},
    "nbins": 272564,
    "nchroms": 21,
    "nnz": 238757472,
    "storage-mode": "symmetric-upper",
    "sum": 474393581
}

End: Mon Apr 20 03:16:29 PDT 2026
===========================================
