===========================================
Stage 0: hic2cool convert
===========================================
Job ID:     48238671
Node:       exp-17-53
CPUs:       8
Memory:     65536 MB
Timepoint:  250831
Sample:     ctrl_M3
Input:      /expanse/lustre/projects/csd940/zalibhai/stripes/StripeCaller/data/hic/250831/ctrl_M3.hic
Output:     /expanse/lustre/projects/csd940/zalibhai/stripes/stripenn/data/cool/250831/ctrl_M3.mcool
Start:      Mon Apr 20 03:12:58 PDT 2026
===========================================
/home/zalibhai/miniforge3/envs/hictk/bin/hictk
hictk-v2.1.4-bioconda
[2026-04-20 03:13:00.488] [info]: Running hictk v2.1.4-bioconda
[2026-04-20 03:13:00.495] [info]: Converting /expanse/lustre/projects/csd940/zalibhai/stripes/StripeCaller/data/hic/250831/ctrl_M3.hic to /expanse/lustre/projects/csd940/zalibhai/stripes/stripenn/data/cool/250831/ctrl_M3.mcool (hic -> mcool)...
[2026-04-20 03:13:02.419] [info]: [5000] begin processing 5000bp matrix...
[2026-04-20 03:13:08.042] [info]: [5000] processing chr1:53095000-53100000 at 1778726 pixels/s (cache hit rate 0.00%)...
[2026-04-20 03:13:12.413] [info]: [5000] processing chr1:99375000-99380000 at 2288330 pixels/s (cache hit rate 0.00%)...
[2026-04-20 03:13:16.565] [info]: [5000] processing chr1:158805000-158810000 at 2409058 pixels/s (cache hit rate 0.00%)...
[2026-04-20 03:13:20.782] [info]: [5000] processing chr2:16010000-16015000 at 2371354 pixels/s (cache hit rate 0.00%)...
[2026-04-20 03:13:25.928] [info]: [5000] processing chr2:60690000-60695000 at 1943257 pixels/s (cache hit rate 0.00%)...
[2026-04-20 03:13:30.649] [info]: [5000] processing chr2:117940000-117945000 at 2118195 pixels/s (cache hit rate 0.00%)...
[2026-04-20 03:13:34.353] [info]: [5000] processing chr2:166310000-166315000 at 2700513 pixels/s (cache hit rate 0.00%)...
[2026-04-20 03:13:39.770] [info]: [5000] processing chrX:62345000-62350000 at 1846381 pixels/s (cache hit rate 0.00%)...
[2026-04-20 03:13:44.981] [info]: [5000] processing chrX:145495000-145500000 at 1919017 pixels/s (cache hit rate 0.00%)...
[2026-04-20 03:13:50.383] [info]: [5000] processing chr3:46185000-46190000 at 1851509 pixels/s (cache hit rate 0.04%)...
[2026-04-20 03:13:55.310] [info]: [5000] processing chr3:103335000-103340000 at 2030045 pixels/s (cache hit rate 0.03%)...
[2026-04-20 03:13:59.377] [info]: [5000] processing chr4:12900000-12905000 at 2458815 pixels/s (cache hit rate 0.00%)...
[2026-04-20 03:14:04.890] [info]: [5000] processing chr4:71670000-71675000 at 1814224 pixels/s (cache hit rate 0.00%)...
[2026-04-20 03:14:09.279] [info]: [5000] processing chr4:131530000-131535000 at 2278423 pixels/s (cache hit rate 0.00%)...
[2026-04-20 03:14:14.033] [info]: [5000] processing chr5:31220000-31225000 at 2103934 pixels/s (cache hit rate 0.03%)...
[2026-04-20 03:14:19.169] [info]: [5000] processing chr5:96675000-96680000 at 1947420 pixels/s (cache hit rate 0.00%)...
[2026-04-20 03:14:22.889] [info]: [5000] processing chr5:148055000-148060000 at 2688172 pixels/s (cache hit rate 0.02%)...
[2026-04-20 03:14:28.753] [info]: [5000] processing chr6:54985000-54990000 at 1705321 pixels/s (cache hit rate 0.00%)...
[2026-04-20 03:14:33.589] [info]: [5000] processing chr6:118475000-118480000 at 2067825 pixels/s (cache hit rate 0.02%)...
[2026-04-20 03:14:38.846] [info]: [5000] processing chr7:45200000-45205000 at 1902588 pixels/s (cache hit rate 0.00%)...
[2026-04-20 03:14:44.034] [info]: [5000] processing chr7:111825000-111830000 at 1927525 pixels/s (cache hit rate 0.00%)...
[2026-04-20 03:14:48.484] [info]: [5000] processing chr10:25860000-25865000 at 2247191 pixels/s (cache hit rate 0.04%)...
[2026-04-20 03:14:54.090] [info]: [5000] processing chr10:90295000-90300000 at 1784121 pixels/s (cache hit rate 0.00%)...
[2026-04-20 03:14:59.308] [info]: [5000] processing chr8:34115000-34120000 at 1916443 pixels/s (cache hit rate 0.00%)...
[2026-04-20 03:15:04.513] [info]: [5000] processing chr8:108315000-108320000 at 1921230 pixels/s (cache hit rate 0.00%)...
[2026-04-20 03:15:10.005] [info]: [5000] processing chr14:50310000-50315000 at 1820499 pixels/s (cache hit rate 0.00%)...
[2026-04-20 03:15:15.110] [info]: [5000] processing chr9:14050000-14055000 at 1958864 pixels/s (cache hit rate 0.00%)...
[2026-04-20 03:15:21.065] [info]: [5000] processing chr9:71055000-71060000 at 1679543 pixels/s (cache hit rate 0.00%)...
[2026-04-20 03:15:26.029] [info]: [5000] processing chr11:23525000-23530000 at 2014504 pixels/s (cache hit rate 0.00%)...
[2026-04-20 03:15:31.965] [info]: [5000] processing chr11:88980000-88985000 at 1684636 pixels/s (cache hit rate 0.00%)...
[2026-04-20 03:15:37.743] [info]: [5000] processing chr13:46885000-46890000 at 1730703 pixels/s (cache hit rate 0.00%)...
[2026-04-20 03:15:43.587] [info]: [5000] processing chr12:25185000-25190000 at 1711450 pixels/s (cache hit rate 0.00%)...
[2026-04-20 03:15:49.327] [info]: [5000] processing chr15:4345000-4350000 at 1742160 pixels/s (cache hit rate 0.00%)...
[2026-04-20 03:15:55.548] [info]: [5000] processing chr15:100045000-100050000 at 1607717 pixels/s (cache hit rate 0.05%)...
[2026-04-20 03:16:02.418] [info]: [5000] processing chr17:9275000-9280000 at 1455604 pixels/s (cache hit rate 0.00%)...
[2026-04-20 03:16:09.389] [info]: [5000] processing chr18:26280000-26285000 at 1434514 pixels/s (cache hit rate 0.00%)...
[2026-04-20 03:16:17.180] [info]: [5000] processing KR normalization vector...
[2026-04-20 03:16:18.668] [info]: [5000] DONE! Processed 369355904 pixels across 21 chromosomes in 196.25s
[2026-04-20 03:16:18.854] [info]: [10000] begin processing 10000bp matrix...
[2026-04-20 03:16:22.027] [info]: [10000] processing chr1:58600000-58610000 at 3151592 pixels/s (cache hit rate 37.74%)...
[2026-04-20 03:16:25.803] [info]: [10000] processing chr1:118680000-118690000 at 2649007 pixels/s (cache hit rate 30.58%)...
[2026-04-20 03:16:29.383] [info]: [10000] processing chr1:180980000-180990000 at 2794077 pixels/s (cache hit rate 22.65%)...
[2026-04-20 03:16:33.009] [info]: [10000] processing chr2:34870000-34880000 at 2757860 pixels/s (cache hit rate 38.27%)...
[2026-04-20 03:16:36.545] [info]: [10000] processing chr2:95340000-95350000 at 2828054 pixels/s (cache hit rate 38.93%)...
[2026-04-20 03:16:39.924] [info]: [10000] processing chr2:157560000-157570000 at 2960332 pixels/s (cache hit rate 24.89%)...
[2026-04-20 03:16:43.245] [info]: [10000] processing chrX:56150000-56160000 at 3011141 pixels/s (cache hit rate 42.58%)...
[2026-04-20 03:16:46.824] [info]: [10000] processing chrX:150890000-150900000 at 2794857 pixels/s (cache hit rate 31.57%)...
[2026-04-20 03:16:50.179] [info]: [10000] processing chr3:55770000-55780000 at 2981515 pixels/s (cache hit rate 44.01%)...
[2026-04-20 03:16:53.638] [info]: [10000] processing chr3:123160000-123170000 at 2891009 pixels/s (cache hit rate 32.84%)...
[2026-04-20 03:16:56.863] [info]: [10000] processing chr4:43390000-43400000 at 3100775 pixels/s (cache hit rate 44.85%)...
[2026-04-20 03:16:59.994] [info]: [10000] processing chr4:113620000-113630000 at 3193868 pixels/s (cache hit rate 40.15%)...
[2026-04-20 03:17:03.397] [info]: [10000] processing chr5:22140000-22150000 at 2938584 pixels/s (cache hit rate 44.01%)...
[2026-04-20 03:17:06.519] [info]: [10000] processing chr5:89990000-90000000 at 3203075 pixels/s (cache hit rate 45.77%)...
[2026-04-20 03:17:09.906] [info]: [10000] processing chr6:4840000-4850000 at 2952465 pixels/s (cache hit rate 32.95%)...
[2026-04-20 03:17:13.493] [info]: [10000] processing chr6:71380000-71390000 at 2788622 pixels/s (cache hit rate 50.39%)...
[2026-04-20 03:17:17.172] [info]: [10000] processing chr7:4230000-4240000 at 2718869 pixels/s (cache hit rate 30.64%)...
[2026-04-20 03:17:20.852] [info]: [10000] processing chr7:79420000-79430000 at 2718130 pixels/s (cache hit rate 52.29%)...
[2026-04-20 03:17:24.496] [info]: [10000] processing chr10:10020000-10030000 at 2744237 pixels/s (cache hit rate 43.30%)...
[2026-04-20 03:17:28.142] [info]: [10000] processing chr10:84160000-84170000 at 2743484 pixels/s (cache hit rate 52.82%)...
[2026-04-20 03:17:31.720] [info]: [10000] processing chr8:40300000-40310000 at 2794857 pixels/s (cache hit rate 56.84%)...
[2026-04-20 03:17:35.231] [info]: [10000] processing chr8:127810000-127820000 at 2848191 pixels/s (cache hit rate 48.19%)...
[2026-04-20 03:17:38.871] [info]: [10000] processing chr14:83030000-83040000 at 2748008 pixels/s (cache hit rate 59.23%)...
[2026-04-20 03:17:42.572] [info]: [10000] processing chr9:52290000-52300000 at 2701972 pixels/s (cache hit rate 63.42%)...
[2026-04-20 03:17:46.208] [info]: [10000] processing chr11:16530000-16540000 at 2750275 pixels/s (cache hit rate 66.73%)...
[2026-04-20 03:17:49.921] [info]: [10000] processing chr11:97120000-97130000 at 2693240 pixels/s (cache hit rate 61.51%)...
[2026-04-20 03:17:53.626] [info]: [10000] processing chr13:74830000-74840000 at 2699784 pixels/s (cache hit rate 67.76%)...
[2026-04-20 03:17:57.260] [info]: [10000] processing chr12:76070000-76080000 at 2751789 pixels/s (cache hit rate 71.83%)...
[2026-04-20 03:18:00.945] [info]: [10000] processing chr15:85620000-85630000 at 2714441 pixels/s (cache hit rate 74.50%)...
[2026-04-20 03:18:04.607] [info]: [10000] processing chr17:26450000-26460000 at 2730748 pixels/s (cache hit rate 87.21%)...
[2026-04-20 03:18:08.416] [info]: [10000] processing chr19:10130000-10140000 at 2626050 pixels/s (cache hit rate 96.56%)...
[2026-04-20 03:18:09.752] [info]: [10000] processing KR normalization vector...
[2026-04-20 03:18:11.154] [info]: [10000] DONE! Processed 312630180 pixels across 21 chromosomes in 112.30s
[2026-04-20 03:18:11.157] [info]: DONE! Processed 2 resolution(s) in 310.66s!
[2026-04-20 03:18:11.157] [info]: /expanse/lustre/projects/csd940/zalibhai/stripes/StripeCaller/data/hic/250831/ctrl_M3.hic size: 3979.77 MB
[2026-04-20 03:18:11.157] [info]: /expanse/lustre/projects/csd940/zalibhai/stripes/stripenn/data/cool/250831/ctrl_M3.mcool size: 1042.05 MB

Conversion complete. Resolutions available:
The following arguments were not expected: /expanse/lustre/projects/csd940/zalibhai/stripes/stripenn/data/cool/250831/ctrl_M3.mcool ls
Run with --help for more information.

5kb/10kb spot check:
{
    "assembly": "/expanse/lustre/projects/csd940/ctea/HiC/restriction_sites/mm10.filtered.chrom.sizes",
    "bin-size": 5000,
    "bin-type": "fixed",
    "cis": 438446568,
    "creation-date": "2026-04-20T10:13:02",
    "format": "HDF5::Cooler",
    "format-url": "https://github.com/open2c/cooler",
    "format-version": 3,
    "generated-by": "hictk-v2.1.4-bioconda",
    "metadata": {},
    "nbins": 545114,
    "nchroms": 21,
    "nnz": 369327952,
    "storage-mode": "symmetric-upper",
    "sum": 595748617
}
{
    "assembly": "/expanse/lustre/projects/csd940/ctea/HiC/restriction_sites/mm10.filtered.chrom.sizes",
    "bin-size": 10000,
    "bin-type": "fixed",
    "cis": 438446568,
    "creation-date": "2026-04-20T10:16:18",
    "format": "HDF5::Cooler",
    "format-url": "https://github.com/open2c/cooler",
    "format-version": 3,
    "generated-by": "hictk-v2.1.4-bioconda",
    "metadata": {},
    "nbins": 272564,
    "nchroms": 21,
    "nnz": 312565090,
    "storage-mode": "symmetric-upper",
    "sum": 595748617
}

End: Mon Apr 20 03:18:13 PDT 2026
===========================================
