===========================================
Stage 0: hic2cool convert
===========================================
Job ID:     48238674
Node:       exp-3-33
CPUs:       8
Memory:     65536 MB
Timepoint:  250831
Sample:     mut_M2
Input:      /expanse/lustre/projects/csd940/zalibhai/stripes/StripeCaller/data/hic/250831/mut_M2.hic
Output:     /expanse/lustre/projects/csd940/zalibhai/stripes/stripenn/data/cool/250831/mut_M2.mcool
Start:      Mon Apr 20 03:12:58 PDT 2026
===========================================
/home/zalibhai/miniforge3/envs/hictk/bin/hictk
hictk-v2.1.4-bioconda
[2026-04-20 03:12:59.768] [info]: Running hictk v2.1.4-bioconda
[2026-04-20 03:12:59.769] [info]: Converting /expanse/lustre/projects/csd940/zalibhai/stripes/StripeCaller/data/hic/250831/mut_M2.hic to /expanse/lustre/projects/csd940/zalibhai/stripes/stripenn/data/cool/250831/mut_M2.mcool (hic -> mcool)...
[2026-04-20 03:13:01.385] [info]: [5000] begin processing 5000bp matrix...
[2026-04-20 03:13:05.880] [info]: [5000] processing chr1:58390000-58395000 at 2225189 pixels/s (cache hit rate 0.00%)...
[2026-04-20 03:13:09.732] [info]: [5000] processing chr1:119230000-119235000 at 2596728 pixels/s (cache hit rate 0.00%)...
[2026-04-20 03:13:12.806] [info]: [5000] processing chr1:182395000-182400000 at 3254149 pixels/s (cache hit rate 0.01%)...
[2026-04-20 03:13:16.720] [info]: [5000] processing chr2:38335000-38340000 at 2554931 pixels/s (cache hit rate 0.00%)...
[2026-04-20 03:13:21.046] [info]: [5000] processing chr2:99585000-99590000 at 2311604 pixels/s (cache hit rate 0.00%)...
[2026-04-20 03:13:24.428] [info]: [5000] processing chr2:160505000-160510000 at 2957705 pixels/s (cache hit rate 0.00%)...
[2026-04-20 03:13:28.634] [info]: [5000] processing chrX:61295000-61300000 at 2378121 pixels/s (cache hit rate 0.00%)...
[2026-04-20 03:13:32.865] [info]: [5000] processing chrX:155390000-155395000 at 2363507 pixels/s (cache hit rate 0.01%)...
[2026-04-20 03:13:37.372] [info]: [5000] processing chr3:55415000-55420000 at 2219263 pixels/s (cache hit rate 0.03%)...
[2026-04-20 03:13:41.417] [info]: [5000] processing chr3:121780000-121785000 at 2472188 pixels/s (cache hit rate 0.03%)...
[2026-04-20 03:13:45.431] [info]: [5000] processing chr4:36520000-36525000 at 2491281 pixels/s (cache hit rate 0.00%)...
[2026-04-20 03:13:49.739] [info]: [5000] processing chr4:104460000-104465000 at 2321802 pixels/s (cache hit rate 0.00%)...
[2026-04-20 03:13:53.214] [info]: [5000] processing chr5:17530000-17535000 at 2878526 pixels/s (cache hit rate 0.05%)...
[2026-04-20 03:13:57.572] [info]: [5000] processing chr5:79100000-79105000 at 2294631 pixels/s (cache hit rate 0.00%)...
[2026-04-20 03:14:00.868] [info]: [5000] processing chr5:147820000-147825000 at 3034901 pixels/s (cache hit rate 0.02%)...
[2026-04-20 03:14:05.773] [info]: [5000] processing chr6:61005000-61010000 at 2039152 pixels/s (cache hit rate 0.02%)...
[2026-04-20 03:14:09.787] [info]: [5000] processing chr6:135685000-135690000 at 2491281 pixels/s (cache hit rate 0.00%)...
[2026-04-20 03:14:14.544] [info]: [5000] processing chr7:68160000-68165000 at 2102607 pixels/s (cache hit rate 0.00%)...
[2026-04-20 03:14:18.030] [info]: [5000] processing chr7:141275000-141280000 at 2868617 pixels/s (cache hit rate 0.02%)...
[2026-04-20 03:14:23.025] [info]: [5000] processing chr10:66770000-66775000 at 2002403 pixels/s (cache hit rate 0.02%)...
[2026-04-20 03:14:27.170] [info]: [5000] processing chr8:18280000-18285000 at 2413127 pixels/s (cache hit rate 0.00%)...
[2026-04-20 03:14:31.811] [info]: [5000] processing chr8:101730000-101735000 at 2154708 pixels/s (cache hit rate 0.00%)...
[2026-04-20 03:14:36.440] [info]: [5000] processing chr14:54075000-54080000 at 2161228 pixels/s (cache hit rate 0.00%)...
[2026-04-20 03:14:41.084] [info]: [5000] processing chr9:21310000-21315000 at 2152853 pixels/s (cache hit rate 0.00%)...
[2026-04-20 03:14:45.950] [info]: [5000] processing chr9:91350000-91355000 at 2055498 pixels/s (cache hit rate 0.00%)...
[2026-04-20 03:14:50.785] [info]: [5000] processing chr11:49230000-49235000 at 2068680 pixels/s (cache hit rate 0.00%)...
[2026-04-20 03:14:55.202] [info]: [5000] processing chr13:13275000-13280000 at 2264493 pixels/s (cache hit rate 0.00%)...
[2026-04-20 03:15:00.346] [info]: [5000] processing chr13:105250000-105255000 at 1944390 pixels/s (cache hit rate 0.00%)...
[2026-04-20 03:15:05.775] [info]: [5000] processing chr12:84835000-84840000 at 1841960 pixels/s (cache hit rate 0.00%)...
[2026-04-20 03:15:11.156] [info]: [5000] processing chr15:74775000-74780000 at 1858736 pixels/s (cache hit rate 0.00%)...
[2026-04-20 03:15:16.810] [info]: [5000] processing chr16:80775000-80780000 at 1768659 pixels/s (cache hit rate 0.00%)...
[2026-04-20 03:15:22.826] [info]: [5000] processing chr18:14865000-14870000 at 1662510 pixels/s (cache hit rate 0.00%)...
[2026-04-20 03:15:29.724] [info]: [5000] processing chr19:59645000-59650000 at 1449906 pixels/s (cache hit rate 0.63%)...
[2026-04-20 03:15:29.775] [info]: [5000] processing KR normalization vector...
[2026-04-20 03:15:30.949] [info]: [5000] DONE! Processed 330065332 pixels across 21 chromosomes in 149.56s
[2026-04-20 03:15:31.095] [info]: [10000] begin processing 10000bp matrix...
[2026-04-20 03:15:33.623] [info]: [10000] processing chr1:64950000-64960000 at 3957262 pixels/s (cache hit rate 36.79%)...
[2026-04-20 03:15:36.459] [info]: [10000] processing chr1:135530000-135540000 at 3527337 pixels/s (cache hit rate 31.99%)...
[2026-04-20 03:15:39.353] [info]: [10000] processing chr2:12860000-12870000 at 3455425 pixels/s (cache hit rate 30.70%)...
[2026-04-20 03:15:42.130] [info]: [10000] processing chr2:73440000-73450000 at 3601008 pixels/s (cache hit rate 40.97%)...
[2026-04-20 03:15:45.031] [info]: [10000] processing chr2:147410000-147420000 at 3448276 pixels/s (cache hit rate 29.33%)...
[2026-04-20 03:15:47.843] [info]: [10000] processing chrX:53030000-53040000 at 3556188 pixels/s (cache hit rate 41.20%)...
[2026-04-20 03:15:50.633] [info]: [10000] processing chrX:160570000-160580000 at 3585515 pixels/s (cache hit rate 30.95%)...
[2026-04-20 03:15:53.571] [info]: [10000] processing chr3:69430000-69440000 at 3404835 pixels/s (cache hit rate 41.79%)...
[2026-04-20 03:15:56.526] [info]: [10000] processing chr3:152690000-152700000 at 3384095 pixels/s (cache hit rate 28.68%)...
[2026-04-20 03:15:59.353] [info]: [10000] processing chr4:73410000-73420000 at 3538570 pixels/s (cache hit rate 44.62%)...
[2026-04-20 03:16:02.210] [info]: [10000] processing chr4:153480000-153490000 at 3500175 pixels/s (cache hit rate 30.25%)...
[2026-04-20 03:16:05.132] [info]: [10000] processing chr5:73880000-73890000 at 3423485 pixels/s (cache hit rate 47.32%)...
[2026-04-20 03:16:08.107] [info]: [10000] processing chr6:5990000-6000000 at 3362475 pixels/s (cache hit rate 39.80%)...
[2026-04-20 03:16:10.978] [info]: [10000] processing chr6:82590000-82600000 at 3483107 pixels/s (cache hit rate 49.56%)...
[2026-04-20 03:16:13.816] [info]: [10000] processing chr7:29910000-29920000 at 3526093 pixels/s (cache hit rate 48.89%)...
[2026-04-20 03:16:16.752] [info]: [10000] processing chr7:117910000-117920000 at 3404835 pixels/s (cache hit rate 46.89%)...
[2026-04-20 03:16:19.653] [info]: [10000] processing chr10:56460000-56470000 at 3448276 pixels/s (cache hit rate 52.58%)...
[2026-04-20 03:16:22.464] [info]: [10000] processing chr8:23020000-23030000 at 3557453 pixels/s (cache hit rate 56.52%)...
[2026-04-20 03:16:25.298] [info]: [10000] processing chr8:123150000-123160000 at 3529827 pixels/s (cache hit rate 50.21%)...
[2026-04-20 03:16:28.152] [info]: [10000] processing chr14:93190000-93200000 at 3503854 pixels/s (cache hit rate 58.32%)...
[2026-04-20 03:16:31.056] [info]: [10000] processing chr9:66390000-66400000 at 3444712 pixels/s (cache hit rate 64.47%)...
[2026-04-20 03:16:33.935] [info]: [10000] processing chr11:45070000-45080000 at 3473428 pixels/s (cache hit rate 67.50%)...
[2026-04-20 03:16:36.843] [info]: [10000] processing chr13:28030000-28040000 at 3438790 pixels/s (cache hit rate 67.21%)...
[2026-04-20 03:16:39.669] [info]: [10000] processing chr12:32220000-32230000 at 3539823 pixels/s (cache hit rate 73.54%)...
[2026-04-20 03:16:42.639] [info]: [10000] processing chr15:49950000-49960000 at 3367003 pixels/s (cache hit rate 77.22%)...
[2026-04-20 03:16:45.568] [info]: [10000] processing chr17:3500000-3510000 at 3415301 pixels/s (cache hit rate 67.29%)...
[2026-04-20 03:16:48.440] [info]: [10000] processing chr18:69400000-69410000 at 3481894 pixels/s (cache hit rate 94.02%)...
[2026-04-20 03:16:49.772] [info]: [10000] processing KR normalization vector...
[2026-04-20 03:16:50.808] [info]: [10000] DONE! Processed 273513436 pixels across 21 chromosomes in 79.71s
[2026-04-20 03:16:50.813] [info]: DONE! Processed 2 resolution(s) in 231.04s!
[2026-04-20 03:16:50.813] [info]: /expanse/lustre/projects/csd940/zalibhai/stripes/StripeCaller/data/hic/250831/mut_M2.hic size: 3566.45 MB
[2026-04-20 03:16:50.813] [info]: /expanse/lustre/projects/csd940/zalibhai/stripes/stripenn/data/cool/250831/mut_M2.mcool size: 918.94 MB

Conversion complete. Resolutions available:
The following arguments were not expected: /expanse/lustre/projects/csd940/zalibhai/stripes/stripenn/data/cool/250831/mut_M2.mcool ls
Run with --help for more information.

5kb/10kb spot check:
{
    "assembly": "/expanse/lustre/projects/csd940/ctea/HiC/restriction_sites/mm10.filtered.chrom.sizes",
    "bin-size": 5000,
    "bin-type": "fixed",
    "cis": 474736046,
    "creation-date": "2026-04-20T10:13:01",
    "format": "HDF5::Cooler",
    "format-url": "https://github.com/open2c/cooler",
    "format-version": 3,
    "generated-by": "hictk-v2.1.4-bioconda",
    "metadata": {},
    "nbins": 545114,
    "nchroms": 21,
    "nnz": 330032666,
    "storage-mode": "symmetric-upper",
    "sum": 602015250
}
{
    "assembly": "/expanse/lustre/projects/csd940/ctea/HiC/restriction_sites/mm10.filtered.chrom.sizes",
    "bin-size": 10000,
    "bin-type": "fixed",
    "cis": 474736046,
    "creation-date": "2026-04-20T10:15:31",
    "format": "HDF5::Cooler",
    "format-url": "https://github.com/open2c/cooler",
    "format-version": 3,
    "generated-by": "hictk-v2.1.4-bioconda",
    "metadata": {},
    "nbins": 272564,
    "nchroms": 21,
    "nnz": 273456718,
    "storage-mode": "symmetric-upper",
    "sum": 602015250
}

End: Mon Apr 20 03:16:53 PDT 2026
===========================================
