===========================================
Stage 0: hic2cool convert
===========================================
Job ID:     48238673
Node:       exp-2-39
CPUs:       8
Memory:     65536 MB
Timepoint:  250831
Sample:     mut_M1
Input:      /expanse/lustre/projects/csd940/zalibhai/stripes/StripeCaller/data/hic/250831/mut_M1.hic
Output:     /expanse/lustre/projects/csd940/zalibhai/stripes/stripenn/data/cool/250831/mut_M1.mcool
Start:      Mon Apr 20 03:12:58 PDT 2026
===========================================
/home/zalibhai/miniforge3/envs/hictk/bin/hictk
hictk-v2.1.4-bioconda
[2026-04-20 03:12:59.968] [info]: Running hictk v2.1.4-bioconda
[2026-04-20 03:12:59.979] [info]: Converting /expanse/lustre/projects/csd940/zalibhai/stripes/StripeCaller/data/hic/250831/mut_M1.hic to /expanse/lustre/projects/csd940/zalibhai/stripes/stripenn/data/cool/250831/mut_M1.mcool (hic -> mcool)...
[2026-04-20 03:13:01.632] [info]: [5000] begin processing 5000bp matrix...
[2026-04-20 03:13:05.963] [info]: [5000] processing chr1:54115000-54120000 at 2310002 pixels/s (cache hit rate 0.00%)...
[2026-04-20 03:13:09.247] [info]: [5000] processing chr1:103045000-103050000 at 3045067 pixels/s (cache hit rate 0.00%)...
[2026-04-20 03:13:12.426] [info]: [5000] processing chr1:162210000-162215000 at 3145643 pixels/s (cache hit rate 0.01%)...
[2026-04-20 03:13:15.721] [info]: [5000] processing chr2:20435000-20440000 at 3035823 pixels/s (cache hit rate 0.00%)...
[2026-04-20 03:13:19.595] [info]: [5000] processing chr2:68065000-68070000 at 2581978 pixels/s (cache hit rate 0.00%)...
[2026-04-20 03:13:23.260] [info]: [5000] processing chr2:124780000-124785000 at 2729258 pixels/s (cache hit rate 0.00%)...
[2026-04-20 03:13:26.089] [info]: [5000] processing chr2:178665000-178670000 at 3536068 pixels/s (cache hit rate 0.03%)...
[2026-04-20 03:13:30.627] [info]: [5000] processing chrX:78775000-78780000 at 2203614 pixels/s (cache hit rate 0.00%)...
[2026-04-20 03:13:34.301] [info]: [5000] processing chr3:3490000-3495000 at 2721829 pixels/s (cache hit rate 0.00%)...
[2026-04-20 03:13:38.583] [info]: [5000] processing chr3:61060000-61065000 at 2335903 pixels/s (cache hit rate 0.03%)...
[2026-04-20 03:13:42.286] [info]: [5000] processing chr3:121810000-121815000 at 2701243 pixels/s (cache hit rate 0.03%)...
[2026-04-20 03:13:46.112] [info]: [5000] processing chr4:32565000-32570000 at 2613696 pixels/s (cache hit rate 0.00%)...
[2026-04-20 03:13:50.161] [info]: [5000] processing chr4:94985000-94990000 at 2470356 pixels/s (cache hit rate 0.00%)...
[2026-04-20 03:13:53.043] [info]: [5000] processing chr4:151360000-151365000 at 3469813 pixels/s (cache hit rate 0.00%)...
[2026-04-20 03:13:57.254] [info]: [5000] processing chr5:52755000-52760000 at 2374733 pixels/s (cache hit rate 0.02%)...
[2026-04-20 03:14:01.091] [info]: [5000] processing chr5:118570000-118575000 at 2606882 pixels/s (cache hit rate 0.00%)...
[2026-04-20 03:14:04.767] [info]: [5000] processing chr6:28630000-28635000 at 2720348 pixels/s (cache hit rate 0.00%)...
[2026-04-20 03:14:09.303] [info]: [5000] processing chr6:87290000-87295000 at 2204586 pixels/s (cache hit rate 0.02%)...
[2026-04-20 03:14:12.730] [info]: [5000] processing chr7:13905000-13910000 at 2918856 pixels/s (cache hit rate 0.00%)...
[2026-04-20 03:14:17.322] [info]: [5000] processing chr7:79310000-79315000 at 2178175 pixels/s (cache hit rate 0.00%)...
[2026-04-20 03:14:20.594] [info]: [5000] processing chr10:4050000-4055000 at 3057169 pixels/s (cache hit rate 0.00%)...
[2026-04-20 03:14:25.496] [info]: [5000] processing chr10:67760000-67765000 at 2039568 pixels/s (cache hit rate 0.02%)...
[2026-04-20 03:14:29.292] [info]: [5000] processing chr8:13875000-13880000 at 2634352 pixels/s (cache hit rate 0.00%)...
[2026-04-20 03:14:33.895] [info]: [5000] processing chr8:90555000-90560000 at 2172496 pixels/s (cache hit rate 0.00%)...
[2026-04-20 03:14:37.790] [info]: [5000] processing chr14:34005000-34010000 at 2568053 pixels/s (cache hit rate 0.00%)...
[2026-04-20 03:14:41.839] [info]: [5000] processing chr14:121210000-121215000 at 2470356 pixels/s (cache hit rate 0.04%)...
[2026-04-20 03:14:46.900] [info]: [5000] processing chr9:63195000-63200000 at 1975894 pixels/s (cache hit rate 0.00%)...
[2026-04-20 03:14:50.830] [info]: [5000] processing chr11:18445000-18450000 at 2544529 pixels/s (cache hit rate 0.00%)...
[2026-04-20 03:14:55.675] [info]: [5000] processing chr11:87105000-87110000 at 2064410 pixels/s (cache hit rate 0.00%)...
[2026-04-20 03:15:00.412] [info]: [5000] processing chr13:47695000-47700000 at 2111486 pixels/s (cache hit rate 0.00%)...
[2026-04-20 03:15:05.026] [info]: [5000] processing chr12:27440000-27445000 at 2167317 pixels/s (cache hit rate 0.00%)...
[2026-04-20 03:15:09.681] [info]: [5000] processing chr15:9510000-9515000 at 2148689 pixels/s (cache hit rate 0.00%)...
[2026-04-20 03:15:14.809] [info]: [5000] processing chr16:8085000-8090000 at 1950078 pixels/s (cache hit rate 0.00%)...
[2026-04-20 03:15:20.469] [info]: [5000] processing chr17:20185000-20190000 at 1767409 pixels/s (cache hit rate 0.00%)...
[2026-04-20 03:15:26.547] [info]: [5000] processing chr18:42140000-42145000 at 1645278 pixels/s (cache hit rate 0.00%)...
[2026-04-20 03:15:31.670] [info]: [5000] processing KR normalization vector...
[2026-04-20 03:15:32.748] [info]: [5000] DONE! Processed 357648676 pixels across 21 chromosomes in 151.11s
[2026-04-20 03:15:32.885] [info]: [10000] begin processing 10000bp matrix...
[2026-04-20 03:15:35.379] [info]: [10000] processing chr1:59630000-59640000 at 4011231 pixels/s (cache hit rate 34.68%)...
[2026-04-20 03:15:37.975] [info]: [10000] processing chr1:120870000-120880000 at 3853565 pixels/s (cache hit rate 33.97%)...
[2026-04-20 03:15:40.548] [info]: [10000] processing chr1:185140000-185150000 at 3888025 pixels/s (cache hit rate 22.20%)...
[2026-04-20 03:15:43.285] [info]: [10000] processing chr2:40910000-40920000 at 3653635 pixels/s (cache hit rate 37.25%)...
[2026-04-20 03:15:45.953] [info]: [10000] processing chr2:105900000-105910000 at 3749531 pixels/s (cache hit rate 35.52%)...
[2026-04-20 03:15:48.558] [info]: [10000] processing chr2:166510000-166520000 at 3838772 pixels/s (cache hit rate 24.99%)...
[2026-04-20 03:15:51.153] [info]: [10000] processing chrX:74540000-74550000 at 3855050 pixels/s (cache hit rate 41.71%)...
[2026-04-20 03:15:53.876] [info]: [10000] processing chr3:8140000-8150000 at 3673769 pixels/s (cache hit rate 40.76%)...
[2026-04-20 03:15:56.665] [info]: [10000] processing chr3:75720000-75730000 at 3586801 pixels/s (cache hit rate 40.60%)...
[2026-04-20 03:15:59.232] [info]: [10000] processing chr3:148100000-148110000 at 3894081 pixels/s (cache hit rate 31.11%)...
[2026-04-20 03:16:02.032] [info]: [10000] processing chr4:62500000-62510000 at 3572705 pixels/s (cache hit rate 44.99%)...
[2026-04-20 03:16:04.603] [info]: [10000] processing chr4:133920000-133930000 at 3889537 pixels/s (cache hit rate 35.43%)...
[2026-04-20 03:16:07.320] [info]: [10000] processing chr5:41990000-42000000 at 3680530 pixels/s (cache hit rate 47.06%)...
[2026-04-20 03:16:09.996] [info]: [10000] processing chr5:118810000-118820000 at 3736921 pixels/s (cache hit rate 40.54%)...
[2026-04-20 03:16:12.665] [info]: [10000] processing chr6:35910000-35920000 at 3748126 pixels/s (cache hit rate 50.77%)...
[2026-04-20 03:16:15.368] [info]: [10000] processing chr6:108320000-108330000 at 3699593 pixels/s (cache hit rate 46.52%)...
[2026-04-20 03:16:18.083] [info]: [10000] processing chr7:47300000-47310000 at 3683241 pixels/s (cache hit rate 54.77%)...
[2026-04-20 03:16:20.920] [info]: [10000] processing chr7:127010000-127020000 at 3524850 pixels/s (cache hit rate 40.81%)...
[2026-04-20 03:16:23.583] [info]: [10000] processing chr10:59180000-59190000 at 3755163 pixels/s (cache hit rate 53.39%)...
[2026-04-20 03:16:26.172] [info]: [10000] processing chr8:16210000-16220000 at 3862495 pixels/s (cache hit rate 57.09%)...
[2026-04-20 03:16:28.879] [info]: [10000] processing chr8:108610000-108620000 at 3694126 pixels/s (cache hit rate 54.65%)...
[2026-04-20 03:16:31.527] [info]: [10000] processing chr14:65780000-65790000 at 3777862 pixels/s (cache hit rate 61.29%)...
[2026-04-20 03:16:34.273] [info]: [10000] processing chr9:42580000-42590000 at 3641661 pixels/s (cache hit rate 63.70%)...
[2026-04-20 03:16:36.915] [info]: [10000] processing chr11:8320000-8330000 at 3786445 pixels/s (cache hit rate 64.98%)...
[2026-04-20 03:16:39.642] [info]: [10000] processing chr11:94130000-94140000 at 3668379 pixels/s (cache hit rate 62.05%)...
[2026-04-20 03:16:42.360] [info]: [10000] processing chr13:76310000-76320000 at 3679176 pixels/s (cache hit rate 68.21%)...
[2026-04-20 03:16:45.031] [info]: [10000] processing chr12:80620000-80630000 at 3745318 pixels/s (cache hit rate 72.78%)...
[2026-04-20 03:16:47.765] [info]: [10000] processing chr15:98300000-98310000 at 3658983 pixels/s (cache hit rate 73.92%)...
[2026-04-20 03:16:50.463] [info]: [10000] processing chr17:43600000-43610000 at 3707824 pixels/s (cache hit rate 86.90%)...
[2026-04-20 03:16:53.283] [info]: [10000] processing chr19:34360000-34370000 at 3548616 pixels/s (cache hit rate 98.22%)...
[2026-04-20 03:16:53.773] [info]: [10000] processing KR normalization vector...
[2026-04-20 03:16:54.749] [info]: [10000] DONE! Processed 300977244 pixels across 21 chromosomes in 81.86s
[2026-04-20 03:16:54.755] [info]: DONE! Processed 2 resolution(s) in 234.78s!
[2026-04-20 03:16:54.756] [info]: /expanse/lustre/projects/csd940/zalibhai/stripes/StripeCaller/data/hic/250831/mut_M1.hic size: 3884.56 MB
[2026-04-20 03:16:54.756] [info]: /expanse/lustre/projects/csd940/zalibhai/stripes/stripenn/data/cool/250831/mut_M1.mcool size: 1008.31 MB

Conversion complete. Resolutions available:
The following arguments were not expected: /expanse/lustre/projects/csd940/zalibhai/stripes/stripenn/data/cool/250831/mut_M1.mcool ls
Run with --help for more information.

5kb/10kb spot check:
{
    "assembly": "/expanse/lustre/projects/csd940/ctea/HiC/restriction_sites/mm10.filtered.chrom.sizes",
    "bin-size": 5000,
    "bin-type": "fixed",
    "cis": 449030864,
    "creation-date": "2026-04-20T10:13:01",
    "format": "HDF5::Cooler",
    "format-url": "https://github.com/open2c/cooler",
    "format-version": 3,
    "generated-by": "hictk-v2.1.4-bioconda",
    "metadata": {},
    "nbins": 545114,
    "nchroms": 21,
    "nnz": 357624338,
    "storage-mode": "symmetric-upper",
    "sum": 600982570
}
{
    "assembly": "/expanse/lustre/projects/csd940/ctea/HiC/restriction_sites/mm10.filtered.chrom.sizes",
    "bin-size": 10000,
    "bin-type": "fixed",
    "cis": 449030864,
    "creation-date": "2026-04-20T10:15:32",
    "format": "HDF5::Cooler",
    "format-url": "https://github.com/open2c/cooler",
    "format-version": 3,
    "generated-by": "hictk-v2.1.4-bioconda",
    "metadata": {},
    "nbins": 272564,
    "nchroms": 21,
    "nnz": 300938622,
    "storage-mode": "symmetric-upper",
    "sum": 600982570
}

End: Mon Apr 20 03:16:57 PDT 2026
===========================================
