===========================================
Stage 2: Build Union Stripe Set
===========================================
Job ID:     48243243
Node:       exp-1-38
Timepoint:  250402
Resolution: 10000 bp (10 kb)
Start:      Mon Apr 20 15:12:52 PDT 2026
===========================================
Warning messages:
1: package ‘yaml’ was built under R version 4.4.3 
2: package ‘dplyr’ was built under R version 4.4.3 

========================================
Stage 2: Build Union Stripe Set
Timepoint:  250402
Resolution: 10000 bp (10 kb)
========================================

Config loaded: /expanse/lustre/projects/csd940/zalibhai/mariner_hi-c/stripes/stripenn/config/stripenn_config.yaml
Anchor tolerance: 50000 bp (50 kb)
Exclude chromosomes: chrX, chrY, chrM

=== Loading Stripenn Results ===
  ctrl: /expanse/lustre/projects/csd940/zalibhai/stripes/stripenn/outputs/250402/res_10kb/calls/ctrl_merged/result_filtered.tsv
  mut:  /expanse/lustre/projects/csd940/zalibhai/stripes/stripenn/outputs/250402/res_10kb/calls/mut_merged/result_filtered.tsv
  Read 2603 stripes from result_filtered.tsv
  Filtered 4 stripes on excluded chromosomes
  Read 2804 stripes from result_filtered.tsv
  Filtered 4 stripes on excluded chromosomes

  Loaded ctrl: 2599 stripes (after filtering)
  Loaded mut:  2800 stripes (after filtering)

=== Building Union Set ===
  Control merged: 2599 stripes
  Mutant merged:  2800 stripes
  Shared: 1833, Control-only: 766, Mutant-only: 967
Total union: 3566 stripes

=== Saving Outputs ===
  Full TSV: /expanse/lustre/projects/csd940/zalibhai/stripes/stripenn/outputs/250402/res_10kb/union_stripes.tsv (3566 rows)
  RDS:      /expanse/lustre/projects/csd940/zalibhai/stripes/stripenn/outputs/250402/res_10kb/union_stripes.rds
  BEDPE:    /expanse/lustre/projects/csd940/zalibhai/stripes/stripenn/outputs/250402/res_10kb/union_stripes.bedpe (3566 rows)

=== Summary ===
  Shared:       1833
  Control-only: 766
  Mutant-only:  967
  Total:        3566

Direction distribution:
  3prime: 1647
  5prime: 1919

Source x Direction:
              
               3prime 5prime
  control_only    348    418
  mutant_only     452    515
  shared          847    986

Median stripe length: 1160000 bp
Median stripe width:  40000 bp

========================================
Stage 2 complete.
End: 2026-04-20 15:13:32.559911
========================================

Union BEDPE created: 3566 stripes
End: Mon Apr 20 15:13:32 PDT 2026
===========================================
