======================================
Final Results RNA
======================================
Started: Wed Feb 18 01:44:28 PST 2026

ΔABC pairs: 180,423
ΔABC unique genes: 20,265
RNA-seq genes: 16,572

Genes in ABC: 20,265
Genes in RNA-seq: 16,572
Genes matched: 13,588 (67.1% of ABC genes)
E-G pairs with RNA-seq: 113,453
Gene-level summary: 13,588 genes

=== Gene-Level Concordance ===
  Genes with |ΔABC| > 0.01: 12,665
  Genes with DE (padj<0.05, |LFC|>0.5): 978
  Genes with both: 940
  Concordant (same direction): 553 (58.8%)
  Discordant: 387 (41.2%)
  Binomial test p-value (vs 50%): 6.84e-08

  Gained enhancer + upregulated:   154
  Lost enhancer + downregulated:   399
  Gained enhancer + downregulated: 252
  Lost enhancer + upregulated:     135

Saved: /expanse/lustre/projects/csd940/zalibhai/abc/results/figures/delta_abc_vs_log2fc.pdf

Saved: /expanse/lustre/projects/csd940/zalibhai/abc/results/delta_abc_with_rnaseq.tsv (113,453 pairs)
Saved: /expanse/lustre/projects/csd940/zalibhai/abc/results/gene_level_summary.tsv (13,588 genes)

======================================
Completed: Wed Feb 18 01:44:43 PST 2026
======================================
