Starting ABC pipeline: Tue Feb 17 01:19:34 PST 2026
Using config: config/config.yaml
Snakemake version: 7.32.4

Config file config/config.yaml is extended by additional config specified via the command line.
Building DAG of jobs...
Using shell: /usr/bin/bash
Provided cores: 1 (use --cores to define parallelism)
Rules claiming more threads will be scaled down.
Conda environments: ignored
Job stats:
job                             count
----------------------------  -------
all                                 1
create_predictions                  2
filter_predictions                  2
generate_qc_plot_and_summary        2
total                               7

Select jobs to execute...

[Tue Feb 17 01:19:36 2026]
rule create_predictions:
    input: /expanse/lustre/projects/csd940/zalibhai/abc/ABC-Enhancer-Gene-Prediction/results/KO_cerebellum/Neighborhoods/EnhancerList.txt, /expanse/lustre/projects/csd940/zalibhai/abc/ABC-Enhancer-Gene-Prediction/results/KO_cerebellum/Neighborhoods/GeneList.txt
    output: /expanse/lustre/projects/csd940/zalibhai/abc/ABC-Enhancer-Gene-Prediction/results/KO_cerebellum/Predictions/EnhancerPredictionsAllPutative.tsv.gz, /expanse/lustre/projects/csd940/zalibhai/abc/ABC-Enhancer-Gene-Prediction/results/KO_cerebellum/Predictions/EnhancerPredictionsAllPutativeNonExpressedGenes.tsv.gz
    jobid: 7
    reason: Missing output files: /expanse/lustre/projects/csd940/zalibhai/abc/ABC-Enhancer-Gene-Prediction/results/KO_cerebellum/Predictions/EnhancerPredictionsAllPutative.tsv.gz, /expanse/lustre/projects/csd940/zalibhai/abc/ABC-Enhancer-Gene-Prediction/results/KO_cerebellum/Predictions/EnhancerPredictionsAllPutativeNonExpressedGenes.tsv.gz
    wildcards: biosample=KO_cerebellum
    resources: tmpdir=/scratch/zalibhai/job_46504493, mem_mb=20000, mem_mib=19074


		python /expanse/lustre/projects/csd940/zalibhai/abc/ABC-Enhancer-Gene-Prediction/workflow/scripts/predict.py 			--enhancers /expanse/lustre/projects/csd940/zalibhai/abc/ABC-Enhancer-Gene-Prediction/results/KO_cerebellum/Neighborhoods/EnhancerList.txt 			--outdir /expanse/lustre/projects/csd940/zalibhai/abc/ABC-Enhancer-Gene-Prediction/results/KO_cerebellum/Predictions 			--score_column ABC.Score 			--chrom_sizes /expanse/lustre/projects/csd940/zalibhai/taiji-new/reference/mm10/mm10.chrom.sizes 			--accessibility_feature ATAC 			--cellType KO_cerebellum 			--genes /expanse/lustre/projects/csd940/zalibhai/abc/ABC-Enhancer-Gene-Prediction/results/KO_cerebellum/Neighborhoods/GeneList.txt 			--hic_gamma 1.024238616787792 			--hic_scale 5.9594510043736655 			--hic_pseudocount_distance 5000 			--hic_file /expanse/lustre/projects/csd940/zalibhai/stripes/StripeCaller/data/hic/250402/mut_merged.hic --hic_type hic --hic_resolution 5000 			--scale_hic_using_powerlaw
		
/home/zalibhai/miniforge3/envs/abc-env/lib/python3.10/site-packages/pyranges/methods/init.py:45: FutureWarning: The default of observed=False is deprecated and will be changed to True in a future version of pandas. Pass observed=False to retain current behavior or observed=True to adopt the future default and silence this warning.
  return {k: v for k, v in df.groupby(grpby_key)}
/home/zalibhai/miniforge3/envs/abc-env/lib/python3.10/site-packages/pyranges/methods/init.py:45: FutureWarning: The default of observed=False is deprecated and will be changed to True in a future version of pandas. Pass observed=False to retain current behavior or observed=True to adopt the future default and silence this warning.
  return {k: v for k, v in df.groupby(grpby_key)}
File did not contain SCALE normalization vectors for one or both chromosomes at 5000 BP
reading genes
reading enhancers
Making predictions for chromosome: chr1
Making putative predictions table...
Done. There are 2135817 putative enhancers for chromosome chr1
Elapsed time: 1.5138905048370361
Begin HiC
Traceback (most recent call last):
  File "/expanse/lustre/projects/csd940/zalibhai/abc/ABC-Enhancer-Gene-Prediction/workflow/scripts/predict.py", line 312, in <module>
    main()
  File "/expanse/lustre/projects/csd940/zalibhai/abc/ABC-Enhancer-Gene-Prediction/workflow/scripts/predict.py", line 251, in main
    this_chr = make_predictions(
  File "/expanse/lustre/projects/csd940/zalibhai/abc/ABC-Enhancer-Gene-Prediction/workflow/scripts/predictor.py", line 28, in make_predictions
    pred = add_hic_from_hic_file(
  File "/expanse/lustre/projects/csd940/zalibhai/abc/ABC-Enhancer-Gene-Prediction/workflow/scripts/predictor.py", line 218, in add_hic_from_hic_file
    matrix_object = hic.getMatrixZoomData(
MemoryError: std::bad_alloc
[Tue Feb 17 01:19:40 2026]
Error in rule create_predictions:
    jobid: 7
    input: /expanse/lustre/projects/csd940/zalibhai/abc/ABC-Enhancer-Gene-Prediction/results/KO_cerebellum/Neighborhoods/EnhancerList.txt, /expanse/lustre/projects/csd940/zalibhai/abc/ABC-Enhancer-Gene-Prediction/results/KO_cerebellum/Neighborhoods/GeneList.txt
    output: /expanse/lustre/projects/csd940/zalibhai/abc/ABC-Enhancer-Gene-Prediction/results/KO_cerebellum/Predictions/EnhancerPredictionsAllPutative.tsv.gz, /expanse/lustre/projects/csd940/zalibhai/abc/ABC-Enhancer-Gene-Prediction/results/KO_cerebellum/Predictions/EnhancerPredictionsAllPutativeNonExpressedGenes.tsv.gz
    conda-env: /expanse/lustre/projects/csd940/zalibhai/abc/ABC-Enhancer-Gene-Prediction/.snakemake/conda/c4b342f55862fd7a124df7d67e8121f1_
    shell:
        
		python /expanse/lustre/projects/csd940/zalibhai/abc/ABC-Enhancer-Gene-Prediction/workflow/scripts/predict.py 			--enhancers /expanse/lustre/projects/csd940/zalibhai/abc/ABC-Enhancer-Gene-Prediction/results/KO_cerebellum/Neighborhoods/EnhancerList.txt 			--outdir /expanse/lustre/projects/csd940/zalibhai/abc/ABC-Enhancer-Gene-Prediction/results/KO_cerebellum/Predictions 			--score_column ABC.Score 			--chrom_sizes /expanse/lustre/projects/csd940/zalibhai/taiji-new/reference/mm10/mm10.chrom.sizes 			--accessibility_feature ATAC 			--cellType KO_cerebellum 			--genes /expanse/lustre/projects/csd940/zalibhai/abc/ABC-Enhancer-Gene-Prediction/results/KO_cerebellum/Neighborhoods/GeneList.txt 			--hic_gamma 1.024238616787792 			--hic_scale 5.9594510043736655 			--hic_pseudocount_distance 5000 			--hic_file /expanse/lustre/projects/csd940/zalibhai/stripes/StripeCaller/data/hic/250402/mut_merged.hic --hic_type hic --hic_resolution 5000 			--scale_hic_using_powerlaw
		
        (one of the commands exited with non-zero exit code; note that snakemake uses bash strict mode!)

Shutting down, this might take some time.
Exiting because a job execution failed. Look above for error message
Complete log: .snakemake/log/2026-02-17T011934.845409.snakemake.log

Pipeline finished with exit code: 1
End time: Tue Feb 17 01:19:40 PST 2026

=== WT_cerebellum ===
  ERROR: AllPutative file not found

=== KO_cerebellum ===
  ERROR: AllPutative file not found
