======================================
Final Results Cross Ref
======================================
Started: Wed Feb 18 12:09:32 PST 2026

ΔABC pairs: 180,423
Unique ABC enhancers: 33,004

=== 9A: Differential Loop Overlap ===
Differential loops: 2,910
  Assigning nearest genes to loop anchors...
  Anchor1 genes assigned: 2,525
  Anchor2 genes assigned: 2,467
  Sample anchor gene assignments:
    loop_32: Ankrd10 (0bp) <-> 1700016D06Rik (814bp)
    loop_8162: Gm10076 (11578bp) <-> Spry2 (0bp)
    loop_1329: 9230112J17Rik (43869bp) <-> Lrrc49 (0bp)
    loop_122: Car12 (21066bp) <-> Aph1b (241bp)
    loop_139: Senp8 (25461bp) <-> Gm15507 (22950bp)
  ABC enhancers overlapping anchor1: 1,394 / 33,004
  ABC enhancers overlapping anchor2: 1,330 / 33,004
  Unique genes in loop annotations: 3,073
  ABC target genes in loop annotations: 2,433 / 20,265
Traceback (most recent call last):
  File "/expanse/lustre/projects/csd940/zalibhai/abc/scripts/step9_cross_reference.py", line 264, in <module>
    main()
  File "/expanse/lustre/projects/csd940/zalibhai/abc/scripts/step9_cross_reference.py", line 253, in main
    cross_reference_loops(delta, enhancers_bed)
  File "/expanse/lustre/projects/csd940/zalibhai/abc/scripts/step9_cross_reference.py", line 174, in cross_reference_loops
    gene_dabc = delta.groupby(GENE_COL)["delta_ABC"].apply(
  File "/home/zalibhai/miniforge3/envs/abc-env/lib/python3.10/site-packages/pandas/core/groupby/generic.py", line 230, in apply
    return super().apply(func, *args, **kwargs)
  File "/home/zalibhai/miniforge3/envs/abc-env/lib/python3.10/site-packages/pandas/core/groupby/groupby.py", line 1824, in apply
    result = self._python_apply_general(f, self._selected_obj)
  File "/home/zalibhai/miniforge3/envs/abc-env/lib/python3.10/site-packages/pandas/core/groupby/groupby.py", line 1885, in _python_apply_general
    values, mutated = self._grouper.apply_groupwise(f, data, self.axis)
  File "/home/zalibhai/miniforge3/envs/abc-env/lib/python3.10/site-packages/pandas/core/groupby/ops.py", line 919, in apply_groupwise
    res = f(group)
  File "/expanse/lustre/projects/csd940/zalibhai/abc/scripts/step9_cross_reference.py", line 175, in <lambda>
    lambda x: x.iloc[x.abs().idxmax()]
  File "/home/zalibhai/miniforge3/envs/abc-env/lib/python3.10/site-packages/pandas/core/indexing.py", line 1191, in __getitem__
    return self._getitem_axis(maybe_callable, axis=axis)
  File "/home/zalibhai/miniforge3/envs/abc-env/lib/python3.10/site-packages/pandas/core/indexing.py", line 1752, in _getitem_axis
    self._validate_integer(key, axis)
  File "/home/zalibhai/miniforge3/envs/abc-env/lib/python3.10/site-packages/pandas/core/indexing.py", line 1685, in _validate_integer
    raise IndexError("single positional indexer is out-of-bounds")
IndexError: single positional indexer is out-of-bounds

======================================
Completed: Wed Feb 18 12:09:48 PST 2026
======================================
