=== COLUMN HEADERS (AllPutative) ===
--- WT ---
     1	chr
     2	start
     3	end
     4	name
     5	class
     6	activity_base
     7	activity_base_enh
     8	activity_base_squared_enh
     9	normalized_atac_enh
    10	TargetGene
    11	TargetGeneTSS
    12	TargetGeneExpression
    13	TargetGenePromoterActivityQuantile
    14	TargetGeneIsExpressed
    15	TargetGeneEnsembl_ID
    16	normalized_atac_prom
    17	distance
    18	isSelfPromoter
    19	powerlaw_contact
    20	powerlaw_contact_reference
    21	hic_contact
    22	hic_contact_pl_scaled
    23	hic_pseudocount
    24	hic_contact_pl_scaled_adj
    25	ABC.Score.Numerator
    26	ABC.Score
    27	powerlaw.Score.Numerator
    28	powerlaw.Score
    29	CellType
    30	hic_contact_squared

--- KO (verify identical) ---
     1	chr
     2	start
     3	end
     4	name
     5	class
     6	activity_base
     7	activity_base_enh
     8	activity_base_squared_enh
     9	normalized_atac_enh
    10	TargetGene
    11	TargetGeneTSS
    12	TargetGeneExpression
    13	TargetGenePromoterActivityQuantile
    14	TargetGeneIsExpressed
    15	TargetGeneEnsembl_ID
    16	normalized_atac_prom
    17	distance
    18	isSelfPromoter
    19	powerlaw_contact
    20	powerlaw_contact_reference
    21	hic_contact
    22	hic_contact_pl_scaled
    23	hic_pseudocount
    24	hic_contact_pl_scaled_adj
    25	ABC.Score.Numerator
    26	ABC.Score
    27	powerlaw.Score.Numerator
    28	powerlaw.Score
    29	CellType
    30	hic_contact_squared

=== SAMPLE DATA ROWS (first 3) ===
chr	start	end	name	class	activity_base	activity_base_enh	activity_base_squared_enh	normalized_atac_enh	TargetGene	TargetGeneTSS	TargetGeneExpression	TargetGenePromoterActivityQuantile	TargetGeneIsExpressed	TargetGeneEnsembl_ID	normalized_atac_prom	distance	isSelfPromoter	powerlaw_contact	powerlaw_contact_reference	hic_contact	hic_contact_pl_scaled	hic_pseudocount	hic_contact_pl_scaled_adj	ABC.Score.Numerator	ABC.Score	powerlaw.Score.Numerator	powerlaw.Score	CellType	hic_contact_squared
chr1	3073002	3073502	promoter|chr1:3073002-3073502	promoter	0.004276	0.004276	0.000018	0.004276	Gm17100	4927299	NaN	0.349529	True	ENSMUSG00000091305	0.349529	1854047.000000	False	0.000147	0.000718	0.000000	0.000000	0.000147	0.000147	0.000001	0.000000	0.000001	0.000001	WT_cerebellum	0.000000
chr1	3073002	3073502	promoter|chr1:3073002-3073502	promoter	0.004276	0.004276	0.000018	0.004276	Gm6104	4880651	NaN	0.659112	True	ENSMUSG00000062588	0.659112	1807399.000000	False	0.000151	0.000734	0.000000	0.000000	0.000151	0.000151	0.000001	0.000000	0.000001	0.000001	WT_cerebellum	0.000000
chr1	3073002	3073502	promoter|chr1:3073002-3073502	promoter	0.004276	0.004276	0.000018	0.004276	Tcea1	4857813	NaN	0.976092	True	ENSMUSG00000033813	0.976092	1784561.000000	False	0.000153	0.000743	0.000000	0.000000	0.000153	0.000153	0.000001	0.000000	0.000001	0.000000	WT_cerebellum	0.000000

=== THRESHOLDED FILE HEADERS ===
==> /expanse/lustre/projects/csd940/zalibhai/abc/ABC-Enhancer-Gene-Prediction/results/WT_cerebellum/Predictions/EnhancerPredictionsFull_threshold0.02_self_promoter.tsv <==
chr	start	end	name	class	activity_base	activity_base_enh	activity_base_squared_enh	normalized_atac_enh	TargetGene	TargetGeneTSS	TargetGeneExpression	TargetGenePromoterActivityQuantile	TargetGeneIsExpressed	TargetGeneEnsembl_ID	normalized_atac_prom	distance	isSelfPromoter	powerlaw_contact	powerlaw_contact_reference	hic_contact	hic_contact_pl_scaled	hic_pseudocount	hic_contact_pl_scaled_adj	ABC.Score.Numerator	ABC.Score	powerlaw.Score.Numerator	powerlaw.Score	CellType	hic_contact_squared

==> /expanse/lustre/projects/csd940/zalibhai/abc/ABC-Enhancer-Gene-Prediction/results/WT_cerebellum/Predictions/EnhancerPredictions_threshold0.02_self_promoter.tsv <==
chr	start	end	name	TargetGene	TargetGeneTSS	CellType	ABC.Score

========================================
=== WT_cerebellum ===
========================================
ERROR: No thresholded prediction file found

========================================
=== KO_cerebellum ===
========================================
ERROR: No thresholded prediction file found

========================================
CRITICAL: Copy the column header output above.
Steps 6-8 column names MUST be updated to match.
========================================
