===========================================
Stage 4: edgeR Differential Analysis
===========================================
Job ID:     48243269
Node:       exp-17-55
Timepoint:  250831
Resolution: 10000 bp (10 kb)
Start:      Mon Apr 20 16:41:51 PDT 2026
===========================================
Loading required package: limma
Warning message:
package ‘yaml’ was built under R version 4.4.3 
R packages OK
Warning messages:
1: package ‘yaml’ was built under R version 4.4.3 
2: package ‘dplyr’ was built under R version 4.4.3 

========================================
Stage 4: edgeR Differential Analysis
Timepoint:  250831
Resolution: 10000 bp (10 kb)
========================================

Config loaded: /expanse/lustre/projects/csd940/zalibhai/mariner_hi-c/stripes/stripenn/config/stripenn_config.yaml

=== Loading Score Data ===
  Union stripes: 1879
  ctrl_M1: loaded (median O_Sum=7895)
  ctrl_M2: loaded (median O_Sum=7162)
  ctrl_M3: loaded (median O_Sum=7253)
  mut_M1: loaded (median O_Sum=7939)
  mut_M2: loaded (median O_Sum=8738)
  mut_M3: loaded (median O_Sum=8060)

  Count matrix: 1879 stripes x 6 samples
  After filtering: 1879 stripes

=== Creating DGEList ===
  DGEList: 1879 stripes x 6 samples
  Groups: ctrl, mut

  Library sizes:
    ctrl_M1 (ctrl): 15393650
    ctrl_M2 (ctrl): 13975265
    ctrl_M3 (ctrl): 14185846
    mut_M1 (mut): 15414803
    mut_M2 (mut): 16952344
    mut_M3 (mut): 15698770

=== Filtering ===
  SKIPPING low-count filtering (per design decision)
  Retaining ALL 1879 stripes for analysis

=== Normalization ===
  Method: TMM
  Normalization factors:
    ctrl_M1: 1.0034
    ctrl_M2: 0.9992
    ctrl_M3: 0.9983
    mut_M1: 0.9979
    mut_M2: 1.0014
    mut_M3: 0.9999

=== Generating MDS Plot ===
  Saved: mds_plot.{pdf,svg,jpg}

=== Dispersion Estimation ===
  Common dispersion: 0.0004
  Common BCV: 0.021
  Tagwise BCV range: 0.011 - 0.408
  Median tagwise BCV: 0.017
  Saved: bcv_plot.{pdf,svg,jpg}

=== Quasi-Likelihood GLM ===
  Saved: ql_dispersion_plot.{pdf,svg,jpg}

=== Differential Testing ===

  Results (FDR < 0.05):
    Significant: 53 / 1879 (2.8%)
    Up in mutant: 33
    Down in mutant: 20

  Exploratory (FDR < 0.10): 162

=== Generating Volcano Plot ===
  Saved: volcano_plot.{pdf,svg,jpg}
  Saved: ma_plot.{pdf,svg,jpg}

=== Saving Outputs ===
  Saved: dge_object.rds
  Saved: fit_object.rds
  Saved: all_results.tsv/rds
  Saved: significant_FDR05.tsv (53 stripes)
  Saved: count_matrix.tsv
  Saved: summary.txt

========================================
Stage 4 complete.
End: 2026-04-20 16:42:06.293565
========================================

edgeR complete. Results: /expanse/lustre/projects/csd940/zalibhai/stripes/stripenn/outputs/250831/res_10kb/04_edgeR/all_results.tsv
End: Mon Apr 20 16:42:06 PDT 2026
===========================================
