===========================================
Fix: reconvert 250402 merged files (KR only)
Start: Mon Apr 20 07:22:24 PDT 2026
===========================================

--- ctrl_merged ---
[2026-04-20 07:22:25.282] [info]: Running hictk v2.1.4-bioconda
[2026-04-20 07:22:25.293] [info]: Converting /expanse/lustre/projects/csd940/zalibhai/stripes/StripeCaller/data/hic/250402/ctrl_merged.hic to /expanse/lustre/projects/csd940/zalibhai/stripes/stripenn/data/cool/250402/ctrl_merged.mcool (hic -> mcool)...
[2026-04-20 07:22:32.320] [info]: [5000] begin processing 5000bp matrix...
[2026-04-20 07:22:37.814] [info]: [5000] processing chr1:22740000-22745000 at 1820830 pixels/s (cache hit rate 0.00%)...
[2026-04-20 07:22:42.514] [info]: [5000] processing chr1:44135000-44140000 at 2127660 pixels/s (cache hit rate 0.00%)...
[2026-04-20 07:22:46.961] [info]: [5000] processing chr1:70880000-70885000 at 2249213 pixels/s (cache hit rate 0.00%)...
[2026-04-20 07:22:50.638] [info]: [5000] processing chr1:93725000-93730000 at 2719608 pixels/s (cache hit rate 0.00%)...
[2026-04-20 07:22:55.004] [info]: [5000] processing chr1:125540000-125545000 at 2289902 pixels/s (cache hit rate 0.00%)...
[2026-04-20 07:22:58.555] [info]: [5000] processing chr1:153985000-153990000 at 2816901 pixels/s (cache hit rate 0.00%)...
[2026-04-20 07:23:01.401] [info]: [5000] processing chr1:183730000-183735000 at 3514938 pixels/s (cache hit rate 0.03%)...
[2026-04-20 07:23:06.700] [info]: [5000] processing chr2:16300000-16305000 at 1887149 pixels/s (cache hit rate 0.00%)...
[2026-04-20 07:23:11.461] [info]: [5000] processing chr2:34810000-34815000 at 2100840 pixels/s (cache hit rate 0.00%)...
[2026-04-20 07:23:16.188] [info]: [5000] processing chr2:59665000-59670000 at 2115954 pixels/s (cache hit rate 0.00%)...
[2026-04-20 07:23:20.582] [info]: [5000] processing chr2:86445000-86450000 at 2276349 pixels/s (cache hit rate 0.00%)...
[2026-04-20 07:23:24.808] [info]: [5000] processing chr2:117075000-117080000 at 2366864 pixels/s (cache hit rate 0.00%)...
[2026-04-20 07:23:28.403] [info]: [5000] processing chr2:145000000-145005000 at 2781641 pixels/s (cache hit rate 0.00%)...
[2026-04-20 07:23:31.322] [info]: [5000] processing chr2:179790000-179795000 at 3427005 pixels/s (cache hit rate 0.08%)...
[2026-04-20 07:23:36.630] [info]: [5000] processing chrX:56105000-56110000 at 1883949 pixels/s (cache hit rate 0.00%)...
[2026-04-20 07:23:41.012] [info]: [5000] processing chrX:112810000-112815000 at 2282063 pixels/s (cache hit rate 0.00%)...
[2026-04-20 07:23:45.537] [info]: [5000] processing chr3:9195000-9200000 at 2210433 pixels/s (cache hit rate 0.00%)...
[2026-04-20 07:23:50.615] [info]: [5000] processing chr3:32670000-32675000 at 1969667 pixels/s (cache hit rate 0.07%)...
[2026-04-20 07:23:55.865] [info]: [5000] processing chr3:57200000-57205000 at 1904762 pixels/s (cache hit rate 0.00%)...
[2026-04-20 07:24:00.916] [info]: [5000] processing chr3:85385000-85390000 at 1979806 pixels/s (cache hit rate 0.06%)...
[2026-04-20 07:24:04.508] [info]: [5000] processing chr3:111440000-111445000 at 2784740 pixels/s (cache hit rate 0.00%)...
[2026-04-20 07:24:08.093] [info]: [5000] processing chr3:151655000-151660000 at 2789400 pixels/s (cache hit rate 0.02%)...
[2026-04-20 07:24:13.224] [info]: [5000] processing chr4:22430000-22435000 at 1948938 pixels/s (cache hit rate 0.00%)...
[2026-04-20 07:24:18.431] [info]: [5000] processing chr4:48325000-48330000 at 1920861 pixels/s (cache hit rate 0.00%)...
[2026-04-20 07:24:23.330] [info]: [5000] processing chr4:79550000-79555000 at 2041233 pixels/s (cache hit rate 0.00%)...
[2026-04-20 07:24:27.308] [info]: [5000] processing chr4:111455000-111460000 at 2513826 pixels/s (cache hit rate 0.00%)...
[2026-04-20 07:24:30.552] [info]: [5000] processing chr4:136680000-136685000 at 3084516 pixels/s (cache hit rate 0.00%)...
[2026-04-20 07:24:35.215] [info]: [5000] processing chr5:12970000-12975000 at 2144542 pixels/s (cache hit rate 0.07%)...
[2026-04-20 07:24:39.881] [info]: [5000] processing chr5:35320000-35325000 at 2143163 pixels/s (cache hit rate 0.00%)...
[2026-04-20 07:24:44.588] [info]: [5000] processing chr5:64150000-64155000 at 2124495 pixels/s (cache hit rate 0.00%)...
[2026-04-20 07:24:48.748] [info]: [5000] processing chr5:99525000-99530000 at 2404424 pixels/s (cache hit rate 0.00%)...
[2026-04-20 07:24:52.458] [info]: [5000] processing chr5:124200000-124205000 at 2695418 pixels/s (cache hit rate 0.00%)...
[2026-04-20 07:24:56.208] [info]: [5000] processing chr6:6440000-6445000 at 2667378 pixels/s (cache hit rate 0.00%)...
[2026-04-20 07:25:01.682] [info]: [5000] processing chr6:30380000-30385000 at 1826818 pixels/s (cache hit rate 0.00%)...
[2026-04-20 07:25:07.271] [info]: [5000] processing chr6:55515000-55520000 at 1789549 pixels/s (cache hit rate 0.00%)...
[2026-04-20 07:25:12.762] [info]: [5000] processing chr6:85675000-85680000 at 1821494 pixels/s (cache hit rate 0.04%)...
[2026-04-20 07:25:16.977] [info]: [5000] processing chr6:116810000-116815000 at 2371917 pixels/s (cache hit rate 0.00%)...
[2026-04-20 07:25:20.997] [info]: [5000] processing chr7:12105000-12110000 at 2488181 pixels/s (cache hit rate 0.00%)...
[2026-04-20 07:25:26.321] [info]: [5000] processing chr7:41030000-41035000 at 1878640 pixels/s (cache hit rate 0.00%)...
[2026-04-20 07:25:31.717] [info]: [5000] processing chr7:66575000-66580000 at 1853225 pixels/s (cache hit rate 0.00%)...
[2026-04-20 07:25:36.041] [info]: [5000] processing chr7:94120000-94125000 at 2312673 pixels/s (cache hit rate 0.00%)...
[2026-04-20 07:25:39.744] [info]: [5000] processing chr7:125875000-125880000 at 2701972 pixels/s (cache hit rate 0.00%)...
[2026-04-20 07:25:44.226] [info]: [5000] processing chr10:12705000-12710000 at 2231645 pixels/s (cache hit rate 0.08%)...
[2026-04-20 07:25:50.483] [info]: [5000] processing chr10:39630000-39635000 at 1598210 pixels/s (cache hit rate 0.00%)...
[2026-04-20 07:25:56.109] [info]: [5000] processing chr10:68100000-68105000 at 1777462 pixels/s (cache hit rate 0.00%)...
[2026-04-20 07:26:00.568] [info]: [5000] processing chr10:102920000-102925000 at 2242655 pixels/s (cache hit rate 0.04%)...
[2026-04-20 07:26:05.155] [info]: [5000] processing chr8:13990000-13995000 at 2180549 pixels/s (cache hit rate 0.00%)...
[2026-04-20 07:26:10.974] [info]: [5000] processing chr8:42640000-42645000 at 1718508 pixels/s (cache hit rate 0.00%)...
[2026-04-20 07:26:16.380] [info]: [5000] processing chr8:78245000-78250000 at 1850139 pixels/s (cache hit rate 0.00%)...
[2026-04-20 07:26:20.623] [info]: [5000] processing chr8:115735000-115740000 at 2357379 pixels/s (cache hit rate 0.04%)...
[2026-04-20 07:26:26.191] [info]: [5000] processing chr14:23265000-23270000 at 1796300 pixels/s (cache hit rate 0.00%)...
[2026-04-20 07:26:32.256] [info]: [5000] processing chr14:53050000-53055000 at 1648805 pixels/s (cache hit rate 0.00%)...
[2026-04-20 07:26:37.074] [info]: [5000] processing chr14:90145000-90150000 at 2075550 pixels/s (cache hit rate 0.00%)...
[2026-04-20 07:26:42.316] [info]: [5000] processing chr9:12090000-12095000 at 1908033 pixels/s (cache hit rate 0.00%)...
[2026-04-20 07:26:49.158] [info]: [5000] processing chr9:35310000-35315000 at 1461775 pixels/s (cache hit rate 0.00%)...
[2026-04-20 07:26:55.068] [info]: [5000] processing chr9:60470000-60475000 at 1692334 pixels/s (cache hit rate 0.00%)...
[2026-04-20 07:27:00.012] [info]: [5000] processing chr9:97145000-97150000 at 2023063 pixels/s (cache hit rate 0.00%)...
[2026-04-20 07:27:04.592] [info]: [5000] processing chr11:11880000-11885000 at 2183883 pixels/s (cache hit rate 0.00%)...
[2026-04-20 07:27:10.602] [info]: [5000] processing chr11:38705000-38710000 at 1663894 pixels/s (cache hit rate 0.00%)...
[2026-04-20 07:27:16.475] [info]: [5000] processing chr11:66580000-66585000 at 1702997 pixels/s (cache hit rate 0.00%)...
[2026-04-20 07:27:21.174] [info]: [5000] processing chr11:101535000-101540000 at 2128565 pixels/s (cache hit rate 0.00%)...
[2026-04-20 07:27:26.617] [info]: [5000] processing chr13:19145000-19150000 at 1837560 pixels/s (cache hit rate 0.00%)...
[2026-04-20 07:27:32.853] [info]: [5000] processing chr13:50215000-50220000 at 1603592 pixels/s (cache hit rate 0.00%)...
[2026-04-20 07:27:37.911] [info]: [5000] processing chr13:95560000-95565000 at 1977066 pixels/s (cache hit rate 0.00%)...
[2026-04-20 07:27:43.298] [info]: [5000] processing chr12:21330000-21335000 at 1856321 pixels/s (cache hit rate 0.00%)...
[2026-04-20 07:27:49.705] [info]: [5000] processing chr12:57320000-57325000 at 1561037 pixels/s (cache hit rate 0.00%)...
[2026-04-20 07:27:54.875] [info]: [5000] processing chr12:100980000-100985000 at 1934236 pixels/s (cache hit rate 0.00%)...
[2026-04-20 07:28:00.806] [info]: [5000] processing chr15:26780000-26785000 at 1686056 pixels/s (cache hit rate 0.00%)...
[2026-04-20 07:28:06.833] [info]: [5000] processing chr15:68035000-68040000 at 1659476 pixels/s (cache hit rate 0.00%)...
[2026-04-20 07:28:12.225] [info]: [5000] processing chr16:12150000-12155000 at 1854943 pixels/s (cache hit rate 0.00%)...
[2026-04-20 07:28:18.830] [info]: [5000] processing chr16:48885000-48890000 at 1514005 pixels/s (cache hit rate 0.00%)...
[2026-04-20 07:28:24.592] [info]: [5000] processing chr17:10420000-10425000 at 1735810 pixels/s (cache hit rate 0.00%)...
[2026-04-20 07:28:31.666] [info]: [5000] processing chr17:52000000-52005000 at 1413627 pixels/s (cache hit rate 0.00%)...
[2026-04-20 07:28:37.921] [info]: [5000] processing chr18:10880000-10885000 at 1598721 pixels/s (cache hit rate 0.00%)...
[2026-04-20 07:28:45.586] [info]: [5000] processing chr18:52795000-52800000 at 1304802 pixels/s (cache hit rate 0.00%)...
[2026-04-20 07:28:53.307] [info]: [5000] processing chr19:23420000-23425000 at 1295001 pixels/s (cache hit rate 0.00%)...
[2026-04-20 07:28:57.452] [warning]: [5000] KR normalization vector is missing. SKIPPING!
[2026-04-20 07:28:58.429] [info]: [5000] DONE! Processed 765495610 pixels across 21 chromosomes in 386.11s
[2026-04-20 07:28:58.769] [info]: [10000] begin processing 10000bp matrix...
[2026-04-20 07:29:02.059] [info]: [10000] processing chr1:26470000-26480000 at 3039514 pixels/s (cache hit rate 35.67%)...
[2026-04-20 07:29:04.971] [info]: [10000] processing chr1:53910000-53920000 at 3435246 pixels/s (cache hit rate 35.87%)...
[2026-04-20 07:29:07.735] [info]: [10000] processing chr1:84010000-84020000 at 3619254 pixels/s (cache hit rate 35.59%)...
[2026-04-20 07:29:10.705] [info]: [10000] processing chr1:118010000-118020000 at 3367003 pixels/s (cache hit rate 28.20%)...
[2026-04-20 07:29:13.482] [info]: [10000] processing chr1:152320000-152330000 at 3602305 pixels/s (cache hit rate 28.24%)...
[2026-04-20 07:29:16.387] [info]: [10000] processing chr1:189820000-189830000 at 3443526 pixels/s (cache hit rate 14.09%)...
[2026-04-20 07:29:19.880] [info]: [10000] processing chr2:22890000-22900000 at 2863688 pixels/s (cache hit rate 35.02%)...
[2026-04-20 07:29:22.796] [info]: [10000] processing chr2:46140000-46150000 at 3430532 pixels/s (cache hit rate 44.52%)...
[2026-04-20 07:29:25.601] [info]: [10000] processing chr2:76570000-76580000 at 3566334 pixels/s (cache hit rate 39.48%)...
[2026-04-20 07:29:28.312] [info]: [10000] processing chr2:112940000-112950000 at 3690037 pixels/s (cache hit rate 30.85%)...
[2026-04-20 07:29:31.136] [info]: [10000] processing chr2:148740000-148750000 at 3541076 pixels/s (cache hit rate 24.11%)...
[2026-04-20 07:29:34.185] [info]: [10000] processing chrX:14030000-14040000 at 3279764 pixels/s (cache hit rate 36.02%)...
[2026-04-20 07:29:36.827] [info]: [10000] processing chrX:81910000-81920000 at 3786445 pixels/s (cache hit rate 41.10%)...
[2026-04-20 07:29:39.540] [info]: [10000] processing chrX:164410000-164420000 at 3687316 pixels/s (cache hit rate 25.11%)...
[2026-04-20 07:29:43.042] [info]: [10000] processing chr3:29300000-29310000 at 2856327 pixels/s (cache hit rate 38.76%)...
[2026-04-20 07:29:45.770] [info]: [10000] processing chr3:57790000-57800000 at 3665689 pixels/s (cache hit rate 43.38%)...
[2026-04-20 07:29:48.508] [info]: [10000] processing chr3:90230000-90240000 at 3653635 pixels/s (cache hit rate 40.88%)...
[2026-04-20 07:29:51.392] [info]: [10000] processing chr3:127400000-127410000 at 3467406 pixels/s (cache hit rate 30.00%)...
[2026-04-20 07:29:54.881] [info]: [10000] processing chr4:13810000-13820000 at 2866972 pixels/s (cache hit rate 39.21%)...
[2026-04-20 07:29:57.677] [info]: [10000] processing chr4:45620000-45630000 at 3577818 pixels/s (cache hit rate 49.29%)...
[2026-04-20 07:30:00.618] [info]: [10000] processing chr4:82900000-82910000 at 3401361 pixels/s (cache hit rate 40.66%)...
[2026-04-20 07:30:03.507] [info]: [10000] processing chr4:120580000-120590000 at 3461405 pixels/s (cache hit rate 33.11%)...
[2026-04-20 07:30:06.476] [info]: [10000] processing chr4:153620000-153630000 at 3368137 pixels/s (cache hit rate 21.32%)...
[2026-04-20 07:30:09.928] [info]: [10000] processing chr5:28940000-28950000 at 2896871 pixels/s (cache hit rate 43.37%)...
[2026-04-20 07:30:12.564] [info]: [10000] processing chr5:60580000-60590000 at 3795066 pixels/s (cache hit rate 49.73%)...
[2026-04-20 07:30:15.400] [info]: [10000] processing chr5:102600000-102610000 at 3527337 pixels/s (cache hit rate 42.00%)...
[2026-04-20 07:30:18.500] [info]: [10000] processing chr5:134170000-134180000 at 3225806 pixels/s (cache hit rate 24.82%)...
[2026-04-20 07:30:21.448] [info]: [10000] processing chr6:19530000-19540000 at 3393281 pixels/s (cache hit rate 52.89%)...
[2026-04-20 07:30:24.289] [info]: [10000] processing chr6:49180000-49190000 at 3521127 pixels/s (cache hit rate 51.90%)...
[2026-04-20 07:30:27.129] [info]: [10000] processing chr6:85200000-85210000 at 3521127 pixels/s (cache hit rate 42.87%)...
[2026-04-20 07:30:30.023] [info]: [10000] processing chr6:124830000-124840000 at 3457815 pixels/s (cache hit rate 35.99%)...
[2026-04-20 07:30:33.412] [info]: [10000] processing chr7:26920000-26930000 at 2950723 pixels/s (cache hit rate 52.81%)...
[2026-04-20 07:30:36.418] [info]: [10000] processing chr7:58220000-58230000 at 3327787 pixels/s (cache hit rate 47.90%)...
[2026-04-20 07:30:39.188] [info]: [10000] processing chr7:91150000-91160000 at 3610108 pixels/s (cache hit rate 48.50%)...
[2026-04-20 07:30:42.081] [info]: [10000] processing chr7:130700000-130710000 at 3457815 pixels/s (cache hit rate 35.27%)...
[2026-04-20 07:30:45.283] [info]: [10000] processing chr10:23050000-23060000 at 3123048 pixels/s (cache hit rate 52.28%)...
[2026-04-20 07:30:48.185] [info]: [10000] processing chr10:57390000-57400000 at 3447087 pixels/s (cache hit rate 51.78%)...
[2026-04-20 07:30:51.075] [info]: [10000] processing chr10:96330000-96340000 at 3460208 pixels/s (cache hit rate 46.15%)...
[2026-04-20 07:30:54.263] [info]: [10000] processing chr8:17000000-17010000 at 3137747 pixels/s (cache hit rate 58.10%)...
[2026-04-20 07:30:57.163] [info]: [10000] processing chr8:55520000-55530000 at 3448276 pixels/s (cache hit rate 57.77%)...
[2026-04-20 07:31:00.176] [info]: [10000] processing chr8:99780000-99790000 at 3320053 pixels/s (cache hit rate 46.15%)...
[2026-04-20 07:31:03.380] [info]: [10000] processing chr14:20400000-20410000 at 3121099 pixels/s (cache hit rate 56.04%)...
[2026-04-20 07:31:06.036] [info]: [10000] processing chr14:55880000-55890000 at 3766478 pixels/s (cache hit rate 64.78%)...
[2026-04-20 07:31:08.917] [info]: [10000] processing chr14:110470000-110480000 at 3471017 pixels/s (cache hit rate 47.18%)...
[2026-04-20 07:31:12.037] [info]: [10000] processing chr9:26630000-26640000 at 3205128 pixels/s (cache hit rate 64.77%)...
[2026-04-20 07:31:14.916] [info]: [10000] processing chr9:57300000-57310000 at 3474635 pixels/s (cache hit rate 63.30%)...
[2026-04-20 07:31:17.902] [info]: [10000] processing chr9:103220000-103230000 at 3347841 pixels/s (cache hit rate 51.37%)...
[2026-04-20 07:31:21.067] [info]: [10000] processing chr11:23160000-23170000 at 3160556 pixels/s (cache hit rate 64.71%)...
[2026-04-20 07:31:23.976] [info]: [10000] processing chr11:58260000-58270000 at 3437607 pixels/s (cache hit rate 63.20%)...
[2026-04-20 07:31:27.151] [info]: [10000] processing chr11:103370000-103380000 at 3150599 pixels/s (cache hit rate 59.17%)...
[2026-04-20 07:31:30.337] [info]: [10000] processing chr13:28600000-28610000 at 3138732 pixels/s (cache hit rate 66.56%)...
[2026-04-20 07:31:33.368] [info]: [10000] processing chr13:75540000-75550000 at 3300330 pixels/s (cache hit rate 66.37%)...
[2026-04-20 07:31:36.341] [info]: [10000] processing chr12:17250000-17260000 at 3364738 pixels/s (cache hit rate 73.64%)...
[2026-04-20 07:31:39.289] [info]: [10000] processing chr12:65990000-66000000 at 3393281 pixels/s (cache hit rate 69.66%)...
[2026-04-20 07:31:42.395] [info]: [10000] processing chr15:10660000-10670000 at 3220612 pixels/s (cache hit rate 69.46%)...
[2026-04-20 07:31:45.165] [info]: [10000] processing chr15:63650000-63660000 at 3611412 pixels/s (cache hit rate 78.58%)...
[2026-04-20 07:31:48.289] [info]: [10000] processing chr16:20100000-20110000 at 3202049 pixels/s (cache hit rate 76.97%)...
[2026-04-20 07:31:51.222] [info]: [10000] processing chr16:86740000-86750000 at 3409478 pixels/s (cache hit rate 80.14%)...
[2026-04-20 07:31:54.332] [info]: [10000] processing chr17:53550000-53560000 at 3215434 pixels/s (cache hit rate 85.06%)...
[2026-04-20 07:31:57.382] [info]: [10000] processing chr18:26400000-26410000 at 3279764 pixels/s (cache hit rate 94.01%)...
[2026-04-20 07:32:00.701] [info]: [10000] processing chr19:19220000-19230000 at 3012956 pixels/s (cache hit rate 97.75%)...
[2026-04-20 07:32:02.086] [warning]: [10000] KR normalization vector is missing. SKIPPING!
[2026-04-20 07:32:03.287] [info]: [10000] DONE! Processed 613946984 pixels across 21 chromosomes in 184.52s
[2026-04-20 07:32:03.298] [info]: DONE! Processed 2 resolution(s) in 578.00s!
[2026-04-20 07:32:03.301] [info]: /expanse/lustre/projects/csd940/zalibhai/stripes/StripeCaller/data/hic/250402/ctrl_merged.hic size: 6754.82 MB
[2026-04-20 07:32:03.301] [info]: /expanse/lustre/projects/csd940/zalibhai/stripes/stripenn/data/cool/250402/ctrl_merged.mcool size: 1860.98 MB
[2026-04-20 07:32:03.825] [warning]: replaying the last 2 warning message(s)
[2026-04-20 07:32:03.825] [warning]: [5000] KR normalization vector is missing. SKIPPING!
[2026-04-20 07:32:03.825] [warning]: [10000] KR normalization vector is missing. SKIPPING!
Verifying:
{
    "bin-type": "fixed",
    "format": "HDF5::MCOOL",
    "format-version": 2,
    "resolutions": [
        5000,
        10000
    ]
}

--- mut_merged ---
[2026-04-20 07:32:04.880] [info]: Running hictk v2.1.4-bioconda
[2026-04-20 07:32:04.882] [info]: Converting /expanse/lustre/projects/csd940/zalibhai/stripes/StripeCaller/data/hic/250402/mut_merged.hic to /expanse/lustre/projects/csd940/zalibhai/stripes/stripenn/data/cool/250402/mut_merged.mcool (hic -> mcool)...
[2026-04-20 07:32:12.178] [info]: [5000] begin processing 5000bp matrix...
[2026-04-20 07:32:17.471] [info]: [5000] processing chr1:24345000-24350000 at 1890002 pixels/s (cache hit rate 0.00%)...
[2026-04-20 07:32:22.267] [info]: [5000] processing chr1:48730000-48735000 at 2085506 pixels/s (cache hit rate 0.00%)...
[2026-04-20 07:32:26.488] [info]: [5000] processing chr1:75915000-75920000 at 2368546 pixels/s (cache hit rate 0.00%)...
[2026-04-20 07:32:30.498] [info]: [5000] processing chr1:104585000-104590000 at 2493766 pixels/s (cache hit rate 0.00%)...
[2026-04-20 07:32:35.042] [info]: [5000] processing chr1:134305000-134310000 at 2201189 pixels/s (cache hit rate 0.00%)...
[2026-04-20 07:32:38.417] [info]: [5000] processing chr1:166545000-166550000 at 2962963 pixels/s (cache hit rate 0.02%)...
[2026-04-20 07:32:42.563] [info]: [5000] processing chr2:6670000-6675000 at 2412545 pixels/s (cache hit rate 0.00%)...
[2026-04-20 07:32:47.343] [info]: [5000] processing chr2:27630000-27635000 at 2092488 pixels/s (cache hit rate 0.00%)...
[2026-04-20 07:32:52.146] [info]: [5000] processing chr2:51245000-51250000 at 2082899 pixels/s (cache hit rate 0.00%)...
[2026-04-20 07:32:56.807] [info]: [5000] processing chr2:78800000-78805000 at 2145923 pixels/s (cache hit rate 0.00%)...
[2026-04-20 07:33:01.160] [info]: [5000] processing chr2:111375000-111380000 at 2297266 pixels/s (cache hit rate 0.00%)...
[2026-04-20 07:33:05.073] [info]: [5000] processing chr2:140990000-140995000 at 2555584 pixels/s (cache hit rate 0.00%)...
[2026-04-20 07:33:08.017] [info]: [5000] processing chr2:177200000-177205000 at 3397893 pixels/s (cache hit rate 0.00%)...
[2026-04-20 07:33:13.213] [info]: [5000] processing chrX:56660000-56665000 at 1924928 pixels/s (cache hit rate 0.00%)...
[2026-04-20 07:33:17.575] [info]: [5000] processing chrX:120170000-120175000 at 2292526 pixels/s (cache hit rate 0.00%)...
[2026-04-20 07:33:22.468] [info]: [5000] processing chr3:12515000-12520000 at 2043736 pixels/s (cache hit rate 0.00%)...
[2026-04-20 07:33:27.672] [info]: [5000] processing chr3:37420000-37425000 at 1921968 pixels/s (cache hit rate 0.07%)...
[2026-04-20 07:33:33.191] [info]: [5000] processing chr3:65500000-65505000 at 1812251 pixels/s (cache hit rate 0.00%)...
[2026-04-20 07:33:37.911] [info]: [5000] processing chr3:94840000-94845000 at 2118195 pixels/s (cache hit rate 0.06%)...
[2026-04-20 07:33:41.749] [info]: [5000] processing chr3:127500000-127505000 at 2605524 pixels/s (cache hit rate 0.00%)...
[2026-04-20 07:33:46.309] [info]: [5000] processing chr4:9795000-9800000 at 2193463 pixels/s (cache hit rate 0.00%)...
[2026-04-20 07:33:51.618] [info]: [5000] processing chr4:37575000-37580000 at 1883594 pixels/s (cache hit rate 0.00%)...
[2026-04-20 07:33:56.574] [info]: [5000] processing chr4:66165000-66170000 at 2017756 pixels/s (cache hit rate 0.00%)...
[2026-04-20 07:34:01.159] [info]: [5000] processing chr4:102955000-102960000 at 2181977 pixels/s (cache hit rate 0.00%)...
[2026-04-20 07:34:04.466] [info]: [5000] processing chr4:131925000-131930000 at 3023889 pixels/s (cache hit rate 0.00%)...
[2026-04-20 07:34:08.372] [info]: [5000] processing chr5:8785000-8790000 at 2560819 pixels/s (cache hit rate 0.10%)...
[2026-04-20 07:34:13.441] [info]: [5000] processing chr5:34545000-34550000 at 1972776 pixels/s (cache hit rate 0.00%)...
[2026-04-20 07:34:18.164] [info]: [5000] processing chr5:66115000-66120000 at 2117747 pixels/s (cache hit rate 0.00%)...
[2026-04-20 07:34:22.571] [info]: [5000] processing chr5:103850000-103855000 at 2269632 pixels/s (cache hit rate 0.00%)...
[2026-04-20 07:34:25.946] [info]: [5000] processing chr5:131565000-131570000 at 2962963 pixels/s (cache hit rate 0.00%)...
[2026-04-20 07:34:30.425] [info]: [5000] processing chr6:14235000-14240000 at 2232641 pixels/s (cache hit rate 0.00%)...
[2026-04-20 07:34:35.969] [info]: [5000] processing chr6:40040000-40045000 at 1803752 pixels/s (cache hit rate 0.00%)...
[2026-04-20 07:34:41.681] [info]: [5000] processing chr6:70850000-70855000 at 1751007 pixels/s (cache hit rate 0.04%)...
[2026-04-20 07:34:46.361] [info]: [5000] processing chr6:100795000-100800000 at 2137209 pixels/s (cache hit rate 0.00%)...
[2026-04-20 07:34:50.048] [info]: [5000] processing chr6:143965000-143970000 at 2712232 pixels/s (cache hit rate 0.00%)...
[2026-04-20 07:34:55.826] [info]: [5000] processing chr7:34165000-34170000 at 1730703 pixels/s (cache hit rate 0.00%)...
[2026-04-20 07:35:01.196] [info]: [5000] processing chr7:62925000-62930000 at 1862544 pixels/s (cache hit rate 0.00%)...
[2026-04-20 07:35:05.575] [info]: [5000] processing chr7:92090000-92095000 at 2283626 pixels/s (cache hit rate 0.00%)...
[2026-04-20 07:35:09.320] [info]: [5000] processing chr7:127400000-127405000 at 2670227 pixels/s (cache hit rate 0.00%)...
[2026-04-20 07:35:13.769] [info]: [5000] processing chr10:15695000-15700000 at 2248201 pixels/s (cache hit rate 0.06%)...
[2026-04-20 07:35:20.110] [info]: [5000] processing chr10:43975000-43980000 at 1577038 pixels/s (cache hit rate 0.00%)...
[2026-04-20 07:35:25.489] [info]: [5000] processing chr10:75630000-75635000 at 1859427 pixels/s (cache hit rate 0.00%)...
[2026-04-20 07:35:29.690] [info]: [5000] processing chr10:118810000-118815000 at 2380386 pixels/s (cache hit rate 0.03%)...
[2026-04-20 07:35:35.138] [info]: [5000] processing chr8:25145000-25150000 at 1835873 pixels/s (cache hit rate 0.00%)...
[2026-04-20 07:35:40.964] [info]: [5000] processing chr8:62470000-62475000 at 1716738 pixels/s (cache hit rate 0.00%)...
[2026-04-20 07:35:45.553] [info]: [5000] processing chr8:99340000-99345000 at 2179124 pixels/s (cache hit rate 0.00%)...
[2026-04-20 07:35:50.763] [info]: [5000] processing chr14:15345000-15350000 at 1919386 pixels/s (cache hit rate 0.00%)...
[2026-04-20 07:35:56.988] [info]: [5000] processing chr14:46370000-46375000 at 1606684 pixels/s (cache hit rate 0.00%)...
[2026-04-20 07:36:01.910] [info]: [5000] processing chr14:83535000-83540000 at 2031282 pixels/s (cache hit rate 0.00%)...
[2026-04-20 07:36:07.036] [info]: [5000] processing chr9:9940000-9945000 at 1950839 pixels/s (cache hit rate 0.00%)...
[2026-04-20 07:36:13.937] [info]: [5000] processing chr9:35810000-35815000 at 1449065 pixels/s (cache hit rate 0.00%)...
[2026-04-20 07:36:19.558] [info]: [5000] processing chr9:64305000-64310000 at 1779359 pixels/s (cache hit rate 0.00%)...
[2026-04-20 07:36:24.466] [info]: [5000] processing chr9:104590000-104595000 at 2037905 pixels/s (cache hit rate 0.00%)...
[2026-04-20 07:36:29.733] [info]: [5000] processing chr11:19615000-19620000 at 1898975 pixels/s (cache hit rate 0.00%)...
[2026-04-20 07:36:36.171] [info]: [5000] processing chr11:49985000-49990000 at 1553519 pixels/s (cache hit rate 0.00%)...
[2026-04-20 07:36:41.420] [info]: [5000] processing chr11:81045000-81050000 at 1905125 pixels/s (cache hit rate 0.00%)...
[2026-04-20 07:36:51.115] [info]: [5000] processing chr13:8025000-8030000 at 1031566 pixels/s (cache hit rate 0.00%)...
[2026-04-20 07:36:57.644] [info]: [5000] processing chr13:37865000-37870000 at 1531628 pixels/s (cache hit rate 0.00%)...
[2026-04-20 07:37:02.972] [info]: [5000] processing chr13:80695000-80700000 at 1876877 pixels/s (cache hit rate 0.00%)...
[2026-04-20 07:37:08.052] [info]: [5000] processing chr12:13495000-13500000 at 1968892 pixels/s (cache hit rate 0.00%)...
[2026-04-20 07:37:14.720] [info]: [5000] processing chr12:51405000-51410000 at 1499700 pixels/s (cache hit rate 0.00%)...
[2026-04-20 07:37:20.095] [info]: [5000] processing chr12:95610000-95615000 at 1860465 pixels/s (cache hit rate 0.00%)...
[2026-04-20 07:37:26.083] [info]: [5000] processing chr15:25915000-25920000 at 1670007 pixels/s (cache hit rate 0.00%)...
[2026-04-20 07:37:32.288] [info]: [5000] processing chr15:69415000-69420000 at 1611863 pixels/s (cache hit rate 0.00%)...
[2026-04-20 07:37:37.946] [info]: [5000] processing chr16:16045000-16050000 at 1767721 pixels/s (cache hit rate 0.00%)...
[2026-04-20 07:37:44.743] [info]: [5000] processing chr16:58985000-58990000 at 1471454 pixels/s (cache hit rate 0.00%)...
[2026-04-20 07:37:50.905] [info]: [5000] processing chr17:20865000-20870000 at 1622850 pixels/s (cache hit rate 0.00%)...
[2026-04-20 07:37:57.761] [info]: [5000] processing chr17:69750000-69755000 at 1458576 pixels/s (cache hit rate 0.00%)...
[2026-04-20 07:38:04.883] [info]: [5000] processing chr18:26310000-26315000 at 1404297 pixels/s (cache hit rate 0.00%)...
[2026-04-20 07:38:11.817] [info]: [5000] processing chr18:85210000-85215000 at 1442377 pixels/s (cache hit rate 0.00%)...
[2026-04-20 07:38:20.253] [warning]: [5000] KR normalization vector is missing. SKIPPING!
[2026-04-20 07:38:21.577] [info]: [5000] DONE! Processed 709742764 pixels across 21 chromosomes in 369.40s
[2026-04-20 07:38:22.033] [info]: [10000] begin processing 10000bp matrix...
[2026-04-20 07:38:25.220] [info]: [10000] processing chr1:29130000-29140000 at 3139717 pixels/s (cache hit rate 37.39%)...
[2026-04-20 07:38:28.028] [info]: [10000] processing chr1:58340000-58350000 at 3562522 pixels/s (cache hit rate 37.09%)...
[2026-04-20 07:38:31.011] [info]: [10000] processing chr1:89390000-89400000 at 3352330 pixels/s (cache hit rate 30.43%)...
[2026-04-20 07:38:33.915] [info]: [10000] processing chr1:127410000-127420000 at 3444712 pixels/s (cache hit rate 29.07%)...
[2026-04-20 07:38:36.427] [info]: [10000] processing chr1:163640000-163650000 at 3980892 pixels/s (cache hit rate 26.09%)...
[2026-04-20 07:38:39.987] [info]: [10000] processing chr2:9170000-9180000 at 2809778 pixels/s (cache hit rate 36.30%)...
[2026-04-20 07:38:42.900] [info]: [10000] processing chr2:33140000-33150000 at 3434066 pixels/s (cache hit rate 37.81%)...
[2026-04-20 07:38:45.656] [info]: [10000] processing chr2:64580000-64590000 at 3629764 pixels/s (cache hit rate 40.87%)...
[2026-04-20 07:38:48.527] [info]: [10000] processing chr2:99410000-99420000 at 3483107 pixels/s (cache hit rate 33.03%)...
[2026-04-20 07:38:51.330] [info]: [10000] processing chr2:136460000-136470000 at 3568879 pixels/s (cache hit rate 27.12%)...
[2026-04-20 07:38:54.089] [info]: [10000] processing chr2:181050000-181060000 at 3624502 pixels/s (cache hit rate 17.61%)...
[2026-04-20 07:38:57.117] [info]: [10000] processing chrX:69530000-69540000 at 3303601 pixels/s (cache hit rate 39.85%)...
[2026-04-20 07:38:59.811] [info]: [10000] processing chrX:156000000-156010000 at 3713331 pixels/s (cache hit rate 29.34%)...
[2026-04-20 07:39:03.078] [info]: [10000] processing chr3:28270000-28280000 at 3060912 pixels/s (cache hit rate 37.58%)...
[2026-04-20 07:39:05.764] [info]: [10000] processing chr3:58750000-58760000 at 3724395 pixels/s (cache hit rate 45.33%)...
[2026-04-20 07:39:08.797] [info]: [10000] processing chr3:94310000-94320000 at 3297066 pixels/s (cache hit rate 35.95%)...
[2026-04-20 07:39:11.508] [info]: [10000] processing chr3:136130000-136140000 at 3688676 pixels/s (cache hit rate 30.67%)...
[2026-04-20 07:39:16.416] [info]: [10000] processing chr4:20700000-20710000 at 2037905 pixels/s (cache hit rate 39.67%)...
[2026-04-20 07:39:19.124] [info]: [10000] processing chr4:54230000-54240000 at 3692762 pixels/s (cache hit rate 49.88%)...
[2026-04-20 07:39:22.280] [info]: [10000] processing chr4:98110000-98120000 at 3169572 pixels/s (cache hit rate 37.12%)...
[2026-04-20 07:39:24.958] [info]: [10000] processing chr4:133220000-133230000 at 3735525 pixels/s (cache hit rate 33.00%)...
[2026-04-20 07:39:28.174] [info]: [10000] processing chr5:15850000-15860000 at 3108486 pixels/s (cache hit rate 44.54%)...
[2026-04-20 07:39:30.992] [info]: [10000] processing chr5:46220000-46230000 at 3549876 pixels/s (cache hit rate 50.82%)...
[2026-04-20 07:39:33.864] [info]: [10000] processing chr5:91230000-91240000 at 3483107 pixels/s (cache hit rate 41.45%)...
[2026-04-20 07:39:36.865] [info]: [10000] processing chr5:127020000-127030000 at 3332223 pixels/s (cache hit rate 30.66%)...
[2026-04-20 07:39:40.098] [info]: [10000] processing chr6:15860000-15870000 at 3093102 pixels/s (cache hit rate 47.52%)...
[2026-04-20 07:39:42.828] [info]: [10000] processing chr6:47570000-47580000 at 3663004 pixels/s (cache hit rate 54.00%)...
[2026-04-20 07:39:45.724] [info]: [10000] processing chr6:85320000-85330000 at 3454231 pixels/s (cache hit rate 44.20%)...
[2026-04-20 07:39:48.667] [info]: [10000] processing chr6:127960000-127970000 at 3399048 pixels/s (cache hit rate 37.19%)...
[2026-04-20 07:39:51.899] [info]: [10000] processing chr7:31260000-31270000 at 3095017 pixels/s (cache hit rate 49.56%)...
[2026-04-20 07:39:54.794] [info]: [10000] processing chr7:66420000-66430000 at 3455425 pixels/s (cache hit rate 56.45%)...
[2026-04-20 07:39:57.930] [info]: [10000] processing chr7:107290000-107300000 at 3188776 pixels/s (cache hit rate 38.28%)...
[2026-04-20 07:40:00.995] [info]: [10000] processing chr10:5730000-5740000 at 3263708 pixels/s (cache hit rate 42.34%)...
[2026-04-20 07:40:03.866] [info]: [10000] processing chr10:39360000-39370000 at 3483107 pixels/s (cache hit rate 55.08%)...
[2026-04-20 07:40:06.832] [info]: [10000] processing chr10:77570000-77580000 at 3372681 pixels/s (cache hit rate 50.09%)...
[2026-04-20 07:40:10.099] [info]: [10000] processing chr8:6790000-6800000 at 3060912 pixels/s (cache hit rate 49.82%)...
[2026-04-20 07:40:12.997] [info]: [10000] processing chr8:43940000-43950000 at 3450656 pixels/s (cache hit rate 59.29%)...
[2026-04-20 07:40:15.958] [info]: [10000] processing chr8:90670000-90680000 at 3378378 pixels/s (cache hit rate 50.32%)...
[2026-04-20 07:40:19.123] [info]: [10000] processing chr14:16790000-16800000 at 3159558 pixels/s (cache hit rate 60.33%)...
[2026-04-20 07:40:21.916] [info]: [10000] processing chr14:54940000-54950000 at 3580380 pixels/s (cache hit rate 60.81%)...
[2026-04-20 07:40:24.882] [info]: [10000] processing chr14:113610000-113620000 at 3372681 pixels/s (cache hit rate 48.04%)...
[2026-04-20 07:40:28.250] [info]: [10000] processing chr9:30390000-30400000 at 2969121 pixels/s (cache hit rate 61.32%)...
[2026-04-20 07:40:31.205] [info]: [10000] processing chr9:65630000-65640000 at 3385240 pixels/s (cache hit rate 65.41%)...
[2026-04-20 07:40:34.163] [info]: [10000] processing chr9:121380000-121390000 at 3380663 pixels/s (cache hit rate 44.33%)...
[2026-04-20 07:40:37.232] [info]: [10000] processing chr11:35840000-35850000 at 3259452 pixels/s (cache hit rate 67.08%)...
[2026-04-20 07:40:40.355] [info]: [10000] processing chr11:76090000-76100000 at 3201024 pixels/s (cache hit rate 58.35%)...
[2026-04-20 07:40:43.482] [info]: [10000] processing chr13:12570000-12580000 at 3198976 pixels/s (cache hit rate 62.86%)...
[2026-04-20 07:40:46.575] [info]: [10000] processing chr13:53360000-53370000 at 3234153 pixels/s (cache hit rate 71.87%)...
[2026-04-20 07:40:49.762] [info]: [10000] processing chr12:6060000-6070000 at 3137747 pixels/s (cache hit rate 61.93%)...
[2026-04-20 07:40:52.672] [info]: [10000] processing chr12:51980000-51990000 at 3437607 pixels/s (cache hit rate 74.32%)...
[2026-04-20 07:40:56.010] [info]: [10000] processing chr15:3630000-3640000 at 2995806 pixels/s (cache hit rate 54.41%)...
[2026-04-20 07:40:58.753] [info]: [10000] processing chr15:55510000-55520000 at 3646973 pixels/s (cache hit rate 79.62%)...
[2026-04-20 07:41:01.977] [info]: [10000] processing chr16:18230000-18240000 at 3103662 pixels/s (cache hit rate 81.20%)...
[2026-04-20 07:41:05.042] [info]: [10000] processing chr16:89080000-89090000 at 3262643 pixels/s (cache hit rate 76.20%)...
[2026-04-20 07:41:08.160] [info]: [10000] processing chr17:60020000-60030000 at 3208213 pixels/s (cache hit rate 84.21%)...
[2026-04-20 07:41:11.311] [info]: [10000] processing chr18:35610000-35620000 at 3173596 pixels/s (cache hit rate 94.33%)...
[2026-04-20 07:41:14.623] [info]: [10000] processing chr19:34930000-34940000 at 3020236 pixels/s (cache hit rate 98.24%)...
[2026-04-20 07:41:15.304] [warning]: [10000] KR normalization vector is missing. SKIPPING!
[2026-04-20 07:41:16.515] [info]: [10000] DONE! Processed 571784610 pixels across 21 chromosomes in 174.48s
[2026-04-20 07:41:16.523] [info]: DONE! Processed 2 resolution(s) in 551.64s!
[2026-04-20 07:41:16.523] [info]: /expanse/lustre/projects/csd940/zalibhai/stripes/StripeCaller/data/hic/250402/mut_merged.hic size: 6329.18 MB
[2026-04-20 07:41:16.523] [info]: /expanse/lustre/projects/csd940/zalibhai/stripes/stripenn/data/cool/250402/mut_merged.mcool size: 1737.63 MB
[2026-04-20 07:41:17.019] [warning]: replaying the last 2 warning message(s)
[2026-04-20 07:41:17.019] [warning]: [5000] KR normalization vector is missing. SKIPPING!
[2026-04-20 07:41:17.019] [warning]: [10000] KR normalization vector is missing. SKIPPING!
Verifying:
{
    "bin-type": "fixed",
    "format": "HDF5::MCOOL",
    "format-version": 2,
    "resolutions": [
        5000,
        10000
    ]
}

Both files reconverted successfully.
End: Mon Apr 20 07:41:17 PDT 2026
===========================================
