===========================================
Fix: reconvert 250402 merged files (KR only)
Start: Mon Apr 20 05:16:25 PDT 2026
===========================================

--- ctrl_merged ---
Removing incomplete mcool: /expanse/lustre/projects/csd940/zalibhai/stripes/stripenn/data/cool/250402/ctrl_merged.mcool
[2026-04-20 05:16:25.581] [info]: Running hictk v2.1.4-bioconda
[2026-04-20 05:16:25.583] [info]: Converting /expanse/lustre/projects/csd940/zalibhai/stripes/StripeCaller/data/hic/250402/ctrl_merged.hic to /expanse/lustre/projects/csd940/zalibhai/stripes/stripenn/data/cool/250402/ctrl_merged.mcool (hic -> mcool)...
[2026-04-20 05:16:28.592] [info]: [5000] begin processing 5000bp matrix...
[2026-04-20 05:16:34.777] [info]: [5000] processing chr1:22740000-22745000 at 1617861 pixels/s (cache hit rate 0.00%)...
[2026-04-20 05:16:40.076] [info]: [5000] processing chr1:44135000-44140000 at 1887505 pixels/s (cache hit rate 0.00%)...
[2026-04-20 05:16:45.513] [info]: [5000] processing chr1:70880000-70885000 at 1839250 pixels/s (cache hit rate 0.00%)...
[2026-04-20 05:16:49.706] [info]: [5000] processing chr1:93725000-93730000 at 2385496 pixels/s (cache hit rate 0.00%)...
[2026-04-20 05:16:54.679] [info]: [5000] processing chr1:125540000-125545000 at 2010859 pixels/s (cache hit rate 0.00%)...
[2026-04-20 05:16:58.812] [info]: [5000] processing chr1:153985000-153990000 at 2420136 pixels/s (cache hit rate 0.00%)...
[2026-04-20 05:17:02.033] [info]: [5000] processing chr1:183730000-183735000 at 3104626 pixels/s (cache hit rate 0.03%)...
[2026-04-20 05:17:07.327] [info]: [5000] processing chr2:16300000-16305000 at 1889288 pixels/s (cache hit rate 0.00%)...
[2026-04-20 05:17:12.655] [info]: [5000] processing chr2:34810000-34815000 at 1877229 pixels/s (cache hit rate 0.00%)...
[2026-04-20 05:17:18.085] [info]: [5000] processing chr2:59665000-59670000 at 1841960 pixels/s (cache hit rate 0.00%)...
[2026-04-20 05:17:23.076] [info]: [5000] processing chr2:86445000-86450000 at 2003606 pixels/s (cache hit rate 0.00%)...
[2026-04-20 05:17:27.939] [info]: [5000] processing chr2:117075000-117080000 at 2056767 pixels/s (cache hit rate 0.00%)...
[2026-04-20 05:17:32.030] [info]: [5000] processing chr2:145000000-145005000 at 2444390 pixels/s (cache hit rate 0.00%)...
[2026-04-20 05:17:35.452] [info]: [5000] processing chr2:179790000-179795000 at 2923122 pixels/s (cache hit rate 0.08%)...
[2026-04-20 05:17:40.720] [info]: [5000] processing chrX:56105000-56110000 at 1898254 pixels/s (cache hit rate 0.00%)...
[2026-04-20 05:17:45.925] [info]: [5000] processing chrX:112810000-112815000 at 1921599 pixels/s (cache hit rate 0.00%)...
[2026-04-20 05:17:50.605] [info]: [5000] processing chr3:9195000-9200000 at 2136752 pixels/s (cache hit rate 0.00%)...
[2026-04-20 05:17:56.490] [info]: [5000] processing chr3:32670000-32675000 at 1699524 pixels/s (cache hit rate 0.07%)...
[2026-04-20 05:18:02.558] [info]: [5000] processing chr3:57200000-57205000 at 1648261 pixels/s (cache hit rate 0.00%)...
[2026-04-20 05:18:08.295] [info]: [5000] processing chr3:85385000-85390000 at 1743071 pixels/s (cache hit rate 0.06%)...
[2026-04-20 05:18:12.437] [info]: [5000] processing chr3:111440000-111445000 at 2414293 pixels/s (cache hit rate 0.00%)...
[2026-04-20 05:18:16.366] [info]: [5000] processing chr3:151655000-151660000 at 2545825 pixels/s (cache hit rate 0.02%)...
[2026-04-20 05:18:21.668] [info]: [5000] processing chr4:22430000-22435000 at 1886081 pixels/s (cache hit rate 0.00%)...
[2026-04-20 05:18:27.413] [info]: [5000] processing chr4:48325000-48330000 at 1740644 pixels/s (cache hit rate 0.00%)...
[2026-04-20 05:18:32.892] [info]: [5000] processing chr4:79550000-79555000 at 1825484 pixels/s (cache hit rate 0.00%)...
[2026-04-20 05:18:37.196] [info]: [5000] processing chr4:111455000-111460000 at 2323420 pixels/s (cache hit rate 0.00%)...
[2026-04-20 05:18:40.632] [info]: [5000] processing chr4:136680000-136685000 at 2911208 pixels/s (cache hit rate 0.00%)...
[2026-04-20 05:18:45.266] [info]: [5000] processing chr5:12970000-12975000 at 2158429 pixels/s (cache hit rate 0.07%)...
[2026-04-20 05:18:50.719] [info]: [5000] processing chr5:35320000-35325000 at 1833853 pixels/s (cache hit rate 0.00%)...
[2026-04-20 05:18:56.249] [info]: [5000] processing chr5:64150000-64155000 at 1808645 pixels/s (cache hit rate 0.00%)...
[2026-04-20 05:19:01.096] [info]: [5000] processing chr5:99525000-99530000 at 2063132 pixels/s (cache hit rate 0.00%)...
[2026-04-20 05:19:05.344] [info]: [5000] processing chr5:124200000-124205000 at 2354049 pixels/s (cache hit rate 0.00%)...
[2026-04-20 05:19:09.364] [info]: [5000] processing chr6:6440000-6445000 at 2486944 pixels/s (cache hit rate 0.00%)...
[2026-04-20 05:19:15.617] [info]: [5000] processing chr6:30380000-30385000 at 1599488 pixels/s (cache hit rate 0.00%)...
[2026-04-20 05:19:21.261] [info]: [5000] processing chr6:55515000-55520000 at 1772107 pixels/s (cache hit rate 0.00%)...
[2026-04-20 05:19:26.811] [info]: [5000] processing chr6:85675000-85680000 at 1802127 pixels/s (cache hit rate 0.04%)...
[2026-04-20 05:19:31.177] [info]: [5000] processing chr6:116810000-116815000 at 2290426 pixels/s (cache hit rate 0.00%)...
[2026-04-20 05:19:35.224] [info]: [5000] processing chr7:12105000-12110000 at 2471577 pixels/s (cache hit rate 0.00%)...
[2026-04-20 05:19:40.787] [info]: [5000] processing chr7:41030000-41035000 at 1797914 pixels/s (cache hit rate 0.00%)...
[2026-04-20 05:19:46.967] [info]: [5000] processing chr7:66575000-66580000 at 1618385 pixels/s (cache hit rate 0.00%)...
[2026-04-20 05:19:51.965] [info]: [5000] processing chr7:94120000-94125000 at 2000800 pixels/s (cache hit rate 0.00%)...
[2026-04-20 05:19:56.155] [info]: [5000] processing chr7:125875000-125880000 at 2386635 pixels/s (cache hit rate 0.00%)...
[2026-04-20 05:20:00.886] [info]: [5000] processing chr10:12705000-12710000 at 2113718 pixels/s (cache hit rate 0.08%)...
[2026-04-20 05:20:08.016] [info]: [5000] processing chr10:39630000-39635000 at 1402721 pixels/s (cache hit rate 0.00%)...
[2026-04-20 05:20:14.456] [info]: [5000] processing chr10:68100000-68105000 at 1553036 pixels/s (cache hit rate 0.00%)...
[2026-04-20 05:20:19.555] [info]: [5000] processing chr10:102920000-102925000 at 1961169 pixels/s (cache hit rate 0.04%)...
[2026-04-20 05:20:24.669] [info]: [5000] processing chr8:13990000-13995000 at 1955417 pixels/s (cache hit rate 0.00%)...
[2026-04-20 05:20:31.387] [info]: [5000] processing chr8:42640000-42645000 at 1488760 pixels/s (cache hit rate 0.00%)...
[2026-04-20 05:20:37.688] [info]: [5000] processing chr8:78245000-78250000 at 1587302 pixels/s (cache hit rate 0.00%)...
[2026-04-20 05:20:42.538] [info]: [5000] processing chr8:115735000-115740000 at 2061856 pixels/s (cache hit rate 0.04%)...
[2026-04-20 05:20:48.562] [info]: [5000] processing chr14:23265000-23270000 at 1660027 pixels/s (cache hit rate 0.00%)...
[2026-04-20 05:20:55.432] [info]: [5000] processing chr14:53050000-53055000 at 1455816 pixels/s (cache hit rate 0.00%)...
[2026-04-20 05:21:00.871] [info]: [5000] processing chr14:90145000-90150000 at 1838911 pixels/s (cache hit rate 0.00%)...
[2026-04-20 05:21:06.313] [info]: [5000] processing chr9:12090000-12095000 at 1837560 pixels/s (cache hit rate 0.00%)...
[2026-04-20 05:21:13.926] [info]: [5000] processing chr9:35310000-35315000 at 1313715 pixels/s (cache hit rate 0.00%)...
[2026-04-20 05:21:20.499] [info]: [5000] processing chr9:60470000-60475000 at 1521607 pixels/s (cache hit rate 0.00%)...
[2026-04-20 05:21:26.163] [info]: [5000] processing chr9:97145000-97150000 at 1765537 pixels/s (cache hit rate 0.00%)...
[2026-04-20 05:21:31.087] [info]: [5000] processing chr11:11880000-11885000 at 2030869 pixels/s (cache hit rate 0.00%)...
[2026-04-20 05:21:37.976] [info]: [5000] processing chr11:38705000-38710000 at 1451589 pixels/s (cache hit rate 0.00%)...
[2026-04-20 05:21:44.782] [info]: [5000] processing chr11:66580000-66585000 at 1469508 pixels/s (cache hit rate 0.00%)...
[2026-04-20 05:21:50.327] [info]: [5000] processing chr11:101535000-101540000 at 1803752 pixels/s (cache hit rate 0.00%)...
[2026-04-20 05:21:56.396] [info]: [5000] processing chr13:19145000-19150000 at 1647718 pixels/s (cache hit rate 0.00%)...
[2026-04-20 05:22:03.626] [info]: [5000] processing chr13:50215000-50220000 at 1383126 pixels/s (cache hit rate 0.00%)...
[2026-04-20 05:22:09.445] [info]: [5000] processing chr13:95560000-95565000 at 1718804 pixels/s (cache hit rate 0.00%)...
[2026-04-20 05:22:15.563] [info]: [5000] processing chr12:21330000-21335000 at 1634521 pixels/s (cache hit rate 0.00%)...
[2026-04-20 05:22:22.904] [info]: [5000] processing chr12:57320000-57325000 at 1362212 pixels/s (cache hit rate 0.00%)...
[2026-04-20 05:22:28.875] [info]: [5000] processing chr12:100980000-100985000 at 1674761 pixels/s (cache hit rate 0.00%)...
[2026-04-20 05:22:36.194] [info]: [5000] processing chr15:26780000-26785000 at 1366494 pixels/s (cache hit rate 0.00%)...
[2026-04-20 05:22:43.628] [info]: [5000] processing chr15:68035000-68040000 at 1345352 pixels/s (cache hit rate 0.00%)...
[2026-04-20 05:22:50.184] [info]: [5000] processing chr16:12150000-12155000 at 1525320 pixels/s (cache hit rate 0.00%)...
[2026-04-20 05:22:58.338] [info]: [5000] processing chr16:48885000-48890000 at 1226392 pixels/s (cache hit rate 0.00%)...
[2026-04-20 05:23:05.283] [info]: [5000] processing chr17:10420000-10425000 at 1440092 pixels/s (cache hit rate 0.00%)...
[2026-04-20 05:23:13.237] [info]: [5000] processing chr17:52000000-52005000 at 1257387 pixels/s (cache hit rate 0.00%)...
[2026-04-20 05:23:20.356] [info]: [5000] processing chr18:10880000-10885000 at 1404889 pixels/s (cache hit rate 0.00%)...
[2026-04-20 05:23:29.143] [info]: [5000] processing chr18:52795000-52800000 at 1138045 pixels/s (cache hit rate 0.00%)...
[2026-04-20 05:23:38.282] [info]: [5000] processing chr19:23420000-23425000 at 1094331 pixels/s (cache hit rate 0.00%)...
[2026-04-20 05:23:43.321] [warning]: [5000] KR normalization vector is missing. SKIPPING!
[2026-04-20 05:23:44.599] [info]: [5000] DONE! Processed 765495610 pixels across 21 chromosomes in 436.01s
[2026-04-20 05:23:44.959] [info]: [10000] begin processing 10000bp matrix...
[2026-04-20 05:23:48.878] [info]: [10000] processing chr1:26470000-26480000 at 2552974 pixels/s (cache hit rate 35.67%)...
[2026-04-20 05:23:52.428] [info]: [10000] processing chr1:53910000-53920000 at 2816901 pixels/s (cache hit rate 35.87%)...
[2026-04-20 05:23:55.861] [info]: [10000] processing chr1:84010000-84020000 at 2913753 pixels/s (cache hit rate 35.59%)...
[2026-04-20 05:23:59.576] [info]: [10000] processing chr1:118010000-118020000 at 2691066 pixels/s (cache hit rate 28.20%)...
[2026-04-20 05:24:03.120] [info]: [10000] processing chr1:152320000-152330000 at 2821670 pixels/s (cache hit rate 28.24%)...
[2026-04-20 05:24:06.861] [info]: [10000] processing chr1:189820000-189830000 at 2673797 pixels/s (cache hit rate 14.09%)...
[2026-04-20 05:24:11.030] [info]: [10000] processing chr2:22890000-22900000 at 2398657 pixels/s (cache hit rate 35.02%)...
[2026-04-20 05:24:14.784] [info]: [10000] processing chr2:46140000-46150000 at 2663825 pixels/s (cache hit rate 44.52%)...
[2026-04-20 05:24:18.225] [info]: [10000] processing chr2:76570000-76580000 at 2906132 pixels/s (cache hit rate 39.48%)...
[2026-04-20 05:24:21.591] [info]: [10000] processing chr2:112940000-112950000 at 2971768 pixels/s (cache hit rate 30.85%)...
[2026-04-20 05:24:25.070] [info]: [10000] processing chr2:148740000-148750000 at 2874389 pixels/s (cache hit rate 24.11%)...
[2026-04-20 05:24:29.241] [info]: [10000] processing chrX:14030000-14040000 at 2398082 pixels/s (cache hit rate 36.02%)...
[2026-04-20 05:24:32.666] [info]: [10000] processing chrX:81910000-81920000 at 2920561 pixels/s (cache hit rate 41.10%)...
[2026-04-20 05:24:36.144] [info]: [10000] processing chrX:164410000-164420000 at 2875216 pixels/s (cache hit rate 25.11%)...
[2026-04-20 05:24:40.408] [info]: [10000] processing chr3:29300000-29310000 at 2345216 pixels/s (cache hit rate 38.76%)...
[2026-04-20 05:24:43.801] [info]: [10000] processing chr3:57790000-57800000 at 2948113 pixels/s (cache hit rate 43.38%)...
[2026-04-20 05:24:47.359] [info]: [10000] processing chr3:90230000-90240000 at 2810568 pixels/s (cache hit rate 40.88%)...
[2026-04-20 05:24:51.036] [info]: [10000] processing chr3:127400000-127410000 at 2720348 pixels/s (cache hit rate 30.00%)...
[2026-04-20 05:24:55.140] [info]: [10000] processing chr4:13810000-13820000 at 2437241 pixels/s (cache hit rate 39.21%)...
[2026-04-20 05:24:58.685] [info]: [10000] processing chr4:45620000-45630000 at 2821670 pixels/s (cache hit rate 49.29%)...
[2026-04-20 05:25:02.319] [info]: [10000] processing chr4:82900000-82910000 at 2751789 pixels/s (cache hit rate 40.66%)...
[2026-04-20 05:25:05.852] [info]: [10000] processing chr4:120580000-120590000 at 2830456 pixels/s (cache hit rate 33.11%)...
[2026-04-20 05:25:09.586] [info]: [10000] processing chr4:153620000-153630000 at 2678093 pixels/s (cache hit rate 21.32%)...
[2026-04-20 05:25:13.907] [info]: [10000] processing chr5:28940000-28950000 at 2314279 pixels/s (cache hit rate 43.37%)...
[2026-04-20 05:25:17.135] [info]: [10000] processing chr5:60580000-60590000 at 3098853 pixels/s (cache hit rate 49.73%)...
[2026-04-20 05:25:20.654] [info]: [10000] processing chr5:102600000-102610000 at 2842524 pixels/s (cache hit rate 42.00%)...
[2026-04-20 05:25:24.484] [info]: [10000] processing chr5:134170000-134180000 at 2611648 pixels/s (cache hit rate 24.82%)...
[2026-04-20 05:25:28.046] [info]: [10000] processing chr6:19530000-19540000 at 2807412 pixels/s (cache hit rate 52.89%)...
[2026-04-20 05:25:31.123] [info]: [10000] processing chr6:49180000-49190000 at 3250975 pixels/s (cache hit rate 51.90%)...
[2026-04-20 05:25:34.623] [info]: [10000] processing chr6:85200000-85210000 at 2857143 pixels/s (cache hit rate 42.87%)...
[2026-04-20 05:25:38.340] [info]: [10000] processing chr6:124830000-124840000 at 2691790 pixels/s (cache hit rate 35.99%)...
[2026-04-20 05:25:42.887] [info]: [10000] processing chr7:26920000-26930000 at 2199252 pixels/s (cache hit rate 52.81%)...
[2026-04-20 05:25:46.573] [info]: [10000] processing chr7:58220000-58230000 at 2713704 pixels/s (cache hit rate 47.90%)...
[2026-04-20 05:25:50.494] [info]: [10000] processing chr7:91150000-91160000 at 2550370 pixels/s (cache hit rate 48.50%)...
[2026-04-20 05:25:55.857] [info]: [10000] processing chr7:130700000-130710000 at 1864976 pixels/s (cache hit rate 35.27%)...
[2026-04-20 05:25:59.893] [info]: [10000] processing chr10:23050000-23060000 at 2477701 pixels/s (cache hit rate 52.28%)...
[2026-04-20 05:26:03.557] [info]: [10000] processing chr10:57390000-57400000 at 2729258 pixels/s (cache hit rate 51.78%)...
[2026-04-20 05:26:07.099] [info]: [10000] processing chr10:96330000-96340000 at 2824061 pixels/s (cache hit rate 46.15%)...
[2026-04-20 05:26:10.967] [info]: [10000] processing chr8:17000000-17010000 at 2585984 pixels/s (cache hit rate 58.10%)...
[2026-04-20 05:26:14.243] [info]: [10000] processing chr8:55520000-55530000 at 3053435 pixels/s (cache hit rate 57.77%)...
[2026-04-20 05:26:17.688] [info]: [10000] processing chr8:99780000-99790000 at 2902758 pixels/s (cache hit rate 46.15%)...
[2026-04-20 05:26:21.205] [info]: [10000] processing chr14:20400000-20410000 at 2843332 pixels/s (cache hit rate 56.04%)...
[2026-04-20 05:26:24.129] [info]: [10000] processing chr14:55880000-55890000 at 3421143 pixels/s (cache hit rate 64.78%)...
[2026-04-20 05:26:27.445] [info]: [10000] processing chr14:110470000-110480000 at 3015682 pixels/s (cache hit rate 47.18%)...
[2026-04-20 05:26:31.354] [info]: [10000] processing chr9:26630000-26640000 at 2558199 pixels/s (cache hit rate 64.77%)...
[2026-04-20 05:26:34.751] [info]: [10000] processing chr9:57300000-57310000 at 2944641 pixels/s (cache hit rate 63.30%)...
[2026-04-20 05:26:38.608] [info]: [10000] processing chr9:103220000-103230000 at 2593361 pixels/s (cache hit rate 51.37%)...
[2026-04-20 05:26:42.932] [info]: [10000] processing chr11:23160000-23170000 at 2313208 pixels/s (cache hit rate 64.71%)...
[2026-04-20 05:26:46.813] [info]: [10000] processing chr11:58260000-58270000 at 2576656 pixels/s (cache hit rate 63.20%)...
[2026-04-20 05:26:50.942] [info]: [10000] processing chr11:103370000-103380000 at 2422481 pixels/s (cache hit rate 59.17%)...
[2026-04-20 05:26:55.172] [info]: [10000] processing chr13:28600000-28610000 at 2364066 pixels/s (cache hit rate 66.56%)...
[2026-04-20 05:26:59.116] [info]: [10000] processing chr13:75540000-75550000 at 2535497 pixels/s (cache hit rate 66.37%)...
[2026-04-20 05:27:03.191] [info]: [10000] processing chr12:17250000-17260000 at 2454590 pixels/s (cache hit rate 73.64%)...
[2026-04-20 05:27:07.118] [info]: [10000] processing chr12:65990000-66000000 at 2547122 pixels/s (cache hit rate 69.66%)...
[2026-04-20 05:27:11.515] [info]: [10000] processing chr15:10660000-10670000 at 2274278 pixels/s (cache hit rate 69.46%)...
[2026-04-20 05:27:15.290] [info]: [10000] processing chr15:63650000-63660000 at 2649709 pixels/s (cache hit rate 78.58%)...
[2026-04-20 05:27:19.518] [info]: [10000] processing chr16:20100000-20110000 at 2365744 pixels/s (cache hit rate 76.97%)...
[2026-04-20 05:27:23.475] [info]: [10000] processing chr16:86740000-86750000 at 2527167 pixels/s (cache hit rate 80.14%)...
[2026-04-20 05:27:27.453] [info]: [10000] processing chr17:53550000-53560000 at 2514458 pixels/s (cache hit rate 85.06%)...
[2026-04-20 05:27:31.887] [info]: [10000] processing chr18:26400000-26410000 at 2255809 pixels/s (cache hit rate 94.01%)...
[2026-04-20 05:27:36.233] [info]: [10000] processing chr19:19220000-19230000 at 2300966 pixels/s (cache hit rate 97.75%)...
[2026-04-20 05:27:38.239] [warning]: [10000] KR normalization vector is missing. SKIPPING!
[2026-04-20 05:27:39.861] [info]: [10000] DONE! Processed 613946984 pixels across 21 chromosomes in 234.90s
[2026-04-20 05:27:39.881] [info]: DONE! Processed 2 resolution(s) in 674.30s!
[2026-04-20 05:27:39.881] [info]: /expanse/lustre/projects/csd940/zalibhai/stripes/StripeCaller/data/hic/250402/ctrl_merged.hic size: 6754.82 MB
[2026-04-20 05:27:39.881] [info]: /expanse/lustre/projects/csd940/zalibhai/stripes/stripenn/data/cool/250402/ctrl_merged.mcool size: 1860.98 MB
[2026-04-20 05:27:40.381] [warning]: replaying the last 2 warning message(s)
[2026-04-20 05:27:40.381] [warning]: [5000] KR normalization vector is missing. SKIPPING!
[2026-04-20 05:27:40.381] [warning]: [10000] KR normalization vector is missing. SKIPPING!
Verifying:
{
    "bin-type": "fixed",
    "format": "HDF5::MCOOL",
    "format-version": 2,
    "resolutions": [
        5000,
        10000
    ]
}

--- mut_merged ---
Removing incomplete mcool: /expanse/lustre/projects/csd940/zalibhai/stripes/stripenn/data/cool/250402/mut_merged.mcool
[2026-04-20 05:27:41.480] [info]: Running hictk v2.1.4-bioconda
[2026-04-20 05:27:41.482] [info]: Converting /expanse/lustre/projects/csd940/zalibhai/stripes/StripeCaller/data/hic/250402/mut_merged.hic to /expanse/lustre/projects/csd940/zalibhai/stripes/stripenn/data/cool/250402/mut_merged.mcool (hic -> mcool)...
[2026-04-20 05:27:44.681] [info]: [5000] begin processing 5000bp matrix...
[2026-04-20 05:27:50.816] [info]: [5000] processing chr1:24345000-24350000 at 1630789 pixels/s (cache hit rate 0.00%)...
[2026-04-20 05:27:56.763] [info]: [5000] processing chr1:48730000-48735000 at 1681803 pixels/s (cache hit rate 0.00%)...
[2026-04-20 05:28:02.206] [info]: [5000] processing chr1:75915000-75920000 at 1837222 pixels/s (cache hit rate 0.00%)...
[2026-04-20 05:28:07.352] [info]: [5000] processing chr1:104585000-104590000 at 1943635 pixels/s (cache hit rate 0.00%)...
[2026-04-20 05:28:12.301] [info]: [5000] processing chr1:134305000-134310000 at 2021019 pixels/s (cache hit rate 0.00%)...
[2026-04-20 05:28:16.557] [info]: [5000] processing chr1:166545000-166550000 at 2349624 pixels/s (cache hit rate 0.02%)...
[2026-04-20 05:28:21.035] [info]: [5000] processing chr2:6670000-6675000 at 2233140 pixels/s (cache hit rate 0.00%)...
[2026-04-20 05:28:26.992] [info]: [5000] processing chr2:27630000-27635000 at 1678979 pixels/s (cache hit rate 0.00%)...
[2026-04-20 05:28:32.966] [info]: [5000] processing chr2:51245000-51250000 at 1673920 pixels/s (cache hit rate 0.00%)...
[2026-04-20 05:28:38.749] [info]: [5000] processing chr2:78800000-78805000 at 1728907 pixels/s (cache hit rate 0.00%)...
[2026-04-20 05:28:44.148] [info]: [5000] processing chr2:111375000-111380000 at 1852195 pixels/s (cache hit rate 0.00%)...
[2026-04-20 05:28:48.942] [info]: [5000] processing chr2:140990000-140995000 at 2086376 pixels/s (cache hit rate 0.00%)...
[2026-04-20 05:28:52.672] [info]: [5000] processing chr2:177200000-177205000 at 2681684 pixels/s (cache hit rate 0.00%)...
[2026-04-20 05:28:58.344] [info]: [5000] processing chrX:56660000-56665000 at 1763047 pixels/s (cache hit rate 0.00%)...
[2026-04-20 05:29:03.906] [info]: [5000] processing chrX:120170000-120175000 at 1798238 pixels/s (cache hit rate 0.00%)...
[2026-04-20 05:29:09.181] [info]: [5000] processing chr3:12515000-12520000 at 1895735 pixels/s (cache hit rate 0.00%)...
[2026-04-20 05:29:16.176] [info]: [5000] processing chr3:37420000-37425000 at 1429797 pixels/s (cache hit rate 0.07%)...
[2026-04-20 05:29:22.974] [info]: [5000] processing chr3:65500000-65505000 at 1471021 pixels/s (cache hit rate 0.00%)...
[2026-04-20 05:29:28.913] [info]: [5000] processing chr3:94840000-94845000 at 1684069 pixels/s (cache hit rate 0.06%)...
[2026-04-20 05:29:33.539] [info]: [5000] processing chr3:127500000-127505000 at 2162162 pixels/s (cache hit rate 0.00%)...
[2026-04-20 05:29:37.995] [info]: [5000] processing chr4:9795000-9800000 at 2244165 pixels/s (cache hit rate 0.00%)...
[2026-04-20 05:29:45.755] [info]: [5000] processing chr4:37575000-37580000 at 1288826 pixels/s (cache hit rate 0.00%)...
[2026-04-20 05:29:52.429] [info]: [5000] processing chr4:66165000-66170000 at 1498352 pixels/s (cache hit rate 0.00%)...
[2026-04-20 05:29:58.657] [info]: [5000] processing chr4:102955000-102960000 at 1605652 pixels/s (cache hit rate 0.00%)...
[2026-04-20 05:30:03.276] [info]: [5000] processing chr4:131925000-131930000 at 2165440 pixels/s (cache hit rate 0.00%)...
[2026-04-20 05:30:07.834] [info]: [5000] processing chr5:8785000-8790000 at 2194426 pixels/s (cache hit rate 0.10%)...
[2026-04-20 05:30:13.819] [info]: [5000] processing chr5:34545000-34550000 at 1671123 pixels/s (cache hit rate 0.00%)...
[2026-04-20 05:30:19.104] [info]: [5000] processing chr5:66115000-66120000 at 1892506 pixels/s (cache hit rate 0.00%)...
[2026-04-20 05:30:24.122] [info]: [5000] processing chr5:103850000-103855000 at 1992826 pixels/s (cache hit rate 0.00%)...
[2026-04-20 05:30:27.961] [info]: [5000] processing chr5:131565000-131570000 at 2604845 pixels/s (cache hit rate 0.00%)...
[2026-04-20 05:30:33.044] [info]: [5000] processing chr6:14235000-14240000 at 1967729 pixels/s (cache hit rate 0.00%)...
[2026-04-20 05:30:39.443] [info]: [5000] processing chr6:40040000-40045000 at 1562744 pixels/s (cache hit rate 0.00%)...
[2026-04-20 05:30:45.883] [info]: [5000] processing chr6:70850000-70855000 at 1553036 pixels/s (cache hit rate 0.04%)...
[2026-04-20 05:30:51.112] [info]: [5000] processing chr6:100795000-100800000 at 1912412 pixels/s (cache hit rate 0.00%)...
[2026-04-20 05:30:55.219] [info]: [5000] processing chr6:143965000-143970000 at 2435460 pixels/s (cache hit rate 0.00%)...
[2026-04-20 05:31:01.262] [info]: [5000] processing chr7:34165000-34170000 at 1655081 pixels/s (cache hit rate 0.00%)...
[2026-04-20 05:31:07.297] [info]: [5000] processing chr7:62925000-62930000 at 1657275 pixels/s (cache hit rate 0.00%)...
[2026-04-20 05:31:12.131] [info]: [5000] processing chr7:92090000-92095000 at 2068680 pixels/s (cache hit rate 0.00%)...
[2026-04-20 05:31:16.558] [info]: [5000] processing chr7:127400000-127405000 at 2259376 pixels/s (cache hit rate 0.00%)...
[2026-04-20 05:31:21.482] [info]: [5000] processing chr10:15695000-15700000 at 2031282 pixels/s (cache hit rate 0.06%)...
[2026-04-20 05:31:28.698] [info]: [5000] processing chr10:43975000-43980000 at 1386001 pixels/s (cache hit rate 0.00%)...
[2026-04-20 05:31:34.905] [info]: [5000] processing chr10:75630000-75635000 at 1611344 pixels/s (cache hit rate 0.00%)...
[2026-04-20 05:31:39.675] [info]: [5000] processing chr10:118810000-118815000 at 2096436 pixels/s (cache hit rate 0.03%)...
[2026-04-20 05:31:45.673] [info]: [5000] processing chr8:25145000-25150000 at 1667500 pixels/s (cache hit rate 0.00%)...
[2026-04-20 05:31:52.128] [info]: [5000] processing chr8:62470000-62475000 at 1549187 pixels/s (cache hit rate 0.00%)...
[2026-04-20 05:31:57.285] [info]: [5000] processing chr8:99340000-99345000 at 1939488 pixels/s (cache hit rate 0.00%)...
[2026-04-20 05:32:02.648] [info]: [5000] processing chr14:15345000-15350000 at 1864976 pixels/s (cache hit rate 0.00%)...
[2026-04-20 05:32:09.315] [info]: [5000] processing chr14:46370000-46375000 at 1499925 pixels/s (cache hit rate 0.00%)...
[2026-04-20 05:32:14.386] [info]: [5000] processing chr14:83535000-83540000 at 1971998 pixels/s (cache hit rate 0.00%)...
[2026-04-20 05:32:19.802] [info]: [5000] processing chr9:9940000-9945000 at 1846722 pixels/s (cache hit rate 0.00%)...
[2026-04-20 05:32:27.233] [info]: [5000] processing chr9:35810000-35815000 at 1345895 pixels/s (cache hit rate 0.00%)...
[2026-04-20 05:32:33.503] [info]: [5000] processing chr9:64305000-64310000 at 1594896 pixels/s (cache hit rate 0.00%)...
[2026-04-20 05:32:39.045] [info]: [5000] processing chr9:104590000-104595000 at 1804077 pixels/s (cache hit rate 0.00%)...
[2026-04-20 05:32:44.823] [info]: [5000] processing chr11:19615000-19620000 at 1731002 pixels/s (cache hit rate 0.00%)...
[2026-04-20 05:32:51.747] [info]: [5000] processing chr11:49985000-49990000 at 1444252 pixels/s (cache hit rate 0.00%)...
[2026-04-20 05:32:57.304] [info]: [5000] processing chr11:81045000-81050000 at 1799856 pixels/s (cache hit rate 0.00%)...
[2026-04-20 05:33:02.194] [info]: [5000] processing chr13:8025000-8030000 at 2045408 pixels/s (cache hit rate 0.00%)...
[2026-04-20 05:33:08.947] [info]: [5000] processing chr13:37865000-37870000 at 1480823 pixels/s (cache hit rate 0.00%)...
[2026-04-20 05:33:15.075] [info]: [5000] processing chr13:80695000-80700000 at 1632120 pixels/s (cache hit rate 0.00%)...
[2026-04-20 05:33:21.161] [info]: [5000] processing chr12:13495000-13500000 at 1643115 pixels/s (cache hit rate 0.00%)...
[2026-04-20 05:33:29.005] [info]: [5000] processing chr12:51405000-51410000 at 1274860 pixels/s (cache hit rate 0.00%)...
[2026-04-20 05:33:35.395] [info]: [5000] processing chr12:95610000-95615000 at 1565190 pixels/s (cache hit rate 0.00%)...
[2026-04-20 05:33:42.402] [info]: [5000] processing chr15:25915000-25920000 at 1427552 pixels/s (cache hit rate 0.00%)...
[2026-04-20 05:33:49.922] [info]: [5000] processing chr15:69415000-69420000 at 1329787 pixels/s (cache hit rate 0.00%)...
[2026-04-20 05:33:56.520] [info]: [5000] processing chr16:16045000-16050000 at 1515841 pixels/s (cache hit rate 0.00%)...
[2026-04-20 05:34:04.544] [info]: [5000] processing chr16:58985000-58990000 at 1246261 pixels/s (cache hit rate 0.00%)...
[2026-04-20 05:34:11.949] [info]: [5000] processing chr17:20865000-20870000 at 1350621 pixels/s (cache hit rate 0.00%)...
[2026-04-20 05:34:20.158] [info]: [5000] processing chr17:69750000-69755000 at 1218175 pixels/s (cache hit rate 0.00%)...
[2026-04-20 05:34:28.697] [info]: [5000] processing chr18:26310000-26315000 at 1171097 pixels/s (cache hit rate 0.00%)...
[2026-04-20 05:34:37.015] [info]: [5000] processing chr18:85210000-85215000 at 1202357 pixels/s (cache hit rate 0.00%)...
[2026-04-20 05:34:47.114] [warning]: [5000] KR normalization vector is missing. SKIPPING!
[2026-04-20 05:34:48.447] [info]: [5000] DONE! Processed 709742764 pixels across 21 chromosomes in 423.77s
[2026-04-20 05:34:48.814] [info]: [10000] begin processing 10000bp matrix...
[2026-04-20 05:34:52.612] [info]: [10000] processing chr1:29130000-29140000 at 2632965 pixels/s (cache hit rate 37.39%)...
[2026-04-20 05:34:56.365] [info]: [10000] processing chr1:58340000-58350000 at 2665245 pixels/s (cache hit rate 37.09%)...
[2026-04-20 05:35:00.345] [info]: [10000] processing chr1:89390000-89400000 at 2512563 pixels/s (cache hit rate 30.43%)...
[2026-04-20 05:35:04.224] [info]: [10000] processing chr1:127410000-127420000 at 2578649 pixels/s (cache hit rate 29.07%)...
[2026-04-20 05:35:07.540] [info]: [10000] processing chr1:163640000-163650000 at 3016591 pixels/s (cache hit rate 26.09%)...
[2026-04-20 05:35:11.962] [info]: [10000] processing chr2:9170000-9180000 at 2261420 pixels/s (cache hit rate 36.30%)...
[2026-04-20 05:35:15.901] [info]: [10000] processing chr2:33140000-33150000 at 2538715 pixels/s (cache hit rate 37.81%)...
[2026-04-20 05:35:19.624] [info]: [10000] processing chr2:64580000-64590000 at 2686728 pixels/s (cache hit rate 40.87%)...
[2026-04-20 05:35:23.451] [info]: [10000] processing chr2:99410000-99420000 at 2613013 pixels/s (cache hit rate 33.03%)...
[2026-04-20 05:35:27.214] [info]: [10000] processing chr2:136460000-136470000 at 2658161 pixels/s (cache hit rate 27.12%)...
[2026-04-20 05:35:30.935] [info]: [10000] processing chr2:181050000-181060000 at 2688172 pixels/s (cache hit rate 17.61%)...
[2026-04-20 05:35:34.859] [info]: [10000] processing chrX:69530000-69540000 at 2549070 pixels/s (cache hit rate 39.85%)...
[2026-04-20 05:35:38.466] [info]: [10000] processing chrX:156000000-156010000 at 2772387 pixels/s (cache hit rate 29.34%)...
[2026-04-20 05:35:42.678] [info]: [10000] processing chr3:28270000-28280000 at 2374169 pixels/s (cache hit rate 37.58%)...
[2026-04-20 05:35:46.253] [info]: [10000] processing chr3:58750000-58760000 at 2797203 pixels/s (cache hit rate 45.33%)...
[2026-04-20 05:35:50.264] [info]: [10000] processing chr3:94310000-94320000 at 2493144 pixels/s (cache hit rate 35.95%)...
[2026-04-20 05:35:53.762] [info]: [10000] processing chr3:136130000-136140000 at 2858776 pixels/s (cache hit rate 30.67%)...
[2026-04-20 05:35:58.247] [info]: [10000] processing chr4:20700000-20710000 at 2229654 pixels/s (cache hit rate 39.67%)...
[2026-04-20 05:36:01.824] [info]: [10000] processing chr4:54230000-54240000 at 2795639 pixels/s (cache hit rate 49.88%)...
[2026-04-20 05:36:05.940] [info]: [10000] processing chr4:98110000-98120000 at 2430134 pixels/s (cache hit rate 37.12%)...
[2026-04-20 05:36:09.559] [info]: [10000] processing chr4:133220000-133230000 at 2763194 pixels/s (cache hit rate 33.00%)...
[2026-04-20 05:36:13.983] [info]: [10000] processing chr5:15850000-15860000 at 2260398 pixels/s (cache hit rate 44.54%)...
[2026-04-20 05:36:17.712] [info]: [10000] processing chr5:46220000-46230000 at 2681684 pixels/s (cache hit rate 50.82%)...
[2026-04-20 05:36:21.424] [info]: [10000] processing chr5:91230000-91240000 at 2694691 pixels/s (cache hit rate 41.45%)...
[2026-04-20 05:36:25.301] [info]: [10000] processing chr5:127020000-127030000 at 2579314 pixels/s (cache hit rate 30.66%)...
[2026-04-20 05:36:29.564] [info]: [10000] processing chr6:15860000-15870000 at 2346316 pixels/s (cache hit rate 47.52%)...
[2026-04-20 05:36:33.288] [info]: [10000] processing chr6:47570000-47580000 at 2685285 pixels/s (cache hit rate 54.00%)...
[2026-04-20 05:36:37.137] [info]: [10000] processing chr6:85320000-85330000 at 2598753 pixels/s (cache hit rate 44.20%)...
[2026-04-20 05:36:41.021] [info]: [10000] processing chr6:127960000-127970000 at 2574665 pixels/s (cache hit rate 37.19%)...
[2026-04-20 05:36:45.299] [info]: [10000] processing chr7:31260000-31270000 at 2337541 pixels/s (cache hit rate 49.56%)...
[2026-04-20 05:36:49.067] [info]: [10000] processing chr7:66420000-66430000 at 2653928 pixels/s (cache hit rate 56.45%)...
[2026-04-20 05:36:53.103] [info]: [10000] processing chr7:107290000-107300000 at 2478315 pixels/s (cache hit rate 38.28%)...
[2026-04-20 05:36:57.088] [info]: [10000] processing chr10:5730000-5740000 at 2509410 pixels/s (cache hit rate 42.34%)...
[2026-04-20 05:37:00.455] [info]: [10000] processing chr10:39360000-39370000 at 2970003 pixels/s (cache hit rate 55.08%)...
[2026-04-20 05:37:05.738] [info]: [10000] processing chr10:77570000-77580000 at 1893222 pixels/s (cache hit rate 50.09%)...
[2026-04-20 05:37:10.389] [info]: [10000] processing chr8:6790000-6800000 at 2150075 pixels/s (cache hit rate 49.82%)...
[2026-04-20 05:37:14.416] [info]: [10000] processing chr8:43940000-43950000 at 2483238 pixels/s (cache hit rate 59.29%)...
[2026-04-20 05:37:18.118] [info]: [10000] processing chr8:90670000-90680000 at 2701243 pixels/s (cache hit rate 50.32%)...
[2026-04-20 05:37:22.277] [info]: [10000] processing chr14:16790000-16800000 at 2405581 pixels/s (cache hit rate 60.33%)...
[2026-04-20 05:37:25.810] [info]: [10000] processing chr14:54940000-54950000 at 2830456 pixels/s (cache hit rate 60.81%)...
[2026-04-20 05:37:29.474] [info]: [10000] processing chr14:113610000-113620000 at 2730003 pixels/s (cache hit rate 48.04%)...
[2026-04-20 05:37:33.519] [info]: [10000] processing chr9:30390000-30400000 at 2472188 pixels/s (cache hit rate 61.32%)...
[2026-04-20 05:37:37.154] [info]: [10000] processing chr9:65630000-65640000 at 2751032 pixels/s (cache hit rate 65.41%)...
[2026-04-20 05:37:40.840] [info]: [10000] processing chr9:121380000-121390000 at 2713704 pixels/s (cache hit rate 44.33%)...
[2026-04-20 05:37:44.660] [info]: [10000] processing chr11:35840000-35850000 at 2618487 pixels/s (cache hit rate 67.08%)...
[2026-04-20 05:37:48.468] [info]: [10000] processing chr11:76090000-76100000 at 2626050 pixels/s (cache hit rate 58.35%)...
[2026-04-20 05:37:52.616] [info]: [10000] processing chr13:12570000-12580000 at 2410800 pixels/s (cache hit rate 62.86%)...
[2026-04-20 05:37:56.358] [info]: [10000] processing chr13:53360000-53370000 at 2673082 pixels/s (cache hit rate 71.87%)...
[2026-04-20 05:38:00.369] [info]: [10000] processing chr12:6060000-6070000 at 2493766 pixels/s (cache hit rate 61.93%)...
[2026-04-20 05:38:03.912] [info]: [10000] processing chr12:51980000-51990000 at 2823264 pixels/s (cache hit rate 74.32%)...
[2026-04-20 05:38:08.280] [info]: [10000] processing chr15:3630000-3640000 at 2289377 pixels/s (cache hit rate 54.41%)...
[2026-04-20 05:38:11.773] [info]: [10000] processing chr15:55510000-55520000 at 2863688 pixels/s (cache hit rate 79.62%)...
[2026-04-20 05:38:15.775] [info]: [10000] processing chr16:18230000-18240000 at 2498751 pixels/s (cache hit rate 81.20%)...
[2026-04-20 05:38:19.774] [info]: [10000] processing chr16:89080000-89090000 at 2501251 pixels/s (cache hit rate 76.20%)...
[2026-04-20 05:38:23.696] [info]: [10000] processing chr17:60020000-60030000 at 2549720 pixels/s (cache hit rate 84.21%)...
[2026-04-20 05:38:27.759] [info]: [10000] processing chr18:35610000-35620000 at 2461841 pixels/s (cache hit rate 94.33%)...
[2026-04-20 05:38:31.763] [info]: [10000] processing chr19:34930000-34940000 at 2498126 pixels/s (cache hit rate 98.24%)...
[2026-04-20 05:38:32.934] [warning]: [10000] KR normalization vector is missing. SKIPPING!
[2026-04-20 05:38:34.465] [info]: [10000] DONE! Processed 571784610 pixels across 21 chromosomes in 225.65s
[2026-04-20 05:38:34.472] [info]: DONE! Processed 2 resolution(s) in 652.99s!
[2026-04-20 05:38:34.472] [info]: /expanse/lustre/projects/csd940/zalibhai/stripes/StripeCaller/data/hic/250402/mut_merged.hic size: 6329.18 MB
[2026-04-20 05:38:34.472] [info]: /expanse/lustre/projects/csd940/zalibhai/stripes/stripenn/data/cool/250402/mut_merged.mcool size: 1737.63 MB
[2026-04-20 05:38:34.971] [warning]: replaying the last 2 warning message(s)
[2026-04-20 05:38:34.971] [warning]: [5000] KR normalization vector is missing. SKIPPING!
[2026-04-20 05:38:34.971] [warning]: [10000] KR normalization vector is missing. SKIPPING!
Verifying:
{
    "bin-type": "fixed",
    "format": "HDF5::MCOOL",
    "format-version": 2,
    "resolutions": [
        5000,
        10000
    ]
}

Both files reconverted successfully.
End: Mon Apr 20 05:38:35 PDT 2026
===========================================
