===========================================
Stage 5: Integration & Classification
===========================================
Job ID:     48243274
Node:       exp-17-53
Timepoint:  250831
Resolution: 10000 bp (10 kb)
Start:      Mon Apr 20 18:38:26 PDT 2026
===========================================
Warning messages:
1: package ‘yaml’ was built under R version 4.4.3 
2: package ‘dplyr’ was built under R version 4.4.3 

========================================
Stage 5: Integration & Classification
Timepoint:  250831
Resolution: 10000 bp (10 kb)
========================================

=== Loading Data ===
  Union stripes: 1879
  edgeR results: 1879 stripes

=== Merging Data ===
  Merged: 1879 stripes

=== Direction Classification ===
  FDR threshold:    0.05
  logFC threshold:  0.30
  Tiered: high_fdr=0.10, medium_logfc=0.20

Direction classification:

   gained      lost unchanged 
      401       483       995 

Source x Direction:
              
               gained lost unchanged
  control_only      0  483         0
  mutant_only     401    0         0
  shared            0    0       995

=== Adding Derived Metrics ===

=== Creating BEDPE Output ===

=== Saving Outputs ===
  Saved: 05_final_differential.tsv/rds (1879 stripes)
  Saved: 05_final_differential.bedpe
  Saved: 05_stripes_lost.tsv (483 stripes)
  Saved: 05_stripes_gained.tsv (401 stripes)
  Saved: 05_stripes_unchanged.tsv (995 stripes)
  Saved: 05_summary.txt

========================================
Stage 5 complete.
End: 2026-04-20 18:38:30.152172
========================================

Integration complete. Output: /expanse/lustre/projects/csd940/zalibhai/stripes/stripenn/outputs/250831/res_10kb/05_final_differential.tsv
End: Mon Apr 20 18:38:30 PDT 2026
===========================================
