===========================================
Stage 5: Integration & Classification
===========================================
Job ID:     48243276
Node:       exp-17-53
Timepoint:  250402
Resolution: 10000 bp (10 kb)
Start:      Mon Apr 20 18:38:25 PDT 2026
===========================================
Warning messages:
1: package ‘yaml’ was built under R version 4.4.3 
2: package ‘dplyr’ was built under R version 4.4.3 

========================================
Stage 5: Integration & Classification
Timepoint:  250402
Resolution: 10000 bp (10 kb)
========================================

=== Loading Data ===
  Union stripes: 3566
  edgeR results: 3566 stripes

=== Merging Data ===
  Merged: 3566 stripes

=== Direction Classification ===
  FDR threshold:    0.05
  logFC threshold:  0.30
  Tiered: high_fdr=0.10, medium_logfc=0.20

Direction classification:

   gained      lost unchanged 
      967       766      1833 

Source x Direction:
              
               gained lost unchanged
  control_only      0  766         0
  mutant_only     967    0         0
  shared            0    0      1833

=== Adding Derived Metrics ===

=== Creating BEDPE Output ===

=== Saving Outputs ===
  Saved: 05_final_differential.tsv/rds (3566 stripes)
  Saved: 05_final_differential.bedpe
  Saved: 05_stripes_lost.tsv (766 stripes)
  Saved: 05_stripes_gained.tsv (967 stripes)
  Saved: 05_stripes_unchanged.tsv (1833 stripes)
  Saved: 05_summary.txt

========================================
Stage 5 complete.
End: 2026-04-20 18:38:31.159535
========================================

Integration complete. Output: /expanse/lustre/projects/csd940/zalibhai/stripes/stripenn/outputs/250402/res_10kb/05_final_differential.tsv
End: Mon Apr 20 18:38:31 PDT 2026
===========================================
