===========================================
A3: Epigenomic Validation
===========================================
Job ID:     49835987
Node:       exp-1-44
CPUs:       8
Start:      Wed May 27 22:36:37 PDT 2026
Code dir:   /expanse/lustre/projects/csd940/zalibhai/mariner_hi-c/ML/cmpts
===========================================
Loaded multi_format_output.R - Functions available:
  - save_multiformat_ggplot(plot, base_path, width, height, dpi)
  - save_multiformat_base(plot_expr, base_path, width, height, dpi)
  - save_multiformat_pheatmap(pheatmap_call, base_path, width, height, dpi)
===========================================
A3: Epigenomic Validation
===========================================
CODE_ROOT:  /expanse/lustre/projects/csd940/zalibhai/mariner_hi-c/ML/cmpts
BIGWIG_DIR: /expanse/lustre/projects/csd940/zalibhai/bigwigs
Timepoints: 250402, 250831
Marks:      9 marks x 2 conditions = 18 BigWigs
Output dir: /expanse/lustre/projects/csd940/zalibhai/mariner_hi-c/ML/cmpts/outputs/calder2
Start:      Wed May 27 22:36:46 2026
===========================================

=== Pre-flight validation ===
  All 18 BigWig files found.
  OK: 250402_subcompartment_labels_100kb.tsv (1,792,766 bytes)
  OK: 250831_subcompartment_labels_100kb.tsv (1,787,253 bytes)
  Pre-flight passed.


###################################################
### Timepoint: 250402 (late/adult)
###################################################

=== Loading subcompartment labels ===
  Loaded: 24639 bins total, 23853 callable (both labels present)

=== Extracting signals from 18 BigWigs ===
  [ 1/9] H3K27ac            ctrl=6.8s  mut=3.4s
  [ 2/9] H3K4me3            ctrl=1.4s  mut=1.2s
  [ 3/9] ATAC               ctrl=6.1s  mut=7.2s
  [ 4/9] H3K36me3           ctrl=11.7s  mut=10.3s
  [ 5/9] RNA                ctrl=2.6s  mut=2.1s
  [ 6/9] DNAmethylation     ctrl=3.4s  mut=3.1s
  [ 7/9] H3K27me1           ctrl=3.8s  mut=5.4s
  [ 8/9] H2AK119ub          ctrl=6.9s  mut=6.3s
  [ 9/9] H3K27me3           ctrl=5.1s  mut=3.0s

  Written: 250402_bin_signals.tsv (23853 rows x 26 cols)

=== Computing enrichment ===
Error in fifelse(genome_median > 0, median_signal/genome_median, NA_real_) : 
  Length of 'yes' is 4 but must be 1 or length of 'test' (1).
Calls: compute_enrichment ... FUN -> [ -> [.data.table -> eval -> eval -> fifelse
Execution halted
ERROR: A3_epigenomic_validation.R failed (exit=1).
