===========================================
B1: SNIPER mm10 Crop Map Generation
===========================================
Job ID:     49960597
Node:       exp-10-40
CPUs:       8
Timepoint:  250831
HiC:        /expanse/lustre/projects/csd940/zalibhai/stripes/StripeCaller/data/hic/250831/ctrl_merged.hic
Blacklist:  /expanse/lustre/projects/csd940/zalibhai/mariner_hi-c/tads/mm10-blacklist.v2.bed
Output:     /expanse/lustre/projects/csd940/zalibhai/mariner_hi-c/ML/cmpts/repos/SNIPER/crop_map
Tmp dir:    /expanse/lustre/projects/csd940/zalibhai/sniper/sniper_mm10/dump_cropmap_250831
Start:      Mon Jun  1 16:54:06 PDT 2026
===========================================
WARN [2026-06-01T23:54:11,517]  [Globals.java:138] [main]  Development mode is enabled
WARN [2026-06-01T23:54:14,442]  [Globals.java:138] [main]  Development mode is enabled
WARN [2026-06-01T23:54:16,862]  [Globals.java:138] [main]  Development mode is enabled
WARN [2026-06-01T23:54:19,462]  [Globals.java:138] [main]  Development mode is enabled
WARN [2026-06-01T23:54:21,229]  [Globals.java:138] [main]  Development mode is enabled
WARN [2026-06-01T23:54:23,167]  [Globals.java:138] [main]  Development mode is enabled
WARN [2026-06-01T23:54:25,465]  [Globals.java:138] [main]  Development mode is enabled
WARN [2026-06-01T23:54:28,223]  [Globals.java:138] [main]  Development mode is enabled
WARN [2026-06-01T23:54:29,940]  [Globals.java:138] [main]  Development mode is enabled
WARN [2026-06-01T23:54:32,223]  [Globals.java:138] [main]  Development mode is enabled
WARN [2026-06-01T23:54:45,805]  [Globals.java:138] [main]  Development mode is enabled
WARN [2026-06-01T23:54:47,864]  [Globals.java:138] [main]  Development mode is enabled
WARN [2026-06-01T23:54:50,567]  [Globals.java:138] [main]  Development mode is enabled
WARN [2026-06-01T23:54:52,501]  [Globals.java:138] [main]  Development mode is enabled
WARN [2026-06-01T23:54:55,009]  [Globals.java:138] [main]  Development mode is enabled
WARN [2026-06-01T23:54:56,661]  [Globals.java:138] [main]  Development mode is enabled
WARN [2026-06-01T23:55:09,563]  [Globals.java:138] [main]  Development mode is enabled
WARN [2026-06-01T23:55:11,635]  [Globals.java:138] [main]  Development mode is enabled
WARN [2026-06-01T23:55:13,155]  [Globals.java:138] [main]  Development mode is enabled
WARN [2026-06-01T23:55:14,955]  [Globals.java:138] [main]  Development mode is enabled
WARN [2026-06-01T23:55:16,625]  [Globals.java:138] [main]  Development mode is enabled
WARN [2026-06-01T23:55:19,083]  [Globals.java:138] [main]  Development mode is enabled
WARN [2026-06-01T23:55:20,711]  [Globals.java:138] [main]  Development mode is enabled
WARN [2026-06-01T23:55:22,867]  [Globals.java:138] [main]  Development mode is enabled
WARN [2026-06-01T23:55:24,710]  [Globals.java:138] [main]  Development mode is enabled
WARN [2026-06-01T23:55:26,316]  [Globals.java:138] [main]  Development mode is enabled
WARN [2026-06-01T23:55:28,111]  [Globals.java:138] [main]  Development mode is enabled
WARN [2026-06-01T23:55:29,798]  [Globals.java:138] [main]  Development mode is enabled
WARN [2026-06-01T23:55:31,470]  [Globals.java:138] [main]  Development mode is enabled
WARN [2026-06-01T23:55:33,551]  [Globals.java:138] [main]  Development mode is enabled
WARN [2026-06-01T23:55:35,157]  [Globals.java:138] [main]  Development mode is enabled
WARN [2026-06-01T23:55:36,729]  [Globals.java:138] [main]  Development mode is enabled
WARN [2026-06-01T23:55:38,261]  [Globals.java:138] [main]  Development mode is enabled
WARN [2026-06-01T23:55:39,932]  [Globals.java:138] [main]  Development mode is enabled
WARN [2026-06-01T23:55:41,741]  [Globals.java:138] [main]  Development mode is enabled
WARN [2026-06-01T23:55:43,250]  [Globals.java:138] [main]  Development mode is enabled
WARN [2026-06-01T23:55:44,730]  [Globals.java:138] [main]  Development mode is enabled
WARN [2026-06-01T23:56:15,730]  [Globals.java:138] [main]  Development mode is enabled
WARN [2026-06-01T23:56:17,397]  [Globals.java:138] [main]  Development mode is enabled
WARN [2026-06-01T23:56:23,636]  [Globals.java:138] [main]  Development mode is enabled
WARN [2026-06-01T23:56:25,589]  [Globals.java:138] [main]  Development mode is enabled
WARN [2026-06-01T23:56:27,497]  [Globals.java:138] [main]  Development mode is enabled
WARN [2026-06-01T23:56:28,996]  [Globals.java:138] [main]  Development mode is enabled
WARN [2026-06-01T23:56:30,694]  [Globals.java:138] [main]  Development mode is enabled
WARN [2026-06-01T23:56:33,079]  [Globals.java:138] [main]  Development mode is enabled
WARN [2026-06-01T23:56:35,449]  [Globals.java:138] [main]  Development mode is enabled
WARN [2026-06-01T23:56:37,224]  [Globals.java:138] [main]  Development mode is enabled
[33mWARNING:[0m Could not lookup the current user's information: user: unknown userid 540820
[31mFATAL:  [0m Couldn't determine user account information: user: unknown userid 540820
WARN [2026-06-01T23:56:53,295]  [Globals.java:138] [main]  Development mode is enabled
WARN [2026-06-01T23:56:54,826]  [Globals.java:138] [main]  Development mode is enabled
WARN [2026-06-01T23:56:56,378]  [Globals.java:138] [main]  Development mode is enabled
WARN [2026-06-01T23:56:58,368]  [Globals.java:138] [main]  Development mode is enabled
WARN [2026-06-01T23:56:59,897]  [Globals.java:138] [main]  Development mode is enabled
WARN [2026-06-01T23:57:01,577]  [Globals.java:138] [main]  Development mode is enabled
WARN [2026-06-01T23:57:02,998]  [Globals.java:138] [main]  Development mode is enabled
WARN [2026-06-01T23:57:05,243]  [Globals.java:138] [main]  Development mode is enabled
WARN [2026-06-01T23:57:06,874]  [Globals.java:138] [main]  Development mode is enabled
WARN [2026-06-01T23:57:08,968]  [Globals.java:138] [main]  Development mode is enabled
WARN [2026-06-01T23:57:10,600]  [Globals.java:138] [main]  Development mode is enabled
WARN [2026-06-01T23:57:12,112]  [Globals.java:138] [main]  Development mode is enabled
WARN [2026-06-01T23:57:13,708]  [Globals.java:138] [main]  Development mode is enabled
WARN [2026-06-01T23:57:15,200]  [Globals.java:138] [main]  Development mode is enabled
WARN [2026-06-01T23:57:16,702]  [Globals.java:138] [main]  Development mode is enabled
WARN [2026-06-01T23:57:18,158]  [Globals.java:138] [main]  Development mode is enabled
WARN [2026-06-01T23:57:20,042]  [Globals.java:138] [main]  Development mode is enabled
WARN [2026-06-01T23:57:21,811]  [Globals.java:138] [main]  Development mode is enabled
WARN [2026-06-01T23:57:23,504]  [Globals.java:138] [main]  Development mode is enabled
WARN [2026-06-01T23:57:25,197]  [Globals.java:138] [main]  Development mode is enabled
WARN [2026-06-01T23:57:26,708]  [Globals.java:138] [main]  Development mode is enabled
WARN [2026-06-01T23:57:28,170]  [Globals.java:138] [main]  Development mode is enabled
WARN [2026-06-01T23:57:29,623]  [Globals.java:138] [main]  Development mode is enabled
WARN [2026-06-01T23:57:31,041]  [Globals.java:138] [main]  Development mode is enabled
WARN [2026-06-01T23:57:32,416]  [Globals.java:138] [main]  Development mode is enabled
WARN [2026-06-01T23:57:33,994]  [Globals.java:138] [main]  Development mode is enabled
WARN [2026-06-01T23:57:35,571]  [Globals.java:138] [main]  Development mode is enabled
WARN [2026-06-01T23:57:37,305]  [Globals.java:138] [main]  Development mode is enabled
WARN [2026-06-01T23:57:38,989]  [Globals.java:138] [main]  Development mode is enabled
WARN [2026-06-01T23:57:40,499]  [Globals.java:138] [main]  Development mode is enabled
WARN [2026-06-01T23:57:42,336]  [Globals.java:138] [main]  Development mode is enabled
WARN [2026-06-01T23:57:43,888]  [Globals.java:138] [main]  Development mode is enabled
WARN [2026-06-01T23:57:45,774]  [Globals.java:138] [main]  Development mode is enabled
WARN [2026-06-01T23:57:47,138]  [Globals.java:138] [main]  Development mode is enabled
WARN [2026-06-01T23:57:48,606]  [Globals.java:138] [main]  Development mode is enabled
WARN [2026-06-01T23:57:50,056]  [Globals.java:138] [main]  Development mode is enabled
WARN [2026-06-01T23:57:52,004]  [Globals.java:138] [main]  Development mode is enabled
WARN [2026-06-01T23:57:53,431]  [Globals.java:138] [main]  Development mode is enabled
WARN [2026-06-01T23:57:54,787]  [Globals.java:138] [main]  Development mode is enabled
WARN [2026-06-01T23:57:56,134]  [Globals.java:138] [main]  Development mode is enabled
WARN [2026-06-01T23:57:58,012]  [Globals.java:138] [main]  Development mode is enabled
WARN [2026-06-01T23:57:59,531]  [Globals.java:138] [main]  Development mode is enabled
=========================================
B1: mm10 Crop Map Generation
=========================================
  HiC:       /expanse/lustre/projects/csd940/zalibhai/stripes/StripeCaller/data/hic/250831/ctrl_merged.hic
  Blacklist: /expanse/lustre/projects/csd940/zalibhai/mariner_hi-c/tads/mm10-blacklist.v2.bed
  Output:    /expanse/lustre/projects/csd940/zalibhai/mariner_hi-c/ML/cmpts/repos/SNIPER/crop_map
  Tmp dir:   /expanse/lustre/projects/csd940/zalibhai/sniper/sniper_mm10/dump_cropmap_250831
  Sizes:     /expanse/lustre/projects/csd940/zalibhai/mariner_hi-c/ML/cmpts/repos/SNIPER/data/mm10.chrom.sizes
  Overwrite: False

Step 1: Dumping inter-chromosomal contacts (90 pairs)...
  Dumped 10/90 chromosome pairs
  Dumped 20/90 chromosome pairs
  Dumped 30/90 chromosome pairs
  Dumped 40/90 chromosome pairs
WARNING: empty dump for chr11 x chr6
  Dumped 50/90 chromosome pairs
  Dumped 60/90 chromosome pairs
  Dumped 70/90 chromosome pairs
  Dumped 80/90 chromosome pairs
  Dumped 90/90 chromosome pairs
  Dump complete: 90/90 pairs
  Dump inventory: 89 files, 89 non-empty
  Missing files: ['cropmap_chrm11_chrm6.txt']
Step 2: Building inter-chromosomal matrix...
Building inter-chromosomal matrix...
WARNING: cropmap_chrm11_chrm6.txt missing or empty, using zeros
  Matrix shape: (12808, 11831)
Step 3: Computing coverage filter...
  Coverage filter:
    Row threshold (1st pctile): 0.0000
    Col threshold (1st pctile): 0.0000
    Sparse rows: 332
    Sparse cols: 324
Step 4: Computing blacklist filter...
  Blacklist filter:
    Blacklisted rows: 2031
    Blacklisted cols: 2323
Step 5: Building crop map arrays...
Step 6: Saving crop map files...
  Saved: /expanse/lustre/projects/csd940/zalibhai/mariner_hi-c/ML/cmpts/repos/SNIPER/crop_map/mm10_cropMap_250831.mat
  Saved: /expanse/lustre/projects/csd940/zalibhai/mariner_hi-c/ML/cmpts/repos/SNIPER/crop_map/mm10_cropIndices_250831.mat

=========================================
mm10 crop map generated successfully.
  Odd bins:  10686 retained / 12808 total (83.4%)
  Even bins: 9462 retained / 11831 total (80.0%)
  Excluded rows: 332 sparse + 2031 blacklist = 2122 total
  Excluded cols: 324 sparse + 2323 blacklist = 2369 total
  rowMap shape: (10686, 3)
  colMap shape: (9462, 3)
=========================================

End: Mon Jun  1 16:58:35 PDT 2026
===========================================
