===========================================
B1: SNIPER mm10 Crop Map Generation
===========================================
Job ID:     49960598
Node:       exp-10-41
CPUs:       8
Timepoint:  250402
HiC:        /expanse/lustre/projects/csd940/zalibhai/stripes/StripeCaller/data/hic/250402/ctrl_merged.hic
Blacklist:  /expanse/lustre/projects/csd940/zalibhai/mariner_hi-c/tads/mm10-blacklist.v2.bed
Output:     /expanse/lustre/projects/csd940/zalibhai/mariner_hi-c/ML/cmpts/repos/SNIPER/crop_map
Tmp dir:    /expanse/lustre/projects/csd940/zalibhai/sniper/sniper_mm10/dump_cropmap_250402
Start:      Mon Jun  1 16:54:05 PDT 2026
===========================================
WARN [2026-06-01T23:54:11,526]  [Globals.java:138] [main]  Development mode is enabled
WARN [2026-06-01T23:54:13,424]  [Globals.java:138] [main]  Development mode is enabled
WARN [2026-06-01T23:54:15,252]  [Globals.java:138] [main]  Development mode is enabled
WARN [2026-06-01T23:54:17,500]  [Globals.java:138] [main]  Development mode is enabled
WARN [2026-06-01T23:54:20,348]  [Globals.java:138] [main]  Development mode is enabled
WARN [2026-06-01T23:54:22,194]  [Globals.java:138] [main]  Development mode is enabled
WARN [2026-06-01T23:54:23,780]  [Globals.java:138] [main]  Development mode is enabled
WARN [2026-06-01T23:54:25,497]  [Globals.java:138] [main]  Development mode is enabled
WARN [2026-06-01T23:54:27,240]  [Globals.java:138] [main]  Development mode is enabled
WARN [2026-06-01T23:54:29,445]  [Globals.java:138] [main]  Development mode is enabled
WARN [2026-06-01T23:54:31,153]  [Globals.java:138] [main]  Development mode is enabled
WARN [2026-06-01T23:54:32,897]  [Globals.java:138] [main]  Development mode is enabled
WARN [2026-06-01T23:54:35,097]  [Globals.java:138] [main]  Development mode is enabled
WARN [2026-06-01T23:54:36,893]  [Globals.java:138] [main]  Development mode is enabled
WARN [2026-06-01T23:54:39,391]  [Globals.java:138] [main]  Development mode is enabled
WARN [2026-06-01T23:54:47,400]  [Globals.java:138] [main]  Development mode is enabled
WARN [2026-06-01T23:54:49,197]  [Globals.java:138] [main]  Development mode is enabled
WARN [2026-06-01T23:54:50,597]  [Globals.java:138] [main]  Development mode is enabled
WARN [2026-06-01T23:54:51,916]  [Globals.java:138] [main]  Development mode is enabled
WARN [2026-06-01T23:54:53,490]  [Globals.java:138] [main]  Development mode is enabled
WARN [2026-06-01T23:54:57,873]  [Globals.java:138] [main]  Development mode is enabled
WARN [2026-06-01T23:55:23,666]  [Globals.java:138] [main]  Development mode is enabled
WARN [2026-06-01T23:55:25,496]  [Globals.java:138] [main]  Development mode is enabled
WARN [2026-06-01T23:55:27,307]  [Globals.java:138] [main]  Development mode is enabled
WARN [2026-06-01T23:55:28,822]  [Globals.java:138] [main]  Development mode is enabled
WARN [2026-06-01T23:55:30,575]  [Globals.java:138] [main]  Development mode is enabled
WARN [2026-06-01T23:55:32,024]  [Globals.java:138] [main]  Development mode is enabled
WARN [2026-06-01T23:55:33,462]  [Globals.java:138] [main]  Development mode is enabled
WARN [2026-06-01T23:55:35,331]  [Globals.java:138] [main]  Development mode is enabled
WARN [2026-06-01T23:55:37,299]  [Globals.java:138] [main]  Development mode is enabled
WARN [2026-06-01T23:55:38,934]  [Globals.java:138] [main]  Development mode is enabled
WARN [2026-06-01T23:55:40,450]  [Globals.java:138] [main]  Development mode is enabled
WARN [2026-06-01T23:55:41,924]  [Globals.java:138] [main]  Development mode is enabled
WARN [2026-06-01T23:55:43,820]  [Globals.java:138] [main]  Development mode is enabled
WARN [2026-06-01T23:55:45,369]  [Globals.java:138] [main]  Development mode is enabled
WARN [2026-06-01T23:55:46,738]  [Globals.java:138] [main]  Development mode is enabled
WARN [2026-06-01T23:55:48,240]  [Globals.java:138] [main]  Development mode is enabled
WARN [2026-06-01T23:55:50,548]  [Globals.java:138] [main]  Development mode is enabled
WARN [2026-06-01T23:55:52,013]  [Globals.java:138] [main]  Development mode is enabled
WARN [2026-06-01T23:55:53,462]  [Globals.java:138] [main]  Development mode is enabled
WARN [2026-06-01T23:55:54,879]  [Globals.java:138] [main]  Development mode is enabled
WARN [2026-06-01T23:55:56,617]  [Globals.java:138] [main]  Development mode is enabled
WARN [2026-06-01T23:55:57,997]  [Globals.java:138] [main]  Development mode is enabled
WARN [2026-06-01T23:55:59,439]  [Globals.java:138] [main]  Development mode is enabled
WARN [2026-06-01T23:56:01,152]  [Globals.java:138] [main]  Development mode is enabled
WARN [2026-06-01T23:56:02,502]  [Globals.java:138] [main]  Development mode is enabled
WARN [2026-06-01T23:56:04,318]  [Globals.java:138] [main]  Development mode is enabled
WARN [2026-06-01T23:56:06,083]  [Globals.java:138] [main]  Development mode is enabled
WARN [2026-06-01T23:56:07,911]  [Globals.java:138] [main]  Development mode is enabled
WARN [2026-06-01T23:56:09,661]  [Globals.java:138] [main]  Development mode is enabled
WARN [2026-06-01T23:56:11,018]  [Globals.java:138] [main]  Development mode is enabled
WARN [2026-06-01T23:56:12,478]  [Globals.java:138] [main]  Development mode is enabled
WARN [2026-06-01T23:56:13,887]  [Globals.java:138] [main]  Development mode is enabled
WARN [2026-06-01T23:56:15,446]  [Globals.java:138] [main]  Development mode is enabled
WARN [2026-06-01T23:56:16,992]  [Globals.java:138] [main]  Development mode is enabled
WARN [2026-06-01T23:56:18,518]  [Globals.java:138] [main]  Development mode is enabled
WARN [2026-06-01T23:56:20,008]  [Globals.java:138] [main]  Development mode is enabled
WARN [2026-06-01T23:56:21,719]  [Globals.java:138] [main]  Development mode is enabled
WARN [2026-06-01T23:56:23,111]  [Globals.java:138] [main]  Development mode is enabled
WARN [2026-06-01T23:56:24,509]  [Globals.java:138] [main]  Development mode is enabled
WARN [2026-06-01T23:56:25,958]  [Globals.java:138] [main]  Development mode is enabled
WARN [2026-06-01T23:56:27,533]  [Globals.java:138] [main]  Development mode is enabled
WARN [2026-06-01T23:56:28,846]  [Globals.java:138] [main]  Development mode is enabled
WARN [2026-06-01T23:56:30,580]  [Globals.java:138] [main]  Development mode is enabled
WARN [2026-06-01T23:56:32,082]  [Globals.java:138] [main]  Development mode is enabled
WARN [2026-06-01T23:56:33,888]  [Globals.java:138] [main]  Development mode is enabled
WARN [2026-06-01T23:56:35,242]  [Globals.java:138] [main]  Development mode is enabled
WARN [2026-06-01T23:56:37,008]  [Globals.java:138] [main]  Development mode is enabled
[33mWARNING:[0m Could not lookup the current user's information: user: unknown userid 540820
[31mFATAL:  [0m Couldn't determine user account information: user: unknown userid 540820
WARN [2026-06-01T23:56:53,366]  [Globals.java:138] [main]  Development mode is enabled
WARN [2026-06-01T23:56:54,739]  [Globals.java:138] [main]  Development mode is enabled
WARN [2026-06-01T23:56:56,038]  [Globals.java:138] [main]  Development mode is enabled
WARN [2026-06-01T23:56:57,391]  [Globals.java:138] [main]  Development mode is enabled
WARN [2026-06-01T23:56:58,863]  [Globals.java:138] [main]  Development mode is enabled
WARN [2026-06-01T23:57:00,261]  [Globals.java:138] [main]  Development mode is enabled
WARN [2026-06-01T23:57:01,627]  [Globals.java:138] [main]  Development mode is enabled
WARN [2026-06-01T23:57:03,405]  [Globals.java:138] [main]  Development mode is enabled
WARN [2026-06-01T23:57:04,849]  [Globals.java:138] [main]  Development mode is enabled
WARN [2026-06-01T23:57:06,199]  [Globals.java:138] [main]  Development mode is enabled
WARN [2026-06-01T23:57:07,587]  [Globals.java:138] [main]  Development mode is enabled
WARN [2026-06-01T23:57:08,873]  [Globals.java:138] [main]  Development mode is enabled
WARN [2026-06-01T23:57:10,157]  [Globals.java:138] [main]  Development mode is enabled
WARN [2026-06-01T23:57:11,743]  [Globals.java:138] [main]  Development mode is enabled
WARN [2026-06-01T23:57:13,313]  [Globals.java:138] [main]  Development mode is enabled
WARN [2026-06-01T23:57:14,674]  [Globals.java:138] [main]  Development mode is enabled
WARN [2026-06-01T23:57:15,945]  [Globals.java:138] [main]  Development mode is enabled
WARN [2026-06-01T23:57:17,186]  [Globals.java:138] [main]  Development mode is enabled
WARN [2026-06-01T23:57:18,431]  [Globals.java:138] [main]  Development mode is enabled
WARN [2026-06-01T23:57:19,767]  [Globals.java:138] [main]  Development mode is enabled
WARN [2026-06-01T23:57:21,019]  [Globals.java:138] [main]  Development mode is enabled
=========================================
B1: mm10 Crop Map Generation
=========================================
  HiC:       /expanse/lustre/projects/csd940/zalibhai/stripes/StripeCaller/data/hic/250402/ctrl_merged.hic
  Blacklist: /expanse/lustre/projects/csd940/zalibhai/mariner_hi-c/tads/mm10-blacklist.v2.bed
  Output:    /expanse/lustre/projects/csd940/zalibhai/mariner_hi-c/ML/cmpts/repos/SNIPER/crop_map
  Tmp dir:   /expanse/lustre/projects/csd940/zalibhai/sniper/sniper_mm10/dump_cropmap_250402
  Sizes:     /expanse/lustre/projects/csd940/zalibhai/mariner_hi-c/ML/cmpts/repos/SNIPER/data/mm10.chrom.sizes
  Overwrite: False

Step 1: Dumping inter-chromosomal contacts (90 pairs)...
  Dumped 10/90 chromosome pairs
  Dumped 20/90 chromosome pairs
  Dumped 30/90 chromosome pairs
  Dumped 40/90 chromosome pairs
  Dumped 50/90 chromosome pairs
  Dumped 60/90 chromosome pairs
WARNING: empty dump for chr15 x chr12
  Dumped 70/90 chromosome pairs
  Dumped 80/90 chromosome pairs
  Dumped 90/90 chromosome pairs
  Dump complete: 90/90 pairs
  Dump inventory: 90 files, 89 non-empty
  Empty files:   ['cropmap_chrm15_chrm12.txt']
Step 2: Building inter-chromosomal matrix...
Building inter-chromosomal matrix...
WARNING: cropmap_chrm15_chrm12.txt missing or empty, using zeros
  Matrix shape: (12808, 11831)
Step 3: Computing coverage filter...
  Coverage filter:
    Row threshold (1st pctile): 0.0000
    Col threshold (1st pctile): 0.0000
    Sparse rows: 332
    Sparse cols: 322
Step 4: Computing blacklist filter...
  Blacklist filter:
    Blacklisted rows: 2031
    Blacklisted cols: 2323
Step 5: Building crop map arrays...
Step 6: Saving crop map files...
  Saved: /expanse/lustre/projects/csd940/zalibhai/mariner_hi-c/ML/cmpts/repos/SNIPER/crop_map/mm10_cropMap_250402.mat
  Saved: /expanse/lustre/projects/csd940/zalibhai/mariner_hi-c/ML/cmpts/repos/SNIPER/crop_map/mm10_cropIndices_250402.mat

=========================================
mm10 crop map generated successfully.
  Odd bins:  10686 retained / 12808 total (83.4%)
  Even bins: 9463 retained / 11831 total (80.0%)
  Excluded rows: 332 sparse + 2031 blacklist = 2122 total
  Excluded cols: 322 sparse + 2323 blacklist = 2368 total
  rowMap shape: (10686, 3)
  colMap shape: (9463, 3)
=========================================

End: Mon Jun  1 16:57:48 PDT 2026
===========================================
