===========================================
B1: SNIPER mm10 Crop Map Generation
===========================================
Job ID:     49937182
Node:       exp-13-44
CPUs:       8
Timepoint:  250402
HiC:        /expanse/lustre/projects/csd940/zalibhai/stripes/StripeCaller/data/hic/250402/ctrl_merged.hic
Blacklist:  /expanse/lustre/projects/csd940/zalibhai/mariner_hi-c/tads/mm10-blacklist.v2.bed
Output:     /expanse/lustre/projects/csd940/zalibhai/mariner_hi-c/ML/cmpts/repos/SNIPER/crop_map
Tmp dir:    /expanse/lustre/projects/csd940/zalibhai/sniper/sniper_mm10/dump_cropmap_250402
Start:      Sun May 31 23:44:27 PDT 2026
===========================================
WARN [2026-06-01T06:44:31,621]  [Globals.java:138] [main]  Development mode is enabled
WARN [2026-06-01T06:44:32,754]  [Globals.java:138] [main]  Development mode is enabled
WARN [2026-06-01T06:44:33,713]  [Globals.java:138] [main]  Development mode is enabled
WARN [2026-06-01T06:44:34,642]  [Globals.java:138] [main]  Development mode is enabled
WARN [2026-06-01T06:44:35,604]  [Globals.java:138] [main]  Development mode is enabled
WARN [2026-06-01T06:44:36,524]  [Globals.java:138] [main]  Development mode is enabled
WARN [2026-06-01T06:44:37,462]  [Globals.java:138] [main]  Development mode is enabled
WARN [2026-06-01T06:44:38,397]  [Globals.java:138] [main]  Development mode is enabled
WARN [2026-06-01T06:44:39,355]  [Globals.java:138] [main]  Development mode is enabled
WARN [2026-06-01T06:44:40,306]  [Globals.java:138] [main]  Development mode is enabled
WARN [2026-06-01T06:44:41,320]  [Globals.java:138] [main]  Development mode is enabled
WARN [2026-06-01T06:44:42,306]  [Globals.java:138] [main]  Development mode is enabled
WARN [2026-06-01T06:44:43,255]  [Globals.java:138] [main]  Development mode is enabled
WARN [2026-06-01T06:44:44,193]  [Globals.java:138] [main]  Development mode is enabled
WARN [2026-06-01T06:44:45,116]  [Globals.java:138] [main]  Development mode is enabled
WARN [2026-06-01T06:44:46,050]  [Globals.java:138] [main]  Development mode is enabled
WARN [2026-06-01T06:44:46,976]  [Globals.java:138] [main]  Development mode is enabled
WARN [2026-06-01T06:44:47,903]  [Globals.java:138] [main]  Development mode is enabled
WARN [2026-06-01T06:44:48,852]  [Globals.java:138] [main]  Development mode is enabled
WARN [2026-06-01T06:44:49,805]  [Globals.java:138] [main]  Development mode is enabled
WARN [2026-06-01T06:44:50,730]  [Globals.java:138] [main]  Development mode is enabled
WARN [2026-06-01T06:44:51,676]  [Globals.java:138] [main]  Development mode is enabled
WARN [2026-06-01T06:44:52,612]  [Globals.java:138] [main]  Development mode is enabled
WARN [2026-06-01T06:44:53,560]  [Globals.java:138] [main]  Development mode is enabled
WARN [2026-06-01T06:44:54,484]  [Globals.java:138] [main]  Development mode is enabled
WARN [2026-06-01T06:44:55,443]  [Globals.java:138] [main]  Development mode is enabled
WARN [2026-06-01T06:44:56,358]  [Globals.java:138] [main]  Development mode is enabled
WARN [2026-06-01T06:44:57,288]  [Globals.java:138] [main]  Development mode is enabled
WARN [2026-06-01T06:44:58,224]  [Globals.java:138] [main]  Development mode is enabled
WARN [2026-06-01T06:44:59,165]  [Globals.java:138] [main]  Development mode is enabled
WARN [2026-06-01T06:45:00,128]  [Globals.java:138] [main]  Development mode is enabled
WARN [2026-06-01T06:45:01,106]  [Globals.java:138] [main]  Development mode is enabled
WARN [2026-06-01T06:45:02,070]  [Globals.java:138] [main]  Development mode is enabled
WARN [2026-06-01T06:45:03,006]  [Globals.java:138] [main]  Development mode is enabled
WARN [2026-06-01T06:45:03,906]  [Globals.java:138] [main]  Development mode is enabled
WARN [2026-06-01T06:45:04,814]  [Globals.java:138] [main]  Development mode is enabled
WARN [2026-06-01T06:45:05,770]  [Globals.java:138] [main]  Development mode is enabled
WARN [2026-06-01T06:45:06,685]  [Globals.java:138] [main]  Development mode is enabled
WARN [2026-06-01T06:45:07,636]  [Globals.java:138] [main]  Development mode is enabled
WARN [2026-06-01T06:45:08,552]  [Globals.java:138] [main]  Development mode is enabled
WARN [2026-06-01T06:45:09,550]  [Globals.java:138] [main]  Development mode is enabled
WARN [2026-06-01T06:45:10,522]  [Globals.java:138] [main]  Development mode is enabled
WARN [2026-06-01T06:45:11,451]  [Globals.java:138] [main]  Development mode is enabled
WARN [2026-06-01T06:45:12,361]  [Globals.java:138] [main]  Development mode is enabled
WARN [2026-06-01T06:45:13,264]  [Globals.java:138] [main]  Development mode is enabled
WARN [2026-06-01T06:45:14,204]  [Globals.java:138] [main]  Development mode is enabled
WARN [2026-06-01T06:45:15,133]  [Globals.java:138] [main]  Development mode is enabled
WARN [2026-06-01T06:45:16,059]  [Globals.java:138] [main]  Development mode is enabled
WARN [2026-06-01T06:45:16,964]  [Globals.java:138] [main]  Development mode is enabled
WARN [2026-06-01T06:45:17,877]  [Globals.java:138] [main]  Development mode is enabled
WARN [2026-06-01T06:45:18,814]  [Globals.java:138] [main]  Development mode is enabled
WARN [2026-06-01T06:45:19,738]  [Globals.java:138] [main]  Development mode is enabled
WARN [2026-06-01T06:45:20,646]  [Globals.java:138] [main]  Development mode is enabled
WARN [2026-06-01T06:45:21,583]  [Globals.java:138] [main]  Development mode is enabled
WARN [2026-06-01T06:45:22,451]  [Globals.java:138] [main]  Development mode is enabled
WARN [2026-06-01T06:45:23,387]  [Globals.java:138] [main]  Development mode is enabled
WARN [2026-06-01T06:45:24,296]  [Globals.java:138] [main]  Development mode is enabled
WARN [2026-06-01T06:45:25,172]  [Globals.java:138] [main]  Development mode is enabled
WARN [2026-06-01T06:45:26,106]  [Globals.java:138] [main]  Development mode is enabled
WARN [2026-06-01T06:45:27,018]  [Globals.java:138] [main]  Development mode is enabled
WARN [2026-06-01T06:45:27,965]  [Globals.java:138] [main]  Development mode is enabled
WARN [2026-06-01T06:45:29,141]  [Globals.java:138] [main]  Development mode is enabled
WARN [2026-06-01T06:45:30,026]  [Globals.java:138] [main]  Development mode is enabled
WARN [2026-06-01T06:45:30,924]  [Globals.java:138] [main]  Development mode is enabled
WARN [2026-06-01T06:45:31,858]  [Globals.java:138] [main]  Development mode is enabled
WARN [2026-06-01T06:45:32,777]  [Globals.java:138] [main]  Development mode is enabled
WARN [2026-06-01T06:45:33,698]  [Globals.java:138] [main]  Development mode is enabled
WARN [2026-06-01T06:45:34,613]  [Globals.java:138] [main]  Development mode is enabled
WARN [2026-06-01T06:45:35,545]  [Globals.java:138] [main]  Development mode is enabled
WARN [2026-06-01T06:45:36,485]  [Globals.java:138] [main]  Development mode is enabled
WARN [2026-06-01T06:45:37,405]  [Globals.java:138] [main]  Development mode is enabled
WARN [2026-06-01T06:45:38,362]  [Globals.java:138] [main]  Development mode is enabled
WARN [2026-06-01T06:45:39,329]  [Globals.java:138] [main]  Development mode is enabled
WARN [2026-06-01T06:45:40,235]  [Globals.java:138] [main]  Development mode is enabled
WARN [2026-06-01T06:45:41,130]  [Globals.java:138] [main]  Development mode is enabled
WARN [2026-06-01T06:45:42,075]  [Globals.java:138] [main]  Development mode is enabled
WARN [2026-06-01T06:45:42,964]  [Globals.java:138] [main]  Development mode is enabled
WARN [2026-06-01T06:45:43,896]  [Globals.java:138] [main]  Development mode is enabled
WARN [2026-06-01T06:45:44,815]  [Globals.java:138] [main]  Development mode is enabled
WARN [2026-06-01T06:45:45,743]  [Globals.java:138] [main]  Development mode is enabled
WARN [2026-06-01T06:45:46,670]  [Globals.java:138] [main]  Development mode is enabled
WARN [2026-06-01T06:45:47,599]  [Globals.java:138] [main]  Development mode is enabled
WARN [2026-06-01T06:45:48,580]  [Globals.java:138] [main]  Development mode is enabled
WARN [2026-06-01T06:45:49,462]  [Globals.java:138] [main]  Development mode is enabled
WARN [2026-06-01T06:45:50,335]  [Globals.java:138] [main]  Development mode is enabled
WARN [2026-06-01T06:45:51,213]  [Globals.java:138] [main]  Development mode is enabled
WARN [2026-06-01T06:45:52,182]  [Globals.java:138] [main]  Development mode is enabled
WARN [2026-06-01T06:45:53,088]  [Globals.java:138] [main]  Development mode is enabled
WARN [2026-06-01T06:45:54,011]  [Globals.java:138] [main]  Development mode is enabled
WARN [2026-06-01T06:45:54,923]  [Globals.java:138] [main]  Development mode is enabled
=========================================
B1: mm10 Crop Map Generation
=========================================
  HiC:       /expanse/lustre/projects/csd940/zalibhai/stripes/StripeCaller/data/hic/250402/ctrl_merged.hic
  Blacklist: /expanse/lustre/projects/csd940/zalibhai/mariner_hi-c/tads/mm10-blacklist.v2.bed
  Output:    /expanse/lustre/projects/csd940/zalibhai/mariner_hi-c/ML/cmpts/repos/SNIPER/crop_map
  Tmp dir:   /expanse/lustre/projects/csd940/zalibhai/sniper/sniper_mm10/dump_cropmap_250402
  Sizes:     /expanse/lustre/projects/csd940/zalibhai/mariner_hi-c/ML/cmpts/repos/SNIPER/data/mm10.chrom.sizes
  Overwrite: False

Step 1: Dumping inter-chromosomal contacts (90 pairs)...
WARNING: empty dump for chr1 x chr2
WARNING: empty dump for chr1 x chr4
WARNING: empty dump for chr1 x chr6
WARNING: empty dump for chr1 x chr8
WARNING: empty dump for chr1 x chr10
WARNING: empty dump for chr1 x chr12
WARNING: empty dump for chr1 x chr14
WARNING: empty dump for chr1 x chr16
WARNING: empty dump for chr1 x chr18
WARNING: empty dump for chr3 x chr2
  Dumped 10/90 chromosome pairs
WARNING: empty dump for chr3 x chr4
WARNING: empty dump for chr3 x chr6
WARNING: empty dump for chr3 x chr8
WARNING: empty dump for chr3 x chr10
WARNING: empty dump for chr3 x chr12
WARNING: empty dump for chr3 x chr14
WARNING: empty dump for chr3 x chr16
WARNING: empty dump for chr3 x chr18
WARNING: empty dump for chr5 x chr2
WARNING: empty dump for chr5 x chr4
  Dumped 20/90 chromosome pairs
WARNING: empty dump for chr5 x chr6
WARNING: empty dump for chr5 x chr8
WARNING: empty dump for chr5 x chr10
WARNING: empty dump for chr5 x chr12
WARNING: empty dump for chr5 x chr14
WARNING: empty dump for chr5 x chr16
WARNING: empty dump for chr5 x chr18
WARNING: empty dump for chr7 x chr2
WARNING: empty dump for chr7 x chr4
WARNING: empty dump for chr7 x chr6
  Dumped 30/90 chromosome pairs
WARNING: empty dump for chr7 x chr8
WARNING: empty dump for chr7 x chr10
WARNING: empty dump for chr7 x chr12
WARNING: empty dump for chr7 x chr14
WARNING: empty dump for chr7 x chr16
WARNING: empty dump for chr7 x chr18
WARNING: empty dump for chr9 x chr2
WARNING: empty dump for chr9 x chr4
WARNING: empty dump for chr9 x chr6
WARNING: empty dump for chr9 x chr8
  Dumped 40/90 chromosome pairs
WARNING: empty dump for chr9 x chr10
WARNING: empty dump for chr9 x chr12
WARNING: empty dump for chr9 x chr14
WARNING: empty dump for chr9 x chr16
WARNING: empty dump for chr9 x chr18
WARNING: empty dump for chr11 x chr2
WARNING: empty dump for chr11 x chr4
WARNING: empty dump for chr11 x chr6
WARNING: empty dump for chr11 x chr8
WARNING: empty dump for chr11 x chr10
  Dumped 50/90 chromosome pairs
WARNING: empty dump for chr11 x chr12
WARNING: empty dump for chr11 x chr14
WARNING: empty dump for chr11 x chr16
WARNING: empty dump for chr11 x chr18
WARNING: empty dump for chr13 x chr2
WARNING: empty dump for chr13 x chr4
WARNING: empty dump for chr13 x chr6
WARNING: empty dump for chr13 x chr8
WARNING: empty dump for chr13 x chr10
WARNING: empty dump for chr13 x chr12
  Dumped 60/90 chromosome pairs
WARNING: empty dump for chr13 x chr14
WARNING: empty dump for chr13 x chr16
WARNING: empty dump for chr13 x chr18
WARNING: empty dump for chr15 x chr2
WARNING: empty dump for chr15 x chr4
WARNING: empty dump for chr15 x chr6
WARNING: empty dump for chr15 x chr8
WARNING: empty dump for chr15 x chr10
WARNING: empty dump for chr15 x chr12
WARNING: empty dump for chr15 x chr14
  Dumped 70/90 chromosome pairs
WARNING: empty dump for chr15 x chr16
WARNING: empty dump for chr15 x chr18
WARNING: empty dump for chr17 x chr2
WARNING: empty dump for chr17 x chr4
WARNING: empty dump for chr17 x chr6
WARNING: empty dump for chr17 x chr8
WARNING: empty dump for chr17 x chr10
WARNING: empty dump for chr17 x chr12
WARNING: empty dump for chr17 x chr14
WARNING: empty dump for chr17 x chr16
  Dumped 80/90 chromosome pairs
WARNING: empty dump for chr17 x chr18
WARNING: empty dump for chr19 x chr2
WARNING: empty dump for chr19 x chr4
WARNING: empty dump for chr19 x chr6
WARNING: empty dump for chr19 x chr8
WARNING: empty dump for chr19 x chr10
WARNING: empty dump for chr19 x chr12
WARNING: empty dump for chr19 x chr14
WARNING: empty dump for chr19 x chr16
WARNING: empty dump for chr19 x chr18
  Dumped 90/90 chromosome pairs
  Dump complete: 90/90 pairs
  Dump inventory: 90 files, 0 non-empty
  Empty files:   ['cropmap_chrm11_chrm10.txt', 'cropmap_chrm11_chrm12.txt', 'cropmap_chrm11_chrm14.txt', 'cropmap_chrm11_chrm16.txt', 'cropmap_chrm11_chrm18.txt', 'cropmap_chrm11_chrm2.txt', 'cropmap_chrm11_chrm4.txt', 'cropmap_chrm11_chrm6.txt', 'cropmap_chrm11_chrm8.txt', 'cropmap_chrm13_chrm10.txt', 'cropmap_chrm13_chrm12.txt', 'cropmap_chrm13_chrm14.txt', 'cropmap_chrm13_chrm16.txt', 'cropmap_chrm13_chrm18.txt', 'cropmap_chrm13_chrm2.txt', 'cropmap_chrm13_chrm4.txt', 'cropmap_chrm13_chrm6.txt', 'cropmap_chrm13_chrm8.txt', 'cropmap_chrm15_chrm10.txt', 'cropmap_chrm15_chrm12.txt', 'cropmap_chrm15_chrm14.txt', 'cropmap_chrm15_chrm16.txt', 'cropmap_chrm15_chrm18.txt', 'cropmap_chrm15_chrm2.txt', 'cropmap_chrm15_chrm4.txt', 'cropmap_chrm15_chrm6.txt', 'cropmap_chrm15_chrm8.txt', 'cropmap_chrm17_chrm10.txt', 'cropmap_chrm17_chrm12.txt', 'cropmap_chrm17_chrm14.txt', 'cropmap_chrm17_chrm16.txt', 'cropmap_chrm17_chrm18.txt', 'cropmap_chrm17_chrm2.txt', 'cropmap_chrm17_chrm4.txt', 'cropmap_chrm17_chrm6.txt', 'cropmap_chrm17_chrm8.txt', 'cropmap_chrm19_chrm10.txt', 'cropmap_chrm19_chrm12.txt', 'cropmap_chrm19_chrm14.txt', 'cropmap_chrm19_chrm16.txt', 'cropmap_chrm19_chrm18.txt', 'cropmap_chrm19_chrm2.txt', 'cropmap_chrm19_chrm4.txt', 'cropmap_chrm19_chrm6.txt', 'cropmap_chrm19_chrm8.txt', 'cropmap_chrm1_chrm10.txt', 'cropmap_chrm1_chrm12.txt', 'cropmap_chrm1_chrm14.txt', 'cropmap_chrm1_chrm16.txt', 'cropmap_chrm1_chrm18.txt', 'cropmap_chrm1_chrm2.txt', 'cropmap_chrm1_chrm4.txt', 'cropmap_chrm1_chrm6.txt', 'cropmap_chrm1_chrm8.txt', 'cropmap_chrm3_chrm10.txt', 'cropmap_chrm3_chrm12.txt', 'cropmap_chrm3_chrm14.txt', 'cropmap_chrm3_chrm16.txt', 'cropmap_chrm3_chrm18.txt', 'cropmap_chrm3_chrm2.txt', 'cropmap_chrm3_chrm4.txt', 'cropmap_chrm3_chrm6.txt', 'cropmap_chrm3_chrm8.txt', 'cropmap_chrm5_chrm10.txt', 'cropmap_chrm5_chrm12.txt', 'cropmap_chrm5_chrm14.txt', 'cropmap_chrm5_chrm16.txt', 'cropmap_chrm5_chrm18.txt', 'cropmap_chrm5_chrm2.txt', 'cropmap_chrm5_chrm4.txt', 'cropmap_chrm5_chrm6.txt', 'cropmap_chrm5_chrm8.txt', 'cropmap_chrm7_chrm10.txt', 'cropmap_chrm7_chrm12.txt', 'cropmap_chrm7_chrm14.txt', 'cropmap_chrm7_chrm16.txt', 'cropmap_chrm7_chrm18.txt', 'cropmap_chrm7_chrm2.txt', 'cropmap_chrm7_chrm4.txt', 'cropmap_chrm7_chrm6.txt', 'cropmap_chrm7_chrm8.txt', 'cropmap_chrm9_chrm10.txt', 'cropmap_chrm9_chrm12.txt', 'cropmap_chrm9_chrm14.txt', 'cropmap_chrm9_chrm16.txt', 'cropmap_chrm9_chrm18.txt', 'cropmap_chrm9_chrm2.txt', 'cropmap_chrm9_chrm4.txt', 'cropmap_chrm9_chrm6.txt', 'cropmap_chrm9_chrm8.txt']
Step 2: Building inter-chromosomal matrix...
Building inter-chromosomal matrix...
WARNING: cropmap_chrm1_chrm2.txt missing or empty, using zeros
WARNING: cropmap_chrm1_chrm4.txt missing or empty, using zeros
WARNING: cropmap_chrm1_chrm6.txt missing or empty, using zeros
WARNING: cropmap_chrm1_chrm8.txt missing or empty, using zeros
WARNING: cropmap_chrm1_chrm10.txt missing or empty, using zeros
WARNING: cropmap_chrm1_chrm12.txt missing or empty, using zeros
WARNING: cropmap_chrm1_chrm14.txt missing or empty, using zeros
WARNING: cropmap_chrm1_chrm16.txt missing or empty, using zeros
WARNING: cropmap_chrm1_chrm18.txt missing or empty, using zeros
WARNING: cropmap_chrm3_chrm2.txt missing or empty, using zeros
WARNING: cropmap_chrm3_chrm4.txt missing or empty, using zeros
WARNING: cropmap_chrm3_chrm6.txt missing or empty, using zeros
WARNING: cropmap_chrm3_chrm8.txt missing or empty, using zeros
WARNING: cropmap_chrm3_chrm10.txt missing or empty, using zeros
WARNING: cropmap_chrm3_chrm12.txt missing or empty, using zeros
WARNING: cropmap_chrm3_chrm14.txt missing or empty, using zeros
WARNING: cropmap_chrm3_chrm16.txt missing or empty, using zeros
WARNING: cropmap_chrm3_chrm18.txt missing or empty, using zeros
WARNING: cropmap_chrm5_chrm2.txt missing or empty, using zeros
WARNING: cropmap_chrm5_chrm4.txt missing or empty, using zeros
WARNING: cropmap_chrm5_chrm6.txt missing or empty, using zeros
WARNING: cropmap_chrm5_chrm8.txt missing or empty, using zeros
WARNING: cropmap_chrm5_chrm10.txt missing or empty, using zeros
WARNING: cropmap_chrm5_chrm12.txt missing or empty, using zeros
WARNING: cropmap_chrm5_chrm14.txt missing or empty, using zeros
WARNING: cropmap_chrm5_chrm16.txt missing or empty, using zeros
WARNING: cropmap_chrm5_chrm18.txt missing or empty, using zeros
WARNING: cropmap_chrm7_chrm2.txt missing or empty, using zeros
WARNING: cropmap_chrm7_chrm4.txt missing or empty, using zeros
WARNING: cropmap_chrm7_chrm6.txt missing or empty, using zeros
WARNING: cropmap_chrm7_chrm8.txt missing or empty, using zeros
WARNING: cropmap_chrm7_chrm10.txt missing or empty, using zeros
WARNING: cropmap_chrm7_chrm12.txt missing or empty, using zeros
WARNING: cropmap_chrm7_chrm14.txt missing or empty, using zeros
WARNING: cropmap_chrm7_chrm16.txt missing or empty, using zeros
WARNING: cropmap_chrm7_chrm18.txt missing or empty, using zeros
WARNING: cropmap_chrm9_chrm2.txt missing or empty, using zeros
WARNING: cropmap_chrm9_chrm4.txt missing or empty, using zeros
WARNING: cropmap_chrm9_chrm6.txt missing or empty, using zeros
WARNING: cropmap_chrm9_chrm8.txt missing or empty, using zeros
WARNING: cropmap_chrm9_chrm10.txt missing or empty, using zeros
WARNING: cropmap_chrm9_chrm12.txt missing or empty, using zeros
WARNING: cropmap_chrm9_chrm14.txt missing or empty, using zeros
WARNING: cropmap_chrm9_chrm16.txt missing or empty, using zeros
WARNING: cropmap_chrm9_chrm18.txt missing or empty, using zeros
WARNING: cropmap_chrm11_chrm2.txt missing or empty, using zeros
WARNING: cropmap_chrm11_chrm4.txt missing or empty, using zeros
WARNING: cropmap_chrm11_chrm6.txt missing or empty, using zeros
WARNING: cropmap_chrm11_chrm8.txt missing or empty, using zeros
WARNING: cropmap_chrm11_chrm10.txt missing or empty, using zeros
WARNING: cropmap_chrm11_chrm12.txt missing or empty, using zeros
WARNING: cropmap_chrm11_chrm14.txt missing or empty, using zeros
WARNING: cropmap_chrm11_chrm16.txt missing or empty, using zeros
WARNING: cropmap_chrm11_chrm18.txt missing or empty, using zeros
WARNING: cropmap_chrm13_chrm2.txt missing or empty, using zeros
WARNING: cropmap_chrm13_chrm4.txt missing or empty, using zeros
WARNING: cropmap_chrm13_chrm6.txt missing or empty, using zeros
WARNING: cropmap_chrm13_chrm8.txt missing or empty, using zeros
WARNING: cropmap_chrm13_chrm10.txt missing or empty, using zeros
WARNING: cropmap_chrm13_chrm12.txt missing or empty, using zeros
WARNING: cropmap_chrm13_chrm14.txt missing or empty, using zeros
WARNING: cropmap_chrm13_chrm16.txt missing or empty, using zeros
WARNING: cropmap_chrm13_chrm18.txt missing or empty, using zeros
WARNING: cropmap_chrm15_chrm2.txt missing or empty, using zeros
WARNING: cropmap_chrm15_chrm4.txt missing or empty, using zeros
WARNING: cropmap_chrm15_chrm6.txt missing or empty, using zeros
WARNING: cropmap_chrm15_chrm8.txt missing or empty, using zeros
WARNING: cropmap_chrm15_chrm10.txt missing or empty, using zeros
WARNING: cropmap_chrm15_chrm12.txt missing or empty, using zeros
WARNING: cropmap_chrm15_chrm14.txt missing or empty, using zeros
WARNING: cropmap_chrm15_chrm16.txt missing or empty, using zeros
WARNING: cropmap_chrm15_chrm18.txt missing or empty, using zeros
WARNING: cropmap_chrm17_chrm2.txt missing or empty, using zeros
WARNING: cropmap_chrm17_chrm4.txt missing or empty, using zeros
WARNING: cropmap_chrm17_chrm6.txt missing or empty, using zeros
WARNING: cropmap_chrm17_chrm8.txt missing or empty, using zeros
WARNING: cropmap_chrm17_chrm10.txt missing or empty, using zeros
WARNING: cropmap_chrm17_chrm12.txt missing or empty, using zeros
WARNING: cropmap_chrm17_chrm14.txt missing or empty, using zeros
WARNING: cropmap_chrm17_chrm16.txt missing or empty, using zeros
WARNING: cropmap_chrm17_chrm18.txt missing or empty, using zeros
WARNING: cropmap_chrm19_chrm2.txt missing or empty, using zeros
WARNING: cropmap_chrm19_chrm4.txt missing or empty, using zeros
WARNING: cropmap_chrm19_chrm6.txt missing or empty, using zeros
WARNING: cropmap_chrm19_chrm8.txt missing or empty, using zeros
WARNING: cropmap_chrm19_chrm10.txt missing or empty, using zeros
WARNING: cropmap_chrm19_chrm12.txt missing or empty, using zeros
WARNING: cropmap_chrm19_chrm14.txt missing or empty, using zeros
WARNING: cropmap_chrm19_chrm16.txt missing or empty, using zeros
WARNING: cropmap_chrm19_chrm18.txt missing or empty, using zeros
  Matrix shape: (12808, 11831)
Step 3: Computing coverage filter...
  Coverage filter:
    Row threshold (1st pctile): 0.0000
    Col threshold (1st pctile): 0.0000
    Sparse rows: 12808
    Sparse cols: 11831
Step 4: Computing blacklist filter...
  Blacklist filter:
    Blacklisted rows: 2031
    Blacklisted cols: 2323
Step 5: Building crop map arrays...
Step 6: Saving crop map files...
  Saved: /expanse/lustre/projects/csd940/zalibhai/mariner_hi-c/ML/cmpts/repos/SNIPER/crop_map/mm10_cropMap.mat
  Saved: /expanse/lustre/projects/csd940/zalibhai/mariner_hi-c/ML/cmpts/repos/SNIPER/crop_map/mm10_cropIndices.mat

=========================================
mm10 crop map generated successfully.
  Odd bins:  0 retained / 12808 total (0.0%)
  Even bins: 0 retained / 11831 total (0.0%)
  Excluded rows: 12808 sparse + 2031 blacklist = 12808 total
  Excluded cols: 11831 sparse + 2323 blacklist = 11831 total
  rowMap shape: (0, 3)
  colMap shape: (0, 3)
=========================================

End: Sun May 31 23:45:57 PDT 2026
===========================================
