Input mode: .hic (juicer dumps required)
===========================================
B4: SNIPER mm10 Application
===========================================
Job ID:     49989728
Node:       exp-9-57
CPUs:       8
Timepoint:  250402 (late)
Sample:     mut_merged
Input:      /expanse/lustre/projects/csd940/zalibhai/stripes/StripeCaller/data/hic/250402/mut_merged.hic
Model dir:  /expanse/lustre/projects/csd940/zalibhai/mariner_hi-c/ML/cmpts/outputs/sniper/models_250402
Dump dir:   /expanse/lustre/projects/csd940/zalibhai/sniper/sniper_mm10/dump_apply_250402_mut_merged
Output dir: /expanse/lustre/projects/csd940/zalibhai/mariner_hi-c/ML/cmpts/outputs/sniper/predictions/250402/mut_merged
Start:      Mon Jun  1 19:48:22 PDT 2026
===========================================

Applying SNIPER: mut_merged (late)
  python sniper_apply_mm10.py \
    /expanse/lustre/projects/csd940/zalibhai/stripes/StripeCaller/data/hic/250402/mut_merged.hic \
    /expanse/lustre/projects/csd940/zalibhai/mariner_hi-c/ML/cmpts/outputs/sniper/predictions/250402/mut_merged/predictions.mat \
    /expanse/lustre/projects/csd940/zalibhai/mariner_hi-c/ML/cmpts/outputs/sniper/models_250402/odd_chrm_encoder.h5 \
    /expanse/lustre/projects/csd940/zalibhai/mariner_hi-c/ML/cmpts/outputs/sniper/models_250402/odd_chrm_classifier.h5 \
    /expanse/lustre/projects/csd940/zalibhai/mariner_hi-c/ML/cmpts/outputs/sniper/models_250402/even_chrm_encoder.h5 \
    /expanse/lustre/projects/csd940/zalibhai/mariner_hi-c/ML/cmpts/outputs/sniper/models_250402/even_chrm_classifier.h5 \
    -tp 250402 -dd /expanse/lustre/projects/csd940/zalibhai/sniper/sniper_mm10/dump_apply_250402_mut_merged -sm -ar

WARN [2026-06-02T02:48:25,777]  [Globals.java:138] [main]  Development mode is enabled
WARN [2026-06-02T02:48:27,544]  [Globals.java:138] [main]  Development mode is enabled
WARN [2026-06-02T02:48:28,994]  [Globals.java:138] [main]  Development mode is enabled
WARN [2026-06-02T02:48:30,473]  [Globals.java:138] [main]  Development mode is enabled
WARN [2026-06-02T02:48:32,021]  [Globals.java:138] [main]  Development mode is enabled
WARN [2026-06-02T02:48:33,406]  [Globals.java:138] [main]  Development mode is enabled
WARN [2026-06-02T02:48:35,303]  [Globals.java:138] [main]  Development mode is enabled
WARN [2026-06-02T02:48:36,714]  [Globals.java:138] [main]  Development mode is enabled
WARN [2026-06-02T02:48:38,035]  [Globals.java:138] [main]  Development mode is enabled
WARN [2026-06-02T02:48:39,591]  [Globals.java:138] [main]  Development mode is enabled
WARN [2026-06-02T02:48:41,102]  [Globals.java:138] [main]  Development mode is enabled
WARN [2026-06-02T02:48:42,481]  [Globals.java:138] [main]  Development mode is enabled
WARN [2026-06-02T02:48:43,870]  [Globals.java:138] [main]  Development mode is enabled
WARN [2026-06-02T02:48:45,209]  [Globals.java:138] [main]  Development mode is enabled
WARN [2026-06-02T02:48:46,601]  [Globals.java:138] [main]  Development mode is enabled
WARN [2026-06-02T02:48:47,986]  [Globals.java:138] [main]  Development mode is enabled
WARN [2026-06-02T02:48:49,276]  [Globals.java:138] [main]  Development mode is enabled
WARN [2026-06-02T02:48:51,110]  [Globals.java:138] [main]  Development mode is enabled
WARN [2026-06-02T02:48:52,388]  [Globals.java:138] [main]  Development mode is enabled
WARN [2026-06-02T02:48:53,926]  [Globals.java:138] [main]  Development mode is enabled
WARN [2026-06-02T02:48:55,593]  [Globals.java:138] [main]  Development mode is enabled
WARN [2026-06-02T02:48:56,985]  [Globals.java:138] [main]  Development mode is enabled
WARN [2026-06-02T02:48:58,297]  [Globals.java:138] [main]  Development mode is enabled
WARN [2026-06-02T02:48:59,662]  [Globals.java:138] [main]  Development mode is enabled
WARN [2026-06-02T02:49:01,032]  [Globals.java:138] [main]  Development mode is enabled
WARN [2026-06-02T02:49:06,816]  [Globals.java:138] [main]  Development mode is enabled
WARN [2026-06-02T02:49:08,134]  [Globals.java:138] [main]  Development mode is enabled
WARN [2026-06-02T02:49:09,506]  [Globals.java:138] [main]  Development mode is enabled
WARN [2026-06-02T02:49:46,953]  [Globals.java:138] [main]  Development mode is enabled
WARN [2026-06-02T02:49:48,423]  [Globals.java:138] [main]  Development mode is enabled
WARN [2026-06-02T02:49:49,817]  [Globals.java:138] [main]  Development mode is enabled
WARN [2026-06-02T02:49:51,117]  [Globals.java:138] [main]  Development mode is enabled
WARN [2026-06-02T02:49:52,396]  [Globals.java:138] [main]  Development mode is enabled
WARN [2026-06-02T02:49:53,750]  [Globals.java:138] [main]  Development mode is enabled
WARN [2026-06-02T02:49:55,133]  [Globals.java:138] [main]  Development mode is enabled
WARN [2026-06-02T02:49:56,423]  [Globals.java:138] [main]  Development mode is enabled
WARN [2026-06-02T02:49:57,616]  [Globals.java:138] [main]  Development mode is enabled
WARN [2026-06-02T02:49:59,055]  [Globals.java:138] [main]  Development mode is enabled
WARN [2026-06-02T02:50:00,457]  [Globals.java:138] [main]  Development mode is enabled
WARN [2026-06-02T02:50:01,804]  [Globals.java:138] [main]  Development mode is enabled
WARN [2026-06-02T02:50:03,160]  [Globals.java:138] [main]  Development mode is enabled
WARN [2026-06-02T02:50:04,506]  [Globals.java:138] [main]  Development mode is enabled
WARN [2026-06-02T02:50:05,778]  [Globals.java:138] [main]  Development mode is enabled
WARN [2026-06-02T02:50:07,092]  [Globals.java:138] [main]  Development mode is enabled
WARN [2026-06-02T02:50:08,549]  [Globals.java:138] [main]  Development mode is enabled
WARN [2026-06-02T02:50:09,811]  [Globals.java:138] [main]  Development mode is enabled
WARN [2026-06-02T02:50:11,294]  [Globals.java:138] [main]  Development mode is enabled
WARN [2026-06-02T02:50:12,631]  [Globals.java:138] [main]  Development mode is enabled
WARN [2026-06-02T02:50:14,015]  [Globals.java:138] [main]  Development mode is enabled
WARN [2026-06-02T02:50:15,338]  [Globals.java:138] [main]  Development mode is enabled
WARN [2026-06-02T02:50:16,638]  [Globals.java:138] [main]  Development mode is enabled
WARN [2026-06-02T02:50:17,907]  [Globals.java:138] [main]  Development mode is enabled
WARN [2026-06-02T02:50:19,249]  [Globals.java:138] [main]  Development mode is enabled
WARN [2026-06-02T02:50:20,507]  [Globals.java:138] [main]  Development mode is enabled
WARN [2026-06-02T02:50:21,702]  [Globals.java:138] [main]  Development mode is enabled
WARN [2026-06-02T02:50:23,064]  [Globals.java:138] [main]  Development mode is enabled
WARN [2026-06-02T02:50:24,354]  [Globals.java:138] [main]  Development mode is enabled
WARN [2026-06-02T02:50:25,670]  [Globals.java:138] [main]  Development mode is enabled
WARN [2026-06-02T02:50:26,974]  [Globals.java:138] [main]  Development mode is enabled
WARN [2026-06-02T02:50:28,558]  [Globals.java:138] [main]  Development mode is enabled
WARN [2026-06-02T02:50:29,836]  [Globals.java:138] [main]  Development mode is enabled
WARN [2026-06-02T02:50:31,241]  [Globals.java:138] [main]  Development mode is enabled
WARN [2026-06-02T02:50:32,484]  [Globals.java:138] [main]  Development mode is enabled
WARN [2026-06-02T02:50:33,717]  [Globals.java:138] [main]  Development mode is enabled
WARN [2026-06-02T02:50:35,107]  [Globals.java:138] [main]  Development mode is enabled
WARN [2026-06-02T02:50:36,405]  [Globals.java:138] [main]  Development mode is enabled
WARN [2026-06-02T02:50:37,716]  [Globals.java:138] [main]  Development mode is enabled
WARN [2026-06-02T02:50:38,957]  [Globals.java:138] [main]  Development mode is enabled
WARN [2026-06-02T02:50:40,238]  [Globals.java:138] [main]  Development mode is enabled
WARN [2026-06-02T02:50:41,487]  [Globals.java:138] [main]  Development mode is enabled
WARN [2026-06-02T02:50:42,731]  [Globals.java:138] [main]  Development mode is enabled
WARN [2026-06-02T02:50:43,989]  [Globals.java:138] [main]  Development mode is enabled
WARN [2026-06-02T02:50:45,156]  [Globals.java:138] [main]  Development mode is enabled
WARN [2026-06-02T02:50:46,495]  [Globals.java:138] [main]  Development mode is enabled
WARN [2026-06-02T02:50:47,822]  [Globals.java:138] [main]  Development mode is enabled
WARN [2026-06-02T02:50:49,104]  [Globals.java:138] [main]  Development mode is enabled
WARN [2026-06-02T02:50:50,346]  [Globals.java:138] [main]  Development mode is enabled
WARN [2026-06-02T02:50:51,614]  [Globals.java:138] [main]  Development mode is enabled
WARN [2026-06-02T02:50:52,912]  [Globals.java:138] [main]  Development mode is enabled
WARN [2026-06-02T02:50:54,129]  [Globals.java:138] [main]  Development mode is enabled
WARN [2026-06-02T02:50:55,834]  [Globals.java:138] [main]  Development mode is enabled
WARN [2026-06-02T02:50:56,990]  [Globals.java:138] [main]  Development mode is enabled
WARN [2026-06-02T02:50:58,215]  [Globals.java:138] [main]  Development mode is enabled
WARN [2026-06-02T02:50:59,367]  [Globals.java:138] [main]  Development mode is enabled
WARN [2026-06-02T02:51:00,566]  [Globals.java:138] [main]  Development mode is enabled
WARN [2026-06-02T02:51:01,729]  [Globals.java:138] [main]  Development mode is enabled
WARN [2026-06-02T02:51:02,908]  [Globals.java:138] [main]  Development mode is enabled
WARN [2026-06-02T02:51:04,319]  [Globals.java:138] [main]  Development mode is enabled
WARN [2026-06-02T02:51:05,471]  [Globals.java:138] [main]  Development mode is enabled
WARN [2026-06-02T02:51:06,606]  [Globals.java:138] [main]  Development mode is enabled
Using TensorFlow backend.
/home/zalibhai/miniforge3/envs/sniper_env/lib/python3.6/site-packages/keras/engine/saving.py:292: UserWarning: No training configuration found in save file: the model was *not* compiled. Compile it manually.
  warnings.warn('No training configuration found in save file: '
Trimming sparse, NA, and B4 regions...
Computing contact probabilities

Output validation:
  predictions.mat: 1 MB
  predictions.bed: 20149 lines

===========================================
B4 complete.
  Timepoint: 250402 (late), Sample: mut_merged
  predictions.mat: 1 MB
  predictions.bed: 20149 lines
  Output: /expanse/lustre/projects/csd940/zalibhai/mariner_hi-c/ML/cmpts/outputs/sniper/predictions/250402/mut_merged/
End: Mon Jun  1 19:51:48 PDT 2026
===========================================
