Input mode: .hic (juicer dumps required)
===========================================
B4: SNIPER mm10 Application
===========================================
Job ID:     49989730
Node:       exp-13-59
CPUs:       8
Timepoint:  250831 (early)
Sample:     mut_merged
Input:      /expanse/lustre/projects/csd940/zalibhai/stripes/StripeCaller/data/hic/250831/mut_merged.hic
Model dir:  /expanse/lustre/projects/csd940/zalibhai/mariner_hi-c/ML/cmpts/outputs/sniper/models_250831
Dump dir:   /expanse/lustre/projects/csd940/zalibhai/sniper/sniper_mm10/dump_apply_250831_mut_merged
Output dir: /expanse/lustre/projects/csd940/zalibhai/mariner_hi-c/ML/cmpts/outputs/sniper/predictions/250831/mut_merged
Start:      Mon Jun  1 19:48:23 PDT 2026
===========================================

Applying SNIPER: mut_merged (early)
  python sniper_apply_mm10.py \
    /expanse/lustre/projects/csd940/zalibhai/stripes/StripeCaller/data/hic/250831/mut_merged.hic \
    /expanse/lustre/projects/csd940/zalibhai/mariner_hi-c/ML/cmpts/outputs/sniper/predictions/250831/mut_merged/predictions.mat \
    /expanse/lustre/projects/csd940/zalibhai/mariner_hi-c/ML/cmpts/outputs/sniper/models_250831/odd_chrm_encoder.h5 \
    /expanse/lustre/projects/csd940/zalibhai/mariner_hi-c/ML/cmpts/outputs/sniper/models_250831/odd_chrm_classifier.h5 \
    /expanse/lustre/projects/csd940/zalibhai/mariner_hi-c/ML/cmpts/outputs/sniper/models_250831/even_chrm_encoder.h5 \
    /expanse/lustre/projects/csd940/zalibhai/mariner_hi-c/ML/cmpts/outputs/sniper/models_250831/even_chrm_classifier.h5 \
    -tp 250831 -dd /expanse/lustre/projects/csd940/zalibhai/sniper/sniper_mm10/dump_apply_250831_mut_merged -sm -ar

WARN [2026-06-02T02:48:28,173]  [Globals.java:138] [main]  Development mode is enabled
WARN [2026-06-02T02:48:30,508]  [Globals.java:138] [main]  Development mode is enabled
WARN [2026-06-02T02:48:32,575]  [Globals.java:138] [main]  Development mode is enabled
WARN [2026-06-02T02:48:34,457]  [Globals.java:138] [main]  Development mode is enabled
WARN [2026-06-02T02:48:36,749]  [Globals.java:138] [main]  Development mode is enabled
WARN [2026-06-02T02:48:38,864]  [Globals.java:138] [main]  Development mode is enabled
WARN [2026-06-02T02:48:40,599]  [Globals.java:138] [main]  Development mode is enabled
WARN [2026-06-02T02:48:43,253]  [Globals.java:138] [main]  Development mode is enabled
WARN [2026-06-02T02:48:45,057]  [Globals.java:138] [main]  Development mode is enabled
WARN [2026-06-02T02:48:46,877]  [Globals.java:138] [main]  Development mode is enabled
WARN [2026-06-02T02:48:48,931]  [Globals.java:138] [main]  Development mode is enabled
WARN [2026-06-02T02:48:58,240]  [Globals.java:138] [main]  Development mode is enabled
WARN [2026-06-02T02:49:07,329]  [Globals.java:138] [main]  Development mode is enabled
WARN [2026-06-02T02:49:09,060]  [Globals.java:138] [main]  Development mode is enabled
WARN [2026-06-02T02:49:18,606]  [Globals.java:138] [main]  Development mode is enabled
WARN [2026-06-02T02:49:20,206]  [Globals.java:138] [main]  Development mode is enabled
WARN [2026-06-02T02:49:21,844]  [Globals.java:138] [main]  Development mode is enabled
WARN [2026-06-02T02:49:39,400]  [Globals.java:138] [main]  Development mode is enabled
WARN [2026-06-02T02:49:40,872]  [Globals.java:138] [main]  Development mode is enabled
WARN [2026-06-02T02:49:42,720]  [Globals.java:138] [main]  Development mode is enabled
WARN [2026-06-02T02:49:44,643]  [Globals.java:138] [main]  Development mode is enabled
WARN [2026-06-02T02:49:46,991]  [Globals.java:138] [main]  Development mode is enabled
WARN [2026-06-02T02:49:48,637]  [Globals.java:138] [main]  Development mode is enabled
WARN [2026-06-02T02:49:50,308]  [Globals.java:138] [main]  Development mode is enabled
WARN [2026-06-02T02:49:52,276]  [Globals.java:138] [main]  Development mode is enabled
WARN [2026-06-02T02:49:53,888]  [Globals.java:138] [main]  Development mode is enabled
WARN [2026-06-02T02:49:55,744]  [Globals.java:138] [main]  Development mode is enabled
WARN [2026-06-02T02:49:57,404]  [Globals.java:138] [main]  Development mode is enabled
WARN [2026-06-02T02:49:59,520]  [Globals.java:138] [main]  Development mode is enabled
WARN [2026-06-02T02:50:01,183]  [Globals.java:138] [main]  Development mode is enabled
WARN [2026-06-02T02:50:02,765]  [Globals.java:138] [main]  Development mode is enabled
WARN [2026-06-02T02:50:04,564]  [Globals.java:138] [main]  Development mode is enabled
WARN [2026-06-02T02:50:07,137]  [Globals.java:138] [main]  Development mode is enabled
WARN [2026-06-02T02:50:08,621]  [Globals.java:138] [main]  Development mode is enabled
WARN [2026-06-02T02:50:10,739]  [Globals.java:138] [main]  Development mode is enabled
WARN [2026-06-02T02:50:12,580]  [Globals.java:138] [main]  Development mode is enabled
WARN [2026-06-02T02:50:14,254]  [Globals.java:138] [main]  Development mode is enabled
WARN [2026-06-02T02:50:16,008]  [Globals.java:138] [main]  Development mode is enabled
WARN [2026-06-02T02:50:17,631]  [Globals.java:138] [main]  Development mode is enabled
WARN [2026-06-02T02:50:20,286]  [Globals.java:138] [main]  Development mode is enabled
WARN [2026-06-02T02:50:21,796]  [Globals.java:138] [main]  Development mode is enabled
WARN [2026-06-02T02:50:23,331]  [Globals.java:138] [main]  Development mode is enabled
WARN [2026-06-02T02:50:25,114]  [Globals.java:138] [main]  Development mode is enabled
WARN [2026-06-02T02:50:26,850]  [Globals.java:138] [main]  Development mode is enabled
WARN [2026-06-02T02:50:28,276]  [Globals.java:138] [main]  Development mode is enabled
WARN [2026-06-02T02:51:48,141]  [Globals.java:138] [main]  Development mode is enabled
WARN [2026-06-02T02:51:49,856]  [Globals.java:138] [main]  Development mode is enabled
WARN [2026-06-02T02:51:51,522]  [Globals.java:138] [main]  Development mode is enabled
WARN [2026-06-02T02:51:54,026]  [Globals.java:138] [main]  Development mode is enabled
WARN [2026-06-02T02:51:55,570]  [Globals.java:138] [main]  Development mode is enabled
WARN [2026-06-02T02:51:58,287]  [Globals.java:138] [main]  Development mode is enabled
WARN [2026-06-02T02:51:59,742]  [Globals.java:138] [main]  Development mode is enabled
WARN [2026-06-02T02:52:01,333]  [Globals.java:138] [main]  Development mode is enabled
WARN [2026-06-02T02:52:02,721]  [Globals.java:138] [main]  Development mode is enabled
WARN [2026-06-02T02:52:04,656]  [Globals.java:138] [main]  Development mode is enabled
WARN [2026-06-02T02:52:06,637]  [Globals.java:138] [main]  Development mode is enabled
WARN [2026-06-02T02:52:08,208]  [Globals.java:138] [main]  Development mode is enabled
WARN [2026-06-02T02:52:09,811]  [Globals.java:138] [main]  Development mode is enabled
WARN [2026-06-02T02:52:11,734]  [Globals.java:138] [main]  Development mode is enabled
WARN [2026-06-02T02:52:13,220]  [Globals.java:138] [main]  Development mode is enabled
WARN [2026-06-02T02:52:14,661]  [Globals.java:138] [main]  Development mode is enabled
WARN [2026-06-02T02:52:16,372]  [Globals.java:138] [main]  Development mode is enabled
WARN [2026-06-02T02:52:17,756]  [Globals.java:138] [main]  Development mode is enabled
WARN [2026-06-02T02:52:19,657]  [Globals.java:138] [main]  Development mode is enabled
WARN [2026-06-02T02:52:22,009]  [Globals.java:138] [main]  Development mode is enabled
WARN [2026-06-02T02:52:23,430]  [Globals.java:138] [main]  Development mode is enabled
WARN [2026-06-02T02:52:25,116]  [Globals.java:138] [main]  Development mode is enabled
WARN [2026-06-02T02:52:26,592]  [Globals.java:138] [main]  Development mode is enabled
WARN [2026-06-02T02:52:28,031]  [Globals.java:138] [main]  Development mode is enabled
WARN [2026-06-02T02:52:29,803]  [Globals.java:138] [main]  Development mode is enabled
WARN [2026-06-02T02:52:31,834]  [Globals.java:138] [main]  Development mode is enabled
WARN [2026-06-02T02:52:33,159]  [Globals.java:138] [main]  Development mode is enabled
WARN [2026-06-02T02:52:34,882]  [Globals.java:138] [main]  Development mode is enabled
WARN [2026-06-02T02:52:36,415]  [Globals.java:138] [main]  Development mode is enabled
WARN [2026-06-02T02:52:37,930]  [Globals.java:138] [main]  Development mode is enabled
WARN [2026-06-02T02:52:40,014]  [Globals.java:138] [main]  Development mode is enabled
WARN [2026-06-02T02:52:41,442]  [Globals.java:138] [main]  Development mode is enabled
WARN [2026-06-02T02:52:42,888]  [Globals.java:138] [main]  Development mode is enabled
WARN [2026-06-02T02:52:44,326]  [Globals.java:138] [main]  Development mode is enabled
WARN [2026-06-02T02:52:46,027]  [Globals.java:138] [main]  Development mode is enabled
WARN [2026-06-02T02:52:49,605]  [Globals.java:138] [main]  Development mode is enabled
WARN [2026-06-02T02:52:51,522]  [Globals.java:138] [main]  Development mode is enabled
WARN [2026-06-02T02:52:52,947]  [Globals.java:138] [main]  Development mode is enabled
WARN [2026-06-02T02:52:54,427]  [Globals.java:138] [main]  Development mode is enabled
WARN [2026-06-02T02:52:55,749]  [Globals.java:138] [main]  Development mode is enabled
WARN [2026-06-02T02:52:57,075]  [Globals.java:138] [main]  Development mode is enabled
WARN [2026-06-02T02:52:58,346]  [Globals.java:138] [main]  Development mode is enabled
WARN [2026-06-02T02:52:59,650]  [Globals.java:138] [main]  Development mode is enabled
WARN [2026-06-02T02:53:01,202]  [Globals.java:138] [main]  Development mode is enabled
WARN [2026-06-02T02:53:02,401]  [Globals.java:138] [main]  Development mode is enabled
Using TensorFlow backend.
/home/zalibhai/miniforge3/envs/sniper_env/lib/python3.6/site-packages/keras/engine/saving.py:292: UserWarning: No training configuration found in save file: the model was *not* compiled. Compile it manually.
  warnings.warn('No training configuration found in save file: '
Trimming sparse, NA, and B4 regions...
Computing contact probabilities

Output validation:
  predictions.mat: 1 MB
  predictions.bed: 20148 lines

===========================================
B4 complete.
  Timepoint: 250831 (early), Sample: mut_merged
  predictions.mat: 1 MB
  predictions.bed: 20148 lines
  Output: /expanse/lustre/projects/csd940/zalibhai/mariner_hi-c/ML/cmpts/outputs/sniper/predictions/250831/mut_merged/
End: Mon Jun  1 19:53:56 PDT 2026
===========================================
