======================================
Final Results Cross Ref
======================================
Started: Sat Feb 21 18:36:31 PST 2026

ΔABC pairs: 179,709
Unique ABC enhancers: 37,431

=== 9A: Differential Loop Overlap ===
Traceback (most recent call last):
  File "/expanse/lustre/projects/csd940/zalibhai/abc/scripts/step9_cross_reference.py", line 311, in <module>
    main()
  File "/expanse/lustre/projects/csd940/zalibhai/abc/scripts/step9_cross_reference.py", line 300, in main
    cross_reference_loops(delta, enhancers_bed)
  File "/expanse/lustre/projects/csd940/zalibhai/abc/scripts/step9_cross_reference.py", line 98, in cross_reference_loops
    loops = pd.read_csv(LOOPS, sep="\t")
  File "/home/zalibhai/miniforge3/envs/abc-env/lib/python3.10/site-packages/pandas/io/parsers/readers.py", line 1026, in read_csv
    return _read(filepath_or_buffer, kwds)
  File "/home/zalibhai/miniforge3/envs/abc-env/lib/python3.10/site-packages/pandas/io/parsers/readers.py", line 620, in _read
    parser = TextFileReader(filepath_or_buffer, **kwds)
  File "/home/zalibhai/miniforge3/envs/abc-env/lib/python3.10/site-packages/pandas/io/parsers/readers.py", line 1620, in __init__
    self._engine = self._make_engine(f, self.engine)
  File "/home/zalibhai/miniforge3/envs/abc-env/lib/python3.10/site-packages/pandas/io/parsers/readers.py", line 1880, in _make_engine
    self.handles = get_handle(
  File "/home/zalibhai/miniforge3/envs/abc-env/lib/python3.10/site-packages/pandas/io/common.py", line 873, in get_handle
    handle = open(
FileNotFoundError: [Errno 2] No such file or directory: '/expanse/lustre/projects/csd940/zalibhai/mariner_hi-c/characterized_loops.tsv'

======================================
Completed: Sat Feb 21 18:36:45 PST 2026
======================================
