Warning messages:
1: package ‘matrixStats’ was built under R version 4.4.3 
2: package ‘Matrix’ was built under R version 4.4.3 
3: package ‘S4Arrays’ was built under R version 4.4.3 
4: package ‘abind’ was built under R version 4.4.3 
5: package ‘dplyr’ was built under R version 4.4.3 
6: package ‘yaml’ was built under R version 4.4.3 
Loaded multi_format_output.R - Functions available:
  - save_multiformat_ggplot(plot, base_path, width, height, dpi)
  - save_multiformat_base(plot_expr, base_path, width, height, dpi)
  - save_multiformat_pheatmap(pheatmap_call, base_path, width, height, dpi)

Loading paths configuration...

========================================
Aggregate Peak Analysis (APA) Pipeline
========================================

Resolutions to process: 5 kb
Loop sets: both
Output directory: outputs/apa_results

  ✓ All .hic files found
  ✓ Using normalization: VC


========================================
Resolution: 5kb
========================================

## Processing MERGED loops ##
  Total merged loops: 165 (up: 73, down: 92)

--- Processing: merged_loops up-regulated loops at 5kb ---
  Loop count: 73
  Extracting matrices: 73 loops × 6 samples
  Buffer: 10 bins (105kb window)
  ✓ Extraction complete: outputs/apa_results/temp_hdf5_res_5kb/apa_matrices.h5
  Aggregating: 73 loops × 6 samples → 21×21 matrix per sample
  ✓ Aggregation complete using mean
  Calculating P2LL enrichment scores for 73 loops
  ⚠ Flagged 6 outlier enrichment scores (>3 SD)
  ✓ Enrichment calculation complete
    Mean enrichment: 3.46 (range: 0.00 - 19.41)
  ✓ Saved: outputs/apa_results/res_5kb/merged_loops/up_loops/enrichment_scores.tsv

  Generating visualizations...
  Saved: aggregate_heatmap_ctrl.{pdf,svg,jpg}
  Saved: aggregate_heatmap_mut.{pdf,svg,jpg}
  Saved: difference_heatmap.{pdf,svg,jpg}
  Saved: enrichment_boxplot.{pdf,svg,jpg}
  ✓ Statistical test: p = 3.13e-03
  Saved: replicate_heatmaps.{pdf,svg,jpg}
  ✓ All outputs saved to: outputs/apa_results/res_5kb/merged_loops/up_loops

--- Processing: merged_loops down-regulated loops at 5kb ---
  Loop count: 92
  Extracting matrices: 92 loops × 6 samples
  Buffer: 10 bins (105kb window)
  ✓ Extraction complete: outputs/apa_results/temp_hdf5_res_5kb/apa_matrices.h5
  Aggregating: 92 loops × 6 samples → 21×21 matrix per sample
  ✓ Aggregation complete using mean
  Calculating P2LL enrichment scores for 92 loops
  ⚠ Flagged 8 outlier enrichment scores (>3 SD)
  ✓ Enrichment calculation complete
    Mean enrichment: 4.04 (range: 0.00 - 54.84)
  ✓ Saved: outputs/apa_results/res_5kb/merged_loops/down_loops/enrichment_scores.tsv

  Generating visualizations...
  Saved: aggregate_heatmap_ctrl.{pdf,svg,jpg}
  Saved: aggregate_heatmap_mut.{pdf,svg,jpg}
  Saved: difference_heatmap.{pdf,svg,jpg}
  Saved: enrichment_boxplot.{pdf,svg,jpg}
  ✓ Statistical test: p = 1.68e-01
  Saved: replicate_heatmaps.{pdf,svg,jpg}
  ✓ All outputs saved to: outputs/apa_results/res_5kb/merged_loops/down_loops

## Processing RESOLUTION-SPECIFIC loops ##
  Matched 16350 loops from GI (16350) to results (16350)
  Significant loops: 6 (up: 5, down: 1)

--- Processing: resolution_specific up-regulated loops at 5kb ---
  ⚠ Skipping: Only 5 loops (minimum 10 required)

--- Processing: resolution_specific down-regulated loops at 5kb ---
  ⚠ Skipping: Only 1 loops (minimum 10 required)

========================================
APA Analysis Complete
========================================
Successful analyses: 2 / 4
Results directory: outputs/apa_results

✓ Summary saved: outputs/apa_results/summary_report.txt

Warning messages:
1: In grid.Call.graphics(C_text, as.graphicsAnnot(x$label), x$x, x$y,  :
  conversion failure on 'Wilcoxon p = 3.13e-03, Cliff's Δ = 0.174' in 'mbcsToSbcs': for Δ (U+0394)
2: In grid.Call.graphics(C_text, as.graphicsAnnot(x$label), x$x, x$y,  :
  conversion failure on 'Wilcoxon p = 1.68e-01, Cliff's Δ = -0.086' in 'mbcsToSbcs': for Δ (U+0394)
