Warning messages:
1: package ‘matrixStats’ was built under R version 4.4.3 
2: package ‘rtracklayer’ was built under R version 4.4.3 
3: package ‘tibble’ was built under R version 4.4.3 
4: package ‘dplyr’ was built under R version 4.4.3 
Loaded multi_format_output.R - Functions available:
  - save_multiformat_ggplot(plot, base_path, width, height, dpi)
  - save_multiformat_base(plot_expr, base_path, width, height, dpi)
  - save_multiformat_pheatmap(pheatmap_call, base_path, width, height, dpi)


============================================================
Processing EARLY timepoint
(Using Cerebellum peaks: H3K27ac 18178, H3K27me3 12473)
============================================================


========================================
Extended Loop Anchor Annotation (EARLY)
========================================

Configuration:
  Timepoint:      early
  Input file:     ../250831-early_outputs/merged_loops/non_redundant_loops.tsv
  Output dir:     loop_annotation_extended/early
  TSS threshold:  2000 bp

Step 1: Loading input data...
  Loaded 165 loops
  Up in mutant: 73
  Down in mutant: 92

Step 2: Loading ChIP-seq peak files (early timepoint)...
  Loading H3K27ac peaks from: beds/H3K27acCerebellumEarly2.bed
    Loaded 18178 peaks
  Loading H3K27me3 peaks from: beds/H3K27me3CerebellumEarly1.bed
    Loaded 12473 peaks
  Loading H3K4me1 peaks from: beds/H3K4me1CerebellumEarly1.bed
    Loaded 93859 peaks
  Loading H3K4me3 peaks from: beds/H3K4me3CerebellumEarly2.bed
    Loaded 10370 peaks
  Loading Bivalent (K4me3+K27me3) peaks from: beds/Bivalent_Cerebellum_Early.bed
    Loaded 931 peaks
  Loading CTCF peaks from: CTCF.bed
    Loaded 32487 peaks
  Loading CTCF_motif peaks from: ctcf_motifs_mm10.bed
    Loaded 114081 peaks

Step 3: Creating anchor GRanges...
  Anchor1: 165 regions
  Anchor2: 165 regions

Step 4: Computing TSS distances...
  66 genes were dropped because they have exons located on both strands
  of the same reference sequence or on more than one reference sequence,
  so cannot be represented by a single genomic range.
  Use 'single.strand.genes.only=FALSE' to get all the genes in a
  GRangesList object, or use suppressMessages() to suppress this message.
  Loaded 24528 genes

Step 5: Annotating ChIP-seq overlaps...
  Anchor1 overlaps:
    H3K27ac+:  12 (7.3%)
    H3K27me3+: 82 (49.7%)
    H3K4me1+:  95 (57.6%)
    H3K4me3+:  11 (6.7%)
    Bivalent_Promoter:  5 (3.0%)
    CTCF+:     70 (42.4%)
    CTCF_motif+: 122 (73.9%)
  Anchor2 overlaps:
    H3K27ac+:  17 (10.3%)
    H3K27me3+: 81 (49.1%)
    H3K4me1+:  94 (57.0%)
    H3K4me3+:  16 (9.7%)
    Bivalent_Promoter:  5 (3.0%)
    CTCF+:     74 (44.8%)
    CTCF_motif+: 122 (73.9%)

Step 6: Classifying anchor types (8 categories)...
  CTCF classification: Using motif only (early timepoint)

  Anchor1 type distribution:
    Active_Promoter     :     3 (1.8%)
    Repressed_Promoter  :    60 (36.4%)
    Bivalent_Promoter   :     2 (1.2%)
    Polycomb            :    18 (10.9%)
    Active_Enhancer     :     7 (4.2%)
    Poised_Enhancer     :    14 (8.5%)
    CTCF_Site           :    47 (28.5%)
    Other               :    14 (8.5%)

  Anchor2 type distribution:
    Active_Promoter     :    11 (6.7%)
    Repressed_Promoter  :    58 (35.2%)
    Bivalent_Promoter   :     1 (0.6%)
    Polycomb            :    21 (12.7%)
    Active_Enhancer     :     5 (3.0%)
    Poised_Enhancer     :    10 (6.1%)
    CTCF_Site           :    46 (27.9%)
    Other               :    13 (7.9%)

Step 7: Classifying loop types (36 combinations)...

  Loop type distribution:
    Repressed_Promoter-Repressed_Promoter:    46 (27.9%)
    CTCF_Site-CTCF_Site                :    28 (17.0%)
    Repressed_Promoter-Polycomb        :    18 (10.9%)
    CTCF_Site-Other                    :    15 (9.1%)
    Poised_Enhancer-CTCF_Site          :     9 (5.5%)
    Polycomb-Poised_Enhancer           :     5 (3.0%)
    Active_Enhancer-CTCF_Site          :     4 (2.4%)
    Active_Promoter-Active_Enhancer    :     4 (2.4%)
    Polycomb-CTCF_Site                 :     4 (2.4%)
    Polycomb-Polycomb                  :     4 (2.4%)
    Poised_Enhancer-Poised_Enhancer    :     3 (1.8%)
    Polycomb-Other                     :     3 (1.8%)
    Repressed_Promoter-Other           :     3 (1.8%)
    Active_Enhancer-Active_Enhancer    :     2 (1.2%)
    Active_Promoter-Active_Promoter    :     2 (1.2%)
    Active_Promoter-CTCF_Site          :     2 (1.2%)
    Active_Promoter-Poised_Enhancer    :     2 (1.2%)
    Other-Other                        :     2 (1.2%)
    Repressed_Promoter-CTCF_Site       :     2 (1.2%)
    Repressed_Promoter-Poised_Enhancer :     2 (1.2%)
    Active_Promoter-Other              :     1 (0.6%)
    Active_Promoter-Polycomb           :     1 (0.6%)
    Bivalent_Promoter-CTCF_Site        :     1 (0.6%)
    Bivalent_Promoter-Other            :     1 (0.6%)
    Repressed_Promoter-Bivalent_Promoter:     1 (0.6%)

Step 8: Adding annotations to data.frame...
  Added columns:
    - anchor1/2_H3K27ac_overlap
    - anchor1/2_H3K27me3_overlap
    - anchor1/2_H3K4me1_overlap
    - anchor1/2_H3K4me3_overlap
    - anchor1/2_Bivalent_Promoter_overlap
    - anchor1/2_CTCF_overlap
    - anchor1/2_CTCF_motif_overlap
    - anchor1/2_distance_to_tss_ext
    - anchor1/2_type_extended
    - loop_type_extended

Step 9: Saving annotated data...
  Saved: loop_annotation_extended/early/extended_characterized_loops.tsv
  Saved: loop_annotation_extended/early/anchor_type_summary.tsv
  Saved: loop_annotation_extended/early/loop_type_summary.tsv

Step 10: Generating visualizations...
  Creating side-by-side pie charts...
  Saved: loop_type_piechart_comparison.{pdf,svg,jpg}
  Creating anchor type bar chart...
  Saved: anchor_type_distribution.{pdf,svg,jpg}
  Creating loop type by direction bar chart...
  Saved: loop_type_by_direction.{pdf,svg,jpg}

Step 11: Saving summary statistics...
  Saved: loop_annotation_extended/early/summary_statistics.txt

========================================
Annotation Complete
========================================



All timepoints processed successfully.
Output directories:
  - loop_annotation_extended/early
