── Attaching core tidyverse packages ──────────────────────── tidyverse 2.0.0 ──
✔ dplyr     1.1.4     ✔ readr     2.1.5
✔ forcats   1.0.1     ✔ stringr   1.6.0
✔ ggplot2   4.0.0     ✔ tibble    3.3.0
✔ lubridate 1.9.4     ✔ tidyr     1.3.1
✔ purrr     1.2.0     
── Conflicts ────────────────────────────────────────── tidyverse_conflicts() ──
✖ dplyr::filter() masks stats::filter()
✖ dplyr::lag()    masks stats::lag()
ℹ Use the conflicted package (<http://conflicted.r-lib.org/>) to force all conflicts to become errors
Warning messages:
1: package ‘tibble’ was built under R version 4.4.3 
2: package ‘dplyr’ was built under R version 4.4.3 
Loading required package: GenomicRanges
Loading required package: stats4
Loading required package: BiocGenerics

Attaching package: ‘BiocGenerics’

The following objects are masked from ‘package:lubridate’:

    intersect, setdiff, union

The following objects are masked from ‘package:dplyr’:

    combine, intersect, setdiff, union

The following objects are masked from ‘package:stats’:

    IQR, mad, sd, var, xtabs

The following objects are masked from ‘package:base’:

    anyDuplicated, aperm, append, as.data.frame, basename, cbind,
    colnames, dirname, do.call, duplicated, eval, evalq, Filter, Find,
    get, grep, grepl, intersect, is.unsorted, lapply, Map, mapply,
    match, mget, order, paste, pmax, pmax.int, pmin, pmin.int,
    Position, rank, rbind, Reduce, rownames, sapply, saveRDS, setdiff,
    table, tapply, union, unique, unsplit, which.max, which.min

Loading required package: S4Vectors

Attaching package: ‘S4Vectors’

The following objects are masked from ‘package:lubridate’:

    second, second<-

The following objects are masked from ‘package:dplyr’:

    first, rename

The following object is masked from ‘package:tidyr’:

    expand

The following object is masked from ‘package:utils’:

    findMatches

The following objects are masked from ‘package:base’:

    expand.grid, I, unname

Loading required package: IRanges

Attaching package: ‘IRanges’

The following object is masked from ‘package:lubridate’:

    %within%

The following objects are masked from ‘package:dplyr’:

    collapse, desc, slice

The following object is masked from ‘package:purrr’:

    reduce

Loading required package: GenomeInfoDb
Loading required package: SummarizedExperiment
Loading required package: MatrixGenerics
Loading required package: matrixStats

Attaching package: ‘matrixStats’

The following object is masked from ‘package:dplyr’:

    count


Attaching package: ‘MatrixGenerics’

The following objects are masked from ‘package:matrixStats’:

    colAlls, colAnyNAs, colAnys, colAvgsPerRowSet, colCollapse,
    colCounts, colCummaxs, colCummins, colCumprods, colCumsums,
    colDiffs, colIQRDiffs, colIQRs, colLogSumExps, colMadDiffs,
    colMads, colMaxs, colMeans2, colMedians, colMins, colOrderStats,
    colProds, colQuantiles, colRanges, colRanks, colSdDiffs, colSds,
    colSums2, colTabulates, colVarDiffs, colVars, colWeightedMads,
    colWeightedMeans, colWeightedMedians, colWeightedSds,
    colWeightedVars, rowAlls, rowAnyNAs, rowAnys, rowAvgsPerColSet,
    rowCollapse, rowCounts, rowCummaxs, rowCummins, rowCumprods,
    rowCumsums, rowDiffs, rowIQRDiffs, rowIQRs, rowLogSumExps,
    rowMadDiffs, rowMads, rowMaxs, rowMeans2, rowMedians, rowMins,
    rowOrderStats, rowProds, rowQuantiles, rowRanges, rowRanks,
    rowSdDiffs, rowSds, rowSums2, rowTabulates, rowVarDiffs, rowVars,
    rowWeightedMads, rowWeightedMeans, rowWeightedMedians,
    rowWeightedSds, rowWeightedVars

Loading required package: Biobase
Welcome to Bioconductor

    Vignettes contain introductory material; view with
    'browseVignettes()'. To cite Bioconductor, see
    'citation("Biobase")', and for packages 'citation("pkgname")'.


Attaching package: ‘Biobase’

The following object is masked from ‘package:MatrixGenerics’:

    rowMedians

The following objects are masked from ‘package:matrixStats’:

    anyMissing, rowMedians

Warning message:
package ‘matrixStats’ was built under R version 4.4.3 
Loading required package: SparseArray
Loading required package: Matrix

Attaching package: ‘Matrix’

The following object is masked from ‘package:S4Vectors’:

    expand

The following objects are masked from ‘package:tidyr’:

    expand, pack, unpack

Loading required package: S4Arrays
Loading required package: abind

Attaching package: ‘S4Arrays’

The following object is masked from ‘package:abind’:

    abind

The following object is masked from ‘package:base’:

    rowsum

Loading required package: DelayedArray

Attaching package: ‘DelayedArray’

The following object is masked from ‘package:purrr’:

    simplify

The following objects are masked from ‘package:base’:

    apply, scale, sweep

Loading required package: rhdf5

Attaching package: ‘HDF5Array’

The following object is masked from ‘package:rhdf5’:

    h5ls

Warning messages:
1: package ‘Matrix’ was built under R version 4.4.3 
2: package ‘S4Arrays’ was built under R version 4.4.3 
3: package ‘abind’ was built under R version 4.4.3 
Loading required package: limma

Attaching package: ‘limma’

The following object is masked from ‘package:BiocGenerics’:

    plotMA

Loading required package: viridisLite

Attaching package: ‘scales’

The following object is masked from ‘package:viridis’:

    viridis_pal

The following object is masked from ‘package:purrr’:

    discard

The following object is masked from ‘package:readr’:

    col_factor

Warning message:
package ‘yaml’ was built under R version 4.4.3 
=============================================================================
MARINER PIPELINE QC VALIDATION
RESOLUTION: 10000 bp (10 kb)
=============================================================================

SECTION 1: Data Loading & Integrity Validation
------------------------------------------------
Loading pipeline outputs...
✓ All data files loaded successfully

Basic Dimensions:
  Initial loops (ctrl): 0
  Initial loops (mut):  0
  Merged loops:         22639
  Binned loops:         22639
  Buffered regions:     22639
  Count matrix:         22639 loops × 6 samples

Data Integrity Checks:
  NA values: 0 (0.00%)
  Zero values: 1 (0.00%)
  ✓ No negative values detected

SECTION 2: Sample-Level Quality Assessment
-------------------------------------------
Count Statistics by Sample:
         Sample       Min       Q1   Median     Mean       Q3      Max       SD
ctrl_M1 ctrl_M1 0.2315897 191.8848 326.1740 395.8007 535.1932 2447.489 273.0565
ctrl_M2 ctrl_M2 0.2833003 268.8258 451.3589 540.9511 727.8368 3076.434 362.4780
ctrl_M3 ctrl_M3 0.2397534 254.5913 431.8554 520.7476 704.4294 2746.264 352.7883
mut_M1   mut_M1 0.2693175 236.4694 406.5252 491.2947 663.4799 2681.111 339.4819
mut_M2   mut_M2 0.2364356 232.8186 398.8353 478.2537 646.2681 3156.190 325.0333
mut_M3   mut_M3 0.0000000 208.4095 353.9638 422.6286 569.2312 3334.942 285.1643

Library Sizes (Total Counts):
 ctrl_M1  ctrl_M2  ctrl_M3   mut_M1   mut_M2   mut_M3 
 8960532 12246591 11789206 11122420 10827185  9567889 

  Control group:
    Mean: 10998776, SD: 1779924, CV: 0.16
  Mutant group:
    Mean: 10505831, SD: 825587, CV: 0.08
  Ratio (mut/ctrl medians): 0.918

  ✓ Library sizes are comparable
Sample Correlation Analysis:

Full correlation matrix:
        ctrl_M1 ctrl_M2 ctrl_M3 mut_M1 mut_M2 mut_M3
ctrl_M1   1.000   0.993   0.994  0.982  0.988  0.982
ctrl_M2   0.993   1.000   0.993  0.980  0.988  0.983
ctrl_M3   0.994   0.993   1.000  0.984  0.989  0.984
mut_M1    0.982   0.980   0.984  1.000  0.991  0.988
mut_M2    0.988   0.988   0.989  0.991  1.000  0.992
mut_M3    0.982   0.983   0.984  0.988  0.992  1.000

Within-group correlations:
  Control replicates: 0.993 ± 0.000 (range: 0.993-0.994)
  Mutant replicates:  0.991 ± 0.002 (range: 0.988-0.992)
  Between groups:     0.984 ± 0.003 (range: 0.980-0.989)

Quality Assessment:
  ✓ Excellent within-group reproducibility (>0.95)
  ⚠ Weak biological differences

  Saved: 01_sample_correlation.{pdf,svg,jpg}
  Saved: 02_sample_scatter.{pdf,svg,jpg}
Warning message:
Using `size` aesthetic for lines was deprecated in ggplot2 3.4.0.
ℹ Please use `linewidth` instead. 
  Saved: 03_count_distributions.{pdf,svg,jpg}
There were 27 warnings (use warnings() to see them)
Sample-level QC plots saved to: outputs/res_10kb/qc_report 

SECTION 3: Loop-Level Quality Assessment
-----------------------------------------
MA Statistics:
  Average expression (A): 8.55 ± 1.04
  Log2 fold change (M):   -0.072 ± 0.170
  |M| > 1 (2-fold change): 16 loops (0.1%)
  |M| > 2 (4-fold change): 0 loops (0.0%)

  Saved: 04_ma_plot.{pdf,svg,jpg}
Warning message:
In grid.Call.graphics(C_text, as.graphicsAnnot(x$label), x$x, x$y,  :
  for 'Small change (|M| ≤ 1)' in 'mbcsToSbcs': <= substituted for ≤ (U+2264)
Loop Variability Analysis:
  Coefficient of Variation: 0.144 ± 0.039
  High variability loops (CV > 1): 1 (0.0%)
  Saved: 05_variable_loops_heatmap.{pdf,svg,jpg}
Loop-level QC plots saved

SECTION 4: Spatial & Distance Analysis
---------------------------------------
Loop Distribution by Chromosome:
# A tibble: 10 × 6
   chr   n_loops mean_ctrl mean_mut mean_total mean_fc
   <chr>   <int>     <dbl>    <dbl>      <dbl>   <dbl>
 1 chr2     1789      532.     515.      3142. -0.0573
 2 chr1     1634      463.     448.      2733. -0.0481
 3 chr11    1471      691.     650.      4021. -0.0949
 4 chr5     1470      491.     470.      2884. -0.0664
 5 chr4     1377      514.     495.      3027. -0.0632
 6 chr7     1348      473.     441.      2744. -0.0981
 7 chr9     1329      586.     552.      3414. -0.0861
 8 chr6     1271      465.     442.      2721. -0.0850
 9 chr3     1235      414.     400.      2441. -0.0593
10 chr10    1222      481.     460.      2825. -0.0755

Genomic Distance Statistics (intrachromosomal loops):
  Loops with distance: 22639 / 22639 (100.0%)
  Min distance:  50,000
  Median distance: 190,000
  Mean distance: 349,739
  Max distance:  49,840,000

  Saved: 06_chromosome_distribution.{pdf,svg,jpg}
`geom_smooth()` using formula = 'y ~ x'
`geom_smooth()` using formula = 'y ~ x'
`geom_smooth()` using formula = 'y ~ x'
`geom_smooth()` using formula = 'y ~ x'
`geom_smooth()` using formula = 'y ~ x'
`geom_smooth()` using formula = 'y ~ x'
`geom_smooth()` using formula = 'y ~ x'
`geom_smooth()` using formula = 'y ~ x'
`geom_smooth()` using formula = 'y ~ x'
`geom_smooth()` using formula = 'y ~ x'
`geom_smooth()` using formula = 'y ~ x'
`geom_smooth()` using formula = 'y ~ x'
  Saved: 07_distance_decay.{pdf,svg,jpg}
Spatial analysis plots saved

SECTION 5: Matrix-Level Buffer Validation
------------------------------------------
Inspecting 5x5 extraction matrices...
  Array dimensions: 5 x 5 x 22639 x 6
  (rows x cols x loops x samples)

Analyzing all loop matrices (this may take a moment)...
  Processed 5000 / 22639 loops
  Processed 10000 / 22639 loops
  Processed 15000 / 22639 loops
  Processed 20000 / 22639 loops

Matrix-Level Summary:
  Control peaks centered: 11818 / 22639 (52.2%)
  Mutant peaks centered:  11672 / 22639 (51.6%)
  Positional shifts detected: 6740 / 22639 (29.8%)
  Mean center enrichment (ctrl): 0.075 ± 0.025
  Mean center enrichment (mut):  0.075 ± 0.026

Extracting per-loop shift status for downstream analysis...
  ✓ Extracted shift status for 22639 loops
  - Shifts detected: 6740 (29.8%)
  - Non-shifted: 15899 (70.2%)

  ✓ Shift status saved to: outputs/res_10kb/qc_report/loop_shift_status.rds
  ✓ Shift summary table saved to: outputs/res_10kb/qc_report/loop_shift_summary.tsv

Per-loop shift status extraction complete

  Saved: 08_example_matrices.{pdf,svg,jpg}
Matrix inspection plots saved

SECTION 6: Aggregation Strategy Comparison
-------------------------------------------
Comparing different aggregation methods...

Available aggregation strategies:
  - sum
  - weighted

Correlation between aggregation strategies (Control):
           sum weighted
sum      1.000    0.994
weighted 0.994    1.000

Correlation between aggregation strategies (Mutant):
           sum weighted
sum      1.000    0.994
weighted 0.994    1.000

Strategy comparison statistics:
  Control sum range:      0.3 - 2639.7
  Control weighted range: 0.0 - 106.7
  Mutant sum range:       0.2 - 2978.4
  Mutant weighted range:  0.0 - 116.4

✓ Main count matrix uses 'sum' aggregation

  Saved: 09_strategy_comparison.{pdf,svg,jpg}
Strategy Interpretation:
  - 'sum': Simple sum of all 25 pixels in 5×5 buffer
           → Best for detecting ANY signal in buffer region
           → Robust to positional shifts
           → May include more background noise

  - 'weighted': Distance-weighted sum (center pixels weighted higher)
           → Gives more importance to center pixel
           → Balance between precision and shift-tolerance
           → Values typically lower than sum

✓ High correlation between strategies (>0.95)
  → Choice of aggregation method has minimal impact on results
  → Both strategies capture similar biological signal

Strategy comparison plots saved

SECTION 7: Final QC Assessment & Recommendations
=================================================

QC ASSESSMENT:
==============
✓ PASS (with warnings)

Data quality is acceptable, but note the following:
  ⚠ Low center enrichment (<0.2) suggests diffuse signal

SUMMARY STATISTICS:
===================
Dataset:             22639 loops × 6 samples
Sample correlation:  0.984 (Pearson)
Library size ratio:  1.37 (mut/ctrl)
Mean log2 FC:        -0.072 ± 0.170
Loops with |M|>1:    16 (0.1%)
Positional shifts:   6740 (29.8%)
Center enrichment:   0.075 (ctrl), 0.075 (mut)

RECOMMENDATIONS:
================
1. ✓ Proceed with edgeR differential analysis
2. ✓ Data quality supports biological interpretation
3. ⚠ 29.8% of loops show positional shifts - buffer approach validated
4. ⚠ Very high correlation suggests limited biological differences
   → May need larger sample size or deeper sequencing to detect subtle changes

NEXT STEPS:
-----------
→ Run edgeR differential analysis script
→ Compare results with Hiccups differential calls
→ Validate top hits with biological context

=============================================================================
QC REPORT COMPLETE
=============================================================================
All outputs saved to: outputs/res_10kb/qc_report

Generated files:
  01_sample_correlation.pdf       - Sample similarity heatmap
  02_sample_scatter.pdf           - Sample-to-sample scatter plot
  03_count_distributions.pdf      - Distribution comparisons
  04_ma_plot.pdf                  - MA plot (fold change analysis)
  05_variable_loops_heatmap.pdf   - Top variable loops
  06_chromosome_distribution.pdf  - Loops per chromosome
  07_distance_decay.pdf           - Distance vs signal strength
  08_example_matrices.pdf         - Individual 5×5 matrix examples
  09_strategy_comparison.pdf      - Aggregation method comparison
  qc_report_summary.rds           - Complete QC metrics (R object)

✓ Ready for differential analysis!
=============================================================================
