===========================================
Stage 6: Cross-Resolution Comparison
===========================================
Job ID:     48243278
Node:       exp-3-50
Timepoint:  250402
Start:      Mon Apr 20 20:13:00 PDT 2026
===========================================
Warning messages:
1: package ‘yaml’ was built under R version 4.4.3 
2: package ‘dplyr’ was built under R version 4.4.3 
3: package ‘futile.logger’ was built under R version 4.4.3 

========================================
Stage 6: Cross-Resolution Comparison
Timepoint: 250402
========================================

=== Loading Results ===
  5kb:  7371 stripes
  10kb: 3566 stripes

=== Per-Resolution Statistics ===

  5kb: 7371 total, 2320 sig FDR<0.05
    lost=1528, gained=2052, strengthened=3, weakened=4

  10kb: 3566 total, 1325 sig FDR<0.05
    lost=766, gained=967, strengthened=0, weakened=0

=== Cross-Resolution Matching ===
  Matched:  2522 stripes
  5kb-only: 4849 stripes
  10kb-only:1044 stripes

=== Concordance Analysis ===
  Both significant: 672 / 2522 matched
  Direction concordant (both sig): 377 / 672
  logFC correlation: 0.850

=== Building High-Confidence Set ===
  both_concordant: 1273
  both_discordant: 1249
  5kb_only:        4849
  10kb_only:       1044
  Total:           8415

=== Generating Plots ===
  Saved: logFC_correlation.{pdf,svg,jpg}
  Saved: direction_by_resolution.{pdf,svg,jpg}

=== Saving Outputs ===
  Saved: cross_res_merged.tsv (8415 stripes)
  Saved: cross_res_summary.txt

========================================
Stage 6 complete.
End: 2026-04-20 20:13:07.302575
========================================

Cross-resolution comparison complete.
Output: /expanse/lustre/projects/csd940/zalibhai/stripes/stripenn/outputs/250402/cross_res_merged.tsv
End: Mon Apr 20 20:13:07 PDT 2026
===========================================
