===========================================
Stage 6: Cross-Resolution Comparison
===========================================
Job ID:     48243277
Node:       exp-1-07
Timepoint:  250831
Start:      Mon Apr 20 20:13:00 PDT 2026
===========================================
Warning messages:
1: package ‘yaml’ was built under R version 4.4.3 
2: package ‘dplyr’ was built under R version 4.4.3 
3: package ‘futile.logger’ was built under R version 4.4.3 

========================================
Stage 6: Cross-Resolution Comparison
Timepoint: 250831
========================================

=== Loading Results ===
  5kb:  4008 stripes
  10kb: 1879 stripes

=== Per-Resolution Statistics ===

  5kb: 4008 total, 96 sig FDR<0.05
    lost=949, gained=776, strengthened=0, weakened=0

  10kb: 1879 total, 53 sig FDR<0.05
    lost=483, gained=401, strengthened=0, weakened=0

=== Cross-Resolution Matching ===
  Matched:  1404 stripes
  5kb-only: 2604 stripes
  10kb-only:475 stripes

=== Concordance Analysis ===
  Both significant: 22 / 1404 matched
  Direction concordant (both sig): 15 / 22
  logFC correlation: 0.808

=== Building High-Confidence Set ===
  both_concordant: 759
  both_discordant: 645
  5kb_only:        2604
  10kb_only:       475
  Total:           4483

=== Generating Plots ===
  Saved: logFC_correlation.{pdf,svg,jpg}
  Saved: direction_by_resolution.{pdf,svg,jpg}

=== Saving Outputs ===
  Saved: cross_res_merged.tsv (4483 stripes)
  Saved: cross_res_summary.txt

========================================
Stage 6 complete.
End: 2026-04-20 20:13:06.998324
========================================

Cross-resolution comparison complete.
Output: /expanse/lustre/projects/csd940/zalibhai/stripes/stripenn/outputs/250831/cross_res_merged.tsv
End: Mon Apr 20 20:13:07 PDT 2026
===========================================
