=========================================
EM-seq Non-CG: methylKit -> bedGraph
=========================================
Job ID: 51544326_1
Node: exp-2-32
Start time: Fri Jun 26 18:01:09 PDT 2026
=========================================

Sample: ctrl_3200
CHG: /expanse/lustre/projects/csd940/zalibhai/emseq/em-seq_output/methylDackelExtracts/260516_EMseq_LV_index_C1_Bap1_Math1_adult_ctrl_3200_S65_L001_CHG.methylKit.gz
CHH: /expanse/lustre/projects/csd940/zalibhai/emseq/em-seq_output/methylDackelExtracts/260516_EMseq_LV_index_C1_Bap1_Math1_adult_ctrl_3200_S65_L001_CHH.methylKit.gz
Output: /expanse/lustre/projects/csd940/zalibhai/noncg_bigwigs/bedgraphs/emseq/ctrl_3200.nonCG.bdg

Processing...

=========================================
Complete: ctrl_3200
Output: /expanse/lustre/projects/csd940/zalibhai/noncg_bigwigs/bedgraphs/emseq/ctrl_3200.nonCG.bdg
Sites: 293,504,679
Size: 2.5G
Time: 1034s
End time: Fri Jun 26 18:18:26 PDT 2026
=========================================
