=========================================
EM-seq Non-CG: methylKit -> bedGraph
=========================================
Job ID: 51544326_3
Node: exp-2-51
Start time: Fri Jun 26 18:01:10 PDT 2026
=========================================

Sample: mut_3391
CHG: /expanse/lustre/projects/csd940/zalibhai/emseq/em-seq_output/methylDackelExtracts/260516_EMseq_LV_index_B1_Bap1_Math1_adult_mut_3391_S64_L001_CHG.methylKit.gz
CHH: /expanse/lustre/projects/csd940/zalibhai/emseq/em-seq_output/methylDackelExtracts/260516_EMseq_LV_index_B1_Bap1_Math1_adult_mut_3391_S64_L001_CHH.methylKit.gz
Output: /expanse/lustre/projects/csd940/zalibhai/noncg_bigwigs/bedgraphs/emseq/mut_3391.nonCG.bdg

Processing...

=========================================
Complete: mut_3391
Output: /expanse/lustre/projects/csd940/zalibhai/noncg_bigwigs/bedgraphs/emseq/mut_3391.nonCG.bdg
Sites: 243,190,776
Size: 2.1G
Time: 850s
End time: Fri Jun 26 18:15:23 PDT 2026
=========================================
