=========================================
EM-seq Non-CG: methylKit -> bedGraph
=========================================
Job ID: 51544326_0
Node: exp-1-46
Start time: Fri Jun 26 18:01:09 PDT 2026
=========================================

Sample: ctrl_3139
CHG: /expanse/lustre/projects/csd940/zalibhai/emseq/em-seq_output/methylDackelExtracts/260516_EMseq_LV_index_A1_Bap1_Math1_adult_ctrl_3139_S63_L001_CHG.methylKit.gz
CHH: /expanse/lustre/projects/csd940/zalibhai/emseq/em-seq_output/methylDackelExtracts/260516_EMseq_LV_index_A1_Bap1_Math1_adult_ctrl_3139_S63_L001_CHH.methylKit.gz
Output: /expanse/lustre/projects/csd940/zalibhai/noncg_bigwigs/bedgraphs/emseq/ctrl_3139.nonCG.bdg

Processing...

=========================================
Complete: ctrl_3139
Output: /expanse/lustre/projects/csd940/zalibhai/noncg_bigwigs/bedgraphs/emseq/ctrl_3139.nonCG.bdg
Sites: 306,055,962
Size: 2.6G
Time: 1115s
End time: Fri Jun 26 18:19:47 PDT 2026
=========================================
