=========================================
EM-seq Non-CG: methylKit -> bedGraph
=========================================
Job ID: 51544326_2
Node: exp-1-24
Start time: Fri Jun 26 18:01:09 PDT 2026
=========================================

Sample: mut_3201
CHG: /expanse/lustre/projects/csd940/zalibhai/emseq/em-seq_output/methylDackelExtracts/260516_EMseq_LV_index_D1_Bap1_Math1_adult_mut_3201_S66_L001_CHG.methylKit.gz
CHH: /expanse/lustre/projects/csd940/zalibhai/emseq/em-seq_output/methylDackelExtracts/260516_EMseq_LV_index_D1_Bap1_Math1_adult_mut_3201_S66_L001_CHH.methylKit.gz
Output: /expanse/lustre/projects/csd940/zalibhai/noncg_bigwigs/bedgraphs/emseq/mut_3201.nonCG.bdg

Processing...

=========================================
Complete: mut_3201
Output: /expanse/lustre/projects/csd940/zalibhai/noncg_bigwigs/bedgraphs/emseq/mut_3201.nonCG.bdg
Sites: 280,004,763
Size: 2.4G
Time: 1001s
End time: Fri Jun 26 18:17:53 PDT 2026
=========================================
