=========================================
Non-CG bedGraph -> BigWig (emseq)
=========================================
Job ID: 51544334
Node: exp-1-03
Start time: Fri Jun 26 20:17:57 PDT 2026
=========================================

Downloading mm10.chrom.sizes...
[1] ctrl_3139
  Input:  /expanse/lustre/projects/csd940/zalibhai/noncg_bigwigs/bedgraphs/emseq/ctrl_3139.nonCG.bdg (2.6G)
  Output: /expanse/lustre/projects/csd940/zalibhai/noncg_bigwigs/bigwigs/emseq/ctrl_3139.nonCG.bw (1.3G)

[2] ctrl_3200
  Input:  /expanse/lustre/projects/csd940/zalibhai/noncg_bigwigs/bedgraphs/emseq/ctrl_3200.nonCG.bdg (2.5G)
  Output: /expanse/lustre/projects/csd940/zalibhai/noncg_bigwigs/bigwigs/emseq/ctrl_3200.nonCG.bw (1.2G)

[3] mut_3201
  Input:  /expanse/lustre/projects/csd940/zalibhai/noncg_bigwigs/bedgraphs/emseq/mut_3201.nonCG.bdg (2.4G)
  Output: /expanse/lustre/projects/csd940/zalibhai/noncg_bigwigs/bigwigs/emseq/mut_3201.nonCG.bw (1.2G)

[4] mut_3391
  Input:  /expanse/lustre/projects/csd940/zalibhai/noncg_bigwigs/bedgraphs/emseq/mut_3391.nonCG.bdg (2.1G)
  Output: /expanse/lustre/projects/csd940/zalibhai/noncg_bigwigs/bigwigs/emseq/mut_3391.nonCG.bw (846M)

=========================================
Conversion complete (emseq)
Converted: 4/4 files
Output dir: /expanse/lustre/projects/csd940/zalibhai/noncg_bigwigs/bigwigs/emseq
total 4.5G
-rw-r--r-- 1 zalibhai csd940 1.4G Jun 26 20:24 ctrl_3139.nonCG.bw
-rw-r--r-- 1 zalibhai csd940 1.3G Jun 26 20:30 ctrl_3200.nonCG.bw
-rw-r--r-- 1 zalibhai csd940 1.3G Jun 26 20:35 mut_3201.nonCG.bw
-rw-r--r-- 1 zalibhai csd940 939M Jun 26 20:40 mut_3391.nonCG.bw
End time: Fri Jun 26 20:40:29 PDT 2026
=========================================
