=========================================
Merge Non-CG BigWigs (wgbs)
=========================================
Job ID: 51544335
Node: exp-1-26
Start time: Fri Jun 26 20:31:45 PDT 2026
=========================================

--- all (4 files) ---
  Output: /expanse/lustre/projects/csd940/zalibhai/noncg_bigwigs/bigwigs/wgbs/nonCG_all.bw
  Done: 40M

--- ctrl (2 files) ---
  Output: /expanse/lustre/projects/csd940/zalibhai/noncg_bigwigs/bigwigs/wgbs/nonCG_ctrl.bw
  Done: 24M

--- mut (2 files) ---
  Output: /expanse/lustre/projects/csd940/zalibhai/noncg_bigwigs/bigwigs/wgbs/nonCG_mut.bw
  Done: 6.8M

=========================================
Merge complete (wgbs)
Merged: 3/3
Output dir: /expanse/lustre/projects/csd940/zalibhai/noncg_bigwigs/bigwigs/wgbs
total 2.5G
-rw-r--r-- 1 zalibhai csd940 855M Jun 26 20:21 ctrl_3139.nonCG.bw
-rw-r--r-- 1 zalibhai csd940 669M Jun 26 20:24 ctrl_3200.nonCG.bw
-rw-r--r-- 1 zalibhai csd940 235M Jun 26 20:25 mut_3201.nonCG.bw
-rw-r--r-- 1 zalibhai csd940 827M Jun 26 20:29 mut_3391.nonCG.bw
-rw-r--r-- 1 zalibhai csd940  50M Jun 26 21:15 nonCG_all.bw
-rw-r--r-- 1 zalibhai csd940  32M Jun 26 21:41 nonCG_ctrl.bw
-rw-r--r-- 1 zalibhai csd940  21M Jun 26 22:04 nonCG_mut.bw
End time: Fri Jun 26 22:04:17 PDT 2026
=========================================
