=========================================
Merge Non-CG BigWigs (emseq)
=========================================
Job ID: 51544336
Node: exp-1-03
Start time: Fri Jun 26 21:03:57 PDT 2026
=========================================

--- all (4 files) ---
  Output: /expanse/lustre/projects/csd940/zalibhai/noncg_bigwigs/bigwigs/emseq/nonCG_all.bw
  Done: 71M

--- ctrl (2 files) ---
  Output: /expanse/lustre/projects/csd940/zalibhai/noncg_bigwigs/bigwigs/emseq/nonCG_ctrl.bw
  Done: 42M

--- mut (2 files) ---
  Output: /expanse/lustre/projects/csd940/zalibhai/noncg_bigwigs/bigwigs/emseq/nonCG_mut.bw
  Done: 36M

=========================================
Merge complete (emseq)
Merged: 3/3
Output dir: /expanse/lustre/projects/csd940/zalibhai/noncg_bigwigs/bigwigs/emseq
total 4.7G
-rw-r--r-- 1 zalibhai csd940 1.4G Jun 26 20:24 ctrl_3139.nonCG.bw
-rw-r--r-- 1 zalibhai csd940 1.3G Jun 26 20:30 ctrl_3200.nonCG.bw
-rw-r--r-- 1 zalibhai csd940 1.3G Jun 26 20:35 mut_3201.nonCG.bw
-rw-r--r-- 1 zalibhai csd940 939M Jun 26 20:40 mut_3391.nonCG.bw
-rw-r--r-- 1 zalibhai csd940  92M Jun 26 21:38 nonCG_all.bw
-rw-r--r-- 1 zalibhai csd940  54M Jun 26 21:59 nonCG_ctrl.bw
-rw-r--r-- 1 zalibhai csd940  46M Jun 26 22:20 nonCG_mut.bw
End time: Fri Jun 26 22:20:04 PDT 2026
=========================================
