=========================================
Non-CG bedGraph -> BigWig (wgbs)
=========================================
Job ID: 51544327
Node: exp-2-13
Start time: Fri Jun 26 20:17:57 PDT 2026
=========================================

Downloading mm10.chrom.sizes...
[1] ctrl_3139
  Input:  /expanse/lustre/projects/csd940/zalibhai/noncg_bigwigs/bedgraphs/wgbs/ctrl_3139.nonCG.bdg (1.9G)
  Output: /expanse/lustre/projects/csd940/zalibhai/noncg_bigwigs/bigwigs/wgbs/ctrl_3139.nonCG.bw (764M)

[2] ctrl_3200
  Input:  /expanse/lustre/projects/csd940/zalibhai/noncg_bigwigs/bedgraphs/wgbs/ctrl_3200.nonCG.bdg (1.5G)
  Output: /expanse/lustre/projects/csd940/zalibhai/noncg_bigwigs/bigwigs/wgbs/ctrl_3200.nonCG.bw (596M)

[3] mut_3201
  Input:  /expanse/lustre/projects/csd940/zalibhai/noncg_bigwigs/bedgraphs/wgbs/mut_3201.nonCG.bdg (487M)
  Output: /expanse/lustre/projects/csd940/zalibhai/noncg_bigwigs/bigwigs/wgbs/mut_3201.nonCG.bw (193M)

[4] mut_3391
  Input:  /expanse/lustre/projects/csd940/zalibhai/noncg_bigwigs/bedgraphs/wgbs/mut_3391.nonCG.bdg (1.8G)
  Output: /expanse/lustre/projects/csd940/zalibhai/noncg_bigwigs/bigwigs/wgbs/mut_3391.nonCG.bw (744M)

=========================================
Conversion complete (wgbs)
Converted: 4/4 files
Output dir: /expanse/lustre/projects/csd940/zalibhai/noncg_bigwigs/bigwigs/wgbs
total 2.4G
-rw-r--r-- 1 zalibhai csd940 855M Jun 26 20:21 ctrl_3139.nonCG.bw
-rw-r--r-- 1 zalibhai csd940 669M Jun 26 20:24 ctrl_3200.nonCG.bw
-rw-r--r-- 1 zalibhai csd940 235M Jun 26 20:25 mut_3201.nonCG.bw
-rw-r--r-- 1 zalibhai csd940 827M Jun 26 20:29 mut_3391.nonCG.bw
End time: Fri Jun 26 20:29:40 PDT 2026
=========================================
