=========================================
WGBS Non-CG: Bismark per-read -> bedGraph
=========================================
Job ID: 51544325_3
Node: exp-1-46
Start time: Fri Jun 26 18:01:09 PDT 2026
=========================================

Sample: mut_3391
CHG: /expanse/lustre/projects/csd940/zalibhai/methylseq/results/bismark/methylation_calls/methylation_calls/CHG_context_Bap1_Math1_mut_3391_1_val_1_bismark_bt2_pe.deduplicated.txt.gz
CHH: /expanse/lustre/projects/csd940/zalibhai/methylseq/results/bismark/methylation_calls/methylation_calls/CHH_context_Bap1_Math1_mut_3391_1_val_1_bismark_bt2_pe.deduplicated.txt.gz
Output: /expanse/lustre/projects/csd940/zalibhai/noncg_bigwigs/bedgraphs/wgbs/mut_3391.nonCG.bdg
Temp dir: /expanse/lustre/projects/csd940/zalibhai/noncg_bigwigs/tmp/wgbs_mut_3391_51544325

[Phase 1] Decompressing and splitting by chromosome...
  Split complete in 498s
  chr1: 18,759,585 lines (102M)
  chr10: 12,326,191 lines (67M)
  chr11: 12,714,441 lines (68M)
  chr12: 11,438,568 lines (62M)
  chr13: 11,449,510 lines (62M)
  chr14: 11,441,186 lines (62M)
  chr15: 9,921,269 lines (54M)
  chr16: 9,424,227 lines (51M)
  chr17: 9,319,097 lines (50M)
  chr18: 8,576,259 lines (46M)
  chr19: 6,003,930 lines (31M)
  chr2: 18,852,638 lines (100M)
  chr3: 15,027,298 lines (83M)
  chr4: 14,969,308 lines (84M)
  chr5: 14,621,883 lines (80M)
  chr6: 14,307,942 lines (78M)
  chr7: 13,966,295 lines (76M)
  chr8: 12,388,956 lines (67M)
  chr9: 12,952,920 lines (69M)
  chrM: 80,686 lines (188K)
  chrX: 7,028,587 lines (39M)
  chrY: 732,491 lines (3.7M)
  Total lines across all chromosomes: 246,303,267

[Phase 2] Per-chromosome sort + aggregate...
  chr1... /cm/local/apps/slurm/var/spool/job51544325/slurm_script: line 102: /expanse/lustre/projects/csd940/zalibhai/noncg_bigwigs/bedgraphs/wgbs/mut_3391.nonCG.bdg: No such file or directory
16062259 sites
  chr2... 15075925 sites
  chr3... 12908312 sites
  chr4... 12822635 sites
  chr5... 12534400 sites
  chr6... 12277050 sites
  chr7... 11983221 sites
  chr8... 10669975 sites
  chr9... 10447071 sites
  chr10... 10604167 sites
  chr11... 10736439 sites
  chr12... 9758880 sites
  chr13... 9837293 sites
  chr14... 9763310 sites
  chr15... 8536467 sites
  chr16... 8079492 sites
  chr17... 7949328 sites
  chr18... 7385790 sites
  chr19... 5153837 sites
  chrX... 6489672 sites
  chrY... 682647 sites
  chrM... 4099 sites
  Aggregate complete in 331s

=========================================
Complete: mut_3391
Output: /expanse/lustre/projects/csd940/zalibhai/noncg_bigwigs/bedgraphs/wgbs/mut_3391.nonCG.bdg
Sites: 209,762,269
Size: 1.8G
Total time: 831s
End time: Fri Jun 26 18:15:02 PDT 2026
=========================================
