=========================================
WGBS Non-CG: Bismark per-read -> bedGraph
=========================================
Job ID: 51544325_1
Node: exp-2-09
Start time: Fri Jun 26 18:01:09 PDT 2026
=========================================

Sample: ctrl_3200
CHG: /expanse/lustre/projects/csd940/zalibhai/methylseq/results/bismark/methylation_calls/methylation_calls/CHG_context_Bap1_Math1_ctrl_3200_1_val_1_bismark_bt2_pe.deduplicated.txt.gz
CHH: /expanse/lustre/projects/csd940/zalibhai/methylseq/results/bismark/methylation_calls/methylation_calls/CHH_context_Bap1_Math1_ctrl_3200_1_val_1_bismark_bt2_pe.deduplicated.txt.gz
Output: /expanse/lustre/projects/csd940/zalibhai/noncg_bigwigs/bedgraphs/wgbs/ctrl_3200.nonCG.bdg
Temp dir: /expanse/lustre/projects/csd940/zalibhai/noncg_bigwigs/tmp/wgbs_ctrl_3200_51544325

[Phase 1] Decompressing and splitting by chromosome...
  Split complete in 430s
  chr1: 15,105,779 lines (84M)
  chr10: 9,840,096 lines (53M)
  chr11: 9,342,252 lines (50M)
  chr12: 9,047,902 lines (49M)
  chr13: 9,062,774 lines (51M)
  chr14: 9,171,168 lines (50M)
  chr15: 7,815,705 lines (42M)
  chr16: 7,370,487 lines (40M)
  chr17: 7,080,663 lines (38M)
  chr18: 6,848,099 lines (37M)
  chr19: 4,504,760 lines (24M)
  chr2: 15,406,481 lines (81M)
  chr3: 12,226,255 lines (67M)
  chr4: 11,665,000 lines (63M)
  chr5: 11,239,040 lines (62M)
  chr6: 11,453,215 lines (63M)
  chr7: 10,269,766 lines (56M)
  chr8: 9,565,752 lines (52M)
  chr9: 10,746,878 lines (57M)
  chrM: 44,824 lines (119K)
  chrX: 5,926,911 lines (33M)
  chrY: 566,241 lines (2.8M)
  Total lines across all chromosomes: 194,300,048

[Phase 2] Per-chromosome sort + aggregate...
  chr1... /cm/local/apps/slurm/var/spool/job51544329/slurm_script: line 102: /expanse/lustre/projects/csd940/zalibhai/noncg_bigwigs/bedgraphs/wgbs/ctrl_3200.nonCG.bdg: No such file or directory
12994256 sites
  chr2... 11866981 sites
  chr3... 10519662 sites
  chr4... 10067766 sites
  chr5... 9757777 sites
  chr6... 9846136 sites
  chr7... 8940765 sites
  chr8... 8310135 sites
  chr9... 8233293 sites
  chr10... 8503232 sites
  chr11... 8030330 sites
  chr12... 7728378 sites
  chr13... 7838044 sites
  chr14... 7797243 sites
  chr15... 6764647 sites
  chr16... 6365914 sites
  chr17... 6120816 sites
  chr18... 5927687 sites
  chr19... 3917885 sites
  chrX... 5443413 sites
  chrY... 522057 sites
  chrM... 3998 sites
  Aggregate complete in 288s

=========================================
Complete: ctrl_3200
Output: /expanse/lustre/projects/csd940/zalibhai/noncg_bigwigs/bedgraphs/wgbs/ctrl_3200.nonCG.bdg
Sites: 165,500,415
Size: 1.5G
Total time: 720s
End time: Fri Jun 26 18:13:11 PDT 2026
=========================================
