=========================================
WGBS Non-CG: Bismark per-read -> bedGraph
=========================================
Job ID: 51544325_0
Node: exp-1-26
Start time: Fri Jun 26 18:01:09 PDT 2026
=========================================

Sample: ctrl_3139
CHG: /expanse/lustre/projects/csd940/zalibhai/methylseq/results/bismark/methylation_calls/methylation_calls/CHG_context_Bap1_Math1_ctrl_3139_1_val_1_bismark_bt2_pe.deduplicated.txt.gz
CHH: /expanse/lustre/projects/csd940/zalibhai/methylseq/results/bismark/methylation_calls/methylation_calls/CHH_context_Bap1_Math1_ctrl_3139_1_val_1_bismark_bt2_pe.deduplicated.txt.gz
Output: /expanse/lustre/projects/csd940/zalibhai/noncg_bigwigs/bedgraphs/wgbs/ctrl_3139.nonCG.bdg
Temp dir: /expanse/lustre/projects/csd940/zalibhai/noncg_bigwigs/tmp/wgbs_ctrl_3139_51544325

[Phase 1] Decompressing and splitting by chromosome...
  Split complete in 956s
  chr1: 20,271,113 lines (111M)
  chr10: 13,127,285 lines (70M)
  chr11: 12,607,675 lines (68M)
  chr12: 12,180,864 lines (66M)
  chr13: 12,255,939 lines (66M)
  chr14: 12,319,996 lines (67M)
  chr15: 10,457,013 lines (56M)
  chr16: 9,838,311 lines (53M)
  chr17: 9,573,620 lines (52M)
  chr18: 9,159,612 lines (49M)
  chr19: 6,156,691 lines (33M)
  chr2: 20,104,803 lines (107M)
  chr3: 16,418,196 lines (90M)
  chr4: 15,653,434 lines (86M)
  chr5: 15,175,944 lines (83M)
  chr6: 15,324,045 lines (84M)
  chr7: 14,272,372 lines (78M)
  chr8: 12,859,903 lines (70M)
  chr9: 13,915,551 lines (74M)
  chrM: 66,420 lines (168K)
  chrX: 7,954,703 lines (44M)
  chrY: 810,464 lines (4.1M)
  Total lines across all chromosomes: 260,503,954

[Phase 2] Per-chromosome sort + aggregate...
  chr1... /cm/local/apps/slurm/var/spool/job51544328/slurm_script: line 102: /expanse/lustre/projects/csd940/zalibhai/noncg_bigwigs/bedgraphs/wgbs/ctrl_3139.nonCG.bdg: No such file or directory
16889522 sites
  chr2... 15440335 sites
  chr3... 13705087 sites
  chr4... 13101366 sites
  chr5... 12731059 sites
  chr6... 12801222 sites
  chr7... 12003892 sites
  chr8... 10831478 sites
  chr9... 10669426 sites
  chr10... 11024454 sites
  chr11... 10494741 sites
  chr12... 10112417 sites
  chr13... 10263957 sites
  chr14... 10193857 sites
  chr15... 8782357 sites
  chr16... 8245366 sites
  chr17... 8015721 sites
  chr18... 7693681 sites
  chr19... 5185003 sites
  chrX... 7184874 sites
  chrY... 738700 sites
  chrM... 4097 sites
  Aggregate complete in 428s

=========================================
Complete: ctrl_3139
Output: /expanse/lustre/projects/csd940/zalibhai/noncg_bigwigs/bedgraphs/wgbs/ctrl_3139.nonCG.bdg
Sites: 216,112,612
Size: 1.9G
Total time: 1388s
End time: Fri Jun 26 18:24:19 PDT 2026
=========================================
