=========================================
WGBS Non-CG: Bismark per-read -> bedGraph
=========================================
Job ID: 51544325_2
Node: exp-1-20
Start time: Fri Jun 26 18:01:09 PDT 2026
=========================================

Sample: mut_3201
CHG: /expanse/lustre/projects/csd940/zalibhai/methylseq/results/bismark/methylation_calls/methylation_calls/CHG_context_Bap1_Math1_mut_3201_1_val_1_bismark_bt2_pe.deduplicated.txt.gz
CHH: /expanse/lustre/projects/csd940/zalibhai/methylseq/results/bismark/methylation_calls/methylation_calls/CHH_context_Bap1_Math1_mut_3201_1_val_1_bismark_bt2_pe.deduplicated.txt.gz
Output: /expanse/lustre/projects/csd940/zalibhai/noncg_bigwigs/bedgraphs/wgbs/mut_3201.nonCG.bdg
Temp dir: /expanse/lustre/projects/csd940/zalibhai/noncg_bigwigs/tmp/wgbs_mut_3201_51544325

[Phase 1] Decompressing and splitting by chromosome...
  Split complete in 122s
  chr1: 4,430,464 lines (24M)
  chr10: 2,877,540 lines (15M)
  chr11: 2,793,037 lines (15M)
  chr12: 2,702,080 lines (14M)
  chr13: 2,685,607 lines (14M)
  chr14: 2,720,577 lines (14M)
  chr15: 2,295,135 lines (12M)
  chr16: 2,159,749 lines (12M)
  chr17: 2,089,192 lines (11M)
  chr18: 2,019,147 lines (11M)
  chr19: 1,346,613 lines (6.0M)
  chr2: 4,883,192 lines (24M)
  chr3: 3,544,145 lines (19M)
  chr4: 3,443,485 lines (18M)
  chr5: 3,319,163 lines (17M)
  chr6: 3,365,056 lines (18M)
  chr7: 3,088,008 lines (17M)
  chr8: 2,780,778 lines (15M)
  chr9: 3,243,887 lines (17M)
  chrM: 15,362 lines (50K)
  chrX: 1,685,092 lines (8.6M)
  chrY: 158,039 lines (493K)
  Total lines across all chromosomes: 57,645,348

[Phase 2] Per-chromosome sort + aggregate...
  chr1... /cm/local/apps/slurm/var/spool/job51544330/slurm_script: line 102: /expanse/lustre/projects/csd940/zalibhai/noncg_bigwigs/bedgraphs/wgbs/mut_3201.nonCG.bdg: No such file or directory
4228240 sites
  chr2... 3873292 sites
  chr3... 3390700 sites
  chr4... 3291894 sites
  chr5... 3181271 sites
  chr6... 3196890 sites
  chr7... 2955607 sites
  chr8... 2665386 sites
  chr9... 2687013 sites
  chr10... 2753583 sites
  chr11... 2649811 sites
  chr12... 2516791 sites
  chr13... 2568733 sites
  chr14... 2547657 sites
  chr15... 2195203 sites
  chr16... 2065631 sites
  chr17... 1995843 sites
  chr18... 1931131 sites
  chr19... 1289457 sites
  chrX... 1644730 sites
  chrY... 152858 sites
  chrM... 3533 sites
  Aggregate complete in 85s

=========================================
Complete: mut_3201
Output: /expanse/lustre/projects/csd940/zalibhai/noncg_bigwigs/bedgraphs/wgbs/mut_3201.nonCG.bdg
Sites: 53,785,254
Size: 476M
Total time: 207s
End time: Fri Jun 26 18:04:36 PDT 2026
=========================================
