Warning messages:
1: package ‘matrixStats’ was built under R version 4.4.3 
2: package ‘Matrix’ was built under R version 4.4.3 
3: package ‘S4Arrays’ was built under R version 4.4.3 
4: package ‘abind’ was built under R version 4.4.3 
5: package ‘dplyr’ was built under R version 4.4.3 
6: package ‘yaml’ was built under R version 4.4.3 
Loaded multi_format_output.R - Functions available:
  - save_multiformat_ggplot(plot, base_path, width, height, dpi)
  - save_multiformat_base(plot_expr, base_path, width, height, dpi)
  - save_multiformat_pheatmap(pheatmap_call, base_path, width, height, dpi)

Loading paths configuration...

========================================
Aggregate Peak Analysis (APA) Pipeline
========================================

Resolutions to process: 10 kb
Loop sets: both
Output directory: outputs/apa_results

  ✓ All .hic files found
  ✓ Using normalization: VC


========================================
Resolution: 10kb
========================================

## Processing MERGED loops ##
  Total merged loops: 165 (up: 73, down: 92)

--- Processing: merged_loops up-regulated loops at 10kb ---
  Loop count: 73
  Extracting matrices: 73 loops × 6 samples
  Buffer: 5 bins (110kb window)
  ✓ Extraction complete: outputs/apa_results/temp_hdf5_res_10kb/apa_matrices.h5
  Aggregating: 73 loops × 6 samples → 11×11 matrix per sample
  ✓ Aggregation complete using mean
  Calculating P2LL enrichment scores for 73 loops
  ⚠ Flagged 8 outlier enrichment scores (>3 SD)
  ✓ Enrichment calculation complete
    Mean enrichment: 3.77 (range: 0.00 - 32.75)
  ✓ Saved: outputs/apa_results/res_10kb/merged_loops/up_loops/enrichment_scores.tsv

  Generating visualizations...
  Saved: aggregate_heatmap_ctrl.{pdf,svg,jpg}
  Saved: aggregate_heatmap_mut.{pdf,svg,jpg}
  Saved: difference_heatmap.{pdf,svg,jpg}
  Saved: enrichment_boxplot.{pdf,svg,jpg}
  ✓ Statistical test: p = 2.11e-03
  Saved: replicate_heatmaps.{pdf,svg,jpg}
  ✓ All outputs saved to: outputs/apa_results/res_10kb/merged_loops/up_loops

--- Processing: merged_loops down-regulated loops at 10kb ---
  Loop count: 92
  Extracting matrices: 92 loops × 6 samples
  Buffer: 5 bins (110kb window)
  ✓ Extraction complete: outputs/apa_results/temp_hdf5_res_10kb/apa_matrices.h5
  Aggregating: 92 loops × 6 samples → 11×11 matrix per sample
  ✓ Aggregation complete using mean
  Calculating P2LL enrichment scores for 92 loops
  ⚠ Flagged 10 outlier enrichment scores (>3 SD)
  ✓ Enrichment calculation complete
    Mean enrichment: 4.54 (range: 0.00 - 32.38)
  ✓ Saved: outputs/apa_results/res_10kb/merged_loops/down_loops/enrichment_scores.tsv

  Generating visualizations...
  Saved: aggregate_heatmap_ctrl.{pdf,svg,jpg}
  Saved: aggregate_heatmap_mut.{pdf,svg,jpg}
  Saved: difference_heatmap.{pdf,svg,jpg}
  Saved: enrichment_boxplot.{pdf,svg,jpg}
  ✓ Statistical test: p = 2.24e-04
  Saved: replicate_heatmaps.{pdf,svg,jpg}
  ✓ All outputs saved to: outputs/apa_results/res_10kb/merged_loops/down_loops

## Processing RESOLUTION-SPECIFIC loops ##
  Matched 22122 loops from GI (22129) to results (22122)
  Significant loops: 87 (up: 53, down: 34)

--- Processing: resolution_specific up-regulated loops at 10kb ---
  Loop count: 53
  Extracting matrices: 53 loops × 6 samples
  Buffer: 5 bins (110kb window)
  ✓ Extraction complete: outputs/apa_results/temp_hdf5_res_10kb/apa_matrices.h5
  Aggregating: 53 loops × 6 samples → 1×1 matrix per sample
  ✓ Aggregation complete using mean
  Calculating P2LL enrichment scores for 53 loops
  ✓ Enrichment calculation complete
    Mean enrichment: 1.00 (range: 1.00 - 1.00)
  ✓ Saved: outputs/apa_results/res_10kb/resolution_specific/up_loops/enrichment_scores.tsv

  Generating visualizations...
  Saved: aggregate_heatmap_ctrl.{pdf,svg,jpg}
  Saved: aggregate_heatmap_mut.{pdf,svg,jpg}
  Saved: difference_heatmap.{pdf,svg,jpg}
  Saved: enrichment_boxplot.{pdf,svg,jpg}
  ✓ Statistical test: p = NaN
  Saved: replicate_heatmaps.{pdf,svg,jpg}
  ✓ All outputs saved to: outputs/apa_results/res_10kb/resolution_specific/up_loops

--- Processing: resolution_specific down-regulated loops at 10kb ---
  Loop count: 34
  Extracting matrices: 34 loops × 6 samples
  Buffer: 5 bins (110kb window)
  ✓ Extraction complete: outputs/apa_results/temp_hdf5_res_10kb/apa_matrices.h5
  Aggregating: 34 loops × 6 samples → 1×1 matrix per sample
  ✓ Aggregation complete using mean
  Calculating P2LL enrichment scores for 34 loops
  ✓ Enrichment calculation complete
    Mean enrichment: 1.00 (range: 1.00 - 1.00)
  ✓ Saved: outputs/apa_results/res_10kb/resolution_specific/down_loops/enrichment_scores.tsv

  Generating visualizations...
  Saved: aggregate_heatmap_ctrl.{pdf,svg,jpg}
  Saved: aggregate_heatmap_mut.{pdf,svg,jpg}
  Saved: difference_heatmap.{pdf,svg,jpg}
  Saved: enrichment_boxplot.{pdf,svg,jpg}
  ✓ Statistical test: p = NaN
  Saved: replicate_heatmaps.{pdf,svg,jpg}
  ✓ All outputs saved to: outputs/apa_results/res_10kb/resolution_specific/down_loops

========================================
APA Analysis Complete
========================================
Successful analyses: 4 / 4
Results directory: outputs/apa_results

✓ Summary saved: outputs/apa_results/summary_report.txt

Warning messages:
1: In grid.Call.graphics(C_text, as.graphicsAnnot(x$label), x$x, x$y,  :
  conversion failure on 'Wilcoxon p = 2.11e-03, Cliff's Δ = 0.172' in 'mbcsToSbcs': for Δ (U+0394)
2: In grid.Call.graphics(C_text, as.graphicsAnnot(x$label), x$x, x$y,  :
  conversion failure on 'Wilcoxon p = 2.24e-04, Cliff's Δ = -0.195' in 'mbcsToSbcs': for Δ (U+0394)
3: In grid.Call.graphics(C_text, as.graphicsAnnot(x$label), x$x, x$y,  :
  conversion failure on 'Wilcoxon p = NaN, Cliff's Δ = 0.000' in 'mbcsToSbcs': for Δ (U+0394)
4: In grid.Call.graphics(C_text, as.graphicsAnnot(x$label), x$x, x$y,  :
  conversion failure on 'Wilcoxon p = NaN, Cliff's Δ = 0.000' in 'mbcsToSbcs': for Δ (U+0394)
