── Attaching core tidyverse packages ──────────────────────── tidyverse 2.0.0 ──
✔ dplyr     1.1.4     ✔ readr     2.1.5
✔ forcats   1.0.1     ✔ stringr   1.6.0
✔ ggplot2   4.0.0     ✔ tibble    3.3.0
✔ lubridate 1.9.4     ✔ tidyr     1.3.1
✔ purrr     1.2.0     
── Conflicts ────────────────────────────────────────── tidyverse_conflicts() ──
✖ dplyr::filter() masks stats::filter()
✖ dplyr::lag()    masks stats::lag()
ℹ Use the conflicted package (<http://conflicted.r-lib.org/>) to force all conflicts to become errors
Warning messages:
1: package ‘tibble’ was built under R version 4.4.3 
2: package ‘dplyr’ was built under R version 4.4.3 
Loading required package: GenomicRanges
Loading required package: stats4
Loading required package: BiocGenerics

Attaching package: ‘BiocGenerics’

The following objects are masked from ‘package:lubridate’:

    intersect, setdiff, union

The following objects are masked from ‘package:dplyr’:

    combine, intersect, setdiff, union

The following objects are masked from ‘package:stats’:

    IQR, mad, sd, var, xtabs

The following objects are masked from ‘package:base’:

    anyDuplicated, aperm, append, as.data.frame, basename, cbind,
    colnames, dirname, do.call, duplicated, eval, evalq, Filter, Find,
    get, grep, grepl, intersect, is.unsorted, lapply, Map, mapply,
    match, mget, order, paste, pmax, pmax.int, pmin, pmin.int,
    Position, rank, rbind, Reduce, rownames, sapply, saveRDS, setdiff,
    table, tapply, union, unique, unsplit, which.max, which.min

Loading required package: S4Vectors

Attaching package: ‘S4Vectors’

The following objects are masked from ‘package:lubridate’:

    second, second<-

The following objects are masked from ‘package:dplyr’:

    first, rename

The following object is masked from ‘package:tidyr’:

    expand

The following object is masked from ‘package:utils’:

    findMatches

The following objects are masked from ‘package:base’:

    expand.grid, I, unname

Loading required package: IRanges

Attaching package: ‘IRanges’

The following object is masked from ‘package:lubridate’:

    %within%

The following objects are masked from ‘package:dplyr’:

    collapse, desc, slice

The following object is masked from ‘package:purrr’:

    reduce

Loading required package: GenomeInfoDb
Loading required package: SummarizedExperiment
Loading required package: MatrixGenerics
Loading required package: matrixStats

Attaching package: ‘matrixStats’

The following object is masked from ‘package:dplyr’:

    count


Attaching package: ‘MatrixGenerics’

The following objects are masked from ‘package:matrixStats’:

    colAlls, colAnyNAs, colAnys, colAvgsPerRowSet, colCollapse,
    colCounts, colCummaxs, colCummins, colCumprods, colCumsums,
    colDiffs, colIQRDiffs, colIQRs, colLogSumExps, colMadDiffs,
    colMads, colMaxs, colMeans2, colMedians, colMins, colOrderStats,
    colProds, colQuantiles, colRanges, colRanks, colSdDiffs, colSds,
    colSums2, colTabulates, colVarDiffs, colVars, colWeightedMads,
    colWeightedMeans, colWeightedMedians, colWeightedSds,
    colWeightedVars, rowAlls, rowAnyNAs, rowAnys, rowAvgsPerColSet,
    rowCollapse, rowCounts, rowCummaxs, rowCummins, rowCumprods,
    rowCumsums, rowDiffs, rowIQRDiffs, rowIQRs, rowLogSumExps,
    rowMadDiffs, rowMads, rowMaxs, rowMeans2, rowMedians, rowMins,
    rowOrderStats, rowProds, rowQuantiles, rowRanges, rowRanks,
    rowSdDiffs, rowSds, rowSums2, rowTabulates, rowVarDiffs, rowVars,
    rowWeightedMads, rowWeightedMeans, rowWeightedMedians,
    rowWeightedSds, rowWeightedVars

Loading required package: Biobase
Welcome to Bioconductor

    Vignettes contain introductory material; view with
    'browseVignettes()'. To cite Bioconductor, see
    'citation("Biobase")', and for packages 'citation("pkgname")'.


Attaching package: ‘Biobase’

The following object is masked from ‘package:MatrixGenerics’:

    rowMedians

The following objects are masked from ‘package:matrixStats’:

    anyMissing, rowMedians

Warning message:
package ‘matrixStats’ was built under R version 4.4.3 
Loading required package: SparseArray
Loading required package: Matrix

Attaching package: ‘Matrix’

The following object is masked from ‘package:S4Vectors’:

    expand

The following objects are masked from ‘package:tidyr’:

    expand, pack, unpack

Loading required package: S4Arrays
Loading required package: abind

Attaching package: ‘S4Arrays’

The following object is masked from ‘package:abind’:

    abind

The following object is masked from ‘package:base’:

    rowsum

Loading required package: DelayedArray

Attaching package: ‘DelayedArray’

The following object is masked from ‘package:purrr’:

    simplify

The following objects are masked from ‘package:base’:

    apply, scale, sweep

Loading required package: rhdf5

Attaching package: ‘HDF5Array’

The following object is masked from ‘package:rhdf5’:

    h5ls

Warning messages:
1: package ‘Matrix’ was built under R version 4.4.3 
2: package ‘S4Arrays’ was built under R version 4.4.3 
3: package ‘abind’ was built under R version 4.4.3 
Loading required package: limma

Attaching package: ‘limma’

The following object is masked from ‘package:BiocGenerics’:

    plotMA

Loading required package: viridisLite

Attaching package: ‘scales’

The following object is masked from ‘package:viridis’:

    viridis_pal

The following object is masked from ‘package:purrr’:

    discard

The following object is masked from ‘package:readr’:

    col_factor

Warning message:
package ‘yaml’ was built under R version 4.4.3 
=============================================================================
MARINER PIPELINE QC VALIDATION
RESOLUTION: 5000 bp (5 kb)
=============================================================================

SECTION 1: Data Loading & Integrity Validation
------------------------------------------------
Loading pipeline outputs...
✓ All data files loaded successfully

Basic Dimensions:
  Initial loops (ctrl): 0
  Initial loops (mut):  0
  Merged loops:         17983
  Binned loops:         17983
  Buffered regions:     17983
  Count matrix:         17983 loops × 6 samples

Data Integrity Checks:
  NA values: 0 (0.00%)
  Zero values: 0 (0.00%)
  ✓ No negative values detected

SECTION 2: Sample-Level Quality Assessment
-------------------------------------------
Count Statistics by Sample:
         Sample        Min        Q1   Median     Mean       Q3       Max
ctrl_M1 ctrl_M1 0.12140925  90.10216 140.3119 159.2648 209.6783  765.9006
ctrl_M2 ctrl_M2 0.14861589 122.61598 189.2537 212.4630 280.0074 1794.7574
ctrl_M3 ctrl_M3 0.18177053 119.00835 183.6812 206.9120 272.5918  896.9179
mut_M1   mut_M1 0.15676637 110.85645 171.5043 195.1056 257.4556 2700.6443
mut_M2   mut_M2 0.09752258 108.99453 170.5771 191.2844 251.7746 5777.3092
mut_M3   mut_M3 0.07853022  97.23123 149.9356 168.4397 220.9070 1617.8964
               SD
ctrl_M1  91.34991
ctrl_M2 118.87174
ctrl_M3 116.38395
mut_M1  114.56823
mut_M2  115.42078
mut_M3   94.88274

Library Sizes (Total Counts):
ctrl_M1 ctrl_M2 ctrl_M3  mut_M1  mut_M2  mut_M3 
2864059 3820723 3720899 3508585 3439868 3029051 

  Control group:
    Mean: 3468561, SD: 525887, CV: 0.15
  Mutant group:
    Mean: 3325834, SD: 259308, CV: 0.08
  Ratio (mut/ctrl medians): 0.924

  ✓ Library sizes are comparable
Sample Correlation Analysis:

Full correlation matrix:
        ctrl_M1 ctrl_M2 ctrl_M3 mut_M1 mut_M2 mut_M3
ctrl_M1   1.000   0.979   0.981  0.946  0.910  0.957
ctrl_M2   0.979   1.000   0.982  0.951  0.915  0.963
ctrl_M3   0.981   0.982   1.000  0.954  0.917  0.964
mut_M1    0.946   0.951   0.954  1.000  0.921  0.969
mut_M2    0.910   0.915   0.917  0.921  1.000  0.927
mut_M3    0.957   0.963   0.964  0.969  0.927  1.000

Within-group correlations:
  Control replicates: 0.981 ± 0.002 (range: 0.979-0.982)
  Mutant replicates:  0.939 ± 0.026 (range: 0.921-0.969)
  Between groups:     0.942 ± 0.022 (range: 0.910-0.964)

Quality Assessment:
  ✓ Good within-group reproducibility (>0.90)
  ⚠ Weak biological differences

  Saved: 01_sample_correlation.{pdf,svg,jpg}
  Saved: 02_sample_scatter.{pdf,svg,jpg}
Warning message:
Using `size` aesthetic for lines was deprecated in ggplot2 3.4.0.
ℹ Please use `linewidth` instead. 
  Saved: 03_count_distributions.{pdf,svg,jpg}
There were 27 warnings (use warnings() to see them)
Sample-level QC plots saved to: outputs/res_5kb/qc_report 

SECTION 3: Loop-Level Quality Assessment
-----------------------------------------
MA Statistics:
  Average expression (A): 7.34 ± 0.84
  Log2 fold change (M):   -0.064 ± 0.194
  |M| > 1 (2-fold change): 22 loops (0.1%)
  |M| > 2 (4-fold change): 1 loops (0.0%)

  Saved: 04_ma_plot.{pdf,svg,jpg}
Warning message:
In grid.Call.graphics(C_text, as.graphicsAnnot(x$label), x$x, x$y,  :
  for 'Small change (|M| ≤ 1)' in 'mbcsToSbcs': <= substituted for ≤ (U+2264)
Loop Variability Analysis:
  Coefficient of Variation: 0.149 ± 0.048
  High variability loops (CV > 1): 2 (0.0%)
  Saved: 05_variable_loops_heatmap.{pdf,svg,jpg}
Loop-level QC plots saved

SECTION 4: Spatial & Distance Analysis
---------------------------------------
Loop Distribution by Chromosome:
# A tibble: 10 × 6
   chr   n_loops mean_ctrl mean_mut mean_total mean_fc
   <chr>   <int>     <dbl>    <dbl>      <dbl>   <dbl>
 1 chr2     1427      211.     206.      1251. -0.0395
 2 chr11    1281      276.     261.      1612. -0.0862
 3 chr1     1256      184.     180.      1090. -0.0303
 4 chr5     1185      187.     181.      1104. -0.0533
 5 chr4     1154      196.     189.      1153. -0.0574
 6 chr7     1147      186.     168.      1062. -0.131 
 7 chr9     1124      231.     218.      1347. -0.0816
 8 chr6      987      186.     179.      1095. -0.0687
 9 chr8      947      184.     178.      1087. -0.0690
10 chr10     945      190.     183.      1118. -0.0649

Genomic Distance Statistics (intrachromosomal loops):
  Loops with distance: 17983 / 17983 (100.0%)
  Min distance:  35,000
  Median distance: 135,000
  Mean distance: 252,719
  Max distance:  49,835,000

  Saved: 06_chromosome_distribution.{pdf,svg,jpg}
`geom_smooth()` using formula = 'y ~ x'
`geom_smooth()` using formula = 'y ~ x'
`geom_smooth()` using formula = 'y ~ x'
`geom_smooth()` using formula = 'y ~ x'
`geom_smooth()` using formula = 'y ~ x'
`geom_smooth()` using formula = 'y ~ x'
`geom_smooth()` using formula = 'y ~ x'
`geom_smooth()` using formula = 'y ~ x'
`geom_smooth()` using formula = 'y ~ x'
`geom_smooth()` using formula = 'y ~ x'
`geom_smooth()` using formula = 'y ~ x'
`geom_smooth()` using formula = 'y ~ x'
  Saved: 07_distance_decay.{pdf,svg,jpg}
Spatial analysis plots saved

SECTION 5: Matrix-Level Buffer Validation
------------------------------------------
Inspecting 5x5 extraction matrices...
  Array dimensions: 5 x 5 x 17983 x 6
  (rows x cols x loops x samples)

Analyzing all loop matrices (this may take a moment)...
  Processed 5000 / 17983 loops
  Processed 10000 / 17983 loops
  Processed 15000 / 17983 loops

Matrix-Level Summary:
  Control peaks centered: 8703 / 17983 (48.4%)
  Mutant peaks centered:  8321 / 17983 (46.3%)
  Positional shifts detected: 8721 / 17983 (48.5%)
  Mean center enrichment (ctrl): 0.072 ± 0.022
  Mean center enrichment (mut):  0.072 ± 0.022

Extracting per-loop shift status for downstream analysis...
  ✓ Extracted shift status for 17983 loops
  - Shifts detected: 8721 (48.5%)
  - Non-shifted: 9262 (51.5%)

  ✓ Shift status saved to: outputs/res_5kb/qc_report/loop_shift_status.rds
  ✓ Shift summary table saved to: outputs/res_5kb/qc_report/loop_shift_summary.tsv

Per-loop shift status extraction complete

  Saved: 08_example_matrices.{pdf,svg,jpg}
Matrix inspection plots saved

SECTION 6: Aggregation Strategy Comparison
-------------------------------------------
Comparing different aggregation methods...

Available aggregation strategies:
  - sum
  - weighted

Correlation between aggregation strategies (Control):
           sum weighted
sum      1.000    0.996
weighted 0.996    1.000

Correlation between aggregation strategies (Mutant):
           sum weighted
sum      1.000    0.995
weighted 0.995    1.000

Strategy comparison statistics:
  Control sum range:      0.2 - 1117.8
  Control weighted range: 0.0 - 53.3
  Mutant sum range:       0.1 - 2438.3
  Mutant weighted range:  0.0 - 109.9

✓ Main count matrix uses 'sum' aggregation

  Saved: 09_strategy_comparison.{pdf,svg,jpg}
Strategy Interpretation:
  - 'sum': Simple sum of all 25 pixels in 5×5 buffer
           → Best for detecting ANY signal in buffer region
           → Robust to positional shifts
           → May include more background noise

  - 'weighted': Distance-weighted sum (center pixels weighted higher)
           → Gives more importance to center pixel
           → Balance between precision and shift-tolerance
           → Values typically lower than sum

✓ High correlation between strategies (>0.95)
  → Choice of aggregation method has minimal impact on results
  → Both strategies capture similar biological signal

Strategy comparison plots saved

SECTION 7: Final QC Assessment & Recommendations
=================================================

QC ASSESSMENT:
==============
✓ PASS (with warnings)

Data quality is acceptable, but note the following:
  ⚠ Less than 50% of loops have centered peaks
  ⚠ Low center enrichment (<0.2) suggests diffuse signal

SUMMARY STATISTICS:
===================
Dataset:             17983 loops × 6 samples
Sample correlation:  0.942 (Pearson)
Library size ratio:  1.33 (mut/ctrl)
Mean log2 FC:        -0.064 ± 0.194
Loops with |M|>1:    22 (0.1%)
Positional shifts:   8721 (48.5%)
Center enrichment:   0.072 (ctrl), 0.072 (mut)

RECOMMENDATIONS:
================
1. ✓ Proceed with edgeR differential analysis
2. ✓ Data quality supports biological interpretation
3. ⚠ 48.5% of loops show positional shifts - buffer approach validated

NEXT STEPS:
-----------
→ Run edgeR differential analysis script
→ Compare results with Hiccups differential calls
→ Validate top hits with biological context

=============================================================================
QC REPORT COMPLETE
=============================================================================
All outputs saved to: outputs/res_5kb/qc_report

Generated files:
  01_sample_correlation.pdf       - Sample similarity heatmap
  02_sample_scatter.pdf           - Sample-to-sample scatter plot
  03_count_distributions.pdf      - Distribution comparisons
  04_ma_plot.pdf                  - MA plot (fold change analysis)
  05_variable_loops_heatmap.pdf   - Top variable loops
  06_chromosome_distribution.pdf  - Loops per chromosome
  07_distance_decay.pdf           - Distance vs signal strength
  08_example_matrices.pdf         - Individual 5×5 matrix examples
  09_strategy_comparison.pdf      - Aggregation method comparison
  qc_report_summary.rds           - Complete QC metrics (R object)

✓ Ready for differential analysis!
=============================================================================
