
========================================
Stripe Visualization Analysis
========================================

Loading required packages...
Warning messages:
1: package ‘rtracklayer’ was built under R version 4.4.3 
2: package ‘tibble’ was built under R version 4.4.3 
3: package ‘dplyr’ was built under R version 4.4.3 
4: package ‘yaml’ was built under R version 4.4.3 
Packages loaded

Loaded multi_format_output.R - Functions available:
  - save_multiformat_ggplot(plot, base_path, width, height, dpi)
  - save_multiformat_base(plot_expr, base_path, width, height, dpi)
  - save_multiformat_pheatmap(pheatmap_call, base_path, width, height, dpi)
Working directory: /expanse/lustre/projects/csd940/zalibhai/mariner_hi-c/stripes
Output directory: /expanse/lustre/projects/csd940/zalibhai/mariner_hi-c/stripes/outputs/visualizations


========================================
SECTION 1: Loading & Filtering Data
========================================

  early: Loaded 286 stripes
    Lost: 126 | Gained: 86 | Shared: 74
  late: Loaded 200 stripes
    Lost: 83 | Gained: 73 | Shared: 44

Filtering to medium/high confidence stripes:

early timepoint:
  Filtered to medium/high confidence: 19 stripes
    High: 0 | Medium: 19

late timepoint:
  Filtered to medium/high confidence: 17 stripes
    High: 1 | Medium: 16

Exporting filtered differential lists...
  Saved: early_medium_high_confidence_stripes.tsv (19 stripes)
  Saved: late_medium_high_confidence_stripes.tsv (17 stripes)

Section 1 complete

========================================
SECTION 2: Volcano Plots
========================================

Creating volcano plot: early
  Total: 286 | Lost: 126 (M/H: 9) | Gained: 86 (M/H: 10)
  Saved: volcano_early.{pdf,svg,jpg}
Creating volcano plot: late
  Total: 200 | Lost: 83 (M/H: 10) | Gained: 73 (M/H: 7)
  Saved: volcano_late.{pdf,svg,jpg}

Creating combined volcano plot...
  Saved: volcano_combined.{pdf,svg,jpg}

Section 2 complete: Volcano plots generated

========================================
SECTION 3: Length Distribution Analysis
========================================

Analyzing length distribution: early
  Length statistics by direction:
# A tibble: 3 × 8
  direction_label     n median_length_kb mean_length_kb sd_length_kb
  <chr>           <int>            <dbl>          <dbl>        <dbl>
1 Gained             86              100           342.         471.
2 Lost              126               65           334.         528.
3 Shared             74              260           259.         299.
# ℹ 3 more variables: min_length_kb <dbl>, max_length_kb <dbl>,
#   median_anchor_kb <dbl>
  Wilcoxon test (Lost vs Gained): p = 1.367e-01
  Saved: length_distribution_early.{pdf,svg,jpg}
Analyzing length distribution: late
  Length statistics by direction:
# A tibble: 3 × 8
  direction_label     n median_length_kb mean_length_kb sd_length_kb
  <chr>           <int>            <dbl>          <dbl>        <dbl>
1 Gained             73              255           522.         690.
2 Lost               83              250           421.         590.
3 Shared             44              245           205.         183.
# ℹ 3 more variables: min_length_kb <dbl>, max_length_kb <dbl>,
#   median_anchor_kb <dbl>
  Wilcoxon test (Lost vs Gained): p = 4.575e-01
  Saved: length_distribution_late.{pdf,svg,jpg}

Creating combined length comparison...
  Saved: length_comparison.{pdf,svg,jpg}

Section 3 complete: Length distribution analyzed

========================================
SECTION 4: ChIP-seq Anchor Annotation
========================================

  66 genes were dropped because they have exons located on both strands
  of the same reference sequence or on more than one reference sequence,
  so cannot be represented by a single genomic range.
  Use 'single.strand.genes.only=FALSE' to get all the genes in a
  GRangesList object, or use suppressMessages() to suppress this message.
Loaded 24528 TSS positions from mm10

Annotating anchors: early timepoint
  Computing distance to nearest TSS...
'select()' returned 1:1 mapping between keys and columns
  Computing ChIP-seq overlaps...
  Classifying anchor types...

  Anchor type distribution:
    Other: 286 (100.0%)

Annotating anchors: late timepoint
  Computing distance to nearest TSS...
'select()' returned 1:1 mapping between keys and columns
  Computing ChIP-seq overlaps...
  Classifying anchor types...

  Anchor type distribution:
    Other: 200 (100.0%)
Warning messages:
1: In load_peaks(config$chipseq_peaks$h3k27ac_early, "H3K27ac") :
  Peak file not found: /expanse/lustre/projects/csd940/zalibhai/mariner_hi-c/peaks/P12_ctrl_H3K27ac_early_peaks.bed
2: In load_peaks(config$chipseq_peaks$h3k27me3_early, "H3K27me3") :
  Peak file not found: /expanse/lustre/projects/csd940/zalibhai/mariner_hi-c/peaks/P12_ctrl_H3K27me3_early_peaks.bed
3: In load_peaks(config$chipseq_peaks$h3k27ac_late, "H3K27ac") :
  Peak file not found: /expanse/lustre/projects/csd940/zalibhai/mariner_hi-c/peaks/220310index25H3K27acLatePeakRegions.bed
4: In load_peaks(config$chipseq_peaks$h3k4me1_late, "H3K4me1") :
  Peak file not found: /expanse/lustre/projects/csd940/zalibhai/mariner_hi-c/peaks/K4me1_aligned_reads_peaks.broadPeak-filtered.bed

Creating anchor classification plots: early
  Saved: anchor_classification_early.{pdf,svg,jpg}

Creating anchor classification plots: late
  Saved: anchor_classification_late.{pdf,svg,jpg}
There were 24 warnings (use warnings() to see them)

Exporting annotated stripe lists...
  Saved: early_annotated_stripes.tsv (286 stripes)
  Saved: late_annotated_stripes.tsv (200 stripes)

Section 4 complete: ChIP-seq anchor annotation done

========================================
SECTION 4B: Annotated Confident Stripe Export
========================================

Exporting annotated confident stripes (TSV + BEDPE)...

early timepoint: 19 confident stripes
  Lost: 9 | Gained: 10
  High: 0 | Medium: 19
  Saved TSV: early_medium_high_confidence_stripes.tsv
  Saved BEDPE: early_medium_high_confidence_stripes.bedpe

late timepoint: 17 confident stripes
  Lost: 10 | Gained: 7
  High: 1 | Medium: 16
  Saved TSV: late_medium_high_confidence_stripes.tsv
  Saved BEDPE: late_medium_high_confidence_stripes.bedpe

Section 4B complete: Annotated confident stripe exports done

========================================
SECTION 4C: JuiceBox Visualization Formats
========================================

Generating JuiceBox-friendly visualization formats...

Creating JuiceBox-friendly formats: early (19 stripes)
  Saved: early_stripes_diagonal.bedpe (diagonal format - shows stripe extent along diagonal)
  Saved: early_stripes_rectangle.bedpe (rectangle format - shows stripe body region)
Creating 1D BED tracks: early
  Saved: early_anchors.bed (anchor positions only)
  Saved: early_full_extent.bed (full stripe extent)

Creating JuiceBox-friendly formats: late (17 stripes)
  Saved: late_stripes_diagonal.bedpe (diagonal format - shows stripe extent along diagonal)
  Saved: late_stripes_rectangle.bedpe (rectangle format - shows stripe body region)
Creating 1D BED tracks: late
  Saved: late_anchors.bed (anchor positions only)
  Saved: late_full_extent.bed (full stripe extent)

Section 4C complete: JuiceBox visualization formats generated

Visualization file usage:
  *_stripes_diagonal.bedpe  - Load as 2D annotation, shows stripe extent along diagonal
  *_stripes_rectangle.bedpe - Load as 2D annotation, shows off-diagonal stripe body
  *_anchors.bed             - Load as 1D track, marks anchor positions
  *_full_extent.bed         - Load as 1D track, shows full stripe span

========================================
SECTION 5: GO/KEGG Enrichment Analysis
========================================


Running enrichment analysis: early timepoint
  66 genes were dropped because they have exons located on both strands
  of the same reference sequence or on more than one reference sequence,
  so cannot be represented by a single genomic range.
  Use 'single.strand.genes.only=FALSE' to get all the genes in a
  GRangesList object, or use suppressMessages() to suppress this message.
  66 genes were dropped because they have exons located on both strands
  of the same reference sequence or on more than one reference sequence,
  so cannot be represented by a single genomic range.
  Use 'single.strand.genes.only=FALSE' to get all the genes in a
  GRangesList object, or use suppressMessages() to suppress this message.
  Lost stripes: 9 stripes, 40 genes
  Gained stripes: 10 stripes, 47 genes
  GO Biological Process...
  Saved: go_bp_dotplot_early.{pdf,svg,jpg}
  GO Cellular Component...
  Saved: go_cc_dotplot_early.{pdf,svg,jpg}
  GO Molecular Function...
  Saved: go_mf_dotplot_early.{pdf,svg,jpg}
  KEGG pathways...
  Saved: kegg_dotplot_early.{pdf,svg,jpg}
'select()' returned 1:1 mapping between keys and columns
  Saved: stripe_anchor_genes_early.tsv

Running enrichment analysis: late timepoint
  66 genes were dropped because they have exons located on both strands
  of the same reference sequence or on more than one reference sequence,
  so cannot be represented by a single genomic range.
  Use 'single.strand.genes.only=FALSE' to get all the genes in a
  GRangesList object, or use suppressMessages() to suppress this message.
  66 genes were dropped because they have exons located on both strands
  of the same reference sequence or on more than one reference sequence,
  so cannot be represented by a single genomic range.
  Use 'single.strand.genes.only=FALSE' to get all the genes in a
  GRangesList object, or use suppressMessages() to suppress this message.
  Lost stripes: 10 stripes, 27 genes
  Gained stripes: 7 stripes, 10 genes
  GO Biological Process...
  Saved: go_bp_dotplot_late.{pdf,svg,jpg}
  GO Cellular Component...
  Saved: go_cc_dotplot_late.{pdf,svg,jpg}
  GO Molecular Function...
  Saved: go_mf_dotplot_late.{pdf,svg,jpg}
  KEGG pathways...
  Saved: kegg_dotplot_late.{pdf,svg,jpg}
'select()' returned 1:1 mapping between keys and columns
  Saved: stripe_anchor_genes_late.tsv
Warning message:
`aes_string()` was deprecated in ggplot2 3.0.0.
ℹ Please use tidy evaluation idioms with `aes()`.
ℹ See also `vignette("ggplot2-in-packages")` for more information.
ℹ The deprecated feature was likely used in the enrichplot package.
  Please report the issue at
  <https://github.com/GuangchuangYu/enrichplot/issues>. 

Section 5 complete: GO/KEGG enrichment analysis done

========================================
SECTION 6: Summary Statistics
========================================

Summary statistics saved to: /expanse/lustre/projects/csd940/zalibhai/mariner_hi-c/stripes/outputs/visualizations/combined/summary_statistics.txt 

=========================================
DIFFERENTIAL STRIPE ANALYSIS SUMMARY
=========================================
Generated: 2026-01-17 02:50:01.601623
Working directory: /expanse/lustre/projects/csd940/zalibhai/mariner_hi-c/stripes

--- EARLY TIMEPOINT ---
Total stripes: 286

Direction breakdown:
  Lost (control_only): 126
  Gained (mutant_only): 86
  Shared: 74

Confidence tiers (lost/gained only):
  High: 0
  Medium: 19
  Low: 193

Stripe length statistics:
  Median: 235.0 kb
  Mean: 317.0 kb
  Range: 5.0 - 2970.0 kb

Anchor type distribution:
  Other: 286 (100%)

Directional consistency:
  Consistent: 97 (45.8%)
  Inconsistent: 115

Statistical significance:
  FDR < 0.05: 0
  FDR < 0.10: 0

========================================

--- LATE TIMEPOINT ---
Total stripes: 200

Direction breakdown:
  Lost (control_only): 83
  Gained (mutant_only): 73
  Shared: 44

Confidence tiers (lost/gained only):
  High: 1
  Medium: 16
  Low: 139

Stripe length statistics:
  Median: 250.0 kb
  Mean: 410.2 kb
  Range: 5.0 - 3505.0 kb

Anchor type distribution:
  Other: 200 (100%)

Directional consistency:
  Consistent: 83 (53.2%)
  Inconsistent: 73

Statistical significance:
  FDR < 0.05: 0
  FDR < 0.10: 1

========================================

OUTPUT FILES GENERATED:

Per timepoint (early/late):
  - volcano_{timepoint}.pdf
  - length_distribution_{timepoint}.pdf
  - length_statistics_{timepoint}.tsv
  - anchor_classification_{timepoint}.pdf
  - {timepoint}_annotated_stripes.tsv (all stripes)
  - {timepoint}_medium_high_confidence_stripes.tsv (confident only)
  - {timepoint}_medium_high_confidence_stripes.bedpe (confident, original format)

JuiceBox visualization formats (confident stripes):
  - {timepoint}_stripes_diagonal.bedpe (shows stripe extent along diagonal)
  - {timepoint}_stripes_rectangle.bedpe (shows off-diagonal stripe body)
  - {timepoint}_anchors.bed (1D track - anchor positions)
  - {timepoint}_full_extent.bed (1D track - full stripe span)

Enrichment analysis (outputs/visualizations/enrichment/):
  - go_bp_dotplot_{timepoint}.pdf (GO Biological Process)
  - go_cc_dotplot_{timepoint}.pdf (GO Cellular Component)
  - go_mf_dotplot_{timepoint}.pdf (GO Molecular Function)
  - kegg_dotplot_{timepoint}.pdf (KEGG Pathways)
  - stripe_anchor_genes_{timepoint}.tsv (genes near stripe anchors)

Combined:
  - volcano_combined.pdf
  - length_comparison.pdf
  - summary_statistics.txt

=========================================

========================================
STRIPE VISUALIZATION ANALYSIS COMPLETE
========================================

Output directory: /expanse/lustre/projects/csd940/zalibhai/mariner_hi-c/stripes/outputs/visualizations

Generated files:

Early timepoint (outputs/visualizations/early/):
  - volcano_early.pdf
  - length_distribution_early.pdf
  - anchor_classification_early.pdf
  - early_annotated_stripes.tsv (all stripes)
  - early_medium_high_confidence_stripes.tsv (confident only)
  - early_medium_high_confidence_stripes.bedpe (original format)
  JuiceBox visualization formats:
  - early_stripes_diagonal.bedpe (shows stripe extent along diagonal)
  - early_stripes_rectangle.bedpe (shows off-diagonal stripe body)
  - early_anchors.bed (1D track - anchor positions)
  - early_full_extent.bed (1D track - full stripe span)

Late timepoint (outputs/visualizations/late/):
  - volcano_late.pdf
  - length_distribution_late.pdf
  - anchor_classification_late.pdf
  - late_annotated_stripes.tsv (all stripes)
  - late_medium_high_confidence_stripes.tsv (confident only)
  - late_medium_high_confidence_stripes.bedpe (original format)
  JuiceBox visualization formats:
  - late_stripes_diagonal.bedpe (shows stripe extent along diagonal)
  - late_stripes_rectangle.bedpe (shows off-diagonal stripe body)
  - late_anchors.bed (1D track - anchor positions)
  - late_full_extent.bed (1D track - full stripe span)

Enrichment analysis (outputs/visualizations/enrichment/):
  - go_bp_dotplot_{early,late}.pdf (GO Biological Process)
  - go_cc_dotplot_{early,late}.pdf (GO Cellular Component)
  - go_mf_dotplot_{early,late}.pdf (GO Molecular Function)
  - kegg_dotplot_{early,late}.pdf (KEGG Pathways)
  - stripe_anchor_genes_{early,late}.tsv (genes near stripe anchors)

Combined (outputs/visualizations/combined/):
  - volcano_combined.pdf
  - length_comparison.pdf
  - summary_statistics.txt

========================================
JuiceBox Usage:
  - Diagonal BEDPE: Shows stripe as line along diagonal (recommended)
  - Rectangle BEDPE: Shows off-diagonal stripe body region
  - 1D BED files: Load as tracks for anchor/extent visualization
========================================

