
========================================
TADCompare Visualization Analysis
========================================

Configuration:
  Timepoint: early

Loading required packages...
Warning messages:
1: package ‘tibble’ was built under R version 4.4.3 
2: package ‘dplyr’ was built under R version 4.4.3 
3: package ‘rtracklayer’ was built under R version 4.4.3 
Packages loaded

Loaded multi_format_output.R - Functions available:
  - save_multiformat_ggplot(plot, base_path, width, height, dpi)
  - save_multiformat_base(plot_expr, base_path, width, height, dpi)
  - save_multiformat_pheatmap(pheatmap_call, base_path, width, height, dpi)
  Working directory: /expanse/lustre/projects/csd940/zalibhai/mariner_hi-c/tads
  Base directory: /expanse/lustre/projects/csd940/zalibhai/mariner_hi-c
ChIP-seq files:
  H3K27ac:  P12_ctrl_H3K27ac_early_peaks.bed
  H3K27me3: P12_ctrl_H3K27me3_early_peaks.bed
  H3K4me1:  NOT AVAILABLE
Output directory: results/visualizations/early

========================================
Loading Input Data
========================================

Loaded TADCompare results: 24801 boundaries
  Total boundaries: 24801
  Differential: 5055 (20.4%)
  Shifted: 1175 (4.7%)

========================================
SECTION 1: Overview Plots
========================================

Creating Gap Score distribution plot...
  Saved: gap_score_distribution.{pdf,svg,jpg}
Creating TAD Score scatter plot...
  Saved: tad_score_scatter.{pdf,svg,jpg}
Creating differential landscape plot...
  Saved: differential_landscape.{pdf,svg,jpg}
Section 1 complete: Overview plots generated

========================================
SECTION 2: Boundary Type Classification
========================================

Creating boundary type pie charts...
  Saved: boundary_type_pie.{pdf,svg,jpg}
Creating boundary type by chromosome plot...
  Saved: boundary_type_by_chromosome.{pdf,svg,jpg}
Creating enrichment direction by type plot...
  Saved: enrichment_direction_by_type.{pdf,svg,jpg}
Section 2 complete: Boundary type classification plots generated

========================================
SECTION 3: Shift Distance Analysis
========================================

Shifted boundaries with distance data: 1175
  Median shift: 0.0 kb
  Mean shift: 4.6 kb
  Range: 0.0 - 40.0 kb
Creating shift distance histogram...
  Saved: shift_distance_histogram.{pdf,svg,jpg}
Creating shift distance violin plot...
  Saved: shift_distance_violin.{pdf,svg,jpg}
Creating shift vs Gap Score scatter...
`geom_smooth()` using formula = 'y ~ x'
`geom_smooth()` using formula = 'y ~ x'
`geom_smooth()` using formula = 'y ~ x'
  Saved: shift_vs_gap_score.{pdf,svg,jpg}

Section 3 complete: Shift distance analysis plots generated

========================================
SECTION 4: Robustness Analysis
========================================

Creating robustness x differential heatmap...
  Saved: robustness_differential_heatmap.{pdf,svg,jpg}
Creating robustness by type plot...
  Saved: robustness_by_type.{pdf,svg,jpg}
Section 4 complete: Robustness analysis plots generated

========================================
SECTION 5: Chromosome-Level Analysis
========================================

Creating per-chromosome differential percentage plot...
  Saved: per_chromosome_differential.{pdf,svg,jpg}
Section 5 complete: Chromosome-level analysis plots generated

========================================
SECTION 6: ChIP-seq Integration
========================================

  66 genes were dropped because they have exons located on both strands
  of the same reference sequence or on more than one reference sequence,
  so cannot be represented by a single genomic range.
  Use 'single.strand.genes.only=FALSE' to get all the genes in a
  GRangesList object, or use suppressMessages() to suppress this message.
Loaded 24528 TSS positions from mm10
Warning message:
In load_peaks(h3k27ac_path, "H3K27ac") :
  Peak file not found: /expanse/lustre/projects/csd940/zalibhai/mariner_hi-c/peaks/P12_ctrl_H3K27ac_early_peaks.bed
Warning message:
In load_peaks(h3k27me3_path, "H3K27me3") :
  Peak file not found: /expanse/lustre/projects/csd940/zalibhai/mariner_hi-c/peaks/P12_ctrl_H3K27me3_early_peaks.bed
  H3K4me1: Not available for this timepoint
Computing distance to nearest TSS...
Computing ChIP-seq overlaps...
Classifying boundary types...
  Note: Poised_Enhancer classification unavailable (no H3K4me1 data)

Anchor type distribution:
  Other: 24801 (100.0%)

Creating anchor classification plot...
  Saved: anchor_classification.{pdf,svg,jpg}
Creating ChIP-seq overlap heatmap...
  Saved: chipseq_overlap_heatmap.{pdf,svg,jpg}
Creating ChIP-seq by enrichment direction plot...
  Saved: chipseq_by_enrichment_direction.{pdf,svg,jpg}
Section 6 complete: ChIP-seq integration plots generated

========================================
SECTION 7: Gene Enrichment Analysis
========================================

Control-enriched differential boundaries: 2593
Mutant-enriched differential boundaries: 2462
  66 genes were dropped because they have exons located on both strands
  of the same reference sequence or on more than one reference sequence,
  so cannot be represented by a single genomic range.
  Use 'single.strand.genes.only=FALSE' to get all the genes in a
  GRangesList object, or use suppressMessages() to suppress this message.
  66 genes were dropped because they have exons located on both strands
  of the same reference sequence or on more than one reference sequence,
  so cannot be represented by a single genomic range.
  Use 'single.strand.genes.only=FALSE' to get all the genes in a
  GRangesList object, or use suppressMessages() to suppress this message.
  Genes near control-enriched boundaries: 1304
  Genes near mutant-enriched boundaries: 1237
'select()' returned 1:1 mapping between keys and columns
  Saved: boundary_genes.tsv

Running GO Biological Process enrichment...
  Saved: go_bp_dotplot.{pdf,svg,jpg}
Running GO Cellular Component enrichment...
  Saved: go_cc_dotplot.{pdf,svg,jpg}
Running GO Molecular Function enrichment...
  Saved: go_mf_dotplot.{pdf,svg,jpg}
Running KEGG pathway enrichment...
  Saved: kegg_dotplot.{pdf,svg,jpg}
Warning message:
`aes_string()` was deprecated in ggplot2 3.0.0.
ℹ Please use tidy evaluation idioms with `aes()`.
ℹ See also `vignette("ggplot2-in-packages")` for more information.
ℹ The deprecated feature was likely used in the enrichplot package.
  Please report the issue at
  <https://github.com/GuangchuangYu/enrichplot/issues>. 

Section 7 complete: Gene enrichment analysis done

========================================
SECTION 8: syt1/nav3 Locus Focus (chr10)
========================================

Boundaries in syt1/nav3 region (chr10:107000000-111000000): 45
  Differential: 13 (28.9%)
  Shifted: 4 (8.9%)
Creating syt1/nav3 regional overview...
  Saved: syt1_nav3_regional_overview.{pdf,svg,jpg}
  Saved: syt1_nav3_statistics.tsv

Section 8 complete: syt1/nav3 locus focus done

========================================
SECTION 9: Final Summary
========================================

Summary saved: results/visualizations/early/summary/visualization_summary.txt

==========================================
TADCompare VISUALIZATION ANALYSIS SUMMARY
==========================================
Generated: 2026-01-17 02:51:50.69495
Timepoint: early
Output directory: results/visualizations/early

--- DATA OVERVIEW ---
Total TAD boundaries: 24801
Differential boundaries: 5055 (20.4%)
Shifted boundaries: 1175 (4.7%)

--- BOUNDARY TYPE DISTRIBUTION ---
  Non-Differential: 19727 (79.5%)
  Strength Change: 1114 (4.5%)
  Complex: 1121 (4.5%)
  Shifted: 1175 (4.7%)
  Merge: 780 (3.1%)
  Split: 865 (3.5%)

--- ROBUSTNESS DISTRIBUTION ---
  Both: 3208 (12.9%)
  Control_only: 1632 (6.6%)
  Mutant_only: 1727 (7.0%)
  Neither: 18234 (73.5%)

--- ENRICHMENT DIRECTION (Differential Only) ---
  Control-enriched: 2593 (51.3%)
  Mutant-enriched: 2462 (48.7%)

--- SHIFT DISTANCE STATISTICS ---
  Median: 0.0 kb
  Mean: 4.6 kb
  SD: 8.8 kb
  Range: 0.0 - 40.0 kb

--- ANCHOR TYPE DISTRIBUTION ---
  Other: 24801 (100.0%)

==========================================
OUTPUT FILES GENERATED
==========================================

Overview:
  - gap_score_distribution.pdf
  - tad_score_scatter.pdf
  - differential_landscape.pdf

Classification:
  - boundary_type_pie.pdf
  - boundary_type_by_chromosome.pdf
  - enrichment_direction_by_type.pdf

Shift Analysis:
  - shift_distance_histogram.pdf
  - shift_distance_violin.pdf
  - shift_vs_gap_score.pdf

Robustness:
  - robustness_differential_heatmap.pdf
  - robustness_by_type.pdf

Chromosome:
  - per_chromosome_differential.pdf

ChIP-seq:
  - anchor_classification.pdf
  - chipseq_overlap_heatmap.pdf
  - chipseq_by_enrichment_direction.pdf

Enrichment:
  - go_bp_dotplot.pdf
  - go_cc_dotplot.pdf
  - go_mf_dotplot.pdf
  - kegg_dotplot.pdf
  - boundary_genes.tsv

syt1/nav3 Focus:
  - syt1_nav3_regional_overview.pdf
  - syt1_nav3_statistics.tsv

Summary:
  - visualization_summary.txt

==========================================

========================================
TADCompare VISUALIZATION ANALYSIS COMPLETE
========================================

Output directory: results/visualizations/early

All visualizations have been generated successfully!

