===========================================
A1: CALDER2 Subcompartment Calling
===========================================
Job ID:     49820061
Node:       exp-2-08
CPUs:       8
Timepoint:  250831
Sample:     ctrl_merged
Input:      /expanse/lustre/projects/csd940/zalibhai/stripes/StripeCaller/data/hic/250831/ctrl_merged.hic
Work dir:   /expanse/lustre/projects/csd940/zalibhai/sniper/calder2/250831/ctrl_merged
Repo dir:   /expanse/lustre/projects/csd940/zalibhai/mariner_hi-c/ML/cmpts/outputs/calder2/250831/ctrl_merged
Start:      Wed May 27 00:31:17 PDT 2026
===========================================
===========================================
A1: CALDER2 Subcompartment Calling
===========================================
Timepoint:  250831
Sample:     ctrl_merged
Input:      /expanse/lustre/projects/csd940/zalibhai/stripes/StripeCaller/data/hic/250831/ctrl_merged.hic
Work dir:   /expanse/lustre/projects/csd940/zalibhai/sniper/calder2/250831/ctrl_merged
Repo dir:   /expanse/lustre/projects/csd940/zalibhai/mariner_hi-c/ML/cmpts/outputs/calder2/250831/ctrl_merged
Start:      Wed May 27 00:31:20 2026
===========================================

[ 1 ] Begin process contact matrix and compute correlation score at: 2026-05-27 00:31:20 [
 1 ] Begin process contact matrix and compute correlation score at: 2026-05-27 00:31:20 
[ 2 ] Begin process contact matrix and compute correlation score at: 2026-05-27 00:31:20 
[ 2 ] Begin process contact matrix and compute correlation score at: 2026-05-27 00:31:20 
[ 3 ] Begin process contact matrix and compute correlation score at: 2026-05-27 00:31:20 
[ 3 ] Begin process contact matrix and compute correlation score at: 2026-05-27 00:31:20 
[ 4 ] Begin process contact matrix and compute correlation score at: 2026-05-27 00:31:20 
[ 4 ] Begin process contact matrix and compute correlation score at: 2026-05-27 00:31:20 
[ 4 ] Finish process contact matrix and compute correlation score at: 2026-05-27 00:31:33 
[ 4 ] Begin compute compartment domains and their hierachy at: 2026-05-27 00:31:33 
[ 3 ] Finish process contact matrix and compute correlation score at: 2026-05-27 00:31:36 
[ 3 ] Begin compute compartment domains and their hierachy at: 2026-05-27 00:31:36 
[ 4 ] Computing compartments
[ 2 ] Finish process contact matrix and compute correlation score at: 2026-05-27 00:31:38 
[ 2 ] Begin compute compartment domains and their hierachy at: 2026-05-27 00:31:38 
[ 3 ] Computing compartments
[ 4 ] Finish process contact matrix and compute correlation score at: 2026-05-27 00:31:38 
[ 4 ] Begin compute compartment domains and their hierachy at: 2026-05-27 00:31:38 
[ 4 ] Correlation between PC1 and reference compartment is : 0.74033 
[ 1 ] Finish process contact matrix and compute correlation score at: 2026-05-27 00:31:40 
[ 1 ] Begin compute compartment domains and their hierachy at: 2026-05-27 00:31:40 
[ 3 ] Finish process contact matrix and compute correlation score at: 2026-05-27 00:31:41 
[ 3 ] Begin compute compartment domains and their hierachy at: 2026-05-27 00:31:41 
[ 2 ] Computing compartments
[ 3 ] Correlation between PC1 and reference compartment is : 0.7403 
[ 1 ] Computing compartments
[ 2 ] Correlation between PC1 and reference compartment is : 0.82055 
[ 4 ] Computing compartments
[ 3 ] Computing compartments
[ 2 ] Finish process contact matrix and compute correlation score at: 2026-05-27 00:31:47 
[ 2 ] Begin compute compartment domains and their hierachy at: 2026-05-27 00:31:47 
[ 1 ] Correlation between PC1 and reference compartment is : 0.78231 
[ 4 ] Finish compute compartment domains and their hierachy at:  2026-05-27 00:31:49 
[ 8 ] Begin process contact matrix and compute correlation score at: 2026-05-27 00:31:49 
[ 1 ] Finish process contact matrix and compute correlation score at: 2026-05-27 00:31:49 
[ 1 ] Begin compute compartment domains and their hierachy at: 2026-05-27 00:31:49 
[ 3 ] Finish compute compartment domains and their hierachy at:  2026-05-27 00:31:52 
[ 7 ] Begin process contact matrix and compute correlation score at: 2026-05-27 00:31:52 
[ 4 ] Correlation between PC1 and reference compartment is : 0.75278 
[ 2 ] Computing compartments
[ 2 ] Finish compute compartment domains and their hierachy at:  2026-05-27 00:31:55 
[ 6 ] Begin process contact matrix and compute correlation score at: 2026-05-27 00:31:55 
[ 3 ] Correlation between PC1 and reference compartment is : 0.74471 
[ 8 ] Finish process contact matrix and compute correlation score at: 2026-05-27 00:31:55 
[ 8 ] Begin compute compartment domains and their hierachy at: 2026-05-27 00:31:55 
[ 8 ] Computing compartments
[ 8 ] Correlation between PC1 and reference compartment is : 0.77826 
[ 1 ] Computing compartments
[ 1 ] Finish compute compartment domains and their hierachy at:  2026-05-27 00:31:58 
[ 5 ] Begin process contact matrix and compute correlation score at: 2026-05-27 00:31:58 
[ 7 ] Finish process contact matrix and compute correlation score at: 2026-05-27 00:32:00 
[ 7 ] Begin compute compartment domains and their hierachy at: 2026-05-27 00:32:00 
[ 7 ] Computing compartments
[ 8 ] Finish compute compartment domains and their hierachy at:  2026-05-27 00:32:02 
[ 12 ] Begin process contact matrix and compute correlation score at: 2026-05-27 00:32:02 
[ 2 ] Correlation between PC1 and reference compartment is : 0.81485 
[ 6 ] Finish process contact matrix and compute correlation score at: 2026-05-27 00:32:03 
[ 6 ] Begin compute compartment domains and their hierachy at: 2026-05-27 00:32:03 
[ 7 ] Correlation between PC1 and reference compartment is : 0.75853 
[ 6 ] Computing compartments
[ 5 ] Finish process contact matrix and compute correlation score at: 2026-05-27 00:32:08 
[ 5 ] Begin compute compartment domains and their hierachy at: 2026-05-27 00:32:08 
[ 6 ] Correlation between PC1 and reference compartment is : 0.76782 
[ 12 ] Finish process contact matrix and compute correlation score at: 2026-05-27 00:32:08 
[ 12 ] Begin compute compartment domains and their hierachy at: 2026-05-27 00:32:08 
[ 7 ] Finish compute compartment domains and their hierachy at:  2026-05-27 00:32:09 
[ 11 ] Begin process contact matrix and compute correlation score at: 2026-05-27 00:32:09 
[ 12 ] Computing compartments
[ 4 ] Finish compute compartment domains and their hierachy at:  2026-05-27 00:32:10 
[ 5 ] Computing compartments
[ 1 ] Correlation between PC1 and reference compartment is : 0.77374 
[ 12 ] Correlation between PC1 and reference compartment is : 0.7963 
[ 3 ] Finish compute compartment domains and their hierachy at:  2026-05-27 00:32:12 
[ 5 ] Correlation between PC1 and reference compartment is : 0.71961 
[ 6 ] Finish compute compartment domains and their hierachy at:  2026-05-27 00:32:13 
[ 10 ] Begin process contact matrix and compute correlation score at: 2026-05-27 00:32:13 
[ 12 ] Finish compute compartment domains and their hierachy at:  2026-05-27 00:32:15 
[ 16 ] Begin process contact matrix and compute correlation score at: 2026-05-27 00:32:15 
[ 11 ] Finish process contact matrix and compute correlation score at: 2026-05-27 00:32:15 
[ 11 ] Begin compute compartment domains and their hierachy at: 2026-05-27 00:32:15 
[ 11 ] Computing compartments
[ 11 ] Correlation between PC1 and reference compartment is : 0.80246 
[ 5 ] Finish compute compartment domains and their hierachy at:  2026-05-27 00:32:18 
[ 9 ] Begin process contact matrix and compute correlation score at: 2026-05-27 00:32:18 
[ 16 ] Finish process contact matrix and compute correlation score at: 2026-05-27 00:32:19 
[ 16 ] Begin compute compartment domains and their hierachy at: 2026-05-27 00:32:19 
[ 10 ] Finish process contact matrix and compute correlation score at: 2026-05-27 00:32:19 
[ 10 ] Begin compute compartment domains and their hierachy at: 2026-05-27 00:32:19 
[ 16 ] Computing compartments
[ 16 ] Correlation between PC1 and reference compartment is : 0.67142 
[ 8 ] Begin process contact matrix and compute correlation score at: 2026-05-27 00:32:20 
[ 10 ] Computing compartments
[ 11 ] Finish compute compartment domains and their hierachy at:  2026-05-27 00:32:21 
[ 15 ] Begin process contact matrix and compute correlation score at: 2026-05-27 00:32:21 
[ 2 ] Finish compute compartment domains and their hierachy at:  2026-05-27 00:32:22 
[ 10 ] Correlation between PC1 and reference compartment is : 0.74368 
[ 9 ] Finish process contact matrix and compute correlation score at: 2026-05-27 00:32:23 
[ 9 ] Begin compute compartment domains and their hierachy at: 2026-05-27 00:32:23 
[ 16 ] Finish compute compartment domains and their hierachy at:  2026-05-27 00:32:24 
[ 9 ] Computing compartments
[ 9 ] Correlation between PC1 and reference compartment is : 0.72278 
[ 7 ] Begin process contact matrix and compute correlation score at: 2026-05-27 00:32:26 
[ 15 ] Finish process contact matrix and compute correlation score at: 2026-05-27 00:32:26 
[ 15 ] Begin compute compartment domains and their hierachy at: 2026-05-27 00:32:26 
[ 15 ] Computing compartments
[ 15 ] Correlation between PC1 and reference compartment is : 0.692 
[ 8 ] Finish process contact matrix and compute correlation score at: 2026-05-27 00:32:28 
[ 8 ] Begin compute compartment domains and their hierachy at: 2026-05-27 00:32:28 
[ 10 ] Finish compute compartment domains and their hierachy at:  2026-05-27 00:32:28 
[ 14 ] Begin process contact matrix and compute correlation score at: 2026-05-27 00:32:28 
[ 1 ] Finish compute compartment domains and their hierachy at:  2026-05-27 00:32:28 
[ 9 ] Finish compute compartment domains and their hierachy at:  2026-05-27 00:32:29 
[ 13 ] Begin process contact matrix and compute correlation score at: 2026-05-27 00:32:29 
[ 15 ] Finish compute compartment domains and their hierachy at:  2026-05-27 00:32:30 
[ 19 ] Begin process contact matrix and compute correlation score at: 2026-05-27 00:32:30 
[ 8 ] Computing compartments
[ 19 ] Finish process contact matrix and compute correlation score at: 2026-05-27 00:32:33 
[ 19 ] Begin compute compartment domains and their hierachy at: 2026-05-27 00:32:33 
[ 19 ] Computing compartments
[ 19 ] Correlation between PC1 and reference compartment is : 0.82151 
[ 13 ] Finish process contact matrix and compute correlation score at: 2026-05-27 00:32:35 
[ 13 ] Begin compute compartment domains and their hierachy at: 2026-05-27 00:32:35 
[ 14 ] Finish process contact matrix and compute correlation score at: 2026-05-27 00:32:35 
[ 14 ] Begin compute compartment domains and their hierachy at: 2026-05-27 00:32:35 
[ 7 ] Finish process contact matrix and compute correlation score at: 2026-05-27 00:32:35 
[ 7 ] Begin compute compartment domains and their hierachy at: 2026-05-27 00:32:35 
[ 19 ] Finish compute compartment domains and their hierachy at:  2026-05-27 00:32:36 
[ 14 ] Computing compartments
[ 13 ] Computing compartments
[ 14 ] Correlation between PC1 and reference compartment is : 0.70553 
[ 8 ] Correlation between PC1 and reference compartment is : 0.78726 
[ 13 ] Correlation between PC1 and reference compartment is : 0.66352 
[ 6 ] Begin process contact matrix and compute correlation score at: 2026-05-27 00:32:38 
[ 7 ] Computing compartments
[ 14 ] Finish compute compartment domains and their hierachy at:  2026-05-27 00:32:39 
[ 18 ] Begin process contact matrix and compute correlation score at: 2026-05-27 00:32:39 
[ 13 ] Finish compute compartment domains and their hierachy at:  2026-05-27 00:32:39 
[ 17 ] Begin process contact matrix and compute correlation score at: 2026-05-27 00:32:39 
[ 18 ] Finish process contact matrix and compute correlation score at: 2026-05-27 00:32:42 
[ 18 ] Begin compute compartment domains and their hierachy at: 2026-05-27 00:32:42 
[ 17 ] Finish process contact matrix and compute correlation score at: 2026-05-27 00:32:43 
[ 17 ] Begin compute compartment domains and their hierachy at: 2026-05-27 00:32:43 
[ 18 ] Computing compartments
[ 17 ] Computing compartments
[ 18 ] Correlation between PC1 and reference compartment is : 0.75483 
[ 8 ] Finish compute compartment domains and their hierachy at:  2026-05-27 00:32:44 
[ 17 ] Correlation between PC1 and reference compartment is : 0.77299 
[ 7 ] Correlation between PC1 and reference compartment is : 0.81289 
[ 18 ] Finish compute compartment domains and their hierachy at:  2026-05-27 00:32:46 
[ [17  6] Finish compute compartment domains and their hierachy at:   ] Finish process contact matrix and compute correlation score at:2026-05-27 00:32:46  2026-05-27 00:32:46
 
[ 6 ] Begin compute compartment domains and their hierachy at: 2026-05-27 00:32:46 
[ 5 ] Begin process contact matrix and compute correlation score at: 2026-05-27 00:32:47 
[ 6 ] Computing compartments
[ 7 ] Finish compute compartment domains and their hierachy at:  2026-05-27 00:32:50 
[ 12 ] Begin process contact matrix and compute correlation score at: 2026-05-27 00:32:51 
[ 5 ] Finish process contact matrix and compute correlation score at: 2026-05-27 00:32:52 
[ 5 ] Begin compute compartment domains and their hierachy at: 2026-05-27 00:32:52 
[ 6 ] Correlation between PC1 and reference compartment is : 0.76928 
[ 5 ] Computing compartments
[ 12 ] Finish process contact matrix and compute correlation score at: 2026-05-27 00:32:55 
[ 12 ] Begin compute compartment domains and their hierachy at: 2026-05-27 00:32:55 
[ 12 ] Computing compartments
[ 5 ] Correlation between PC1 and reference compartment is : 0.72825 
[ 11 ] Begin process contact matrix and compute correlation score at: 2026-05-27 00:32:59 
[ 12 ] Correlation between PC1 and reference compartment is : 0.79922 
[ 6 ] Finish compute compartment domains and their hierachy at:  2026-05-27 00:33:00 
[ 11 ] Finish process contact matrix and compute correlation score at: 2026-05-27 00:33:03 
[ 11 ] Begin compute compartment domains and their hierachy at: 2026-05-27 00:33:03 
[ 12 ] Finish compute compartment domains and their hierachy at:  2026-05-27 00:33:04 
[ 5 ] Finish compute compartment domains and their hierachy at:  2026-05-27 00:33:04 
[ 11 ] Computing compartments
[ 11 ] Correlation between PC1 and reference compartment is : 0.81799 
[ 10 ] Begin process contact matrix and compute correlation score at: 2026-05-27 00:33:09 
[ 16 ] Begin process contact matrix and compute correlation score at: 2026-05-27 00:33:10 
[ 11 ] Finish compute compartment domains and their hierachy at:  2026-05-27 00:33:12 
[ 16 ] Finish process contact matrix and compute correlation score at: 2026-05-27 00:33:13 
[ 16 ] Begin compute compartment domains and their hierachy at: 2026-05-27 00:33:13 
[ 9 ] Begin process contact matrix and compute correlation score at: 2026-05-27 00:33:13 
[ 10 ] Finish process contact matrix and compute correlation score at: 2026-05-27 00:33:14 
[ 10 ] Begin compute compartment domains and their hierachy at: 2026-05-27 00:33:14 
[ 16 ] Computing compartments
[ 10 ] Computing compartments
[ 9 ] Finish process contact matrix and compute correlation score at: 2026-05-27 00:33:17 
[ 9 ] Begin compute compartment domains and their hierachy at: 2026-05-27 00:33:17 
[ 16 ] Correlation between PC1 and reference compartment is : 0.71015 
[ 9 ] Computing compartments
[ 15 ] Begin process contact matrix and compute correlation score at: 2026-05-27 00:33:19 
[ 10 ] Correlation between PC1 and reference compartment is : 0.72867 
[ 16 ] Finish compute compartment domains and their hierachy at:  2026-05-27 00:33:21 
[ 15 ] Finish process contact matrix and compute correlation score at: 2026-05-27 00:33:22 
[ 15 ] Begin compute compartment domains and their hierachy at: 2026-05-27 00:33:22 
[ 9 ] Correlation between PC1 and reference compartment is : 0.77167 
[ 15 ] Computing compartments
[ 10 ] Finish compute compartment domains and their hierachy at:  2026-05-27 00:33:25 
[ 15 ] Correlation between PC1 and reference compartment is : 0.68999 
[ 9 ] Finish compute compartment domains and their hierachy at:  2026-05-27 00:33:28 
[ 15 ] Finish compute compartment domains and their hierachy at:  2026-05-27 00:33:29 
[ 14 ] Begin process contact matrix and compute correlation score at: 2026-05-27 00:33:32 
[ 19 ] Begin process contact matrix and compute correlation score at: 2026-05-27 00:33:33 
[ 13 ] Begin process contact matrix and compute correlation score at: 2026-05-27 00:33:34 
[ 19 ] Finish process contact matrix and compute correlation score at: 2026-05-27 00:33:34 
[ 19 ] Begin compute compartment domains and their hierachy at: 2026-05-27 00:33:34 
[ 19 ] Computing compartments
[ 19 ] Correlation between PC1 and reference compartment is : 0.83985 
[ 14 ] Finish process contact matrix and compute correlation score at: 2026-05-27 00:33:36 
[ 14 ] Begin compute compartment domains and their hierachy at: 2026-05-27 00:33:36 
[ 19 ] Finish compute compartment domains and their hierachy at:  2026-05-27 00:33:38 
[ 13 ] Finish process contact matrix and compute correlation score at: 2026-05-27 00:33:38 
[ 13 ] Begin compute compartment domains and their hierachy at: 2026-05-27 00:33:38 
[ 14 ] Computing compartments
[ 13 ] Computing compartments
[ 14 ] Correlation between PC1 and reference compartment is : 0.72989 
[ 13 ] Correlation between PC1 and reference compartment is : 0.68651 
[ 14 ] Finish compute compartment domains and their hierachy at:  2026-05-27 00:33:45 
[ 13 ] Finish compute compartment domains and their hierachy at:  2026-05-27 00:33:46 
[ 18 ] Begin process contact matrix and compute correlation score at: 2026-05-27 00:33:51 
[ 17 ] Begin process contact matrix and compute correlation score at: 2026-05-27 00:33:52 
[ 18 ] Finish process contact matrix and compute correlation score at: 2026-05-27 00:33:54 
[ 18 ] Begin compute compartment domains and their hierachy at: 2026-05-27 00:33:54 
[ 17 ] Finish process contact matrix and compute correlation score at: 2026-05-27 00:33:54 
[ 17 ] Begin compute compartment domains and their hierachy at: 2026-05-27 00:33:54 
[ 18 ] Computing compartments
[ 17 ] Computing compartments
[ 18 ] Correlation between PC1 and reference compartment is : 0.76385 
[ 17 ] Correlation between PC1 and reference compartment is : 0.78505 
[ 18 ] Finish compute compartment domains and their hierachy at:  2026-05-27 00:34:00 
[ 17 ] Finish compute compartment domains and their hierachy at:  2026-05-27 00:34:00 

Copied 5 result files to repo: /expanse/lustre/projects/csd940/zalibhai/mariner_hi-c/ML/cmpts/outputs/calder2/250831/ctrl_merged/sub_compartments

--- Summary Statistics ---
Total rows:         237020
Chromosomes found:  19 / 19

Depth-2 label distribution:
  A.1    85185 bins  ( 35.9%)
  A.2    45955 bins  ( 19.4%)
  B.1    34025 bins  ( 14.4%)
  B.2    71855 bins  ( 30.3%)

Reference correlations (cor_with_ref.txt):
  Median cor: 0.769
  Min cor:    0.687 (chr chr13)

===========================================
A1 COMPLETE: 250831 / ctrl_merged
Finished:    Wed May 27 00:34:05 2026
===========================================

End: Wed May 27 00:34:06 PDT 2026
===========================================
