===========================================
A1: CALDER2 Subcompartment Calling
===========================================
Job ID:     49820059
Node:       exp-1-15
CPUs:       8
Timepoint:  250402
Sample:     ctrl_merged
Input:      /expanse/lustre/projects/csd940/zalibhai/stripes/StripeCaller/data/hic/250402/ctrl_merged.hic
Work dir:   /expanse/lustre/projects/csd940/zalibhai/sniper/calder2/250402/ctrl_merged
Repo dir:   /expanse/lustre/projects/csd940/zalibhai/mariner_hi-c/ML/cmpts/outputs/calder2/250402/ctrl_merged
Start:      Wed May 27 00:31:17 PDT 2026
===========================================
===========================================
A1: CALDER2 Subcompartment Calling
===========================================
Timepoint:  250402
Sample:     ctrl_merged
Input:      /expanse/lustre/projects/csd940/zalibhai/stripes/StripeCaller/data/hic/250402/ctrl_merged.hic
Work dir:   /expanse/lustre/projects/csd940/zalibhai/sniper/calder2/250402/ctrl_merged
Repo dir:   /expanse/lustre/projects/csd940/zalibhai/mariner_hi-c/ML/cmpts/outputs/calder2/250402/ctrl_merged
Start:      Wed May 27 00:31:19 2026
===========================================

[ 1 ] Begin process contact matrix and compute correlation score at: 2026-05-27 00:31:19 
[[  12  ] Begin process contact matrix and compute correlation score at:] Begin process contact matrix and compute correlation score at:  2026-05-27 00:31:192026-05-27 00:31:19  

[ 2 ] Begin process contact matrix and compute correlation score at: 2026-05-27 00:31:19 
[ 3 ] Begin process contact matrix and compute correlation score at: 2026-05-27 00:31:19 
[ 3 ] Begin process contact matrix and compute correlation score at: 2026-05-27 00:31:19 
[ 4 ] Begin process contact matrix and compute correlation score at: 2026-05-27 00:31:19 
[ 4 ] Begin process contact matrix and compute correlation score at: 2026-05-27 00:31:19 
Error : File did not contain KR normalization vectors for one or both chromosomes at 50000 BP.
Error : File did not contain KR normalization vectors for one or both chromosomes at 50000 BP.
Error : File did not contain KR normalization vectors for one or both chromosomes at 50000 BP.
Error : File did not contain KR normalization vectors for one or both chromosomes at 50000 BP.
Error : File did not contain KR normalization vectors for one or both chromosomes at 50000 BP.
Error : File did not contain KR normalization vectors for one or both chromosomes at 50000 BP.
Error : File did not contain KR normalization vectors for one or both chromosomes at 50000 BP.
Error : File did not contain KR normalization vectors for one or both chromosomes at 50000 BP.
[ 4 ] Finish process contact matrix and compute correlation score at: 2026-05-27 00:31:28 
[ 4 ] Begin compute compartment domains and their hierachy at: 2026-05-27 00:31:28 
[ 3 ] Finish process contact matrix and compute correlation score at: 2026-05-27 00:31:29 
[ 3 ] Begin compute compartment domains and their hierachy at: 2026-05-27 00:31:29 
[ 4 ] Computing compartments
[ 2 ] Finish process contact matrix and compute correlation score at: 2026-05-27 00:31:31 
[ 2 ] Begin compute compartment domains and their hierachy at: 2026-05-27 00:31:31 
[ 4 ] Finish process contact matrix and compute correlation score at: 2026-05-27 00:31:32 
[ 4 ] Begin compute compartment domains and their hierachy at: 2026-05-27 00:31:32 
[ 3 ] Computing compartments
[ 3 ] Finish process contact matrix and compute correlation score at: 2026-05-27 00:31:33 
[ 3 ] Begin compute compartment domains and their hierachy at: 2026-05-27 00:31:33 
[ 4 ] Correlation between PC1 and reference compartment is : 0.69605 
[ 1 ] Finish process contact matrix and compute correlation score at: 2026-05-27 00:31:33 
[ 1 ] Begin compute compartment domains and their hierachy at: 2026-05-27 00:31:33 
[ 2 ] Computing compartments
[ 3 ] Correlation between PC1 and reference compartment is : 0.62505 
[ 1 ] Computing compartments
[ 2 ] Finish process contact matrix and compute correlation score at: 2026-05-27 00:31:36 
[ 2 ] Begin compute compartment domains and their hierachy at: 2026-05-27 00:31:36 
[ 2 ] Correlation between PC1 and reference compartment is : 0.72193 
[ 3 ] Computing compartments
[ 1 ] Correlation between PC1 and reference compartment is : 0.68659 
[ 1 ] Finish process contact matrix and compute correlation score at: 2026-05-27 00:31:39 
[ 1 ] Begin compute compartment domains and their hierachy at: 2026-05-27 00:31:39 
[ 4 ] Computing compartments
[ 4 ] Finish compute compartment domains and their hierachy at:  2026-05-27 00:31:39 
[ 8 ] Begin process contact matrix and compute correlation score at: 2026-05-27 00:31:39 
Error : File did not contain KR normalization vectors for one or both chromosomes at 50000 BP.
[ 3 ] Correlation between PC1 and reference compartment is : 0.63104 
[ 2 ] Computing compartments
[ 8 ] Finish process contact matrix and compute correlation score at: 2026-05-27 00:31:44 
[ 8 ] Begin compute compartment domains and their hierachy at: 2026-05-27 00:31:44 
[ 3 ] Finish compute compartment domains and their hierachy at:  2026-05-27 00:31:44 
[ 7 ] Begin process contact matrix and compute correlation score at: 2026-05-27 00:31:44 
Error : File did not contain KR normalization vectors for one or both chromosomes at 50000 BP.
[ 4 ] Correlation between PC1 and reference compartment is : 0.69482 
[ 2 ] Finish compute compartment domains and their hierachy at:  2026-05-27 00:31:44 
[ 6 ] Begin process contact matrix and compute correlation score at: 2026-05-27 00:31:44 
Error : File did not contain KR normalization vectors for one or both chromosomes at 50000 BP.
[ 8 ] Computing compartments
[ 1 ] Computing compartments
[ 8 ] Correlation between PC1 and reference compartment is : 0.67641 
[ 1 ] Finish compute compartment domains and their hierachy at:  2026-05-27 00:31:45 
[ 5 ] Begin process contact matrix and compute correlation score at: 2026-05-27 00:31:45 
Error : File did not contain KR normalization vectors for one or both chromosomes at 50000 BP.
[ 8 ] Finish compute compartment domains and their hierachy at:  2026-05-27 00:31:49 
[ 12 ] Begin process contact matrix and compute correlation score at: 2026-05-27 00:31:49 
Error : File did not contain KR normalization vectors for one or both chromosomes at 50000 BP.
[ 6 ] Finish process contact matrix and compute correlation score at: 2026-05-27 00:31:49 
[ 6 ] Begin compute compartment domains and their hierachy at: 2026-05-27 00:31:49 
[ 7 ] Finish process contact matrix and compute correlation score at: 2026-05-27 00:31:49 
[ 7 ] Begin compute compartment domains and their hierachy at: 2026-05-27 00:31:49 
[ 5 ] Finish process contact matrix and compute correlation score at: 2026-05-27 00:31:50 
[ 5 ] Begin compute compartment domains and their hierachy at: 2026-05-27 00:31:50 
[ 2 ] Correlation between PC1 and reference compartment is : 0.69715 
[ 5 ] Computing compartments
[ 6 ] Computing compartments
[ 7 ] Computing compartments
[ 12 ] Finish process contact matrix and compute correlation score at: 2026-05-27 00:31:52 
[ 12 ] Begin compute compartment domains and their hierachy at: 2026-05-27 00:31:52 
[ 5 ] Correlation between PC1 and reference compartment is : 0.63678 
[ 12 ] Computing compartments
[ 6 ] Correlation between PC1 and reference compartment is : 0.67001 
[ 7 ] Correlation between PC1 and reference compartment is : 0.79396 
[ 12 ] Correlation between PC1 and reference compartment is : 0.76336 
[ 1 ] Correlation between PC1 and reference compartment is : 0.68108 
[ 3 ] Finish compute compartment domains and their hierachy at:  2026-05-27 00:31:55 
[ 4 ] Finish compute compartment domains and their hierachy at:  2026-05-27 00:31:56 
[ 12 ] Finish compute compartment domains and their hierachy at:  2026-05-27 00:31:56 
[ 16 ] Begin process contact matrix and compute correlation score at: 2026-05-27 00:31:56 
Error : File did not contain KR normalization vectors for one or both chromosomes at 50000 BP.
[ 5 ] Finish compute compartment domains and their hierachy at:  2026-05-27 00:31:56 
[ 9 ] Begin process contact matrix and compute correlation score at: 2026-05-27 00:31:56 
Error : File did not contain KR normalization vectors for one or both chromosomes at 50000 BP.
[ 6 ] Finish compute compartment domains and their hierachy at:  2026-05-27 00:31:57 
[ 10 ] Begin process contact matrix and compute correlation score at: 2026-05-27 00:31:57 
Error : File did not contain KR normalization vectors for one or both chromosomes at 50000 BP.
[ 7 ] Finish compute compartment domains and their hierachy at:  2026-05-27 00:31:57 
[ 11 ] Begin process contact matrix and compute correlation score at: 2026-05-27 00:31:57 
Error : File did not contain KR normalization vectors for one or both chromosomes at 50000 BP.
[ 16 ] Finish process contact matrix and compute correlation score at: 2026-05-27 00:31:58 
[ 16 ] Begin compute compartment domains and their hierachy at: 2026-05-27 00:31:58 
[ 16 ] Computing compartments
[ 16 ] Correlation between PC1 and reference compartment is : 0.65623 
[ 10 ] Finish process contact matrix and compute correlation score at: 2026-05-27 00:32:00 
[ 10 ] Begin compute compartment domains and their hierachy at: 2026-05-27 00:32:00 
[ 9 ] Finish process contact matrix and compute correlation score at: 2026-05-27 00:32:01 
[ 9 ] Begin compute compartment domains and their hierachy at: 2026-05-27 00:32:01 
[ 10 ] Computing compartments
[ 10 ] Correlation between PC1 and reference compartment is : 0.60052 
[ 11 ] Finish process contact matrix and compute correlation score at: 2026-05-27 00:32:02 
[ 16 ] Finish compute compartment domains and their hierachy at:  2026-05-27 00:32:02 
[ 11 ] Begin compute compartment domains and their hierachy at: 2026-05-27 00:32:02 
[ 9 ] Computing compartments
[ 9 ] Correlation between PC1 and reference compartment is : 0.70376 
[ 11 ] Computing compartments
[ 11 ] Correlation between PC1 and reference compartment is : 0.77359 
[ 10 ] Finish compute compartment domains and their hierachy at:  2026-05-27 00:32:04 
[ 14 ] Begin process contact matrix and compute correlation score at: 2026-05-27 00:32:04 
Error : File did not contain KR normalization vectors for one or both chromosomes at 50000 BP.
[ 2 ] Finish compute compartment domains and their hierachy at:  2026-05-27 00:32:04 
[ 9 ] Finish compute compartment domains and their hierachy at:  2026-05-27 00:32:04 
[ 13 ] Begin process contact matrix and compute correlation score at: 2026-05-27 00:32:04 
Error : File did not contain KR normalization vectors for one or both chromosomes at 50000 BP.
[ 11 ] Finish compute compartment domains and their hierachy at:  2026-05-27 00:32:05 
[ 15 ] Begin process contact matrix and compute correlation score at: 2026-05-27 00:32:05 
Error : File did not contain KR normalization vectors for one or both chromosomes at 50000 BP.
[ 1 ] Finish compute compartment domains and their hierachy at:  2026-05-27 00:32:07 
[ 14 ] Finish process contact matrix and compute correlation score at: 2026-05-27 00:32:07 
[ 14 ] Begin compute compartment domains and their hierachy at: 2026-05-27 00:32:07 
[ 13 ] Finish process contact matrix and compute correlation score at: 2026-05-27 00:32:07 
[ 13 ] Begin compute compartment domains and their hierachy at: 2026-05-27 00:32:07 
[ 15 ] Finish process contact matrix and compute correlation score at: 2026-05-27 00:32:08 
[ 15 ] Begin compute compartment domains and their hierachy at: 2026-05-27 00:32:08 
[ 14 ] Computing compartments
[ 13 ] Computing compartments
[ 15 ] Computing compartments
[ 7 ] Begin process contact matrix and compute correlation score at: 2026-05-27 00:32:08 
Error : File did not contain KR normalization vectors for one or both chromosomes at 50000 BP.
[ 14 ] Correlation between PC1 and reference compartment is : 0.68812 
[ 15 ] Correlation between PC1 and reference compartment is : 0.62237 
[ 13 ] Correlation between PC1 and reference compartment is : 0.58003 
[ 8 ] Begin process contact matrix and compute correlation score at: 2026-05-27 00:32:09 
Error : File did not contain KR normalization vectors for one or both chromosomes at 50000 BP.
[ 14 ] Finish compute compartment domains and their hierachy at:  2026-05-27 00:32:10 
[ 18 ] Begin process contact matrix and compute correlation score at: 2026-05-27 00:32:10 
Error : File did not contain KR normalization vectors for one or both chromosomes at 50000 BP.
[ 13 ] Finish compute compartment domains and their hierachy at:  2026-05-27 00:32:11 
[ 17 ] Begin process contact matrix and compute correlation score at: 2026-05-27 00:32:11 
[ 15 ] Finish compute compartment domains and their hierachy at:  2026-05-27 00:32:11 
[ 19 ] Begin process contact matrix and compute correlation score at: 2026-05-27 00:32:11 
Error : File did not contain KR normalization vectors for one or both chromosomes at 50000 BP.
Error : File did not contain KR normalization vectors for one or both chromosomes at 50000 BP.
[ 18 ] Finish process contact matrix and compute correlation score at: 2026-05-27 00:32:13 
[ 18 ] Begin compute compartment domains and their hierachy at: 2026-05-27 00:32:13 
[ 19 ] Finish process contact matrix and compute correlation score at: 2026-05-27 00:32:13 
[ 19 ] Begin compute compartment domains and their hierachy at: 2026-05-27 00:32:13 
[ 19 ] Computing compartments
[ 8 ] Finish process contact matrix and compute correlation score at: 2026-05-27 00:32:14 
[ 8 ] Begin compute compartment domains and their hierachy at: 2026-05-27 00:32:14 
[ 19 ] Correlation between PC1 and reference compartment is : 0.77831 
[ 18 ] Computing compartments
[ 17 ] Finish process contact matrix and compute correlation score at: 2026-05-27 00:32:14 
[ 17 ] Begin compute compartment domains and their hierachy at: 2026-05-27 00:32:14 
[ 7 ] Finish process contact matrix and compute correlation score at: 2026-05-27 00:32:14 
[ 7 ] Begin compute compartment domains and their hierachy at: 2026-05-27 00:32:14 
[ 18 ] Correlation between PC1 and reference compartment is : 0.66273 
[ 17 ] Computing compartments
[ 19 ] Finish compute compartment domains and their hierachy at:  2026-05-27 00:32:15 
[ 17 ] Correlation between PC1 and reference compartment is : 0.77089 
[ 18 ] Finish compute compartment domains and their hierachy at:  2026-05-27 00:32:16 
[ 8 ] Computing compartments
[ 17 ] Finish compute compartment domains and their hierachy at:  2026-05-27 00:32:17 
[ 7 ] Computing compartments
[ 8 ] Correlation between PC1 and reference compartment is : 0.6865 
[ 7 ] Correlation between PC1 and reference compartment is : 0.78786 
[ 6 ] Begin process contact matrix and compute correlation score at: 2026-05-27 00:32:21 
Error : File did not contain KR normalization vectors for one or both chromosomes at 50000 BP.
[ 8 ] Finish compute compartment domains and their hierachy at:  2026-05-27 00:32:22 
[ 5 ] Begin process contact matrix and compute correlation score at: 2026-05-27 00:32:24 
Error : File did not contain KR normalization vectors for one or both chromosomes at 50000 BP.
[ 6 ] Finish process contact matrix and compute correlation score at: 2026-05-27 00:32:26 
[ 6 ] Begin compute compartment domains and their hierachy at: 2026-05-27 00:32:26 
[ 7 ] Finish compute compartment domains and their hierachy at:  2026-05-27 00:32:27 
[ 12 ] Begin process contact matrix and compute correlation score at: 2026-05-27 00:32:28 
Error : File did not contain KR normalization vectors for one or both chromosomes at 50000 BP.
[ 5 ] Finish process contact matrix and compute correlation score at: 2026-05-27 00:32:29 
[ 5 ] Begin compute compartment domains and their hierachy at: 2026-05-27 00:32:29 
[ 6 ] Computing compartments
[ 12 ] Finish process contact matrix and compute correlation score at: 2026-05-27 00:32:32 
[ 12 ] Begin compute compartment domains and their hierachy at: 2026-05-27 00:32:32 
[ 5 ] Computing compartments
[ 6 ] Correlation between PC1 and reference compartment is : 0.67132 
[ 12 ] Computing compartments
[ 5 ] Correlation between PC1 and reference compartment is : 0.62993 
[ 11 ] Begin process contact matrix and compute correlation score at: 2026-05-27 00:32:36 
Error : File did not contain KR normalization vectors for one or both chromosomes at 50000 BP.
[ 12 ] Correlation between PC1 and reference compartment is : 0.75784 
[ 6 ] Finish compute compartment domains and their hierachy at:  2026-05-27 00:32:38 
[ 11 ] Finish process contact matrix and compute correlation score at: 2026-05-27 00:32:40 
[ 11 ] Begin compute compartment domains and their hierachy at: 2026-05-27 00:32:40 
[ 5 ] Finish compute compartment domains and their hierachy at:  2026-05-27 00:32:41 
[ 12 ] Finish compute compartment domains and their hierachy at:  2026-05-27 00:32:41 
[ 11 ] Computing compartments
[ 11 ] Correlation between PC1 and reference compartment is : 0.77288 
[ 10 ] Begin process contact matrix and compute correlation score at: 2026-05-27 00:32:46 
Error : File did not contain KR normalization vectors for one or both chromosomes at 50000 BP.
[ 16 ] Begin process contact matrix and compute correlation score at: 2026-05-27 00:32:47 
Error : File did not contain KR normalization vectors for one or both chromosomes at 50000 BP.
[ 9 ] Begin process contact matrix and compute correlation score at: 2026-05-27 00:32:48 
Error : File did not contain KR normalization vectors for one or both chromosomes at 50000 BP.
[ 11 ] Finish compute compartment domains and their hierachy at:  2026-05-27 00:32:49 
[ 16 ] Finish process contact matrix and compute correlation score at: 2026-05-27 00:32:49 
[ 16 ] Begin compute compartment domains and their hierachy at: 2026-05-27 00:32:49 
[ 10 ] Finish process contact matrix and compute correlation score at: 2026-05-27 00:32:50 
[ 10 ] Begin compute compartment domains and their hierachy at: 2026-05-27 00:32:50 
[ 16 ] Computing compartments
[ 9 ] Finish process contact matrix and compute correlation score at: 2026-05-27 00:32:51 
[ 9 ] Begin compute compartment domains and their hierachy at: 2026-05-27 00:32:51 
[ 10 ] Computing compartments
[ 16 ] Correlation between PC1 and reference compartment is : 0.66505 
[ 9 ] Computing compartments
[ 10 ] Correlation between PC1 and reference compartment is : 0.58989 
[ 15 ] Begin process contact matrix and compute correlation score at: 2026-05-27 00:32:56 
[ 9 ] Correlation between PC1 and reference compartment is : 0.69298 
Error : File did not contain KR normalization vectors for one or both chromosomes at 50000 BP.
[ 16 ] Finish compute compartment domains and their hierachy at:  2026-05-27 00:32:56 
[ 15 ] Finish process contact matrix and compute correlation score at: 2026-05-27 00:32:59 
[ 15 ] Begin compute compartment domains and their hierachy at: 2026-05-27 00:32:59 
[ 10 ] Finish compute compartment domains and their hierachy at:  2026-05-27 00:33:00 
[ 15 ] Computing compartments
[ 9 ] Finish compute compartment domains and their hierachy at:  2026-05-27 00:33:00 
[ 15 ] Correlation between PC1 and reference compartment is : 0.60903 
[ 15 ] Finish compute compartment domains and their hierachy at:  2026-05-27 00:33:05 
[ 13 ] Begin process contact matrix and compute correlation score at: 2026-05-27 00:33:06 
Error : File did not contain KR normalization vectors for one or both chromosomes at 50000 BP.
[ 14 ] Begin process contact matrix and compute correlation score at: 2026-05-27 00:33:07 
Error : File did not contain KR normalization vectors for one or both chromosomes at 50000 BP.
[ 13 ] Finish process contact matrix and compute correlation score at: 2026-05-27 00:33:09 
[ 13 ] Begin compute compartment domains and their hierachy at: 2026-05-27 00:33:09 
[ 19 ] Begin process contact matrix and compute correlation score at: 2026-05-27 00:33:10 
Error : File did not contain KR normalization vectors for one or both chromosomes at 50000 BP.
[ 14 ] Finish process contact matrix and compute correlation score at: 2026-05-27 00:33:10 
[ 14 ] Begin compute compartment domains and their hierachy at: 2026-05-27 00:33:10 
[ 19 ] Finish process contact matrix and compute correlation score at: 2026-05-27 00:33:11 
[ 19 ] Begin compute compartment domains and their hierachy at: 2026-05-27 00:33:11 
[ 19 ] Computing compartments
[ 13 ] Computing compartments
[ 19 ] Correlation between PC1 and reference compartment is : 0.79959 
[ 14 ] Computing compartments
[ 19 ] Finish compute compartment domains and their hierachy at:  2026-05-27 00:33:13 
[ 13 ] Correlation between PC1 and reference compartment is : 0.60734 
[ 14 ] Correlation between PC1 and reference compartment is : 0.68019 
[ 13 ] Finish compute compartment domains and their hierachy at:  2026-05-27 00:33:17 
[ 14 ] Finish compute compartment domains and their hierachy at:  2026-05-27 00:33:20 
[ 17 ] Begin process contact matrix and compute correlation score at: 2026-05-27 00:33:23 
Error : File did not contain KR normalization vectors for one or both chromosomes at 50000 BP.
[ 17 ] Finish process contact matrix and compute correlation score at: 2026-05-27 00:33:25 
[ 17 ] Begin compute compartment domains and their hierachy at: 2026-05-27 00:33:25 
[ 18 ] Begin process contact matrix and compute correlation score at: 2026-05-27 00:33:25 
Error : File did not contain KR normalization vectors for one or both chromosomes at 50000 BP.
[ 17 ] Computing compartments
[ 17 ] Correlation between PC1 and reference compartment is : 0.77555 
[ 18 ] Finish process contact matrix and compute correlation score at: 2026-05-27 00:33:27 
[ 18 ] Begin compute compartment domains and their hierachy at: 2026-05-27 00:33:27 
[ 18 ] Computing compartments
[ 17 ] Finish compute compartment domains and their hierachy at:  2026-05-27 00:33:30 
[ 18 ] Correlation between PC1 and reference compartment is : 0.68587 
[ 18 ] Finish compute compartment domains and their hierachy at:  2026-05-27 00:33:33 

Copied 5 result files to repo: /expanse/lustre/projects/csd940/zalibhai/mariner_hi-c/ML/cmpts/outputs/calder2/250402/ctrl_merged/sub_compartments

--- Summary Statistics ---
Total rows:         237575
Chromosomes found:  19 / 19

Depth-2 label distribution:
  A.1    72525 bins  ( 30.5%)
  A.2    33505 bins  ( 14.1%)
  B.1    32780 bins  ( 13.8%)
  B.2    98765 bins  ( 41.6%)

Reference correlations (cor_with_ref.txt):
  Median cor: 0.686
  Min cor:    0.590 (chr chr10)

===========================================
A1 COMPLETE: 250402 / ctrl_merged
Finished:    Wed May 27 00:33:38 2026
===========================================

End: Wed May 27 00:33:38 PDT 2026
===========================================
