===========================================
A1: CALDER2 Subcompartment Calling
===========================================
Job ID:     49820060
Node:       exp-1-15
CPUs:       8
Timepoint:  250402
Sample:     mut_merged
Input:      /expanse/lustre/projects/csd940/zalibhai/stripes/StripeCaller/data/hic/250402/mut_merged.hic
Work dir:   /expanse/lustre/projects/csd940/zalibhai/sniper/calder2/250402/mut_merged
Repo dir:   /expanse/lustre/projects/csd940/zalibhai/mariner_hi-c/ML/cmpts/outputs/calder2/250402/mut_merged
Start:      Wed May 27 00:31:17 PDT 2026
===========================================
===========================================
A1: CALDER2 Subcompartment Calling
===========================================
Timepoint:  250402
Sample:     mut_merged
Input:      /expanse/lustre/projects/csd940/zalibhai/stripes/StripeCaller/data/hic/250402/mut_merged.hic
Work dir:   /expanse/lustre/projects/csd940/zalibhai/sniper/calder2/250402/mut_merged
Repo dir:   /expanse/lustre/projects/csd940/zalibhai/mariner_hi-c/ML/cmpts/outputs/calder2/250402/mut_merged
Start:      Wed May 27 00:31:19 2026
===========================================

[ 1 ] Begin process contact matrix and compute correlation score at: 2026-05-27 00:31:19 
[ 2 ] Begin process contact matrix and compute correlation score at: 2026-05-27 00:31:19 
[ 1 ] Begin process contact matrix and compute correlation score at: 2026-05-27 00:31:19 
[ 3 ] Begin process contact matrix and compute correlation score at: 2026-05-27 00:31:19 
[ 2 ] Begin process contact matrix and compute correlation score at: 2026-05-27 00:31:19 
[ 4 ] Begin process contact matrix and compute correlation score at: 2026-05-27 00:31:19 
[ 4 ] Begin process contact matrix and compute correlation score at: 2026-05-27 00:31:19 
Error : File did not contain KR normalization vectors for one or both chromosomes at 50000 BP.
Error : File did not contain KR normalization vectors for one or both chromosomes at 50000 BP.
Error : File did not contain KR normalization vectors for one or both chromosomes at 50000 BP.
Error : File did not contain KR normalization vectors for one or both chromosomes at 50000 BP.
Error : File did not contain KR normalization vectors for one or both chromosomes at 50000 BP.
Error : File did not contain KR normalization vectors for one or both chromosomes at 50000 BP.
Error : File did not contain KR normalization vectors for one or both chromosomes at 50000 BP.
[ 3 ] Begin process contact matrix and compute correlation score at: 2026-05-27 00:31:20 
Error : File did not contain KR normalization vectors for one or both chromosomes at 50000 BP.
[ 4 ] Finish process contact matrix and compute correlation score at: 2026-05-27 00:31:28 
[ 4 ] Begin compute compartment domains and their hierachy at: 2026-05-27 00:31:28 
[ 3 ] Finish process contact matrix and compute correlation score at: 2026-05-27 00:31:29 
[ 3 ] Begin compute compartment domains and their hierachy at: 2026-05-27 00:31:29 
[ 4 ] Computing compartments
[ 2 ] Finish process contact matrix and compute correlation score at: 2026-05-27 00:31:31 
[ 2 ] Begin compute compartment domains and their hierachy at: 2026-05-27 00:31:31 
[ 3 ] Computing compartments
[ 1 ] Finish process contact matrix and compute correlation score at: 2026-05-27 00:31:32 
[ 1 ] Begin compute compartment domains and their hierachy at: 2026-05-27 00:31:32 
[ 4 ] Finish process contact matrix and compute correlation score at: 2026-05-27 00:31:32 
[ 4 ] Begin compute compartment domains and their hierachy at: 2026-05-27 00:31:32 
[ 4 ] Correlation between PC1 and reference compartment is : 0.68454 
[ 3 ] Finish process contact matrix and compute correlation score at: 2026-05-27 00:31:33 
[ 3 ] Begin compute compartment domains and their hierachy at: 2026-05-27 00:31:34 
[ 2 ] Computing compartments
[ 3 ] Correlation between PC1 and reference compartment is : 0.64087 
[ 1 ] Computing compartments
[ 2 ] Finish process contact matrix and compute correlation score at: 2026-05-27 00:31:35 
[ 2 ] Begin compute compartment domains and their hierachy at: 2026-05-27 00:31:35 
[ 2 ] Correlation between PC1 and reference compartment is : 0.73754 
[ 1 ] Correlation between PC1 and reference compartment is : 0.68289 
[ 1 ] Finish process contact matrix and compute correlation score at: 2026-05-27 00:31:39 
[ 1 ] Begin compute compartment domains and their hierachy at: 2026-05-27 00:31:39 
[ 4 ] Computing compartments
[ 4 ] Finish compute compartment domains and their hierachy at:  2026-05-27 00:31:39 
[ 8 ] Begin process contact matrix and compute correlation score at: 2026-05-27 00:31:39 
Error : File did not contain KR normalization vectors for one or both chromosomes at 50000 BP.
[ 3 ] Computing compartments
[ 3 ] Finish compute compartment domains and their hierachy at:  2026-05-27 00:31:40 
[ 7 ] Begin process contact matrix and compute correlation score at: 2026-05-27 00:31:40 
Error : File did not contain KR normalization vectors for one or both chromosomes at 50000 BP.
[ 2 ] Computing compartments
[ 2 ] Finish compute compartment domains and their hierachy at:  2026-05-27 00:31:43 
[ 6 ] Begin process contact matrix and compute correlation score at: 2026-05-27 00:31:43 
[ 8 ] Finish process contact matrix and compute correlation score at: 2026-05-27 00:31:43 
[ 8 ] Begin compute compartment domains and their hierachy at: 2026-05-27 00:31:43 
Error : File did not contain KR normalization vectors for one or both chromosomes at 50000 BP.
[ 4 ] Correlation between PC1 and reference compartment is : 0.68174 
[ 8 ] Computing compartments
[ 8 ] Correlation between PC1 and reference compartment is : 0.6662 
[ 7 ] Finish process contact matrix and compute correlation score at: 2026-05-27 00:31:45 
[ 7 ] Begin compute compartment domains and their hierachy at: 2026-05-27 00:31:45 
[ 1 ] Finish compute compartment domains and their hierachy at:  2026-05-27 00:31:46 
[ 5 ] Begin process contact matrix and compute correlation score at: 2026-05-27 00:31:46 
Error : File did not contain KR normalization vectors for one or both chromosomes at 50000 BP.
[ 3 ] Correlation between PC1 and reference compartment is : 0.63279 
[ 1 ] Computing compartments
[ 7 ] Computing compartments
[ 6 ] Finish process contact matrix and compute correlation score at: 2026-05-27 00:31:48 
[ 6 ] Begin compute compartment domains and their hierachy at: 2026-05-27 00:31:48 
[ 7 ] Correlation between PC1 and reference compartment is : 0.80054 
[ 8 ] Finish compute compartment domains and their hierachy at:  2026-05-27 00:31:49 
[ 12 ] Begin process contact matrix and compute correlation score at: 2026-05-27 00:31:49 
Error : File did not contain KR normalization vectors for one or both chromosomes at 50000 BP.
[ 2 ] Correlation between PC1 and reference compartment is : 0.70376 
[ 6 ] Computing compartments
[ 5 ] Finish process contact matrix and compute correlation score at: 2026-05-27 00:31:51 
[ 5 ] Begin compute compartment domains and their hierachy at: 2026-05-27 00:31:51 
[ 5 ] Computing compartments
[ 6 ] Correlation between PC1 and reference compartment is : 0.68995 
[ 12 ] Finish process contact matrix and compute correlation score at: 2026-05-27 00:31:53 
[ 7 ] Finish compute compartment domains and their hierachy at:  2026-05-27 00:31:53 
[ 12 ] Begin compute compartment domains and their hierachy at: 2026-05-27 00:31:53 
[ 11 ] Begin process contact matrix and compute correlation score at: 2026-05-27 00:31:53 
Error : File did not contain KR normalization vectors for one or both chromosomes at 50000 BP.
[ 12 ] Computing compartments
[ 12 ] Correlation between PC1 and reference compartment is : 0.77309 
[ 5 ] Correlation between PC1 and reference compartment is : 0.65625 
[ 1 ] Correlation between PC1 and reference compartment is : 0.6671 
[ 6 ] Finish compute compartment domains and their hierachy at:  2026-05-27 00:31:56 
[ 10 ] Begin process contact matrix and compute correlation score at: 2026-05-27 00:31:56 
Error : File did not contain KR normalization vectors for one or both chromosomes at 50000 BP.
[ 11 ] Finish process contact matrix and compute correlation score at: 2026-05-27 00:31:57 
[ 11 ] Begin compute compartment domains and their hierachy at: 2026-05-27 00:31:57 
[ 4 ] Finish compute compartment domains and their hierachy at:  2026-05-27 00:31:57 
[ 11 ] Computing compartments
[ 12 ] Finish compute compartment domains and their hierachy at:  2026-05-27 00:31:57 
[ 16 ] Begin process contact matrix and compute correlation score at: 2026-05-27 00:31:57 
Error : File did not contain KR normalization vectors for one or both chromosomes at 50000 BP.
[ 11 ] Correlation between PC1 and reference compartment is : 0.77914 
[ 5 ] Finish compute compartment domains and their hierachy at:  2026-05-27 00:31:59 
[ 9 ] Begin process contact matrix and compute correlation score at: 2026-05-27 00:31:59 
Error : File did not contain KR normalization vectors for one or both chromosomes at 50000 BP.
[ 3 ] Finish compute compartment domains and their hierachy at:  2026-05-27 00:31:59 
[ 10 ] Finish process contact matrix and compute correlation score at: 2026-05-27 00:32:00 
[ 10 ] Begin compute compartment domains and their hierachy at: 2026-05-27 00:32:00 
[ 16 ] Finish process contact matrix and compute correlation score at: 2026-05-27 00:32:00 
[ 16 ] Begin compute compartment domains and their hierachy at: 2026-05-27 00:32:00 
[ 10 ] Computing compartments
[ 16 ] Computing compartments
[ 11 ] Finish compute compartment domains and their hierachy at:  2026-05-27 00:32:01 
[ 15 ] Begin process contact matrix and compute correlation score at: 2026-05-27 00:32:01 
Error : File did not contain KR normalization vectors for one or both chromosomes at 50000 BP.
[ 16 ] Correlation between PC1 and reference compartment is : 0.60657 
[ 10 ] Correlation between PC1 and reference compartment is : 0.60335 
[ 9 ] Finish process contact matrix and compute correlation score at: 2026-05-27 00:32:02 
[ 9 ] Begin compute compartment domains and their hierachy at: 2026-05-27 00:32:02 
[ 9 ] Computing compartments
[ 9 ] Correlation between PC1 and reference compartment is : 0.71799 
[ 15 ] Finish process contact matrix and compute correlation score at: 2026-05-27 00:32:04 
[ 15 ] Begin compute compartment domains and their hierachy at: 2026-05-27 00:32:04 
[ 16 ] Finish compute compartment domains and their hierachy at:  2026-05-27 00:32:04 
[ 15 ] Computing compartments
[ 10 ] Finish compute compartment domains and their hierachy at:  2026-05-27 00:32:04 
[ 14 ] Begin process contact matrix and compute correlation score at: 2026-05-27 00:32:04 
Error : File did not contain KR normalization vectors for one or both chromosomes at 50000 BP.
[ 2 ] Finish compute compartment domains and their hierachy at:  2026-05-27 00:32:05 
[ 15 ] Correlation between PC1 and reference compartment is : 0.63646 
[ 9 ] Finish compute compartment domains and their hierachy at:  2026-05-27 00:32:05 
[ 13 ] Begin process contact matrix and compute correlation score at: 2026-05-27 00:32:05 
Error : File did not contain KR normalization vectors for one or both chromosomes at 50000 BP.
[ 15 ] Finish compute compartment domains and their hierachy at:  2026-05-27 00:32:07 
[ 19 ] Begin process contact matrix and compute correlation score at: 2026-05-27 00:32:07 
Error : File did not contain KR normalization vectors for one or both chromosomes at 50000 BP.
[ 8 ] Begin process contact matrix and compute correlation score at: 2026-05-27 00:32:07 
Error : File did not contain KR normalization vectors for one or both chromosomes at 50000 BP.
[ 14 ] Finish process contact matrix and compute correlation score at: 2026-05-27 00:32:08 
[ 14 ] Begin compute compartment domains and their hierachy at: 2026-05-27 00:32:08 
[ 1 ] Finish compute compartment domains and their hierachy at:  2026-05-27 00:32:08 
[ 19 ] Finish process contact matrix and compute correlation score at: 2026-05-27 00:32:09 
[ 19 ] Begin compute compartment domains and their hierachy at: 2026-05-27 00:32:09 
[ 14 ] Computing compartments
[ 19 ] Computing compartments
[ 13 ] Finish process contact matrix and compute correlation score at: 2026-05-27 00:32:09 
[ 13 ] Begin compute compartment domains and their hierachy at: 2026-05-27 00:32:09 
[ 19 ] Correlation between PC1 and reference compartment is : 0.80308 
[ 14 ] Correlation between PC1 and reference compartment is : 0.6978 
[ 13 ] Computing compartments
[ 19 ] Finish compute compartment domains and their hierachy at:  2026-05-27 00:32:10 
[ 13 ] Correlation between PC1 and reference compartment is : 0.60131 
[ 7 ] Begin process contact matrix and compute correlation score at: 2026-05-27 00:32:12 
[ 14 ] Finish compute compartment domains and their hierachy at:  2026-05-27 00:32:12 
[ 18 ] Begin process contact matrix and compute correlation score at: 2026-05-27 00:32:12 
Error : File did not contain KR normalization vectors for one or both chromosomes at 50000 BP.
Error : File did not contain KR normalization vectors for one or both chromosomes at 50000 BP.
[ 8 ] Finish process contact matrix and compute correlation score at: 2026-05-27 00:32:12 
[ 8 ] Begin compute compartment domains and their hierachy at: 2026-05-27 00:32:12 
[ 13 ] Finish compute compartment domains and their hierachy at:  2026-05-27 00:32:13 
[ 17 ] Begin process contact matrix and compute correlation score at: 2026-05-27 00:32:13 
Error : File did not contain KR normalization vectors for one or both chromosomes at 50000 BP.
[ 18 ] Finish process contact matrix and compute correlation score at: 2026-05-27 00:32:13 
[ 18 ] Begin compute compartment domains and their hierachy at: 2026-05-27 00:32:13 
[ 18 ] Computing compartments
[ 18 ] Correlation between PC1 and reference compartment is : 0.66032 
[ 8 ] Computing compartments
[ 17 ] Finish process contact matrix and compute correlation score at: 2026-05-27 00:32:15 
[ 17 ] Begin compute compartment domains and their hierachy at: 2026-05-27 00:32:15 
[ 17 ] Computing compartments
[ 18 ] Finish compute compartment domains and their hierachy at:  2026-05-27 00:32:16 
[ 17 ] Correlation between PC1 and reference compartment is : 0.78632 
[ 7 ] Finish process contact matrix and compute correlation score at: 2026-05-27 00:32:16 
[ 7 ] Begin compute compartment domains and their hierachy at: 2026-05-27 00:32:16 
[ 17 ] Finish compute compartment domains and their hierachy at:  2026-05-27 00:32:18 
[ 8 ] Correlation between PC1 and reference compartment is : 0.66628 
[ 7 ] Computing compartments
[ 6 ] Begin process contact matrix and compute correlation score at: 2026-05-27 00:32:20 
Error : File did not contain KR normalization vectors for one or both chromosomes at 50000 BP.
[ 8 ] Finish compute compartment domains and their hierachy at:  2026-05-27 00:32:22 
[ 7 ] Correlation between PC1 and reference compartment is : 0.79938 
[ 6 ] Finish process contact matrix and compute correlation score at: 2026-05-27 00:32:24 
[ 6 ] Begin compute compartment domains and their hierachy at: 2026-05-27 00:32:24 
[ 5 ] Begin process contact matrix and compute correlation score at: 2026-05-27 00:32:25 
Error : File did not contain KR normalization vectors for one or both chromosomes at 50000 BP.
[ 6 ] Computing compartments
[ 7 ] Finish compute compartment domains and their hierachy at:  2026-05-27 00:32:28 
[ 12 ] Begin process contact matrix and compute correlation score at: 2026-05-27 00:32:28 
Error : File did not contain KR normalization vectors for one or both chromosomes at 50000 BP.
[ 5 ] Finish process contact matrix and compute correlation score at: 2026-05-27 00:32:29 
[ 5 ] Begin compute compartment domains and their hierachy at: 2026-05-27 00:32:29 
[ 6 ] Correlation between PC1 and reference compartment is : 0.68835 
[ 12 ] Finish process contact matrix and compute correlation score at: 2026-05-27 00:32:32 
[ 12 ] Begin compute compartment domains and their hierachy at: 2026-05-27 00:32:32 
[ 5 ] Computing compartments
[ 12 ] Computing compartments
[ 11 ] Begin process contact matrix and compute correlation score at: 2026-05-27 00:32:36 
Error : File did not contain KR normalization vectors for one or both chromosomes at 50000 BP.
[ 12 ] Correlation between PC1 and reference compartment is : 0.76071 
[ 5 ] Correlation between PC1 and reference compartment is : 0.64531 
[ 6 ] Finish compute compartment domains and their hierachy at:  2026-05-27 00:32:37 
[ 11 ] Finish process contact matrix and compute correlation score at: 2026-05-27 00:32:39 
[ 11 ] Begin compute compartment domains and their hierachy at: 2026-05-27 00:32:39 
[ 12 ] Finish compute compartment domains and their hierachy at:  2026-05-27 00:32:40 
[ 11 ] Computing compartments
[ 5 ] Finish compute compartment domains and their hierachy at:  2026-05-27 00:32:42 
[ 11 ] Correlation between PC1 and reference compartment is : 0.7872 
[ 16 ] Begin process contact matrix and compute correlation score at: 2026-05-27 00:32:45 
Error : File did not contain KR normalization vectors for one or both chromosomes at 50000 BP.
[ 10 ] Begin process contact matrix and compute correlation score at: 2026-05-27 00:32:46 
Error : File did not contain KR normalization vectors for one or both chromosomes at 50000 BP.
[ 16 ] Finish process contact matrix and compute correlation score at: 2026-05-27 00:32:48 
[ 16 ] Begin compute compartment domains and their hierachy at: 2026-05-27 00:32:48 
[ 11 ] Finish compute compartment domains and their hierachy at:  2026-05-27 00:32:48 
[ 16 ] Computing compartments
[ 10 ] Finish process contact matrix and compute correlation score at: 2026-05-27 00:32:50 
[ 10 ] Begin compute compartment domains and their hierachy at: 2026-05-27 00:32:50 
[ 9 ] Begin process contact matrix and compute correlation score at: 2026-05-27 00:32:50 
Error : File did not contain KR normalization vectors for one or both chromosomes at 50000 BP.
[ 16 ] Correlation between PC1 and reference compartment is : 0.64 
[ 10 ] Computing compartments
[ 9 ] Finish process contact matrix and compute correlation score at: 2026-05-27 00:32:53 
[ 9 ] Begin compute compartment domains and their hierachy at: 2026-05-27 00:32:53 
[ 15 ] Begin process contact matrix and compute correlation score at: 2026-05-27 00:32:54 
Error : File did not contain KR normalization vectors for one or both chromosomes at 50000 BP.
[ 10 ] Correlation between PC1 and reference compartment is : 0.60554 
[ 16 ] Finish compute compartment domains and their hierachy at:  2026-05-27 00:32:55 
[ 9 ] Computing compartments
[ 15 ] Finish process contact matrix and compute correlation score at: 2026-05-27 00:32:57 
[ 15 ] Begin compute compartment domains and their hierachy at: 2026-05-27 00:32:57 
[ 9 ] Correlation between PC1 and reference compartment is : 0.71214 
[ 15 ] Computing compartments
[ 10 ] Finish compute compartment domains and their hierachy at:  2026-05-27 00:32:59 
[ 15 ] Correlation between PC1 and reference compartment is : 0.62928 
[ 9 ] Finish compute compartment domains and their hierachy at:  2026-05-27 00:33:02 
[ 15 ] Finish compute compartment domains and their hierachy at:  2026-05-27 00:33:04 
[ 14 ] Begin process contact matrix and compute correlation score at: 2026-05-27 00:33:06 
Error : File did not contain KR normalization vectors for one or both chromosomes at 50000 BP.
[ 13 ] Begin process contact matrix and compute correlation score at: 2026-05-27 00:33:07 
Error : File did not contain KR normalization vectors for one or both chromosomes at 50000 BP.
[ 19 ] Begin process contact matrix and compute correlation score at: 2026-05-27 00:33:08 
Error : File did not contain KR normalization vectors for one or both chromosomes at 50000 BP.
[ 14 ] Finish process contact matrix and compute correlation score at: 2026-05-27 00:33:09 
[ 14 ] Begin compute compartment domains and their hierachy at: 2026-05-27 00:33:09 
[ 19 ] Finish process contact matrix and compute correlation score at: 2026-05-27 00:33:09 
[ 19 ] Begin compute compartment domains and their hierachy at: 2026-05-27 00:33:09 
[ 19 ] Computing compartments
[ 19 ] Correlation between PC1 and reference compartment is : 0.81471 
[ 13 ] Finish process contact matrix and compute correlation score at: 2026-05-27 00:33:11 
[ 13 ] Begin compute compartment domains and their hierachy at: 2026-05-27 00:33:11 
[ 14 ] Computing compartments
[ 19 ] Finish compute compartment domains and their hierachy at:  2026-05-27 00:33:12 
[ 13 ] Computing compartments
[ 14 ] Correlation between PC1 and reference compartment is : 0.68143 
[ 13 ] Correlation between PC1 and reference compartment is : 0.60844 
[ 14 ] Finish compute compartment domains and their hierachy at:  2026-05-27 00:33:17 
[ 13 ] Finish compute compartment domains and their hierachy at:  2026-05-27 00:33:19 
[ 18 ] Begin process contact matrix and compute correlation score at: 2026-05-27 00:33:22 
Error : File did not contain KR normalization vectors for one or both chromosomes at 50000 BP.
[ 18 ] Finish process contact matrix and compute correlation score at: 2026-05-27 00:33:24 
[ 18 ] Begin compute compartment domains and their hierachy at: 2026-05-27 00:33:24 
[ 17 ] Begin process contact matrix and compute correlation score at: 2026-05-27 00:33:24 
Error : File did not contain KR normalization vectors for one or both chromosomes at 50000 BP.
[ 18 ] Computing compartments
[ 17 ] Finish process contact matrix and compute correlation score at: 2026-05-27 00:33:26 
[ 17 ] Begin compute compartment domains and their hierachy at: 2026-05-27 00:33:26 
[ 18 ] Correlation between PC1 and reference compartment is : 0.67778 
[ 17 ] Computing compartments
[ 17 ] Correlation between PC1 and reference compartment is : 0.79309 
[ 18 ] Finish compute compartment domains and their hierachy at:  2026-05-27 00:33:29 
[ 17 ] Finish compute compartment domains and their hierachy at:  2026-05-27 00:33:31 

Copied 5 result files to repo: /expanse/lustre/projects/csd940/zalibhai/mariner_hi-c/ML/cmpts/outputs/calder2/250402/mut_merged/sub_compartments

--- Summary Statistics ---
Total rows:         237575
Chromosomes found:  19 / 19

Depth-2 label distribution:
  A.1    76955 bins  ( 32.4%)
  A.2    36375 bins  ( 15.3%)
  B.1    32250 bins  ( 13.6%)
  B.2    91995 bins  ( 38.7%)

Reference correlations (cor_with_ref.txt):
  Median cor: 0.681
  Min cor:    0.606 (chr chr10)

===========================================
A1 COMPLETE: 250402 / mut_merged
Finished:    Wed May 27 00:33:36 2026
===========================================

End: Wed May 27 00:33:36 PDT 2026
===========================================
