===========================================
A1: CALDER2 Subcompartment Calling
===========================================
Job ID:     49820062
Node:       exp-2-50
CPUs:       8
Timepoint:  250831
Sample:     mut_merged
Input:      /expanse/lustre/projects/csd940/zalibhai/stripes/StripeCaller/data/hic/250831/mut_merged.hic
Work dir:   /expanse/lustre/projects/csd940/zalibhai/sniper/calder2/250831/mut_merged
Repo dir:   /expanse/lustre/projects/csd940/zalibhai/mariner_hi-c/ML/cmpts/outputs/calder2/250831/mut_merged
Start:      Wed May 27 00:31:17 PDT 2026
===========================================
===========================================
A1: CALDER2 Subcompartment Calling
===========================================
Timepoint:  250831
Sample:     mut_merged
Input:      /expanse/lustre/projects/csd940/zalibhai/stripes/StripeCaller/data/hic/250831/mut_merged.hic
Work dir:   /expanse/lustre/projects/csd940/zalibhai/sniper/calder2/250831/mut_merged
Repo dir:   /expanse/lustre/projects/csd940/zalibhai/mariner_hi-c/ML/cmpts/outputs/calder2/250831/mut_merged
Start:      Wed May 27 00:31:19 2026
===========================================

[ 1 ] Begin process contact matrix and compute correlation score at: 2026-05-27 00:31:19 
[ 2 ] Begin process contact matrix and compute correlation score at: 2026-05-27 00:31:19 
[ 1 ] Begin process contact matrix and compute correlation score at: 2026-05-27 00:31:19 
[ 2 ] Begin process contact matrix and compute correlation score at: 2026-05-27 00:31:19 
[ 3 ] Begin process contact matrix and compute correlation score at: 2026-05-27 00:31:19 
[ 3 ] Begin process contact matrix and compute correlation score at: 2026-05-27 00:31:19 
[ 4 ] Begin process contact matrix and compute correlation score at: 2026-05-27 00:31:19 
[ 4 ] Begin process contact matrix and compute correlation score at: 2026-05-27 00:31:19 
[ 4 ] Finish process contact matrix and compute correlation score at: 2026-05-27 00:31:32 
[ 4 ] Begin compute compartment domains and their hierachy at: 2026-05-27 00:31:33 
[ 3 ] Finish process contact matrix and compute correlation score at: 2026-05-27 00:31:34 
[ 3 ] Begin compute compartment domains and their hierachy at: 2026-05-27 00:31:34 
[ 4 ] Computing compartments
[ 3 ] Computing compartments
[ 2 ] Finish process contact matrix and compute correlation score at: 2026-05-27 00:31:36 
[ 2 ] Begin compute compartment domains and their hierachy at: 2026-05-27 00:31:36 
[ 1 ] Finish process contact matrix and compute correlation score at: 2026-05-27 00:31:36 
[ 1 ] Begin compute compartment domains and their hierachy at: 2026-05-27 00:31:36 
[ 4 ] Finish process contact matrix and compute correlation score at: 2026-05-27 00:31:37 
[ 4 ] Begin compute compartment domains and their hierachy at: 2026-05-27 00:31:37 
[ 3 ] Finish process contact matrix and compute correlation score at: 2026-05-27 00:31:38 
[ 3 ] Begin compute compartment domains and their hierachy at: 2026-05-27 00:31:38 
[ 4 ] Correlation between PC1 and reference compartment is : 0.77196 
[ 3 ] Correlation between PC1 and reference compartment is : 0.75531 
[ 2 ] Computing compartments
[ 1 ] Computing compartments
[ 2 ] Finish process contact matrix and compute correlation score at: 2026-05-27 00:31:40 
[ 2 ] Begin compute compartment domains and their hierachy at: 2026-05-27 00:31:40 
[ 2 ] Correlation between PC1 and reference compartment is : 0.8384 
[ 1 ] Correlation between PC1 and reference compartment is : 0.79938 
[ 4 ] Computing compartments
[ 3 ] Computing compartments
[ 1 ] Finish process contact matrix and compute correlation score at: 2026-05-27 00:31:44 
[ 1 ] Begin compute compartment domains and their hierachy at: 2026-05-27 00:31:44 
[ 3 ] Finish compute compartment domains and their hierachy at:  2026-05-27 00:31:45 
[ 7 ] Begin process contact matrix and compute correlation score at: 2026-05-27 00:31:45 
[ 4 ] Finish compute compartment domains and their hierachy at:  2026-05-27 00:31:45 
[ 8 ] Begin process contact matrix and compute correlation score at: 2026-05-27 00:31:45 
[ 2 ] Computing compartments
[ 4 ] Correlation between PC1 and reference compartment is : 0.78466 
[ 2 ] Finish compute compartment domains and their hierachy at:  2026-05-27 00:31:50 
[ 6 ] Begin process contact matrix and compute correlation score at: 2026-05-27 00:31:50 
[ 3 ] Correlation between PC1 and reference compartment is : 0.75702 
[ 1 ] Finish compute compartment domains and their hierachy at:  2026-05-27 00:31:50 
[ 5 ] Begin process contact matrix and compute correlation score at: 2026-05-27 00:31:50 
[ 7 ] Finish process contact matrix and compute correlation score at: 2026-05-27 00:31:51 
[ 7 ] Begin compute compartment domains and their hierachy at: 2026-05-27 00:31:51 
[ 8 ] Finish process contact matrix and compute correlation score at: 2026-05-27 00:31:51 
[ 8 ] Begin compute compartment domains and their hierachy at: 2026-05-27 00:31:51 
[ 1 ] Computing compartments
[ 7 ] Computing compartments
[ 8 ] Computing compartments
[ 2 ] Correlation between PC1 and reference compartment is : 0.82856 
[ 8 ] Correlation between PC1 and reference compartment is : 0.78684 
[ 7 ] Correlation between PC1 and reference compartment is : 0.80469 
[ 5 ] Finish process contact matrix and compute correlation score at: 2026-05-27 00:31:57 
[ 5 ] Begin compute compartment domains and their hierachy at: 2026-05-27 00:31:57 
[ 8 ] Finish compute compartment domains and their hierachy at:  2026-05-27 00:31:57 
[ 12 ] Begin process contact matrix and compute correlation score at: 2026-05-27 00:31:57 
[ 6 ] Finish process contact matrix and compute correlation score at: 2026-05-27 00:31:58 
[ 6 ] Begin compute compartment domains and their hierachy at: 2026-05-27 00:31:58 
[ 5 ] Computing compartments
[ 6 ] Computing compartments
[ 5 ] Correlation between PC1 and reference compartment is : 0.72789 
[ 7 ] Finish compute compartment domains and their hierachy at:  2026-05-27 00:32:00 
[ 11 ] Begin process contact matrix and compute correlation score at: 2026-05-27 00:32:00 
[ 1 ] Correlation between PC1 and reference compartment is : 0.78555 
[ 4 ] Finish compute compartment domains and their hierachy at:  2026-05-27 00:32:02 
[ 6 ] Correlation between PC1 and reference compartment is : 0.78251 
[ 12 ] Finish process contact matrix and compute correlation score at: 2026-05-27 00:32:04 
[ 12 ] Begin compute compartment domains and their hierachy at: 2026-05-27 00:32:04 
[ 12 ] Computing compartments
[ 5 ] Finish compute compartment domains and their hierachy at:  2026-05-27 00:32:05 
[ 9 ] Begin process contact matrix and compute correlation score at: 2026-05-27 00:32:05 
[ 12 ] Correlation between PC1 and reference compartment is : 0.82078 
[ 3 ] Finish compute compartment domains and their hierachy at:  2026-05-27 00:32:06 
[ 11 ] Finish process contact matrix and compute correlation score at: 2026-05-27 00:32:06 
[ 11 ] Begin compute compartment domains and their hierachy at: 2026-05-27 00:32:06 
[ 6 ] Finish compute compartment domains and their hierachy at:  2026-05-27 00:32:07 
[ 10 ] Begin process contact matrix and compute correlation score at: 2026-05-27 00:32:07 
[ 11 ] Computing compartments
[ 11 ] Correlation between PC1 and reference compartment is : 0.79929 
[ 2 ] Finish compute compartment domains and their hierachy at:  2026-05-27 00:32:09 
[ 12 ] Finish compute compartment domains and their hierachy at:  2026-05-27 00:32:09 
[ 16 ] Begin process contact matrix and compute correlation score at: 2026-05-27 00:32:09 
[ 9 ] Finish process contact matrix and compute correlation score at: 2026-05-27 00:32:11 
[ 9 ] Begin compute compartment domains and their hierachy at: 2026-05-27 00:32:11 
[ 9 ] Computing compartments
[ 16 ] Finish process contact matrix and compute correlation score at: 2026-05-27 00:32:12 
[ 16 ] Begin compute compartment domains and their hierachy at: 2026-05-27 00:32:12 
[ 11 ] Finish compute compartment domains and their hierachy at:  2026-05-27 00:32:12 
[ 15 ] Begin process contact matrix and compute correlation score at: 2026-05-27 00:32:12 
[ 16 ] Computing compartments
[ 9 ] Correlation between PC1 and reference compartment is : 0.75996 
[ 10 ] Finish process contact matrix and compute correlation score at: 2026-05-27 00:32:13 
[ 10 ] Begin compute compartment domains and their hierachy at: 2026-05-27 00:32:13 
[ 8 ] Begin process contact matrix and compute correlation score at: 2026-05-27 00:32:13 
[ 16 ] Correlation between PC1 and reference compartment is : 0.72156 
[ 10 ] Computing compartments
[ 1 ] Finish compute compartment domains and their hierachy at:  2026-05-27 00:32:15 
[ 16 ] Finish compute compartment domains and their hierachy at:  2026-05-27 00:32:16 
[ 15 ] Finish process contact matrix and compute correlation score at: 2026-05-27 00:32:16 
[ 15 ] Begin compute compartment domains and their hierachy at: 2026-05-27 00:32:16 
[ 15 ] Computing compartments
[ 15 ] Correlation between PC1 and reference compartment is : 0.70096 
[ 9 ] Finish compute compartment domains and their hierachy at:  2026-05-27 00:32:17 
[ 13 ] Begin process contact matrix and compute correlation score at: 2026-05-27 00:32:17 
[ 10 ] Correlation between PC1 and reference compartment is : 0.73758 
[ 7 ] Begin process contact matrix and compute correlation score at: 2026-05-27 00:32:19 
[ 15 ] Finish compute compartment domains and their hierachy at:  2026-05-27 00:32:19 
[ 19 ] Begin process contact matrix and compute correlation score at: 2026-05-27 00:32:19 
[ 10 ] Finish compute compartment domains and their hierachy at:  2026-05-27 00:32:22 
[ 14 ] Begin process contact matrix and compute correlation score at: 2026-05-27 00:32:22 
[ 19 ] Finish process contact matrix and compute correlation score at: 2026-05-27 00:32:22 
[ 19 ] Begin compute compartment domains and their hierachy at: 2026-05-27 00:32:22 
[ 19 ] Computing compartments
[ 13 ] Finish process contact matrix and compute correlation score at: 2026-05-27 00:32:23 
[ 13 ] Begin compute compartment domains and their hierachy at: 2026-05-27 00:32:23 
[ 8 ] Finish process contact matrix and compute correlation score at: 2026-05-27 00:32:23 
[ 8 ] Begin compute compartment domains and their hierachy at: 2026-05-27 00:32:23 
[ 19 ] Correlation between PC1 and reference compartment is : 0.84068 
[ 13 ] Computing compartments
[ 13 ] Correlation between PC1 and reference compartment is : 0.66843 
[ 19 ] Finish compute compartment domains and their hierachy at:  2026-05-27 00:32:25 
[ 6 ] Begin process contact matrix and compute correlation score at: 2026-05-27 00:32:26 
[ 14 ] Finish process contact matrix and compute correlation score at: 2026-05-27 00:32:26 
[ 14 ] Begin compute compartment domains and their hierachy at: 2026-05-27 00:32:26 
[ 7 ] Finish process contact matrix and compute correlation score at: 2026-05-27 00:32:26 
[ 7 ] Begin compute compartment domains and their hierachy at: 2026-05-27 00:32:26 
[ 14 ] Computing compartments
[ 14 ] Correlation between PC1 and reference compartment is : 0.74523 
[ 8 ] Computing compartments
[ 13 ] Finish compute compartment domains and their hierachy at:  2026-05-27 00:32:27 
[ 17 ] Begin process contact matrix and compute correlation score at: 2026-05-27 00:32:27 
[ 14 ] Finish compute compartment domains and their hierachy at:  2026-05-27 00:32:29 
[ 18 ] Begin process contact matrix and compute correlation score at: 2026-05-27 00:32:29 
[ 7 ] Computing compartments
[ 17 ] Finish process contact matrix and compute correlation score at: 2026-05-27 00:32:29 
[ 17 ] Begin compute compartment domains and their hierachy at: 2026-05-27 00:32:29 
[ 17 ] Computing compartments
[ 18 ] Finish process contact matrix and compute correlation score at: 2026-05-27 00:32:31 
[ 18 ] Begin compute compartment domains and their hierachy at: 2026-05-27 00:32:31 
[ 17 ] Correlation between PC1 and reference compartment is : 0.7962 
[ 8 ] Correlation between PC1 and reference compartment is : 0.79144 
[ 18 ] Computing compartments
[ 18 ] Correlation between PC1 and reference compartment is : 0.77926 
[ 7 ] Correlation between PC1 and reference compartment is : 0.826 
[ 6 ] Finish process contact matrix and compute correlation score at: 2026-05-27 00:32:34 
[ 6 ] Begin compute compartment domains and their hierachy at: 2026-05-27 00:32:34 
[ 17 ] Finish compute compartment domains and their hierachy at:  2026-05-27 00:32:34 
[ 18 ] Finish compute compartment domains and their hierachy at:  2026-05-27 00:32:34 
[ 5 ] Begin process contact matrix and compute correlation score at: 2026-05-27 00:32:34 
[ 6 ] Computing compartments
[ 8 ] Finish compute compartment domains and their hierachy at:  2026-05-27 00:32:38 
[ 7 ] Finish compute compartment domains and their hierachy at:  2026-05-27 00:32:39 
[ 5 ] Finish process contact matrix and compute correlation score at: 2026-05-27 00:32:39 
[ 5 ] Begin compute compartment domains and their hierachy at: 2026-05-27 00:32:39 
[ 6 ] Correlation between PC1 and reference compartment is : 0.79069 
[ 5 ] Computing compartments
[ 12 ] Begin process contact matrix and compute correlation score at: 2026-05-27 00:32:45 
[ 11 ] Begin process contact matrix and compute correlation score at: 2026-05-27 00:32:46 
[ 5 ] Correlation between PC1 and reference compartment is : 0.74158 
[ 6 ] Finish compute compartment domains and their hierachy at:  2026-05-27 00:32:48 
[ 12 ] Finish process contact matrix and compute correlation score at: 2026-05-27 00:32:50 
[ 12 ] Begin compute compartment domains and their hierachy at: 2026-05-27 00:32:50 
[ 11 ] Finish process contact matrix and compute correlation score at: 2026-05-27 00:32:50 
[ 11 ] Begin compute compartment domains and their hierachy at: 2026-05-27 00:32:50 
[ 12 ] Computing compartments
[ 11 ] Computing compartments
[ 5 ] Finish compute compartment domains and their hierachy at:  2026-05-27 00:32:53 
[ 12 ] Correlation between PC1 and reference compartment is : 0.8252 
[ 11 ] Correlation between PC1 and reference compartment is : 0.81985 
[ 10 ] Begin process contact matrix and compute correlation score at: 2026-05-27 00:32:57 
[ 12 ] Finish compute compartment domains and their hierachy at:  2026-05-27 00:32:59 
[ 11 ] Finish compute compartment domains and their hierachy at:  2026-05-27 00:33:00 
[ 9 ] Begin process contact matrix and compute correlation score at: 2026-05-27 00:33:02 
[ 10 ] Finish process contact matrix and compute correlation score at: 2026-05-27 00:33:03 
[ 10 ] Begin compute compartment domains and their hierachy at: 2026-05-27 00:33:03 
[ 16 ] Begin process contact matrix and compute correlation score at: 2026-05-27 00:33:04 
[ 10 ] Computing compartments
[ 15 ] Begin process contact matrix and compute correlation score at: 2026-05-27 00:33:06 
[ 9 ] Finish process contact matrix and compute correlation score at: 2026-05-27 00:33:07 
[ 9 ] Begin compute compartment domains and their hierachy at: 2026-05-27 00:33:07 
[ 16 ] Finish process contact matrix and compute correlation score at: 2026-05-27 00:33:08 
[ 16 ] Begin compute compartment domains and their hierachy at: 2026-05-27 00:33:08 
[ 16 ] Computing compartments
[ 9 ] Computing compartments
[ 15 ] Finish process contact matrix and compute correlation score at: 2026-05-27 00:33:10 
[ 15 ] Begin compute compartment domains and their hierachy at: 2026-05-27 00:33:10 
[ 10 ] Correlation between PC1 and reference compartment is : 0.71862 
[ 16 ] Correlation between PC1 and reference compartment is : 0.73978 
[ 15 ] Computing compartments
[ 9 ] Correlation between PC1 and reference compartment is : 0.77698 
[ 15 ] Correlation between PC1 and reference compartment is : 0.7123 
[ 16 ] Finish compute compartment domains and their hierachy at:  2026-05-27 00:33:16 
[ 10 ] Finish compute compartment domains and their hierachy at:  2026-05-27 00:33:16 
[ 15 ] Finish compute compartment domains and their hierachy at:  2026-05-27 00:33:18 
[ 9 ] Finish compute compartment domains and their hierachy at:  2026-05-27 00:33:19 
[ 19 ] Begin process contact matrix and compute correlation score at: 2026-05-27 00:33:22 
[ 14 ] Begin process contact matrix and compute correlation score at: 2026-05-27 00:33:23 
[ 19 ] Finish process contact matrix and compute correlation score at: 2026-05-27 00:33:24 
[ 19 ] Begin compute compartment domains and their hierachy at: 2026-05-27 00:33:24 
[ 19 ] Computing compartments
[ 13 ] Begin process contact matrix and compute correlation score at: 2026-05-27 00:33:25 
[ 19 ] Correlation between PC1 and reference compartment is : 0.84603 
[ 14 ] Finish process contact matrix and compute correlation score at: 2026-05-27 00:33:27 
[ 14 ] Begin compute compartment domains and their hierachy at: 2026-05-27 00:33:27 
[ 19 ] Finish compute compartment domains and their hierachy at:  2026-05-27 00:33:27 
[ 13 ] Finish process contact matrix and compute correlation score at: 2026-05-27 00:33:28 
[ 13 ] Begin compute compartment domains and their hierachy at: 2026-05-27 00:33:28 
[ 14 ] Computing compartments
[ 13 ] Computing compartments
[ 14 ] Correlation between PC1 and reference compartment is : 0.75137 
[ 13 ] Correlation between PC1 and reference compartment is : 0.68619 
[ 14 ] Finish compute compartment domains and their hierachy at:  2026-05-27 00:33:36 
[ 13 ] Finish compute compartment domains and their hierachy at:  2026-05-27 00:33:36 
[ 18 ] Begin process contact matrix and compute correlation score at: 2026-05-27 00:33:41 
[ 17 ] Begin process contact matrix and compute correlation score at: 2026-05-27 00:33:42 
[ 18 ] Finish process contact matrix and compute correlation score at: 2026-05-27 00:33:44 
[ 18 ] Begin compute compartment domains and their hierachy at: 2026-05-27 00:33:44 
[ 17 ] Finish process contact matrix and compute correlation score at: 2026-05-27 00:33:44 
[ 17 ] Begin compute compartment domains and their hierachy at: 2026-05-27 00:33:44 
[ 18 ] Computing compartments
[ 17 ] Computing compartments
[ 17 ] Correlation between PC1 and reference compartment is : 0.81132 
[ 18 ] Correlation between PC1 and reference compartment is : 0.78369 
[ 17 ] Finish compute compartment domains and their hierachy at:  2026-05-27 00:33:51 
[ 18 ] Finish compute compartment domains and their hierachy at:  2026-05-27 00:33:52 

Copied 5 result files to repo: /expanse/lustre/projects/csd940/zalibhai/mariner_hi-c/ML/cmpts/outputs/calder2/250831/mut_merged/sub_compartments

--- Summary Statistics ---
Total rows:         237045
Chromosomes found:  19 / 19

Depth-2 label distribution:
  A.1    75865 bins  ( 32.0%)
  A.2    44865 bins  ( 18.9%)
  B.1    36785 bins  ( 15.5%)
  B.2    79530 bins  ( 33.6%)

Reference correlations (cor_with_ref.txt):
  Median cor: 0.785
  Min cor:    0.686 (chr chr13)

===========================================
A1 COMPLETE: 250831 / mut_merged
Finished:    Wed May 27 00:33:57 2026
===========================================

End: Wed May 27 00:33:57 PDT 2026
===========================================
