===========================================
A2: Differential Subcompartment Analysis
===========================================
Job ID:     49822345
Node:       exp-3-17
CPUs:       4
Timepoint:  250831
Start:      Wed May 27 08:29:57 PDT 2026
Code dir:   /expanse/lustre/projects/csd940/zalibhai/mariner_hi-c/ML/cmpts
===========================================
trying URL 'https://cloud.r-project.org/src/contrib/ggalluvial_0.12.6.tar.gz'
Content type 'application/x-gzip' length 2883375 bytes (2.7 MB)
==================================================
downloaded 2.7 MB

ERROR: failed to lock directory ‘/home/zalibhai/miniforge3/envs/calder2_env/lib/R/library’ for modifying
Try removing ‘/home/zalibhai/miniforge3/envs/calder2_env/lib/R/library/00LOCK-ggalluvial’

The downloaded source packages are in
	‘/scratch/zalibhai/job_49822345/RtmpPpH33f/downloaded_packages’
Updating HTML index of packages in '.Library'
Making 'packages.html' ... done
Warning message:
In install.packages("ggalluvial", repos = "https://cloud.r-project.org") :
  installation of package ‘ggalluvial’ had non-zero exit status
also installing the dependencies ‘systemfonts’, ‘textshaping’

trying URL 'https://cloud.r-project.org/src/contrib/systemfonts_1.3.2.tar.gz'
Content type 'application/x-gzip' length 594775 bytes (580 KB)
==================================================
downloaded 580 KB

trying URL 'https://cloud.r-project.org/src/contrib/textshaping_1.0.5.tar.gz'
Content type 'application/x-gzip' length 77066 bytes (75 KB)
==================================================
downloaded 75 KB

trying URL 'https://cloud.r-project.org/src/contrib/svglite_2.2.2.tar.gz'
Content type 'application/x-gzip' length 125651 bytes (122 KB)
==================================================
downloaded 122 KB

* installing *source* package ‘systemfonts’ ...
** package ‘systemfonts’ successfully unpacked and MD5 sums checked
** using staged installation
Found pkg-config cflags and libs!
Using PKG_CFLAGS=-I/usr/include/freetype2 -I/usr/include/libpng16 -I/usr/include/uuid 
Using PKG_LIBS=-lfontconfig -lfreetype 
** libs
rm -f systemfonts.so caches.o cpp11.o dev_metrics.o font_matching.o font_local.o font_variation.o font_registry.o ft_cache.o string_shape.o font_metrics.o font_outlines.o font_fallback.o string_metrics.o emoji.o cache_store.o init.o unix/FontManagerLinux.o
x86_64-conda-linux-gnu-c++ -std=gnu++14 -I"/home/zalibhai/miniforge3/envs/calder2_env/lib/R/include" -DNDEBUG -I/usr/include/freetype2 -I/usr/include/libpng16 -I/usr/include/uuid  -I'/home/zalibhai/miniforge3/envs/calder2_env/lib/R/library/cpp11/include' -DNDEBUG -D_FORTIFY_SOURCE=2 -O2 -isystem /home/zalibhai/miniforge3/envs/calder2_env/include -I/home/zalibhai/miniforge3/envs/calder2_env/include -Wl,-rpath-link,/home/zalibhai/miniforge3/envs/calder2_env/lib   -fpic  -fvisibility-inlines-hidden -fmessage-length=0 -march=nocona -mtune=haswell -ftree-vectorize -fPIC -fstack-protector-strong -fno-plt -O2 -ffunction-sections -pipe -isystem /home/zalibhai/miniforge3/envs/calder2_env/include -fdebug-prefix-map=/home/conda/feedstock_root/build_artifacts/r-base-split_1746101582396/work=/usr/local/src/conda/r-base-4.2.3 -fdebug-prefix-map=/home/zalibhai/miniforge3/envs/calder2_env=/usr/local/src/conda-prefix  -c caches.cpp -o caches.o
x86_64-conda-linux-gnu-c++ -std=gnu++14 -I"/home/zalibhai/miniforge3/envs/calder2_env/lib/R/include" -DNDEBUG -I/usr/include/freetype2 -I/usr/include/libpng16 -I/usr/include/uuid  -I'/home/zalibhai/miniforge3/envs/calder2_env/lib/R/library/cpp11/include' -DNDEBUG -D_FORTIFY_SOURCE=2 -O2 -isystem /home/zalibhai/miniforge3/envs/calder2_env/include -I/home/zalibhai/miniforge3/envs/calder2_env/include -Wl,-rpath-link,/home/zalibhai/miniforge3/envs/calder2_env/lib   -fpic  -fvisibility-inlines-hidden -fmessage-length=0 -march=nocona -mtune=haswell -ftree-vectorize -fPIC -fstack-protector-strong -fno-plt -O2 -ffunction-sections -pipe -isystem /home/zalibhai/miniforge3/envs/calder2_env/include -fdebug-prefix-map=/home/conda/feedstock_root/build_artifacts/r-base-split_1746101582396/work=/usr/local/src/conda/r-base-4.2.3 -fdebug-prefix-map=/home/zalibhai/miniforge3/envs/calder2_env=/usr/local/src/conda-prefix  -c cpp11.cpp -o cpp11.o
x86_64-conda-linux-gnu-c++ -std=gnu++14 -I"/home/zalibhai/miniforge3/envs/calder2_env/lib/R/include" -DNDEBUG -I/usr/include/freetype2 -I/usr/include/libpng16 -I/usr/include/uuid  -I'/home/zalibhai/miniforge3/envs/calder2_env/lib/R/library/cpp11/include' -DNDEBUG -D_FORTIFY_SOURCE=2 -O2 -isystem /home/zalibhai/miniforge3/envs/calder2_env/include -I/home/zalibhai/miniforge3/envs/calder2_env/include -Wl,-rpath-link,/home/zalibhai/miniforge3/envs/calder2_env/lib   -fpic  -fvisibility-inlines-hidden -fmessage-length=0 -march=nocona -mtune=haswell -ftree-vectorize -fPIC -fstack-protector-strong -fno-plt -O2 -ffunction-sections -pipe -isystem /home/zalibhai/miniforge3/envs/calder2_env/include -fdebug-prefix-map=/home/conda/feedstock_root/build_artifacts/r-base-split_1746101582396/work=/usr/local/src/conda/r-base-4.2.3 -fdebug-prefix-map=/home/zalibhai/miniforge3/envs/calder2_env=/usr/local/src/conda-prefix  -c dev_metrics.cpp -o dev_metrics.o
x86_64-conda-linux-gnu-c++ -std=gnu++14 -I"/home/zalibhai/miniforge3/envs/calder2_env/lib/R/include" -DNDEBUG -I/usr/include/freetype2 -I/usr/include/libpng16 -I/usr/include/uuid  -I'/home/zalibhai/miniforge3/envs/calder2_env/lib/R/library/cpp11/include' -DNDEBUG -D_FORTIFY_SOURCE=2 -O2 -isystem /home/zalibhai/miniforge3/envs/calder2_env/include -I/home/zalibhai/miniforge3/envs/calder2_env/include -Wl,-rpath-link,/home/zalibhai/miniforge3/envs/calder2_env/lib   -fpic  -fvisibility-inlines-hidden -fmessage-length=0 -march=nocona -mtune=haswell -ftree-vectorize -fPIC -fstack-protector-strong -fno-plt -O2 -ffunction-sections -pipe -isystem /home/zalibhai/miniforge3/envs/calder2_env/include -fdebug-prefix-map=/home/conda/feedstock_root/build_artifacts/r-base-split_1746101582396/work=/usr/local/src/conda/r-base-4.2.3 -fdebug-prefix-map=/home/zalibhai/miniforge3/envs/calder2_env=/usr/local/src/conda-prefix  -c font_matching.cpp -o font_matching.o
x86_64-conda-linux-gnu-c++ -std=gnu++14 -I"/home/zalibhai/miniforge3/envs/calder2_env/lib/R/include" -DNDEBUG -I/usr/include/freetype2 -I/usr/include/libpng16 -I/usr/include/uuid  -I'/home/zalibhai/miniforge3/envs/calder2_env/lib/R/library/cpp11/include' -DNDEBUG -D_FORTIFY_SOURCE=2 -O2 -isystem /home/zalibhai/miniforge3/envs/calder2_env/include -I/home/zalibhai/miniforge3/envs/calder2_env/include -Wl,-rpath-link,/home/zalibhai/miniforge3/envs/calder2_env/lib   -fpic  -fvisibility-inlines-hidden -fmessage-length=0 -march=nocona -mtune=haswell -ftree-vectorize -fPIC -fstack-protector-strong -fno-plt -O2 -ffunction-sections -pipe -isystem /home/zalibhai/miniforge3/envs/calder2_env/include -fdebug-prefix-map=/home/conda/feedstock_root/build_artifacts/r-base-split_1746101582396/work=/usr/local/src/conda/r-base-4.2.3 -fdebug-prefix-map=/home/zalibhai/miniforge3/envs/calder2_env=/usr/local/src/conda-prefix  -c font_local.cpp -o font_local.o
x86_64-conda-linux-gnu-c++ -std=gnu++14 -I"/home/zalibhai/miniforge3/envs/calder2_env/lib/R/include" -DNDEBUG -I/usr/include/freetype2 -I/usr/include/libpng16 -I/usr/include/uuid  -I'/home/zalibhai/miniforge3/envs/calder2_env/lib/R/library/cpp11/include' -DNDEBUG -D_FORTIFY_SOURCE=2 -O2 -isystem /home/zalibhai/miniforge3/envs/calder2_env/include -I/home/zalibhai/miniforge3/envs/calder2_env/include -Wl,-rpath-link,/home/zalibhai/miniforge3/envs/calder2_env/lib   -fpic  -fvisibility-inlines-hidden -fmessage-length=0 -march=nocona -mtune=haswell -ftree-vectorize -fPIC -fstack-protector-strong -fno-plt -O2 -ffunction-sections -pipe -isystem /home/zalibhai/miniforge3/envs/calder2_env/include -fdebug-prefix-map=/home/conda/feedstock_root/build_artifacts/r-base-split_1746101582396/work=/usr/local/src/conda/r-base-4.2.3 -fdebug-prefix-map=/home/zalibhai/miniforge3/envs/calder2_env=/usr/local/src/conda-prefix  -c font_variation.cpp -o font_variation.o
x86_64-conda-linux-gnu-c++ -std=gnu++14 -I"/home/zalibhai/miniforge3/envs/calder2_env/lib/R/include" -DNDEBUG -I/usr/include/freetype2 -I/usr/include/libpng16 -I/usr/include/uuid  -I'/home/zalibhai/miniforge3/envs/calder2_env/lib/R/library/cpp11/include' -DNDEBUG -D_FORTIFY_SOURCE=2 -O2 -isystem /home/zalibhai/miniforge3/envs/calder2_env/include -I/home/zalibhai/miniforge3/envs/calder2_env/include -Wl,-rpath-link,/home/zalibhai/miniforge3/envs/calder2_env/lib   -fpic  -fvisibility-inlines-hidden -fmessage-length=0 -march=nocona -mtune=haswell -ftree-vectorize -fPIC -fstack-protector-strong -fno-plt -O2 -ffunction-sections -pipe -isystem /home/zalibhai/miniforge3/envs/calder2_env/include -fdebug-prefix-map=/home/conda/feedstock_root/build_artifacts/r-base-split_1746101582396/work=/usr/local/src/conda/r-base-4.2.3 -fdebug-prefix-map=/home/zalibhai/miniforge3/envs/calder2_env=/usr/local/src/conda-prefix  -c font_registry.cpp -o font_registry.o
x86_64-conda-linux-gnu-c++ -std=gnu++14 -I"/home/zalibhai/miniforge3/envs/calder2_env/lib/R/include" -DNDEBUG -I/usr/include/freetype2 -I/usr/include/libpng16 -I/usr/include/uuid  -I'/home/zalibhai/miniforge3/envs/calder2_env/lib/R/library/cpp11/include' -DNDEBUG -D_FORTIFY_SOURCE=2 -O2 -isystem /home/zalibhai/miniforge3/envs/calder2_env/include -I/home/zalibhai/miniforge3/envs/calder2_env/include -Wl,-rpath-link,/home/zalibhai/miniforge3/envs/calder2_env/lib   -fpic  -fvisibility-inlines-hidden -fmessage-length=0 -march=nocona -mtune=haswell -ftree-vectorize -fPIC -fstack-protector-strong -fno-plt -O2 -ffunction-sections -pipe -isystem /home/zalibhai/miniforge3/envs/calder2_env/include -fdebug-prefix-map=/home/conda/feedstock_root/build_artifacts/r-base-split_1746101582396/work=/usr/local/src/conda/r-base-4.2.3 -fdebug-prefix-map=/home/zalibhai/miniforge3/envs/calder2_env=/usr/local/src/conda-prefix  -c ft_cache.cpp -o ft_cache.o
x86_64-conda-linux-gnu-c++ -std=gnu++14 -I"/home/zalibhai/miniforge3/envs/calder2_env/lib/R/include" -DNDEBUG -I/usr/include/freetype2 -I/usr/include/libpng16 -I/usr/include/uuid  -I'/home/zalibhai/miniforge3/envs/calder2_env/lib/R/library/cpp11/include' -DNDEBUG -D_FORTIFY_SOURCE=2 -O2 -isystem /home/zalibhai/miniforge3/envs/calder2_env/include -I/home/zalibhai/miniforge3/envs/calder2_env/include -Wl,-rpath-link,/home/zalibhai/miniforge3/envs/calder2_env/lib   -fpic  -fvisibility-inlines-hidden -fmessage-length=0 -march=nocona -mtune=haswell -ftree-vectorize -fPIC -fstack-protector-strong -fno-plt -O2 -ffunction-sections -pipe -isystem /home/zalibhai/miniforge3/envs/calder2_env/include -fdebug-prefix-map=/home/conda/feedstock_root/build_artifacts/r-base-split_1746101582396/work=/usr/local/src/conda/r-base-4.2.3 -fdebug-prefix-map=/home/zalibhai/miniforge3/envs/calder2_env=/usr/local/src/conda-prefix  -c string_shape.cpp -o string_shape.o
x86_64-conda-linux-gnu-c++ -std=gnu++14 -I"/home/zalibhai/miniforge3/envs/calder2_env/lib/R/include" -DNDEBUG -I/usr/include/freetype2 -I/usr/include/libpng16 -I/usr/include/uuid  -I'/home/zalibhai/miniforge3/envs/calder2_env/lib/R/library/cpp11/include' -DNDEBUG -D_FORTIFY_SOURCE=2 -O2 -isystem /home/zalibhai/miniforge3/envs/calder2_env/include -I/home/zalibhai/miniforge3/envs/calder2_env/include -Wl,-rpath-link,/home/zalibhai/miniforge3/envs/calder2_env/lib   -fpic  -fvisibility-inlines-hidden -fmessage-length=0 -march=nocona -mtune=haswell -ftree-vectorize -fPIC -fstack-protector-strong -fno-plt -O2 -ffunction-sections -pipe -isystem /home/zalibhai/miniforge3/envs/calder2_env/include -fdebug-prefix-map=/home/conda/feedstock_root/build_artifacts/r-base-split_1746101582396/work=/usr/local/src/conda/r-base-4.2.3 -fdebug-prefix-map=/home/zalibhai/miniforge3/envs/calder2_env=/usr/local/src/conda-prefix  -c font_metrics.cpp -o font_metrics.o
x86_64-conda-linux-gnu-c++ -std=gnu++14 -I"/home/zalibhai/miniforge3/envs/calder2_env/lib/R/include" -DNDEBUG -I/usr/include/freetype2 -I/usr/include/libpng16 -I/usr/include/uuid  -I'/home/zalibhai/miniforge3/envs/calder2_env/lib/R/library/cpp11/include' -DNDEBUG -D_FORTIFY_SOURCE=2 -O2 -isystem /home/zalibhai/miniforge3/envs/calder2_env/include -I/home/zalibhai/miniforge3/envs/calder2_env/include -Wl,-rpath-link,/home/zalibhai/miniforge3/envs/calder2_env/lib   -fpic  -fvisibility-inlines-hidden -fmessage-length=0 -march=nocona -mtune=haswell -ftree-vectorize -fPIC -fstack-protector-strong -fno-plt -O2 -ffunction-sections -pipe -isystem /home/zalibhai/miniforge3/envs/calder2_env/include -fdebug-prefix-map=/home/conda/feedstock_root/build_artifacts/r-base-split_1746101582396/work=/usr/local/src/conda/r-base-4.2.3 -fdebug-prefix-map=/home/zalibhai/miniforge3/envs/calder2_env=/usr/local/src/conda-prefix  -c font_outlines.cpp -o font_outlines.o
x86_64-conda-linux-gnu-c++ -std=gnu++14 -I"/home/zalibhai/miniforge3/envs/calder2_env/lib/R/include" -DNDEBUG -I/usr/include/freetype2 -I/usr/include/libpng16 -I/usr/include/uuid  -I'/home/zalibhai/miniforge3/envs/calder2_env/lib/R/library/cpp11/include' -DNDEBUG -D_FORTIFY_SOURCE=2 -O2 -isystem /home/zalibhai/miniforge3/envs/calder2_env/include -I/home/zalibhai/miniforge3/envs/calder2_env/include -Wl,-rpath-link,/home/zalibhai/miniforge3/envs/calder2_env/lib   -fpic  -fvisibility-inlines-hidden -fmessage-length=0 -march=nocona -mtune=haswell -ftree-vectorize -fPIC -fstack-protector-strong -fno-plt -O2 -ffunction-sections -pipe -isystem /home/zalibhai/miniforge3/envs/calder2_env/include -fdebug-prefix-map=/home/conda/feedstock_root/build_artifacts/r-base-split_1746101582396/work=/usr/local/src/conda/r-base-4.2.3 -fdebug-prefix-map=/home/zalibhai/miniforge3/envs/calder2_env=/usr/local/src/conda-prefix  -c font_fallback.cpp -o font_fallback.o
x86_64-conda-linux-gnu-c++ -std=gnu++14 -I"/home/zalibhai/miniforge3/envs/calder2_env/lib/R/include" -DNDEBUG -I/usr/include/freetype2 -I/usr/include/libpng16 -I/usr/include/uuid  -I'/home/zalibhai/miniforge3/envs/calder2_env/lib/R/library/cpp11/include' -DNDEBUG -D_FORTIFY_SOURCE=2 -O2 -isystem /home/zalibhai/miniforge3/envs/calder2_env/include -I/home/zalibhai/miniforge3/envs/calder2_env/include -Wl,-rpath-link,/home/zalibhai/miniforge3/envs/calder2_env/lib   -fpic  -fvisibility-inlines-hidden -fmessage-length=0 -march=nocona -mtune=haswell -ftree-vectorize -fPIC -fstack-protector-strong -fno-plt -O2 -ffunction-sections -pipe -isystem /home/zalibhai/miniforge3/envs/calder2_env/include -fdebug-prefix-map=/home/conda/feedstock_root/build_artifacts/r-base-split_1746101582396/work=/usr/local/src/conda/r-base-4.2.3 -fdebug-prefix-map=/home/zalibhai/miniforge3/envs/calder2_env=/usr/local/src/conda-prefix  -c string_metrics.cpp -o string_metrics.o
x86_64-conda-linux-gnu-c++ -std=gnu++14 -I"/home/zalibhai/miniforge3/envs/calder2_env/lib/R/include" -DNDEBUG -I/usr/include/freetype2 -I/usr/include/libpng16 -I/usr/include/uuid  -I'/home/zalibhai/miniforge3/envs/calder2_env/lib/R/library/cpp11/include' -DNDEBUG -D_FORTIFY_SOURCE=2 -O2 -isystem /home/zalibhai/miniforge3/envs/calder2_env/include -I/home/zalibhai/miniforge3/envs/calder2_env/include -Wl,-rpath-link,/home/zalibhai/miniforge3/envs/calder2_env/lib   -fpic  -fvisibility-inlines-hidden -fmessage-length=0 -march=nocona -mtune=haswell -ftree-vectorize -fPIC -fstack-protector-strong -fno-plt -O2 -ffunction-sections -pipe -isystem /home/zalibhai/miniforge3/envs/calder2_env/include -fdebug-prefix-map=/home/conda/feedstock_root/build_artifacts/r-base-split_1746101582396/work=/usr/local/src/conda/r-base-4.2.3 -fdebug-prefix-map=/home/zalibhai/miniforge3/envs/calder2_env=/usr/local/src/conda-prefix  -c emoji.cpp -o emoji.o
x86_64-conda-linux-gnu-c++ -std=gnu++14 -I"/home/zalibhai/miniforge3/envs/calder2_env/lib/R/include" -DNDEBUG -I/usr/include/freetype2 -I/usr/include/libpng16 -I/usr/include/uuid  -I'/home/zalibhai/miniforge3/envs/calder2_env/lib/R/library/cpp11/include' -DNDEBUG -D_FORTIFY_SOURCE=2 -O2 -isystem /home/zalibhai/miniforge3/envs/calder2_env/include -I/home/zalibhai/miniforge3/envs/calder2_env/include -Wl,-rpath-link,/home/zalibhai/miniforge3/envs/calder2_env/lib   -fpic  -fvisibility-inlines-hidden -fmessage-length=0 -march=nocona -mtune=haswell -ftree-vectorize -fPIC -fstack-protector-strong -fno-plt -O2 -ffunction-sections -pipe -isystem /home/zalibhai/miniforge3/envs/calder2_env/include -fdebug-prefix-map=/home/conda/feedstock_root/build_artifacts/r-base-split_1746101582396/work=/usr/local/src/conda/r-base-4.2.3 -fdebug-prefix-map=/home/zalibhai/miniforge3/envs/calder2_env=/usr/local/src/conda-prefix  -c cache_store.cpp -o cache_store.o
x86_64-conda-linux-gnu-c++ -std=gnu++14 -I"/home/zalibhai/miniforge3/envs/calder2_env/lib/R/include" -DNDEBUG -I/usr/include/freetype2 -I/usr/include/libpng16 -I/usr/include/uuid  -I'/home/zalibhai/miniforge3/envs/calder2_env/lib/R/library/cpp11/include' -DNDEBUG -D_FORTIFY_SOURCE=2 -O2 -isystem /home/zalibhai/miniforge3/envs/calder2_env/include -I/home/zalibhai/miniforge3/envs/calder2_env/include -Wl,-rpath-link,/home/zalibhai/miniforge3/envs/calder2_env/lib   -fpic  -fvisibility-inlines-hidden -fmessage-length=0 -march=nocona -mtune=haswell -ftree-vectorize -fPIC -fstack-protector-strong -fno-plt -O2 -ffunction-sections -pipe -isystem /home/zalibhai/miniforge3/envs/calder2_env/include -fdebug-prefix-map=/home/conda/feedstock_root/build_artifacts/r-base-split_1746101582396/work=/usr/local/src/conda/r-base-4.2.3 -fdebug-prefix-map=/home/zalibhai/miniforge3/envs/calder2_env=/usr/local/src/conda-prefix  -c init.cpp -o init.o
x86_64-conda-linux-gnu-c++ -std=gnu++14 -I"/home/zalibhai/miniforge3/envs/calder2_env/lib/R/include" -DNDEBUG -I/usr/include/freetype2 -I/usr/include/libpng16 -I/usr/include/uuid  -I'/home/zalibhai/miniforge3/envs/calder2_env/lib/R/library/cpp11/include' -DNDEBUG -D_FORTIFY_SOURCE=2 -O2 -isystem /home/zalibhai/miniforge3/envs/calder2_env/include -I/home/zalibhai/miniforge3/envs/calder2_env/include -Wl,-rpath-link,/home/zalibhai/miniforge3/envs/calder2_env/lib   -fpic  -fvisibility-inlines-hidden -fmessage-length=0 -march=nocona -mtune=haswell -ftree-vectorize -fPIC -fstack-protector-strong -fno-plt -O2 -ffunction-sections -pipe -isystem /home/zalibhai/miniforge3/envs/calder2_env/include -fdebug-prefix-map=/home/conda/feedstock_root/build_artifacts/r-base-split_1746101582396/work=/usr/local/src/conda/r-base-4.2.3 -fdebug-prefix-map=/home/zalibhai/miniforge3/envs/calder2_env=/usr/local/src/conda-prefix  -c unix/FontManagerLinux.cpp -o unix/FontManagerLinux.o
x86_64-conda-linux-gnu-c++ -std=gnu++14 -shared -L/home/zalibhai/miniforge3/envs/calder2_env/lib/R/lib -Wl,-O2 -Wl,--sort-common -Wl,--as-needed -Wl,-z,relro -Wl,-z,now -Wl,--disable-new-dtags -Wl,--gc-sections -Wl,--allow-shlib-undefined -Wl,-rpath,/home/zalibhai/miniforge3/envs/calder2_env/lib -Wl,-rpath-link,/home/zalibhai/miniforge3/envs/calder2_env/lib -L/home/zalibhai/miniforge3/envs/calder2_env/lib -o systemfonts.so caches.o cpp11.o dev_metrics.o font_matching.o font_local.o font_variation.o font_registry.o ft_cache.o string_shape.o font_metrics.o font_outlines.o font_fallback.o string_metrics.o emoji.o cache_store.o init.o unix/FontManagerLinux.o -lfontconfig -lfreetype -L/home/zalibhai/miniforge3/envs/calder2_env/lib/R/lib -lR
installing to /home/zalibhai/miniforge3/envs/calder2_env/lib/R/library/00LOCK-systemfonts/00new/systemfonts/libs
** R
** inst
** byte-compile and prepare package for lazy loading
** help
*** installing help indices
*** copying figures
** building package indices
** installing vignettes
** testing if installed package can be loaded from temporary location
** checking absolute paths in shared objects and dynamic libraries
** testing if installed package can be loaded from final location
** testing if installed package keeps a record of temporary installation path
* DONE (systemfonts)
* installing *source* package ‘textshaping’ ...
** package ‘textshaping’ successfully unpacked and MD5 sums checked
** using staged installation
Found pkg-config cflags and libs!
Using PKG_CFLAGS=-I/usr/include/harfbuzz -I/usr/include/glib-2.0 -I/usr/lib64/glib-2.0/include -I/usr/include/freetype2 -I/usr/include/libpng16 -I/usr/include/fribidi 
Using PKG_LIBS=-lharfbuzz -lfreetype -lfribidi 
** libs
rm -f textshaping.so cpp11.o face_feature.o hb_shaper.o init.o string_bidi.o string_metrics.o string_shape.o
x86_64-conda-linux-gnu-c++ -std=gnu++14 -I"/home/zalibhai/miniforge3/envs/calder2_env/lib/R/include" -DNDEBUG -DNDEBUG -I/usr/include/harfbuzz -I/usr/include/glib-2.0 -I/usr/lib64/glib-2.0/include -I/usr/include/freetype2 -I/usr/include/libpng16 -I/usr/include/fribidi  -I'/home/zalibhai/miniforge3/envs/calder2_env/lib/R/library/cpp11/include' -I'/home/zalibhai/miniforge3/envs/calder2_env/lib/R/library/systemfonts/include' -DNDEBUG -D_FORTIFY_SOURCE=2 -O2 -isystem /home/zalibhai/miniforge3/envs/calder2_env/include -I/home/zalibhai/miniforge3/envs/calder2_env/include -Wl,-rpath-link,/home/zalibhai/miniforge3/envs/calder2_env/lib   -fpic  -fvisibility-inlines-hidden -fmessage-length=0 -march=nocona -mtune=haswell -ftree-vectorize -fPIC -fstack-protector-strong -fno-plt -O2 -ffunction-sections -pipe -isystem /home/zalibhai/miniforge3/envs/calder2_env/include -fdebug-prefix-map=/home/conda/feedstock_root/build_artifacts/r-base-split_1746101582396/work=/usr/local/src/conda/r-base-4.2.3 -fdebug-prefix-map=/home/zalibhai/miniforge3/envs/calder2_env=/usr/local/src/conda-prefix  -c cpp11.cpp -o cpp11.o
x86_64-conda-linux-gnu-c++ -std=gnu++14 -I"/home/zalibhai/miniforge3/envs/calder2_env/lib/R/include" -DNDEBUG -DNDEBUG -I/usr/include/harfbuzz -I/usr/include/glib-2.0 -I/usr/lib64/glib-2.0/include -I/usr/include/freetype2 -I/usr/include/libpng16 -I/usr/include/fribidi  -I'/home/zalibhai/miniforge3/envs/calder2_env/lib/R/library/cpp11/include' -I'/home/zalibhai/miniforge3/envs/calder2_env/lib/R/library/systemfonts/include' -DNDEBUG -D_FORTIFY_SOURCE=2 -O2 -isystem /home/zalibhai/miniforge3/envs/calder2_env/include -I/home/zalibhai/miniforge3/envs/calder2_env/include -Wl,-rpath-link,/home/zalibhai/miniforge3/envs/calder2_env/lib   -fpic  -fvisibility-inlines-hidden -fmessage-length=0 -march=nocona -mtune=haswell -ftree-vectorize -fPIC -fstack-protector-strong -fno-plt -O2 -ffunction-sections -pipe -isystem /home/zalibhai/miniforge3/envs/calder2_env/include -fdebug-prefix-map=/home/conda/feedstock_root/build_artifacts/r-base-split_1746101582396/work=/usr/local/src/conda/r-base-4.2.3 -fdebug-prefix-map=/home/zalibhai/miniforge3/envs/calder2_env=/usr/local/src/conda-prefix  -c face_feature.cpp -o face_feature.o
x86_64-conda-linux-gnu-c++ -std=gnu++14 -I"/home/zalibhai/miniforge3/envs/calder2_env/lib/R/include" -DNDEBUG -DNDEBUG -I/usr/include/harfbuzz -I/usr/include/glib-2.0 -I/usr/lib64/glib-2.0/include -I/usr/include/freetype2 -I/usr/include/libpng16 -I/usr/include/fribidi  -I'/home/zalibhai/miniforge3/envs/calder2_env/lib/R/library/cpp11/include' -I'/home/zalibhai/miniforge3/envs/calder2_env/lib/R/library/systemfonts/include' -DNDEBUG -D_FORTIFY_SOURCE=2 -O2 -isystem /home/zalibhai/miniforge3/envs/calder2_env/include -I/home/zalibhai/miniforge3/envs/calder2_env/include -Wl,-rpath-link,/home/zalibhai/miniforge3/envs/calder2_env/lib   -fpic  -fvisibility-inlines-hidden -fmessage-length=0 -march=nocona -mtune=haswell -ftree-vectorize -fPIC -fstack-protector-strong -fno-plt -O2 -ffunction-sections -pipe -isystem /home/zalibhai/miniforge3/envs/calder2_env/include -fdebug-prefix-map=/home/conda/feedstock_root/build_artifacts/r-base-split_1746101582396/work=/usr/local/src/conda/r-base-4.2.3 -fdebug-prefix-map=/home/zalibhai/miniforge3/envs/calder2_env=/usr/local/src/conda-prefix  -c hb_shaper.cpp -o hb_shaper.o
x86_64-conda-linux-gnu-c++ -std=gnu++14 -I"/home/zalibhai/miniforge3/envs/calder2_env/lib/R/include" -DNDEBUG -DNDEBUG -I/usr/include/harfbuzz -I/usr/include/glib-2.0 -I/usr/lib64/glib-2.0/include -I/usr/include/freetype2 -I/usr/include/libpng16 -I/usr/include/fribidi  -I'/home/zalibhai/miniforge3/envs/calder2_env/lib/R/library/cpp11/include' -I'/home/zalibhai/miniforge3/envs/calder2_env/lib/R/library/systemfonts/include' -DNDEBUG -D_FORTIFY_SOURCE=2 -O2 -isystem /home/zalibhai/miniforge3/envs/calder2_env/include -I/home/zalibhai/miniforge3/envs/calder2_env/include -Wl,-rpath-link,/home/zalibhai/miniforge3/envs/calder2_env/lib   -fpic  -fvisibility-inlines-hidden -fmessage-length=0 -march=nocona -mtune=haswell -ftree-vectorize -fPIC -fstack-protector-strong -fno-plt -O2 -ffunction-sections -pipe -isystem /home/zalibhai/miniforge3/envs/calder2_env/include -fdebug-prefix-map=/home/conda/feedstock_root/build_artifacts/r-base-split_1746101582396/work=/usr/local/src/conda/r-base-4.2.3 -fdebug-prefix-map=/home/zalibhai/miniforge3/envs/calder2_env=/usr/local/src/conda-prefix  -c init.cpp -o init.o
x86_64-conda-linux-gnu-c++ -std=gnu++14 -I"/home/zalibhai/miniforge3/envs/calder2_env/lib/R/include" -DNDEBUG -DNDEBUG -I/usr/include/harfbuzz -I/usr/include/glib-2.0 -I/usr/lib64/glib-2.0/include -I/usr/include/freetype2 -I/usr/include/libpng16 -I/usr/include/fribidi  -I'/home/zalibhai/miniforge3/envs/calder2_env/lib/R/library/cpp11/include' -I'/home/zalibhai/miniforge3/envs/calder2_env/lib/R/library/systemfonts/include' -DNDEBUG -D_FORTIFY_SOURCE=2 -O2 -isystem /home/zalibhai/miniforge3/envs/calder2_env/include -I/home/zalibhai/miniforge3/envs/calder2_env/include -Wl,-rpath-link,/home/zalibhai/miniforge3/envs/calder2_env/lib   -fpic  -fvisibility-inlines-hidden -fmessage-length=0 -march=nocona -mtune=haswell -ftree-vectorize -fPIC -fstack-protector-strong -fno-plt -O2 -ffunction-sections -pipe -isystem /home/zalibhai/miniforge3/envs/calder2_env/include -fdebug-prefix-map=/home/conda/feedstock_root/build_artifacts/r-base-split_1746101582396/work=/usr/local/src/conda/r-base-4.2.3 -fdebug-prefix-map=/home/zalibhai/miniforge3/envs/calder2_env=/usr/local/src/conda-prefix  -c string_bidi.cpp -o string_bidi.o
x86_64-conda-linux-gnu-c++ -std=gnu++14 -I"/home/zalibhai/miniforge3/envs/calder2_env/lib/R/include" -DNDEBUG -DNDEBUG -I/usr/include/harfbuzz -I/usr/include/glib-2.0 -I/usr/lib64/glib-2.0/include -I/usr/include/freetype2 -I/usr/include/libpng16 -I/usr/include/fribidi  -I'/home/zalibhai/miniforge3/envs/calder2_env/lib/R/library/cpp11/include' -I'/home/zalibhai/miniforge3/envs/calder2_env/lib/R/library/systemfonts/include' -DNDEBUG -D_FORTIFY_SOURCE=2 -O2 -isystem /home/zalibhai/miniforge3/envs/calder2_env/include -I/home/zalibhai/miniforge3/envs/calder2_env/include -Wl,-rpath-link,/home/zalibhai/miniforge3/envs/calder2_env/lib   -fpic  -fvisibility-inlines-hidden -fmessage-length=0 -march=nocona -mtune=haswell -ftree-vectorize -fPIC -fstack-protector-strong -fno-plt -O2 -ffunction-sections -pipe -isystem /home/zalibhai/miniforge3/envs/calder2_env/include -fdebug-prefix-map=/home/conda/feedstock_root/build_artifacts/r-base-split_1746101582396/work=/usr/local/src/conda/r-base-4.2.3 -fdebug-prefix-map=/home/zalibhai/miniforge3/envs/calder2_env=/usr/local/src/conda-prefix  -c string_metrics.cpp -o string_metrics.o
x86_64-conda-linux-gnu-c++ -std=gnu++14 -I"/home/zalibhai/miniforge3/envs/calder2_env/lib/R/include" -DNDEBUG -DNDEBUG -I/usr/include/harfbuzz -I/usr/include/glib-2.0 -I/usr/lib64/glib-2.0/include -I/usr/include/freetype2 -I/usr/include/libpng16 -I/usr/include/fribidi  -I'/home/zalibhai/miniforge3/envs/calder2_env/lib/R/library/cpp11/include' -I'/home/zalibhai/miniforge3/envs/calder2_env/lib/R/library/systemfonts/include' -DNDEBUG -D_FORTIFY_SOURCE=2 -O2 -isystem /home/zalibhai/miniforge3/envs/calder2_env/include -I/home/zalibhai/miniforge3/envs/calder2_env/include -Wl,-rpath-link,/home/zalibhai/miniforge3/envs/calder2_env/lib   -fpic  -fvisibility-inlines-hidden -fmessage-length=0 -march=nocona -mtune=haswell -ftree-vectorize -fPIC -fstack-protector-strong -fno-plt -O2 -ffunction-sections -pipe -isystem /home/zalibhai/miniforge3/envs/calder2_env/include -fdebug-prefix-map=/home/conda/feedstock_root/build_artifacts/r-base-split_1746101582396/work=/usr/local/src/conda/r-base-4.2.3 -fdebug-prefix-map=/home/zalibhai/miniforge3/envs/calder2_env=/usr/local/src/conda-prefix  -c string_shape.cpp -o string_shape.o
x86_64-conda-linux-gnu-c++ -std=gnu++14 -shared -L/home/zalibhai/miniforge3/envs/calder2_env/lib/R/lib -Wl,-O2 -Wl,--sort-common -Wl,--as-needed -Wl,-z,relro -Wl,-z,now -Wl,--disable-new-dtags -Wl,--gc-sections -Wl,--allow-shlib-undefined -Wl,-rpath,/home/zalibhai/miniforge3/envs/calder2_env/lib -Wl,-rpath-link,/home/zalibhai/miniforge3/envs/calder2_env/lib -L/home/zalibhai/miniforge3/envs/calder2_env/lib -o textshaping.so cpp11.o face_feature.o hb_shaper.o init.o string_bidi.o string_metrics.o string_shape.o -lharfbuzz -lfreetype -lfribidi -L/home/zalibhai/miniforge3/envs/calder2_env/lib/R/lib -lR
installing to /home/zalibhai/miniforge3/envs/calder2_env/lib/R/library/00LOCK-textshaping/00new/textshaping/libs
** R
** inst
** byte-compile and prepare package for lazy loading
** help
*** installing help indices
*** copying figures
** building package indices
** installing vignettes
** testing if installed package can be loaded from temporary location
** checking absolute paths in shared objects and dynamic libraries
** testing if installed package can be loaded from final location
** testing if installed package keeps a record of temporary installation path
* DONE (textshaping)
* installing *source* package ‘svglite’ ...
** package ‘svglite’ successfully unpacked and MD5 sums checked
** using staged installation
** libs
x86_64-conda-linux-gnu-c++ -std=gnu++14 -I"/home/zalibhai/miniforge3/envs/calder2_env/lib/R/include" -DNDEBUG  -I'/home/zalibhai/miniforge3/envs/calder2_env/lib/R/library/cpp11/include' -I'/home/zalibhai/miniforge3/envs/calder2_env/lib/R/library/systemfonts/include' -I'/home/zalibhai/miniforge3/envs/calder2_env/lib/R/library/textshaping/include' -DNDEBUG -D_FORTIFY_SOURCE=2 -O2 -isystem /home/zalibhai/miniforge3/envs/calder2_env/include -I/home/zalibhai/miniforge3/envs/calder2_env/include -Wl,-rpath-link,/home/zalibhai/miniforge3/envs/calder2_env/lib   -fpic  -fvisibility-inlines-hidden -fmessage-length=0 -march=nocona -mtune=haswell -ftree-vectorize -fPIC -fstack-protector-strong -fno-plt -O2 -ffunction-sections -pipe -isystem /home/zalibhai/miniforge3/envs/calder2_env/include -fdebug-prefix-map=/home/conda/feedstock_root/build_artifacts/r-base-split_1746101582396/work=/usr/local/src/conda/r-base-4.2.3 -fdebug-prefix-map=/home/zalibhai/miniforge3/envs/calder2_env=/usr/local/src/conda-prefix  -c SvgStream.cpp -o SvgStream.o
x86_64-conda-linux-gnu-c++ -std=gnu++14 -I"/home/zalibhai/miniforge3/envs/calder2_env/lib/R/include" -DNDEBUG  -I'/home/zalibhai/miniforge3/envs/calder2_env/lib/R/library/cpp11/include' -I'/home/zalibhai/miniforge3/envs/calder2_env/lib/R/library/systemfonts/include' -I'/home/zalibhai/miniforge3/envs/calder2_env/lib/R/library/textshaping/include' -DNDEBUG -D_FORTIFY_SOURCE=2 -O2 -isystem /home/zalibhai/miniforge3/envs/calder2_env/include -I/home/zalibhai/miniforge3/envs/calder2_env/include -Wl,-rpath-link,/home/zalibhai/miniforge3/envs/calder2_env/lib   -fpic  -fvisibility-inlines-hidden -fmessage-length=0 -march=nocona -mtune=haswell -ftree-vectorize -fPIC -fstack-protector-strong -fno-plt -O2 -ffunction-sections -pipe -isystem /home/zalibhai/miniforge3/envs/calder2_env/include -fdebug-prefix-map=/home/conda/feedstock_root/build_artifacts/r-base-split_1746101582396/work=/usr/local/src/conda/r-base-4.2.3 -fdebug-prefix-map=/home/zalibhai/miniforge3/envs/calder2_env=/usr/local/src/conda-prefix  -c cpp11.cpp -o cpp11.o
x86_64-conda-linux-gnu-c++ -std=gnu++14 -I"/home/zalibhai/miniforge3/envs/calder2_env/lib/R/include" -DNDEBUG  -I'/home/zalibhai/miniforge3/envs/calder2_env/lib/R/library/cpp11/include' -I'/home/zalibhai/miniforge3/envs/calder2_env/lib/R/library/systemfonts/include' -I'/home/zalibhai/miniforge3/envs/calder2_env/lib/R/library/textshaping/include' -DNDEBUG -D_FORTIFY_SOURCE=2 -O2 -isystem /home/zalibhai/miniforge3/envs/calder2_env/include -I/home/zalibhai/miniforge3/envs/calder2_env/include -Wl,-rpath-link,/home/zalibhai/miniforge3/envs/calder2_env/lib   -fpic  -fvisibility-inlines-hidden -fmessage-length=0 -march=nocona -mtune=haswell -ftree-vectorize -fPIC -fstack-protector-strong -fno-plt -O2 -ffunction-sections -pipe -isystem /home/zalibhai/miniforge3/envs/calder2_env/include -fdebug-prefix-map=/home/conda/feedstock_root/build_artifacts/r-base-split_1746101582396/work=/usr/local/src/conda/r-base-4.2.3 -fdebug-prefix-map=/home/zalibhai/miniforge3/envs/calder2_env=/usr/local/src/conda-prefix  -c devSVG.cpp -o devSVG.o
x86_64-conda-linux-gnu-c++ -std=gnu++14 -shared -L/home/zalibhai/miniforge3/envs/calder2_env/lib/R/lib -Wl,-O2 -Wl,--sort-common -Wl,--as-needed -Wl,-z,relro -Wl,-z,now -Wl,--disable-new-dtags -Wl,--gc-sections -Wl,--allow-shlib-undefined -Wl,-rpath,/home/zalibhai/miniforge3/envs/calder2_env/lib -Wl,-rpath-link,/home/zalibhai/miniforge3/envs/calder2_env/lib -L/home/zalibhai/miniforge3/envs/calder2_env/lib -o svglite.so SvgStream.o cpp11.o devSVG.o -lpng -lz -L/home/zalibhai/miniforge3/envs/calder2_env/lib/R/lib -lR
installing to /home/zalibhai/miniforge3/envs/calder2_env/lib/R/library/00LOCK-svglite/00new/svglite/libs
** R
** inst
** byte-compile and prepare package for lazy loading
** help
*** installing help indices
*** copying figures
** building package indices
** installing vignettes
** testing if installed package can be loaded from temporary location
** checking absolute paths in shared objects and dynamic libraries
** testing if installed package can be loaded from final location
** testing if installed package keeps a record of temporary installation path
* DONE (svglite)

The downloaded source packages are in
	‘/scratch/zalibhai/job_49822345/RtmpPpH33f/downloaded_packages’
Updating HTML index of packages in '.Library'
Making 'packages.html' ... done
Package check complete
Loaded multi_format_output.R - Functions available:
  - save_multiformat_ggplot(plot, base_path, width, height, dpi)
  - save_multiformat_base(plot_expr, base_path, width, height, dpi)
  - save_multiformat_pheatmap(pheatmap_call, base_path, width, height, dpi)
===========================================
A2: Differential Subcompartment Analysis
===========================================
Timepoint:  250831 (early/P12)
CODE_ROOT:  /expanse/lustre/projects/csd940/zalibhai/mariner_hi-c/ML/cmpts
Output dir: /expanse/lustre/projects/csd940/zalibhai/mariner_hi-c/ML/cmpts/outputs/calder2
Start:      Wed May 27 08:31:49 2026
===========================================

=== Pre-flight validation ===
  OK: 250831/ctrl_merged (15,354,195 bytes)
  OK: 250831/mut_merged (15,389,680 bytes)

=== Building 100kb reference grid ===
  Total bins: 24639 across 19 chromosomes

=== Loading CALDER2 outputs ===
  ctrl_merged                237020 rows  chroms=19
  mut_merged                 237045 rows  chroms=19

=== Binning to 100kb grid ===
  Binning ctrl to 100kb grid...
  Binning mut to 100kb grid...

  Total bins:    24639
  Callable bins: 23823 (both ctrl and mut labeled)
  Changed bins:  4371 (18.3% of callable)
  Written: 250831_subcompartment_labels_100kb.tsv

=== Transition analysis ===
  Transition matrix total: 23823 (expected ~24,639)
  Chi-squared: X2=39121.8, df=9, p=0.000e+00
  Cramer's V:  0.7399
  % bins changed: 18.3%
  Written: 250831_transition_matrix.tsv
  Written: 250831_transition_summary.tsv

=== Generating figures ===
  Saved: 250831_transition_heatmap/{pdf,svg,png,jpg}
  Saved: 250831_transition_sankey/{pdf,svg,png,jpg}
There were 12 warnings (use warnings() to see them)
  Saved: 250831_subcompartment_genome_pct/{pdf,svg,png,jpg}

=== Verification ===
  Matrix total: 23823 (expected ~24,639)
  All checks passed.

===========================================
A2 COMPLETE: 250831
Finished: Wed May 27 08:32:02 2026
===========================================

End: Wed May 27 08:32:02 PDT 2026
===========================================
