===========================================
Merge H3K36me3 per-replicate BigWigs
===========================================
Job ID:   49835621
Node:     exp-1-44
Input:    /expanse/lustre/projects/csd940/zalibhai/bigwigs/h3k36me3
Output:   /expanse/lustre/projects/csd940/zalibhai/bigwigs
Start:    Wed May 27 21:17:35 PDT 2026
===========================================

Ctrl replicates (6):
  sorted_260221_index_37_Bap1_Math1_ctrl1_H3K36me3_S14_L003_aligned_reads.bam_norm_rnorm.bw
  sorted_260221_index_39_Bap1_Math1_ctrl2_H3K36me3_S16_L003_aligned_reads.bam_norm_rnorm.bw
  sorted_260221_index_41_Bap1_Math1_ctrl3_H3K36me3_S18_L003_aligned_reads.bam_norm_rnorm.bw
  sorted_260221_index_43_Bap1_Math1_ctrl4_H3K36me3_S20_L003_aligned_reads.bam_norm_rnorm.bw
  sorted_260221_index_45_Bap1_Math1_ctrl5_H3K36me3_S22_L003_aligned_reads.bam_norm_rnorm.bw
  sorted_260221_index_47_Bap1_Math1_ctrl6_H3K36me3_S24_L003_aligned_reads.bam_norm_rnorm.bw

Mut replicates (6):
  sorted_260221_index_38_Bap1_Math1_mut1_H3K36me3_S15_L003_aligned_reads.bam_norm_rnorm.bw
  sorted_260221_index_40_Bap1_Math1_mut2_H3K36me3_S17_L003_aligned_reads.bam_norm_rnorm.bw
  sorted_260221_index_42_Bap1_Math1_mut3_H3K36me3_S19_L003_aligned_reads.bam_norm_rnorm.bw
  sorted_260221_index_44_Bap1_Math1_mut4_H3K36me3_S21_L003_aligned_reads.bam_norm_rnorm.bw
  sorted_260221_index_46_Bap1_Math1_mut5_H3K36me3_S23_L003_aligned_reads.bam_norm_rnorm.bw
  sorted_260221_index_48_Bap1_Math1_mut6_H3K36me3_S25_L003_aligned_reads.bam_norm_rnorm.bw

Merging ctrl (6 reps)...
Merging mut (6 reps)...

=== Verification ===
  OK: H3K36me3Ctrl.bw (202M)
  OK: H3K36me3Mut.bw (199M)

===========================================
Done: Wed May 27 21:45:17 PDT 2026
===========================================
