=================================================================
HOMER findMotifsGenome.pl — Single Comparison
=================================================================
Job ID: 49936834
Node: exp-13-44
Start time: Sun May 31 23:04:55 PDT 2026

Arguments:
  Foreground: k119ub_gained.bed
  Background: k119ub_lost.bed
  Output dir: B1_k119ub_gained_vs_lost
=================================================================

Foreground: /expanse/lustre/projects/csd940/zalibhai/mariner_hi-c/biomodal/downstream/results/homer_motif_enrichment/beds/k119ub_gained.bed (6164 regions)
Background: /expanse/lustre/projects/csd940/zalibhai/mariner_hi-c/biomodal/downstream/results/homer_motif_enrichment/beds/k119ub_lost.bed (1250 regions)

Running findMotifsGenome.pl...
  Genome: mm10
  CPUs:   8
  Flags:  -size given -mask
  Start:  Sun May 31 23:05:03 PDT 2026


	Position file = /expanse/lustre/projects/csd940/zalibhai/mariner_hi-c/biomodal/downstream/results/homer_motif_enrichment/beds/k119ub_gained.bed
	Genome = mm10
	Output Directory = /expanse/lustre/projects/csd940/zalibhai/mariner_hi-c/biomodal/downstream/results/homer_motif_enrichment/B1_k119ub_gained_vs_lost
	background position file: /expanse/lustre/projects/csd940/zalibhai/mariner_hi-c/biomodal/downstream/results/homer_motif_enrichment/beds/k119ub_lost.bed
	Using actual sizes of regions (-size given)
	Fragment size set to given
	Will use repeat masked sequences
	Using 8 CPUs
	Found mset for "mouse", will check against vertebrates motifs
	Peak/BED file conversion summary:
		BED/Header formatted lines: 6164
		peakfile formatted lines: 0

	Peak File Statistics:
		Total Peaks: 6164
		Redundant Peak IDs: 0
		Peaks lacking information: 0 (need at least 5 columns per peak)
		Peaks with misformatted coordinates: 0 (should be integer)
		Peaks with misformatted strand: 0 (should be either +/- or 0/1)

	Peak file looks good!

	Peak/BED file conversion summary:
		BED/Header formatted lines: 1250
		peakfile formatted lines: 0
	Max distance to merge: direct overlap required (-d given)
	Calculating co-bound peaks relative to reference: /expanse/lustre/projects/csd940/zalibhai/mariner_hi-c/biomodal/downstream/results/homer_motif_enrichment/B1_k119ub_gained_vs_lost/bg.clean.pos

	Comparing peaks: (peakfile, overlapping peaks, logRatio(obs/expected), logP)
		/expanse/lustre/projects/csd940/zalibhai/mariner_hi-c/biomodal/downstream/results/homer_motif_enrichment/B1_k119ub_gained_vs_lost/target.clean..pos	0	-6.42	1.53

	Co-bound by 0 peaks: 1250
	Co-bound by 1 peaks: 0 (max: 0 effective total)
	Custom genome sequence directory: /home/zalibhai/homer//data/genomes/mm10//

	Extracting sequences from directory: /home/zalibhai/homer//data/genomes/mm10//
	Extracting 639 sequences from chr1
	Extracting 612 sequences from chr2
	Extracting 478 sequences from chr3
	Extracting 588 sequences from chr4
	Extracting 476 sequences from chr5
	Extracting 456 sequences from chr6
	Extracting 187 sequences from chr7
	Extracting 375 sequences from chr8
	Extracting 209 sequences from chr9
	Extracting 476 sequences from chr10
	Extracting 220 sequences from chr11
	Extracting 344 sequences from chr12
	Extracting 416 sequences from chr13
	Extracting 403 sequences from chr14
	Extracting 373 sequences from chr15
	Extracting 358 sequences from chr16
	Extracting 216 sequences from chr17
	Extracting 369 sequences from chr18
	Extracting 176 sequences from chr19
	Extracting 40 sequences from chrX
	Extracting 3 sequences from chrUn_JH584304

	Not removing redundant sequences


	Sequences processed:
		Auto detected maximum sequence length of 400 bp
		7414 total

	Frequency Bins: 0.2 0.25 0.3 0.35 0.4 0.45 0.5 0.6 0.7 0.8
	Freq	Bin	Count
	0.25	1	1
	0.3	2	36
	0.35	3	266
	0.4	4	862
	0.45	5	1682
	0.5	6	1956
	0.6	7	2245
	0.7	8	326
	0.8	9	40
	Bin	# Targets	# Background	Background Weight
	2	35	1	7.099
	3	259	7	7.504
	4	847	15	11.453
	5	1615	67	4.889
	6	1769	187	1.919
	7	1430	815	0.356
	8	184	142	0.263
	9	24	16	0.304
	Normalizing lower order oligos using homer2

	Reading input files...
	7413 total sequences read
	Autonormalization: 1-mers (4 total)
		A	27.02%	26.74%	1.010
		C	22.98%	23.26%	0.988
		G	22.98%	23.26%	0.988
		T	27.02%	26.74%	1.010
	Autonormalization: 2-mers (16 total)
		AA	7.88%	8.05%	0.978
		CA	7.66%	7.31%	1.048
		GA	6.33%	6.32%	1.003
		TA	5.15%	5.06%	1.016
		AC	5.15%	5.13%	1.004
		CC	6.04%	6.48%	0.932
		GC	5.46%	5.33%	1.024
		TC	6.33%	6.32%	1.003
		AG	7.87%	7.76%	1.015
		CG	1.41%	1.71%	0.825
		GG	6.04%	6.48%	0.932
		TG	7.66%	7.31%	1.048
		AT	6.12%	5.81%	1.055
		CT	7.87%	7.76%	1.015
		GT	5.15%	5.13%	1.004
		TT	7.88%	8.05%	0.978
	Autonormalization: 3-mers (64 total)
	Normalization weights can be found in file: /expanse/lustre/projects/csd940/zalibhai/mariner_hi-c/biomodal/downstream/results/homer_motif_enrichment/B1_k119ub_gained_vs_lost/seq.autonorm.tsv
	Converging on autonormalization solution:
	...............................................................................
	Final normalization:	Autonormalization: 1-mers (4 total)
		A	27.02%	26.83%	1.007
		C	22.98%	23.17%	0.992
		G	22.98%	23.17%	0.992
		T	27.02%	26.83%	1.007
	Autonormalization: 2-mers (16 total)
		AA	7.88%	7.88%	0.999
		CA	7.66%	7.52%	1.019
		GA	6.33%	6.32%	1.003
		TA	5.15%	5.11%	1.007
		AC	5.15%	5.17%	0.995
		CC	6.04%	6.32%	0.956
		GC	5.46%	5.36%	1.019
		TC	6.33%	6.32%	1.003
		AG	7.87%	7.84%	1.005
		CG	1.41%	1.50%	0.940
		GG	6.04%	6.32%	0.956
		TG	7.66%	7.52%	1.019
		AT	6.12%	5.94%	1.031
		CT	7.87%	7.84%	1.005
		GT	5.15%	5.17%	0.995
		TT	7.88%	7.88%	0.999
	Autonormalization: 3-mers (64 total)
	Finished preparing sequence/group files

	----------------------------------------------------------
	Known motif enrichment

	Reading input files...
	7413 total sequences read
	472 motifs loaded
	Cache length = 11180
	Using binomial scoring
	Checking enrichment of 472 motif(s)
	|0%                                    50%                                  100%|
	=================================================================================
	Preparing HTML output with sequence logos...
		1 of 472 (1e-106) Mesp1(bHLH)/ESC-Mesp1-ChIP-Seq(GSE165102)/Homer
		2 of 472 (1e-74) NeuroG2(bHLH)/Fibroblast-NeuroG2-ChIP-Seq(GSE75910)/Homer
		3 of 472 (1e-73) HLF(bZIP)/HSC-HLF.Flag-ChIP-Seq(GSE69817)/Homer
		4 of 472 (1e-68) NFIL3(bZIP)/HepG2-NFIL3-ChIP-Seq(Encode)/Homer
		5 of 472 (1e-64) NeuroD1(bHLH)/Islet-NeuroD1-ChIP-Seq(GSE30298)/Homer
		6 of 472 (1e-58) TCF4(bHLH)/SHSY5Y-TCF4-ChIP-Seq(GSE96915)/Homer
		7 of 472 (1e-57) Olig2(bHLH)/Neuron-Olig2-ChIP-Seq(GSE30882)/Homer
		8 of 472 (1e-53) Atoh7(bHLH)/Retina-Atoh7-CutnRun(GSE156756)/Homer
		9 of 472 (1e-52) BHLHA15(bHLH)/NIH3T3-BHLHB8.HA-ChIP-Seq(GSE119782)/Homer
		10 of 472 (1e-50) HNF1b(Homeobox)/PDAC-HNF1B-ChIP-Seq(GSE64557)/Homer
		11 of 472 (1e-48) Oct4(POU,Homeobox)/mES-Oct4-ChIP-Seq(GSE11431)/Homer
		12 of 472 (1e-47) Twist2(bHLH)/Myoblast-Twist2.Ty1-ChIP-Seq(GSE127998)/Homer
		13 of 472 (1e-43) Atoh1(bHLH)/Cerebellum-Atoh1-ChIP-Seq(GSE22111)/Homer
		14 of 472 (1e-36) Sp1(Zf)/Promoter/Homer
		15 of 472 (1e-30) Tgif2(Homeobox)/mES-Tgif2-ChIP-Seq(GSE55404)/Homer
		16 of 472 (1e-28) ZNF7(Zf)/HepG2-ZNF7.Flag-ChIP-Seq(Encode)/Homer
		17 of 472 (1e-27) NF-E2(bZIP)/K562-NFE2-ChIP-Seq(GSE31477)/Homer
		18 of 472 (1e-27) ZNF189(Zf)/HEK293-ZNF189.GFP-ChIP-Seq(GSE58341)/Homer
		19 of 472 (1e-26) MafF(bZIP)/HepG2-MafF-ChIP-Seq(GSE31477)/Homer
		20 of 472 (1e-25) Brn1(POU,Homeobox)/NPC-Brn1-ChIP-Seq(GSE35496)/Homer
		21 of 472 (1e-24) RFX(HTH)/K562-RFX3-ChIP-Seq(SRA012198)/Homer
		22 of 472 (1e-23) p63(p53)/Keratinocyte-p63-ChIP-Seq(GSE17611)/Homer
		23 of 472 (1e-23) Tgif1(Homeobox)/mES-Tgif1-ChIP-Seq(GSE55404)/Homer
		24 of 472 (1e-22) NF1-halfsite(CTF)/LNCaP-NF1-ChIP-Seq(Unpublished)/Homer
		25 of 472 (1e-22) CDX4(Homeobox)/ZebrafishEmbryos-Cdx4.Myc-ChIP-Seq(GSE48254)/Homer
		26 of 472 (1e-21) FXR(NR),ER2/Liver-FXR-ChIP-Seq(GSE133700)/Homer
		27 of 472 (1e-20) ZNF341(Zf)/EBV-ZNF341-ChIP-Seq(GSE113194)/Homer
		28 of 472 (1e-19) PRDM14(Zf)/H1-PRDM14-ChIP-Seq(GSE22767)/Homer
		29 of 472 (1e-18) Oct11(POU,Homeobox)/NCIH1048-POU2F3-ChIP-seq(GSE115123)/Homer
		30 of 472 (1e-18) ETS:E-box(ETS,bHLH)/HPC7-Scl-ChIP-Seq(GSE22178)/Homer
		31 of 472 (1e-18) Pit1(Homeobox)/GCrat-Pit1-ChIP-Seq(GSE58009)/Homer
		32 of 472 (1e-17) Brn2(POU,Homeobox)/NPC-Brn2-ChIP-Seq(GSE35496)/Homer
		33 of 472 (1e-17) Foxo1(Forkhead)/RAW-Foxo1-ChIP-Seq(Fan_et_al.)/Homer
		34 of 472 (1e-17) Jun-AP1(bZIP)/K562-cJun-ChIP-Seq(GSE31477)/Homer
		35 of 472 (1e-17) Stat3+il21(Stat)/CD4-Stat3-ChIP-Seq(GSE19198)/Homer
		36 of 472 (1e-16) GATA3(Zf),DR4/iTreg-Gata3-ChIP-Seq(GSE20898)/Homer
		37 of 472 (1e-16) Ronin(THAP)/ES-Thap11-ChIP-Seq(GSE51522)/Homer
		38 of 472 (1e-16) Ascl1(bHLH)/NeuralTubes-Ascl1-ChIP-Seq(GSE55840)/Homer
		39 of 472 (1e-15) Rfx2(HTH)/LoVo-RFX2-ChIP-Seq(GSE49402)/Homer
		40 of 472 (1e-15) Bach1(bZIP)/K562-Bach1-ChIP-Seq(GSE31477)/Homer
		41 of 472 (1e-15) Barx1(Homeobox)/Stomach-Barx1.3xFlag-ChIP-Seq(GSE69483)/Homer
		42 of 472 (1e-15) Oct6(POU,Homeobox)/NPC-Pou3f1-ChIP-Seq(GSE35496)/Homer
		43 of 472 (1e-14) CEBP(bZIP)/ThioMac-CEBPb-ChIP-Seq(GSE21512)/Homer
		44 of 472 (1e-14) Tcf21(bHLH)/ArterySmoothMuscle-Tcf21-ChIP-Seq(GSE61369)/Homer
		45 of 472 (1e-14) Hoxd12(Homeobox)/ChickenMSG-Hoxd12.Flag-ChIP-Seq(GSE86088)/Homer
		46 of 472 (1e-14) Mouse_Recombination_Hotspot(Zf)/Testis-DMC1-ChIP-Seq(GSE24438)/Homer
		47 of 472 (1e-13) DMRT6(DM)/Testis-DMRT6-ChIP-Seq(GSE60440)/Homer
		48 of 472 (1e-13) ERRg(NR)/Kidney-ESRRG-ChIP-Seq(GSE104905)/Homer
		49 of 472 (1e-13) CEBP:AP1(bZIP)/ThioMac-CEBPb-ChIP-Seq(GSE21512)/Homer
		50 of 472 (1e-13) ELF1(ETS)/Jurkat-ELF1-ChIP-Seq(SRA014231)/Homer
		51 of 472 (1e-12) NFAT(RHD)/Jurkat-NFATC1-ChIP-Seq(Jolma_et_al.)/Homer
		52 of 472 (1e-12) STAT6(Stat)/Macrophage-Stat6-ChIP-Seq(GSE38377)/Homer
		53 of 472 (1e-12) Ptf1a(bHLH)/Panc1-Ptf1a-ChIP-Seq(GSE47459)/Homer
		54 of 472 (1e-12) DMRT1(DM)/Testis-DMRT1-ChIP-Seq(GSE64892)/Homer
		55 of 472 (1e-12) Nrf2(bZIP)/Lymphoblast-Nrf2-ChIP-Seq(GSE37589)/Homer
		56 of 472 (1e-12) PU.1:IRF8(ETS:IRF)/pDC-Irf8-ChIP-Seq(GSE66899)/Homer
		57 of 472 (1e-11) NRF1(NRF)/MCF7-NRF1-ChIP-Seq(Unpublished)/Homer
		58 of 472 (1e-11) GABPA(ETS)/Jurkat-GABPa-ChIP-Seq(GSE17954)/Homer
		59 of 472 (1e-11) PPARE(NR),DR1/3T3L1-Pparg-ChIP-Seq(GSE13511)/Homer
		60 of 472 (1e-11) Bach2(bZIP)/OCILy7-Bach2-ChIP-Seq(GSE44420)/Homer
		61 of 472 (1e-11) ETV4(ETS)/HepG2-ETV4-ChIP-Seq(ENCODE)/Homer
		62 of 472 (1e-11) Twist(bHLH)/HMLE-TWIST1-ChIP-Seq(Chang_et_al)/Homer
		63 of 472 (1e-10) MRE(NR)/Neuro2A-NR3C2-ChIPnexus(GSE115417)/Homer
		64 of 472 (1e-10) p53(p53)/Saos-p53-ChIP-Seq(GSE15780)/Homer
		65 of 472 (1e-10) p53(p53)/Saos-p53-ChIP-Seq/Homer
		66 of 472 (1e-10) RBPJ:Ebox(?,bHLH)/Panc1-Rbpj1-ChIP-Seq(GSE47459)/Homer
		67 of 472 (1e-10) Oct2(POU,Homeobox)/Bcell-Oct2-ChIP-Seq(GSE21512)/Homer
		68 of 472 (1e-10) RUNX(Runt)/HPC7-Runx1-ChIP-Seq(GSE22178)/Homer
		69 of 472 (1e-10) Atf4(bZIP)/MEF-Atf4-ChIP-Seq(GSE35681)/Homer
		70 of 472 (1e-10) KLF17(Zf)/2cell-Klf17-CutnTag(GSE211845)/Homer
		71 of 472 (1e-10) FXR(NR),IR1/Liver-FXR-ChIP-Seq(Chong_et_al.)/Homer
		72 of 472 (1e-9) bZIP:IRF(bZIP,IRF)/Th17-BatF-ChIP-Seq(GSE39756)/Homer
		73 of 472 (1e-9) PR(NR)/T47D-PR-ChIP-Seq(GSE31130)/Homer
		74 of 472 (1e-9) Zscan4c(Zf)/ESC-Zscan4c-ChIP-seq(GSE140619)/Homer
		75 of 472 (1e-9) Eomes(T-box)/H9-Eomes-ChIP-Seq(GSE26097)/Homer
		76 of 472 (1e-9) Fosl2(bZIP)/3T3L1-Fosl2-ChIP-Seq(GSE56872)/Homer
		77 of 472 (1e-9) STAT6(Stat)/CD4-Stat6-ChIP-Seq(GSE22104)/Homer
		78 of 472 (1e-8) OCT:OCT(POU,Homeobox,IR1)/NPC-Brn2-ChIP-Seq(GSE35496)/Homer
		79 of 472 (1e-8) NRF(NRF)/Promoter/Homer
		80 of 472 (1e-8) Hoxa13(Homeobox)/ChickenMSG-Hoxa13.Flag-ChIP-Seq(GSE86088)/Homer
		81 of 472 (1e-8) STAT1(Stat)/HelaS3-STAT1-ChIP-Seq(GSE12782)/Homer
		82 of 472 (1e-8) Nkx2.5(Homeobox)/HL1-Nkx2.5.biotin-ChIP-Seq(GSE21529)/Homer
		83 of 472 (1e-8) HIF-1a(bHLH)/MCF7-HIF1a-ChIP-Seq(GSE28352)/Homer
		84 of 472 (1e-8) MYB(HTH)/ERMYB-Myb-ChIPSeq(GSE22095)/Homer
		85 of 472 (1e-8) ETV1(ETS)/GIST48-ETV1-ChIP-Seq(GSE22441)/Homer
		86 of 472 (1e-8) EBNA1(EBV-virus)/Raji-EBNA1-ChIP-Seq(GSE30709)/Homer
		87 of 472 (1e-8) c-Myc(bHLH)/mES-cMyc-ChIP-Seq(GSE11431)/Homer
		88 of 472 (1e-8) n-Myc(bHLH)/mES-nMyc-ChIP-Seq(GSE11431)/Homer
		89 of 472 (1e-8) Tcfcp2l1(CP2)/mES-Tcfcp2l1-ChIP-Seq(GSE11431)/Homer
		90 of 472 (1e-8) FoxL2(Forkhead)/Ovary-FoxL2-ChIP-Seq(GSE60858)/Homer
		91 of 472 (1e-7) Pitx1(Homeobox)/Chicken-Pitx1-ChIP-Seq(GSE38910)/Homer
		92 of 472 (1e-7) AR-halfsite(NR)/LNCaP-AR-ChIP-Seq(GSE27824)/Homer
		93 of 472 (1e-7) Hoxd11(Homeobox)/ChickenMSG-Hoxd11.Flag-ChIP-Seq(GSE86088)/Homer
		94 of 472 (1e-7) p73(p53)/Trachea-p73-ChIP-Seq(PRJNA310161)/Homer
		95 of 472 (1e-7) Mef2d(MADS)/Retina-Mef2d-ChIP-Seq(GSE61391)/Homer
		96 of 472 (1e-7) Oct4:Sox17(POU,Homeobox,HMG)/F9-Sox17-ChIP-Seq(GSE44553)/Homer
		97 of 472 (1e-6) Sox9(HMG)/Limb-SOX9-ChIP-Seq(GSE73225)/Homer
		98 of 472 (1e-6) ZNF322(Zf)/HEK293-ZNF322.GFP-ChIP-Seq(GSE58341)/Homer
		99 of 472 (1e-6) FoxD3(forkhead)/ZebrafishEmbryo-Foxd3.biotin-ChIP-seq(GSE106676)/Homer
		100 of 472 (1e-6) Atf1(bZIP)/K562-ATF1-ChIP-Seq(GSE31477)/Homer
		101 of 472 (1e-6) KLF3(Zf)/MEF-Klf3-ChIP-Seq(GSE44748)/Homer
		102 of 472 (1e-6) ETS(ETS)/Promoter/Homer
		103 of 472 (1e-6) RUNX-AML(Runt)/CD4+-PolII-ChIP-Seq(Barski_et_al.)/Homer
		104 of 472 (1e-6) X-box(HTH)/NPC-H3K4me1-ChIP-Seq(GSE16256)/Homer
		105 of 472 (1e-6) Esrrb(NR)/mES-Esrrb-ChIP-Seq(GSE11431)/Homer
		106 of 472 (1e-6) Cdx2(Homeobox)/mES-Cdx2-ChIP-Seq(GSE14586)/Homer
		107 of 472 (1e-6) SCL(bHLH)/HPC7-Scl-ChIP-Seq(GSE13511)/Homer
		108 of 472 (1e-6) ZNF317(Zf)/HEK293-ZNF317.GFP-ChIP-Seq(GSE58341)/Homer
		109 of 472 (1e-6) Sox2(HMG)/mES-Sox2-ChIP-Seq(GSE11431)/Homer
		110 of 472 (1e-6) BATF(bZIP)/Th17-BATF-ChIP-Seq(GSE39756)/Homer
		111 of 472 (1e-6) VDR(NR),DR3/GM10855-VDR+vitD-ChIP-Seq(GSE22484)/Homer
		112 of 472 (1e-6) Tbx6(T-box)/ESC-Tbx6-ChIP-Seq(GSE93524)/Homer
		113 of 472 (1e-5) Pdx1(Homeobox)/Islet-Pdx1-ChIP-Seq(SRA008281)/Homer
		114 of 472 (1e-5) ZFX(Zf)/mES-Zfx-ChIP-Seq(GSE11431)/Homer
		115 of 472 (1e-5) JunB(bZIP)/DendriticCells-Junb-ChIP-Seq(GSE36099)/Homer
		116 of 472 (1e-5) Hoxc6(Homeobox)/EB-Hoxc6.iFlag-ChIP-Seq(GSE142377)/Homer
		117 of 472 (1e-5) Otx2(Homeobox)/EpiLC-Otx2-ChIP-Seq(GSE56098)/Homer
		118 of 472 (1e-5) OCT:OCT(POU,Homeobox)/NPC-Brn1-ChIP-Seq(GSE35496)/Homer
		119 of 472 (1e-5) PSE(SNAPc)/K562-mStart-Seq/Homer
		120 of 472 (1e-5) Elk4(ETS)/Hela-Elk4-ChIP-Seq(GSE31477)/Homer
		121 of 472 (1e-5) Rfx1(HTH)/NPC-H3K4me1-ChIP-Seq(GSE16256)/Homer
		122 of 472 (1e-5) Max(bHLH)/K562-Max-ChIP-Seq(GSE31477)/Homer
		123 of 472 (1e-5) Fox:Ebox(Forkhead,bHLH)/Panc1-Foxa2-ChIP-Seq(GSE47459)/Homer
		124 of 472 (1e-5) STAT4(Stat)/CD4-Stat4-ChIP-Seq(GSE22104)/Homer
		125 of 472 (1e-4) Mef2c(MADS)/GM12878-Mef2c-ChIP-Seq(GSE32465)/Homer
		126 of 472 (1e-4) PAX6(Paired,Homeobox)/Forebrain-Pax6-ChIP-Seq(GSE66961)/Homer
		127 of 472 (1e-4) MafB(bZIP)/BMM-Mafb-ChIP-Seq(GSE75722)/Homer
		128 of 472 (1e-4) Sox10(HMG)/SciaticNerve-Sox3-ChIP-Seq(GSE35132)/Homer
		129 of 472 (1e-4) AMYB(HTH)/Testes-AMYB-ChIP-Seq(GSE44588)/Homer
		130 of 472 (1e-4) Chop(bZIP)/MEF-Chop-ChIP-Seq(GSE35681)/Homer
		131 of 472 (1e-4) TEAD1(TEAD)/HepG2-TEAD1-ChIP-Seq(Encode)/Homer
		132 of 472 (1e-4) Meis1(Homeobox)/MastCells-Meis1-ChIP-Seq(GSE48085)/Homer
		133 of 472 (1e-4) Atf7(bZIP)/3T3L1-Atf7-ChIP-Seq(GSE56872)/Homer
		134 of 472 (1e-4) GFY-Staf(?,Zf)/Promoter/Homer
		135 of 472 (1e-4) GRE(NR),IR3/RAW264.7-GRE-ChIP-Seq(Unpublished)/Homer
		136 of 472 (1e-4) Fos(bZIP)/TSC-Fos-ChIP-Seq(GSE110950)/Homer
		137 of 472 (1e-4) p53(p53)/mES-cMyc-ChIP-Seq(GSE11431)/Homer
		138 of 472 (1e-4) ZBTB33(Zf)/GM12878-ZBTB33-ChIP-Seq(GSE32465)/Homer
		139 of 472 (1e-4) Atf3(bZIP)/GBM-ATF3-ChIP-Seq(GSE33912)/Homer
		140 of 472 (1e-4) PRDM9(Zf)/Testis-DMC1-ChIP-Seq(GSE35498)/Homer
		141 of 472 (1e-4) Nur77(NR)/K562-NR4A1-ChIP-Seq(GSE31363)/Homer
		142 of 472 (1e-3) FOXK1(Forkhead)/HEK293-FOXK1-ChIP-Seq(GSE51673)/Homer
		143 of 472 (1e-3) ZNF675(Zf)/HEK293-ZNF675.GFP-ChIP-Seq(GSE58341)/Homer
		144 of 472 (1e-3) ETS1(ETS)/Jurkat-ETS1-ChIP-Seq(GSE17954)/Homer
		145 of 472 (1e-3) GATA(Zf),IR4/iTreg-Gata3-ChIP-Seq(GSE20898)/Homer
		146 of 472 (1e-3) MafK(bZIP)/C2C12-MafK-ChIP-Seq(GSE36030)/Homer
		147 of 472 (1e-3) RUNX2(Runt)/PCa-RUNX2-ChIP-Seq(GSE33889)/Homer
		148 of 472 (1e-3) ZEB1(Zf)/PDAC-ZEB1-ChIP-Seq(GSE64557)/Homer
		149 of 472 (1e-3) KLF1(Zf)/HUDEP2-KLF1-CutnRun(GSE136251)/Homer
		150 of 472 (1e-3) ERG(ETS)/VCaP-ERG-ChIP-Seq(GSE14097)/Homer
		151 of 472 (1e-3) IRF2(IRF)/Erythroblas-IRF2-ChIP-Seq(GSE36985)/Homer
		152 of 472 (1e-3) Foxa3(Forkhead)/Liver-Foxa3-ChIP-Seq(GSE77670)/Homer
		153 of 472 (1e-3) Foxo3(Forkhead)/U2OS-Foxo3-ChIP-Seq(E-MTAB-2701)/Homer
		154 of 472 (1e-3) HEB(bHLH)/mES-Heb-ChIP-Seq(GSE53233)/Homer
		155 of 472 (1e-3) STAT5(Stat)/mCD4+-Stat5-ChIP-Seq(GSE12346)/Homer
		156 of 472 (1e-3) Elk1(ETS)/Hela-Elk1-ChIP-Seq(GSE31477)/Homer
		157 of 472 (1e-2) Pax7(Paired,Homeobox),long/Myoblast-Pax7-ChIP-Seq(GSE25064)/Homer
		158 of 472 (1e-2) ZBTB38(Zf)/Hela-ZBTB38-ChIP-seq(GSE108618)/Homer
		159 of 472 (1e-2) KLF5(Zf)/LoVo-KLF5-ChIP-Seq(GSE49402)/Homer
		160 of 472 (1e-2) Sox6(HMG)/Myotubes-Sox6-ChIP-Seq(GSE32627)/Homer
		161 of 472 (1e-2) Foxa2(Forkhead)/Liver-Foxa2-ChIP-Seq(GSE25694)/Homer
		162 of 472 (1e-2) ZBTB18(Zf)/HEK293-ZBTB18.GFP-ChIP-Seq(GSE58341)/Homer
		163 of 472 (1e-2) E2F7(E2F)/Hela-E2F7-ChIP-Seq(GSE32673)/Homer
		164 of 472 (1e-2) ARE(NR)/LNCAP-AR-ChIP-Seq(GSE27824)/Homer
		165 of 472 (1e-2) MYRF(MYRF)/CFPAC1-MYRF-ChIP-Seq(GSE145627)/Homer
		166 of 472 (1e-2) LHX9(Homeobox)/Hct116-LHX9.V5-ChIP-Seq(GSE116822)/Homer
		167 of 472 (1e-2) ISRE(IRF)/ThioMac-LPS-Expression(GSE23622)/Homer
		168 of 472 (1e-2) Hnf1(Homeobox)/Liver-Foxa2-Chip-Seq(GSE25694)/Homer
		169 of 472 (1e-2) Hoxd10(Homeobox)/ChickenMSG-Hoxd10.Flag-ChIP-Seq(GSE86088)/Homer
		170 of 472 (1e-2) T1ISRE(IRF)/ThioMac-Ifnb-Expression/Homer
		171 of 472 (1e-2) Sp2(Zf)/HEK293-Sp2.eGFP-ChIP-Seq(Encode)/Homer
		172 of 472 (1e-2) Hoxa10(Homeobox)/ChickenMSG-Hoxa10.Flag-ChIP-Seq(GSE86088)/Homer
		173 of 472 (1e-2) Etv2(ETS)/ES-ER71-ChIP-Seq(GSE59402)/Homer
		174 of 472 (1e-2) Sox3(HMG)/NPC-Sox3-ChIP-Seq(GSE33059)/Homer
		175 of 472 (1e-2) Six1(Homeobox)/Myoblast-Six1-ChIP-Chip(GSE20150)/Homer
		176 of 472 (1e-2) Nkx2.1(Homeobox)/LungAC-Nkx2.1-ChIP-Seq(GSE43252)/Homer
		177 of 472 (1e-2) TCFL2(HMG)/K562-TCF7L2-ChIP-Seq(GSE29196)/Homer
		178 of 472 (1e-2) CRX(Homeobox)/Retina-Crx-ChIP-Seq(GSE20012)/Homer
		179 of 472 (1e-2) Nkx3.1(Homeobox)/LNCaP-Nkx3.1-ChIP-Seq(GSE28264)/Homer
		180 of 472 (1e-2) CREB5(bZIP)/LNCaP-CREB5.V5-ChIP-Seq(GSE137775)/Homer
		181 of 472 (1e-2) TEAD(TEA)/Fibroblast-PU.1-ChIP-Seq(Unpublished)/Homer
		182 of 472 (1e-2) Hoxd13(Homeobox)/ChickenMSG-Hoxd13.Flag-ChIP-Seq(GSE86088)/Homer
	----------------------------------------------------------
	De novo motif finding (HOMER)

	Number of Trial motifs (-T) set to 8 (from 10) to work well with 8 CPUs
	Scanning input files...
	Parsing sequences...
	|0%                                   50%                                  100%|
	================================================================================
	Total number of Oligos: 32876
	Autoadjustment for sequence coverage in background: 1.00x

	Oligos: 32876 of 34497 max
	Tree  : 67068 of 172485 max
	Optimizing memory usage...
	Cache length = 11180
	Using binomial scoring

	Global Optimization Phase: Looking for enriched oligos with up to 2 mismatches...

	Screening oligos 32876 (allowing 0 mismatches):
	|0%                                   50%                                  100%|
	================================================================================
		0.08% skipped, 99.92% checked (32851 of 32876), of those checked:
		0.08% not in target, 0.00% increased p-value, 0.00% high p-value

	Screening oligos 32876 (allowing 1 mismatches):
	|0%                                   50%                                  100%|
	================================================================================
		0.08% skipped, 99.92% checked (32851 of 32876), of those checked:
		0.00% not in target, 58.45% increased p-value, 27.32% high p-value

	Screening oligos 32876 (allowing 2 mismatches):
	|0%                                   50%                                  100%|
	================================================================================
		70.28% skipped, 29.72% checked (9771 of 32876), of those checked:
		0.00% not in target, 27.55% increased p-value, 0.00% high p-value
	Reading input files...
	7413 total sequences read
	Cache length = 11180
	Using binomial scoring

	Local Optimization Phase:
	1 of 25 Initial Sequence: TAACATTT... (-420.460)
		Round 1: -420.46 TAACATTT T:172.0(2.75%),B:1.2(0.09%),P:1e-182
		Round 2: -420.46 TAACATTT T:172.0(2.75%),B:1.2(0.09%),P:1e-182
		=Final=: -421.05 TAACATTT T:169.0(2.74%),B:1.2(0.11%),P:1e-182
		Performing exhaustive masking of motif...
		Reprioritizing potential motifs...
	2 of 25 Initial Sequence: ATTATTCT... (-303.634)
		Round 1: -429.47 ATTATTCT T:341.0(5.38%),B:8.6(0.71%),P:1e-186
		Round 2: -530.23 ATTATTTG T:204.0(3.26%),B:2.2(0.18%),P:1e-230
		Round 3: -530.23 ATTATTTG T:204.0(3.26%),B:2.2(0.18%),P:1e-230
		=Final=: -403.47 ATTATTTG T:202.0(3.28%),B:2.2(0.20%),P:1e-175
		Performing exhaustive masking of motif...
		Reprioritizing potential motifs...
	3 of 25 Initial Sequence: CATATGGC... (-297.838)
		Round 1: -400.75 CATATGGC T:1943.0(27.04%),B:162.2(13.49%),P:1e-174
		Round 2: -400.75 CATATGGC T:1943.0(27.04%),B:162.2(13.49%),P:1e-174
		=Final=: -349.39 CATATGGC T:1476.0(23.95%),B:133.2(11.88%),P:1e-151
		Performing exhaustive masking of motif...
		Reprioritizing potential motifs...
	4 of 25 Initial Sequence: AATTATTC... (-281.318)
		Round 1: -503.63 AATTATTC T:274.0(4.35%),B:4.7(0.36%),P:1e-218
		Round 2: -503.63 AATTATTC T:274.0(4.35%),B:4.7(0.36%),P:1e-218
		=Final=: -417.50 AATTATTC T:262.0(4.25%),B:4.7(0.42%),P:1e-181
		Performing exhaustive masking of motif...
		Reprioritizing potential motifs...
	5 of 25 Initial Sequence: AGTAAATA... (-278.162)
		Round 1: -374.91 AGTAAATA T:294.0(4.66%),B:7.2(0.62%),P:1e-162
		Round 2: -374.91 AGTAAATA T:294.0(4.66%),B:7.2(0.62%),P:1e-162
		=Final=: -324.58 AGTAAATA T:281.0(4.56%),B:7.2(0.64%),P:1e-140
		Performing exhaustive masking of motif...
		Reprioritizing potential motifs...
	6 of 25 Initial Sequence: TTCTTACA... (-257.390)
		Round 1: -325.08 TTCTTACA T:250.0(3.98%),B:6.4(0.54%),P:1e-141
		Round 2: -379.35 TACTTATA T:253.0(4.02%),B:5.6(0.45%),P:1e-164
		Round 3: -729.05 TACTBATA T:259.0(4.12%),B:2.5(0.18%),P:1e-316
		Round 4: -729.05 TACTBATA T:259.0(4.12%),B:2.5(0.18%),P:1e-316
		=Final=: -550.31 TACTBATA T:250.0(4.06%),B:2.5(0.22%),P:1e-238
		Performing exhaustive masking of motif...
		Reprioritizing potential motifs...
	7 of 25 Initial Sequence: CTACTTTC... (-256.297)
		Round 1: -256.30 CTACTTTC T:121.0(1.94%),B:2.5(0.18%),P:1e-111
		Round 2: -256.30 CTACTTTC T:121.0(1.94%),B:2.5(0.18%),P:1e-111
		=Final=: -174.78 CTACTTTC T:117.0(1.90%),B:2.5(0.22%),P:1e-75
		Performing exhaustive masking of motif...
		Reprioritizing potential motifs...
	8 of 25 Initial Sequence: TTCTATGG... (-250.125)
		Round 1: -300.42 TTCTATGG T:135.0(2.17%),B:2.4(0.18%),P:1e-130
		Round 2: -300.42 TTCTATGG T:135.0(2.17%),B:2.4(0.18%),P:1e-130
		=Final=: -201.54 TTCTATGG T:128.0(2.08%),B:2.4(0.22%),P:1e-87
		Performing exhaustive masking of motif...
		Reprioritizing potential motifs...
	9 of 25 Initial Sequence: AATGACTG... (-249.513)
		Round 1: -291.76 AATGACTG T:271.0(4.30%),B:8.9(0.71%),P:1e-126
		Round 2: -291.76 AATGACTG T:271.0(4.30%),B:8.9(0.71%),P:1e-126
		=Final=: -249.71 AATGACTG T:258.0(4.19%),B:8.9(0.79%),P:1e-108
		Performing exhaustive masking of motif...
		Reprioritizing potential motifs...
	10 of 25 Initial Sequence: AGCAACAC... (-243.988)
		Round 1: -301.11 AGCAACAC T:196.0(3.13%),B:4.5(0.36%),P:1e-130
		Round 2: -301.11 AGCAACAC T:196.0(3.13%),B:4.5(0.36%),P:1e-130
		=Final=: -260.65 AGCAACAC T:196.0(3.18%),B:4.5(0.40%),P:1e-113
		Performing exhaustive masking of motif...
		Reprioritizing potential motifs...
	11 of 25 Initial Sequence: TAGTTTTG... (-240.933)
		Round 1: -382.86 TAGTTTTG T:161.0(2.58%),B:1.8(0.09%),P:1e-166
		Round 2: -472.90 TAGTTACG T:187.0(2.99%),B:3.0(0.18%),P:1e-205
		Round 3: -472.90 TAGTTACG T:187.0(2.99%),B:3.0(0.18%),P:1e-205
		=Final=: -421.05 TAGTTACG T:169.0(2.74%),B:1.8(0.16%),P:1e-182
		Performing exhaustive masking of motif...
		Reprioritizing potential motifs...
	12 of 25 Initial Sequence: AACAACCA... (-225.792)
		Round 1: -225.79 AACAACCA T:110.0(1.77%),B:2.4(0.18%),P:1e-98
		Round 2: -225.79 AACAACCA T:110.0(1.77%),B:2.4(0.18%),P:1e-98
		=Final=: -151.35 AACAACCA T:107.0(1.74%),B:2.4(0.22%),P:1e-65
		Performing exhaustive masking of motif...
		Reprioritizing potential motifs...
	13 of 25 Initial Sequence: AAGATAAT... (-222.791)
		Round 1: -795.39 AAGATAAT T:277.0(4.40%),B:2.6(0.18%),P:1e-345
		Round 2: -795.39 AAGATAAT T:277.0(4.40%),B:2.6(0.18%),P:1e-345
		=Final=: -614.43 AAGATAAT T:270.0(4.38%),B:2.6(0.23%),P:1e-266
		Performing exhaustive masking of motif...
		Reprioritizing potential motifs...
	14 of 25 Initial Sequence: TGCACATT... (-219.833)
		Round 1: -568.91 TGCACATT T:1547.0(22.20%),B:97.6(8.31%),P:1e-247
		Round 2: -568.91 TGCACATT T:1547.0(22.20%),B:97.6(8.31%),P:1e-247
		=Final=: -518.27 TGCACATT T:1277.0(20.72%),B:87.8(7.83%),P:1e-225
		Performing exhaustive masking of motif...
		Reprioritizing potential motifs...
	15 of 25 Initial Sequence: AATACAAT... (-216.818)
		Round 1: -450.49 AATACAAT T:222.0(3.54%),B:3.6(0.27%),P:1e-195
		Round 2: -450.49 AATACAAT T:222.0(3.54%),B:3.6(0.27%),P:1e-195
		=Final=: -360.30 AATACAAT T:215.0(3.49%),B:3.6(0.33%),P:1e-156
		Performing exhaustive masking of motif...
		Reprioritizing potential motifs...
	16 of 25 Initial Sequence: AGTCTGTA... (-210.883)
		Round 1: -215.18 AGTCTGTA T:213.0(3.40%),B:7.4(0.62%),P:1e-93
		Round 2: -215.18 AGTCTGTA T:213.0(3.40%),B:7.4(0.62%),P:1e-93
		=Final=: -192.36 AGTCTGTA T:211.0(3.42%),B:7.4(0.66%),P:1e-83
		Performing exhaustive masking of motif...
		Reprioritizing potential motifs...
	17 of 25 Initial Sequence: CATTTACT... (-207.930)
		Round 1: -240.93 CATTTACT T:116.0(1.86%),B:2.0(0.18%),P:1e-104
		Round 2: -240.93 CATTTACT T:116.0(1.86%),B:2.0(0.18%),P:1e-104
		=Final=: -211.24 CATTTACT T:104.0(1.69%),B:1.8(0.16%),P:1e-91
		Performing exhaustive masking of motif...
		Reprioritizing potential motifs...
	18 of 25 Initial Sequence: ATAGAATG... (-207.930)
		Round 1: -247.74 ATAGAATG T:231.0(3.68%),B:7.4(0.62%),P:1e-107
		Round 2: -268.93 ATCGAATA T:204.0(3.26%),B:5.7(0.45%),P:1e-116
		Round 3: -268.93 ATCGAATA T:204.0(3.26%),B:5.7(0.45%),P:1e-116
		=Final=: -222.23 ATCGAATA T:196.0(3.18%),B:5.7(0.50%),P:1e-96
		Performing exhaustive masking of motif...
		Reprioritizing potential motifs...
	19 of 25 Initial Sequence: TGTAGACT... (-202.054)
		Round 1: -264.49 TGTAGACT T:180.0(2.88%),B:5.0(0.36%),P:1e-114
		Round 2: -264.49 TGTAGACT T:180.0(2.88%),B:5.0(0.36%),P:1e-114
		=Final=: -217.35 TGTAGACT T:176.0(2.86%),B:5.0(0.44%),P:1e-94
		Performing exhaustive masking of motif...
		Reprioritizing potential motifs...
	20 of 25 Initial Sequence: ACTTTCAA... (-199.130)
		Round 1: -483.80 ACTTTCAA T:512.0(7.97%),B:16.7(1.42%),P:1e-210
		Round 2: -483.80 ACTTTCAA T:512.0(7.97%),B:16.7(1.42%),P:1e-210
		=Final=: -439.16 ACTTTCAA T:480.0(7.79%),B:16.4(1.46%),P:1e-190
		Performing exhaustive masking of motif...
		Reprioritizing potential motifs...
	21 of 25 Initial Sequence: GTAAAATA... (-193.737)
		Round 1: -317.98 GTAAAATA T:335.0(5.29%),B:11.1(0.98%),P:1e-138
		Round 2: -461.17 GCAKAATA T:1499.0(21.59%),B:104.9(8.89%),P:1e-200
		Round 3: -461.17 GCAKAATA T:1499.0(21.59%),B:104.9(8.89%),P:1e-200
		=Final=: -442.25 GCAKAATA T:1317.0(21.37%),B:100.1(8.93%),P:1e-192
		Performing exhaustive masking of motif...
		Reprioritizing potential motifs...
	22 of 25 Initial Sequence: ATATTCCA... (-184.668)
		Round 1: -515.26 ATATTCCA T:381.0(6.00%),B:8.6(0.71%),P:1e-223
		Round 2: -515.26 ATATTCCA T:381.0(6.00%),B:8.6(0.71%),P:1e-223
		=Final=: -452.83 ATATTCCA T:360.0(5.84%),B:8.6(0.77%),P:1e-196
		Performing exhaustive masking of motif...
		Reprioritizing potential motifs...
	23 of 25 Initial Sequence: ATCTTTTC... (-184.307)
		Round 1: -257.82 ATCTTTTC T:199.0(3.18%),B:5.7(0.45%),P:1e-111
		Round 2: -257.82 ATCTTTTC T:199.0(3.18%),B:5.7(0.45%),P:1e-111
		=Final=: -222.23 ATCTTTTC T:196.0(3.18%),B:5.7(0.51%),P:1e-96
		Performing exhaustive masking of motif...
		Reprioritizing potential motifs...
	24 of 25 Initial Sequence: TCATTTGA... (-184.000)
		Round 1: -259.70 TCATTTGA T:178.0(2.85%),B:4.9(0.36%),P:1e-112
		Round 2: -259.70 TCATTTGA T:178.0(2.85%),B:4.9(0.36%),P:1e-112
		=Final=: -217.35 TCATTTGA T:176.0(2.86%),B:4.9(0.44%),P:1e-94
		Performing exhaustive masking of motif...
		Reprioritizing potential motifs...
	25 of 25 Initial Sequence: AGGGTGAT... (-181.807)
		Round 1: -181.81 AGGGTGAT T:95.0(1.53%),B:2.9(0.18%),P:1e-78
		Round 2: -181.81 AGGGTGAT T:95.0(1.53%),B:2.9(0.18%),P:1e-78
		=Final=: -120.17 AGGGTGAT T:93.0(1.51%),B:2.9(0.26%),P:1e-52
		Performing exhaustive masking of motif...
		Reprioritizing potential motifs...

	Finalizing Enrichment Statistics (new in v3.4)
	Reading input files...
	7413 total sequences read
	Cache length = 11180
	Using binomial scoring
	Checking enrichment of 25 motif(s)
	|0%                                    50%                                  100%|
	=================================================================================
	Output in file: /expanse/lustre/projects/csd940/zalibhai/mariner_hi-c/biomodal/downstream/results/homer_motif_enrichment/B1_k119ub_gained_vs_lost/homerMotifs.motifs8


	Number of Trial motifs (-T) set to 8 (from 10) to work well with 8 CPUs
	Scanning input files...
	Parsing sequences...
	|0%                                   50%                                  100%|
	================================================================================
	Total number of Oligos: 440658
	Autoadjustment for sequence coverage in background: 1.00x

	Oligos: 440658 of 551887 max
	Tree  : 928292 of 2759435 max
	Optimizing memory usage...
	Cache length = 11180
	Using binomial scoring

	Global Optimization Phase: Looking for enriched oligos with up to 2 mismatches...

	Screening oligos 440658 (allowing 0 mismatches):
	|0%                                   50%                                  100%|
	================================================================================
		4.57% skipped, 95.43% checked (420518 of 440658), of those checked:
		4.57% not in target, 0.00% increased p-value, 0.00% high p-value

	Screening oligos 440658 (allowing 1 mismatches):
	|0%                                   50%                                  100%|
	================================================================================
		4.57% skipped, 95.43% checked (420518 of 440658), of those checked:
		0.00% not in target, 30.62% increased p-value, 36.44% high p-value

	Screening oligos 440658 (allowing 2 mismatches):
	|0%                                   50%                                  100%|
	================================================================================
		50.55% skipped, 49.45% checked (217893 of 440658), of those checked:
		0.00% not in target, 38.05% increased p-value, 0.00% high p-value
	Reading input files...
	7413 total sequences read
	Cache length = 11180
	Using binomial scoring

	Local Optimization Phase:
	1 of 25 Initial Sequence: AATGTCATAA... (-675.299)
		Round 1: -771.85 AATGTCATAA T:270.0(4.29%),B:2.4(0.18%),P:1e-335
		Round 2: -771.85 AATGTCATAA T:270.0(4.29%),B:2.4(0.18%),P:1e-335
		=Final=: -588.59 AATGTCATAA T:262.0(4.25%),B:2.4(0.21%),P:1e-255
		Performing exhaustive masking of motif...
		Reprioritizing potential motifs...
	2 of 25 Initial Sequence: CATATAATAA... (-530.227)
		Round 1: -530.23 CATATAATAA T:204.0(3.26%),B:2.6(0.18%),P:1e-230
		Round 2: -530.23 CATATAATAA T:204.0(3.26%),B:2.6(0.18%),P:1e-230
		=Final=: -388.81 CATATAATAA T:197.0(3.20%),B:2.6(0.24%),P:1e-168
		Performing exhaustive masking of motif...
		Reprioritizing potential motifs...
	3 of 25 Initial Sequence: GAATAATAAG... (-533.854)
		Round 1: -533.85 GAATAATAAG T:205.0(3.27%),B:2.8(0.18%),P:1e-231
		Round 2: -533.85 GAATAATAAG T:205.0(3.27%),B:2.8(0.18%),P:1e-231
		=Final=: -400.53 GAATAATAAG T:201.0(3.26%),B:2.8(0.25%),P:1e-173
		Performing exhaustive masking of motif...
		Reprioritizing potential motifs...
	4 of 25 Initial Sequence: ACTACATATT... (-487.105)
		Round 1: -862.86 ACTACATATT T:294.0(4.66%),B:2.3(0.18%),P:1e-374
		Round 2: -862.86 ACTACATATT T:294.0(4.66%),B:2.3(0.18%),P:1e-374
		=Final=: -695.25 ACTACATATT T:244.0(3.96%),B:1.3(0.11%),P:1e-301
		Performing exhaustive masking of motif...
		Reprioritizing potential motifs...
	5 of 25 Initial Sequence: ACAGTTATAA... (-458.791)
		Round 1: -458.79 ACAGTTATAA T:183.0(2.93%),B:2.6(0.18%),P:1e-199
		Round 2: -458.79 ACAGTTATAA T:183.0(2.93%),B:2.6(0.18%),P:1e-199
		=Final=: -339.96 ACAGTTATAA T:180.0(2.92%),B:2.6(0.23%),P:1e-147
		Performing exhaustive masking of motif...
		Reprioritizing potential motifs...
	6 of 25 Initial Sequence: ATTGTAAGTT... (-441.280)
		Round 1: -441.28 ATTGTAAGTT T:178.0(2.85%),B:2.3(0.18%),P:1e-191
		Round 2: -441.28 ATTGTAAGTT T:178.0(2.85%),B:2.3(0.18%),P:1e-191
		=Final=: -323.11 ATTGTAAGTT T:174.0(2.82%),B:2.3(0.20%),P:1e-140
		Performing exhaustive masking of motif...
		Reprioritizing potential motifs...
	7 of 25 Initial Sequence: ACAATATTAT... (-406.701)
		Round 1: -406.70 ACAATATTAT T:168.0(2.69%),B:2.9(0.18%),P:1e-176
		Round 2: -406.70 ACAATATTAT T:168.0(2.69%),B:2.9(0.18%),P:1e-176
		=Final=: -295.49 ACAATATTAT T:164.0(2.66%),B:2.9(0.26%),P:1e-128
		Performing exhaustive masking of motif...
		Reprioritizing potential motifs...
	8 of 25 Initial Sequence: AGATACTTAT... (-406.701)
		Round 1: -530.23 AGATACTTAT T:204.0(3.26%),B:1.8(0.09%),P:1e-230
		Round 2: -530.23 AGATACTTAT T:204.0(3.26%),B:1.8(0.09%),P:1e-230
		=Final=: -527.30 AGATACTTAT T:199.0(3.23%),B:1.8(0.16%),P:1e-229
		Performing exhaustive masking of motif...
		Reprioritizing potential motifs...
	9 of 25 Initial Sequence: TTGATAGTTT... (-403.277)
		Round 1: -403.28 TTGATAGTTT T:167.0(2.67%),B:2.4(0.18%),P:1e-175
		Round 2: -403.28 TTGATAGTTT T:167.0(2.67%),B:2.4(0.18%),P:1e-175
		=Final=: -287.33 TTGATAGTTT T:161.0(2.61%),B:2.4(0.21%),P:1e-124
		Performing exhaustive masking of motif...
		Reprioritizing potential motifs...
	10 of 25 Initial Sequence: TTGCCATATG... (-391.679)
		Round 1: -515.77 TTGCCATATG T:200.0(3.19%),B:2.9(0.18%),P:1e-223
		Round 2: -652.52 TTGCCATATG T:238.0(3.79%),B:3.0(0.18%),P:1e-283
		Round 3: -652.52 TTGCCATATG T:238.0(3.79%),B:3.0(0.18%),P:1e-283
		=Final=: -481.70 TTGCCATATG T:228.0(3.70%),B:2.4(0.21%),P:1e-209
		Performing exhaustive masking of motif...
		Reprioritizing potential motifs...
	11 of 25 Initial Sequence: ATTATTCCAT... (-376.111)
		Round 1: -389.64 ATTATTCCAT T:163.0(2.61%),B:2.6(0.18%),P:1e-169
		Round 2: -389.64 ATTATTCCAT T:163.0(2.61%),B:2.6(0.18%),P:1e-169
		=Final=: -313.78 ATTATTCCAT T:137.0(2.22%),B:1.9(0.17%),P:1e-136
		Performing exhaustive masking of motif...
		Reprioritizing potential motifs...
	12 of 25 Initial Sequence: GTTGTTAATA... (-373.633)
		Round 1: -373.63 GTTGTTAATA T:196.0(3.13%),B:3.3(0.27%),P:1e-162
		Round 2: -373.63 GTTGTTAATA T:196.0(3.13%),B:3.3(0.27%),P:1e-162
		=Final=: -368.51 GTTGTTAATA T:190.0(3.08%),B:2.6(0.23%),P:1e-160
		Performing exhaustive masking of motif...
		Reprioritizing potential motifs...
	13 of 25 Initial Sequence: GAATGACTAT... (-369.384)
		Round 1: -381.92 GAATGACTAT T:277.0(4.40%),B:6.6(0.54%),P:1e-165
		Round 2: -381.92 GAATGACTAT T:277.0(4.40%),B:6.6(0.54%),P:1e-165
		=Final=: -332.41 GAATGACTAT T:267.0(4.33%),B:6.6(0.59%),P:1e-144
		Performing exhaustive masking of motif...
		Reprioritizing potential motifs...
	14 of 25 Initial Sequence: ATAAAACCAA... (-369.329)
		Round 1: -504.98 ATAAAACCAA T:197.0(3.15%),B:2.8(0.18%),P:1e-219
		Round 2: -504.98 ATAAAACCAA T:197.0(3.15%),B:2.8(0.18%),P:1e-219
		=Final=: -365.63 ATAAAACCAA T:189.0(3.07%),B:2.8(0.25%),P:1e-158
		Performing exhaustive masking of motif...
		Reprioritizing potential motifs...
	15 of 25 Initial Sequence: CTATTTACTA... (-362.683)
		Round 1: -641.19 CTATTTACTA T:235.0(3.74%),B:2.8(0.18%),P:1e-278
		Round 2: -641.19 CTATTTACTA T:235.0(3.74%),B:2.8(0.18%),P:1e-278
		=Final=: -481.70 CTATTTACTA T:228.0(3.70%),B:2.8(0.25%),P:1e-209
		Performing exhaustive masking of motif...
		Reprioritizing potential motifs...
	16 of 25 Initial Sequence: TATGGATTAT... (-359.343)
		Round 1: -458.79 TATGGATTAT T:183.0(2.93%),B:2.0(0.18%),P:1e-199
		Round 2: -458.79 TATGGATTAT T:183.0(2.93%),B:2.0(0.18%),P:1e-199
		=Final=: -331.51 TATGGATTAT T:177.0(2.87%),B:2.0(0.18%),P:1e-143
		Performing exhaustive masking of motif...
		Reprioritizing potential motifs...
	17 of 25 Initial Sequence: AATGATTGGC... (-359.343)
		Round 1: -458.79 AATGATTGGC T:183.0(2.93%),B:2.8(0.18%),P:1e-199
		Round 2: -458.79 AATGATTGGC T:183.0(2.93%),B:2.8(0.18%),P:1e-199
		=Final=: -339.96 AATGATTGGC T:180.0(2.92%),B:2.8(0.25%),P:1e-147
		Performing exhaustive masking of motif...
		Reprioritizing potential motifs...
	18 of 25 Initial Sequence: AAAGAGTACA... (-345.405)
		Round 1: -345.41 AAAGAGTACA T:238.0(3.79%),B:5.5(0.45%),P:1e-150
		Round 2: -345.41 AAAGAGTACA T:238.0(3.79%),B:5.5(0.45%),P:1e-150
		=Final=: -299.46 AAAGAGTACA T:233.0(3.78%),B:5.5(0.49%),P:1e-130
		Performing exhaustive masking of motif...
		Reprioritizing potential motifs...
	19 of 25 Initial Sequence: ATTGAGTTAA... (-336.154)
		Round 1: -458.79 ATTGAGTTAA T:183.0(2.93%),B:3.0(0.18%),P:1e-199
		Round 2: -458.79 ATTGAGTTAA T:183.0(2.93%),B:3.0(0.18%),P:1e-199
		=Final=: -342.79 ATTGAGTTAA T:181.0(2.94%),B:3.0(0.26%),P:1e-148
		Performing exhaustive masking of motif...
		Reprioritizing potential motifs...
	20 of 25 Initial Sequence: TCATATTGTA... (-332.870)
		Round 1: -332.87 TCATATTGTA T:145.0(2.33%),B:2.3(0.18%),P:1e-144
		Round 2: -332.87 TCATATTGTA T:145.0(2.33%),B:2.3(0.18%),P:1e-144
		=Final=: -244.78 TCATATTGTA T:145.0(2.35%),B:2.3(0.21%),P:1e-106
		Performing exhaustive masking of motif...
		Reprioritizing potential motifs...
	21 of 25 Initial Sequence: TGAATGTAAC... (-329.592)
		Round 1: -329.59 TGAATGTAAC T:144.0(2.31%),B:2.9(0.18%),P:1e-143
		Round 2: -329.59 TGAATGTAAC T:144.0(2.31%),B:2.9(0.18%),P:1e-143
		=Final=: -236.99 TGAATGTAAC T:142.0(2.30%),B:2.6(0.23%),P:1e-102
		Performing exhaustive masking of motif...
		Reprioritizing potential motifs...
	22 of 25 Initial Sequence: GTTAAAACAT... (-328.755)
		Round 1: -346.05 GTTAAAACAT T:149.0(2.39%),B:2.4(0.18%),P:1e-150
		Round 2: -346.05 GTTAAAACAT T:149.0(2.39%),B:2.4(0.18%),P:1e-150
		=Final=: -294.47 GTTAAAACAT T:131.0(2.13%),B:1.0(0.09%),P:1e-127
		Performing exhaustive masking of motif...
		Reprioritizing potential motifs...
	23 of 25 Initial Sequence: ATATTGCTAT... (-323.058)
		Round 1: -504.98 ATATTGCTAT T:197.0(3.15%),B:1.9(0.09%),P:1e-219
		Round 2: -504.98 ATATTGCTAT T:197.0(3.15%),B:1.9(0.09%),P:1e-219
		=Final=: -498.48 ATATTGCTAT T:191.0(3.10%),B:1.9(0.17%),P:1e-216
		Performing exhaustive masking of motif...
		Reprioritizing potential motifs...
	24 of 25 Initial Sequence: TTACATAACT... (-308.659)
		Round 1: -342.74 TTACATAACT T:148.0(2.37%),B:2.8(0.18%),P:1e-148
		Round 2: -342.74 TTACATAACT T:148.0(2.37%),B:2.8(0.18%),P:1e-148
		=Final=: -244.78 TTACATAACT T:145.0(2.35%),B:2.8(0.25%),P:1e-106
		Performing exhaustive masking of motif...
		Reprioritizing potential motifs...
	25 of 25 Initial Sequence: ATCAACTAAT... (-306.852)
		Round 1: -306.85 ATCAACTAAT T:137.0(2.20%),B:2.2(0.18%),P:1e-133
		Round 2: -306.85 ATCAACTAAT T:137.0(2.20%),B:2.2(0.18%),P:1e-133
		=Final=: -214.03 ATCAACTAAT T:133.0(2.16%),B:2.2(0.19%),P:1e-92
		Performing exhaustive masking of motif...
		Reprioritizing potential motifs...

	Finalizing Enrichment Statistics (new in v3.4)
	Reading input files...
	7413 total sequences read
	Cache length = 11180
	Using binomial scoring
	Checking enrichment of 25 motif(s)
	|0%                                    50%                                  100%|
	=================================================================================
	Output in file: /expanse/lustre/projects/csd940/zalibhai/mariner_hi-c/biomodal/downstream/results/homer_motif_enrichment/B1_k119ub_gained_vs_lost/homerMotifs.motifs10


	Number of Trial motifs (-T) set to 8 (from 10) to work well with 8 CPUs
	-blen automatically set to 2
	Scanning input files...
	Parsing sequences...
	|0%                                   50%                                  100%|
	================================================================================
	Total number of Oligos: 2021407
	Autoadjustment for sequence coverage in background: 1.00x

	Oligos: 2021407 of 2883657 max
	Tree  : 4970244 of 14418285 max
	Optimizing memory usage...
	Cache length = 11180
	Using binomial scoring

	Global Optimization Phase: Looking for enriched oligos with up to 2 mismatches...

	Screening oligos 2021407 (allowing 0 mismatches):
	|0%                                   50%                                  100%|
	================================================================================
		12.94% skipped, 87.06% checked (1759770 of 2021407), of those checked:
		12.94% not in target, 0.00% increased p-value, 0.00% high p-value

	Screening oligos 2021407 (allowing 1 mismatches):
	|0%                                   50%                                  100%|
	================================================================================
		12.94% skipped, 87.06% checked (1759770 of 2021407), of those checked:
		0.00% not in target, 11.40% increased p-value, 32.93% high p-value

	Screening oligos 2021407 (allowing 2 mismatches):
	|0%                                   50%                                  100%|
	================================================================================
		45.88% skipped, 54.12% checked (1093986 of 2021407), of those checked:
		0.00% not in target, 35.89% increased p-value, 0.08% high p-value
	Reading input files...
	7413 total sequences read
	Cache length = 11180
	Using binomial scoring

	Local Optimization Phase:
	1 of 25 Initial Sequence: AATAATTATACC... (-614.918)
		Round 1: -618.66 AATAATTATACC T:229.0(3.65%),B:1.8(0.09%),P:1e-268
		Round 2: -618.66 AATAATTATACC T:229.0(3.65%),B:1.8(0.09%),P:1e-268
		=Final=: -571.14 AATAATTATACC T:211.0(3.42%),B:1.6(0.14%),P:1e-248
		Performing exhaustive masking of motif...
		Reprioritizing potential motifs...
	2 of 25 Initial Sequence: ATTATGCTTCAC... (-555.727)
		Round 1: -565.31 ATTATGCTTCAC T:261.0(4.15%),B:4.0(0.27%),P:1e-245
		Round 2: -565.31 ATTATGCTTCAC T:261.0(4.15%),B:4.0(0.27%),P:1e-245
		=Final=: -473.62 ATTATGCTTCAC T:257.0(4.17%),B:4.0(0.35%),P:1e-205
		Performing exhaustive masking of motif...
		Reprioritizing potential motifs...
	3 of 25 Initial Sequence: AGTATAATACAT... (-519.375)
		Round 1: -886.92 AGTATAATACAT T:301.0(4.77%),B:1.3(0.09%),P:1e-385
		Round 2: -886.92 AGTATAATACAT T:301.0(4.77%),B:1.3(0.09%),P:1e-385
		=Final=: -847.88 AGTATAATACAT T:283.0(4.59%),B:1.3(0.12%),P:1e-368
		Performing exhaustive masking of motif...
		Reprioritizing potential motifs...
	4 of 25 Initial Sequence: ATATTCCAATGT... (-500.807)
		Round 1: -596.29 ATATTCCAATGT T:222.0(3.54%),B:2.8(0.18%),P:1e-258
		Round 2: -596.29 ATATTCCAATGT T:222.0(3.54%),B:2.8(0.18%),P:1e-258
		=Final=: -448.21 ATATTCCAATGT T:217.0(3.52%),B:2.8(0.25%),P:1e-194
		Performing exhaustive masking of motif...
		Reprioritizing potential motifs...
	5 of 25 Initial Sequence: TATCATGATTAT... (-490.142)
		Round 1: -947.65 TATCATGATTAT T:316.0(5.00%),B:2.8(0.18%),P:1e-411
		Round 2: -947.65 TATCATGATTAT T:316.0(5.00%),B:2.8(0.18%),P:1e-411
		=Final=: -693.42 TATCATGATTAT T:294.0(4.77%),B:2.8(0.25%),P:1e-301
		Performing exhaustive masking of motif...
		Reprioritizing potential motifs...
	6 of 25 Initial Sequence: TGTTCATTCCGT... (-483.546)
		Round 1: -483.55 TGTTCATTCCGT T:190.0(3.04%),B:2.7(0.18%),P:1e-210
		Round 2: -483.55 TGTTCATTCCGT T:190.0(3.04%),B:2.7(0.18%),P:1e-210
		=Final=: -365.63 TGTTCATTCCGT T:189.0(3.07%),B:2.7(0.24%),P:1e-158
		Performing exhaustive masking of motif...
		Reprioritizing potential motifs...
	7 of 25 Initial Sequence: CCTTATGATATG... (-444.771)
		Round 1: -444.77 CCTTATGATATG T:179.0(2.86%),B:1.6(0.09%),P:1e-193
		Round 2: -444.77 CCTTATGATATG T:179.0(2.86%),B:1.6(0.09%),P:1e-193
		=Final=: -448.88 CCTTATGATATG T:177.0(2.87%),B:1.6(0.14%),P:1e-194
		Performing exhaustive masking of motif...
		Reprioritizing potential motifs...
	8 of 25 Initial Sequence: TAAGTAGAGTAT... (-437.795)
		Round 1: -504.98 TAAGTAGAGTAT T:197.0(3.15%),B:2.9(0.18%),P:1e-219
		Round 2: -504.98 TAAGTAGAGTAT T:197.0(3.15%),B:2.9(0.18%),P:1e-219
		=Final=: -380.08 TAAGTAGAGTAT T:194.0(3.15%),B:2.9(0.26%),P:1e-165
		Performing exhaustive masking of motif...
		Reprioritizing potential motifs...
	9 of 25 Initial Sequence: ATAATAATGGTG... (-417.558)
		Round 1: -548.42 ATAATAATGGTG T:209.0(3.33%),B:2.1(0.18%),P:1e-238
		Round 2: -548.42 ATAATAATGGTG T:209.0(3.33%),B:2.1(0.18%),P:1e-238
		=Final=: -473.54 ATAATAATGGTG T:184.0(2.99%),B:1.9(0.17%),P:1e-205
		Performing exhaustive masking of motif...
		Reprioritizing potential motifs...
	10 of 25 Initial Sequence: GTTATGTAATAG... (-410.132)
		Round 1: -494.24 GTTATGTAATAG T:193.0(3.08%),B:2.9(0.18%),P:1e-214
		Round 2: -494.24 GTTATGTAATAG T:193.0(3.08%),B:2.9(0.18%),P:1e-214
		=Final=: -374.28 GTTATGTAATAG T:192.0(3.12%),B:2.9(0.26%),P:1e-162
		Performing exhaustive masking of motif...
		Reprioritizing potential motifs...
	11 of 25 Initial Sequence: TATTATGCCATG... (-399.859)
		Round 1: -399.86 TATTATGCCATG T:166.0(2.66%),B:2.6(0.18%),P:1e-173
		Round 2: -399.86 TATTATGCCATG T:166.0(2.66%),B:2.6(0.18%),P:1e-173
		=Final=: -303.71 TATTATGCCATG T:167.0(2.71%),B:2.6(0.23%),P:1e-131
		Performing exhaustive masking of motif...
		Reprioritizing potential motifs...
	12 of 25 Initial Sequence: AGTTAGGATATA... (-393.042)
		Round 1: -479.99 AGTTAGGATATA T:189.0(3.02%),B:3.0(0.18%),P:1e-208
		Round 2: -479.99 AGTTAGGATATA T:189.0(3.02%),B:3.0(0.18%),P:1e-208
		=Final=: -357.02 AGTTAGGATATA T:186.0(3.02%),B:3.0(0.27%),P:1e-155
		Performing exhaustive masking of motif...
		Reprioritizing potential motifs...
	13 of 25 Initial Sequence: TGTATAGAATTT... (-388.451)
		Round 1: -713.61 TGTATAGAATTT T:255.0(4.05%),B:2.5(0.18%),P:1e-309
		Round 2: -713.61 TGTATAGAATTT T:255.0(4.05%),B:2.5(0.18%),P:1e-309
		=Final=: -531.39 TGTATAGAATTT T:244.0(3.96%),B:2.5(0.22%),P:1e-230
		Performing exhaustive masking of motif...
		Reprioritizing potential motifs...
	14 of 25 Initial Sequence: TTTTCATATACG... (-376.111)
		Round 1: -376.11 TTTTCATATACG T:158.0(2.53%),B:2.9(0.18%),P:1e-163
		Round 2: -376.11 TTTTCATATACG T:158.0(2.53%),B:2.9(0.18%),P:1e-163
		=Final=: -273.85 TTTTCATATACG T:156.0(2.53%),B:2.9(0.26%),P:1e-118
		Performing exhaustive masking of motif...
		Reprioritizing potential motifs...
	15 of 25 Initial Sequence: TAATTGATGTTC... (-375.267)
		Round 1: -487.06 TAATTGATGTTC T:235.0(3.74%),B:3.2(0.27%),P:1e-211
		Round 2: -487.06 TAATTGATGTTC T:235.0(3.74%),B:3.2(0.27%),P:1e-211
		=Final=: -402.55 TAATTGATGTTC T:231.0(3.75%),B:3.2(0.28%),P:1e-174
		Performing exhaustive masking of motif...
		Reprioritizing potential motifs...
	16 of 25 Initial Sequence: TAACTGTATGCA... (-370.021)
		Round 1: -391.12 TAACTGTATGCA T:232.0(3.69%),B:4.8(0.36%),P:1e-169
		Round 2: -391.12 TAACTGTATGCA T:232.0(3.69%),B:4.8(0.36%),P:1e-169
		=Final=: -322.41 TAACTGTATGCA T:223.0(3.62%),B:4.8(0.43%),P:1e-140
		Performing exhaustive masking of motif...
		Reprioritizing potential motifs...
	17 of 25 Initial Sequence: TAGTAAATATCC... (-362.120)
		Round 1: -540.56 TAGTAAATATCC T:345.0(5.44%),B:6.9(0.54%),P:1e-234
		Round 2: -552.27 YAGTAAATATCC T:292.0(4.63%),B:4.9(0.36%),P:1e-239
		Round 3: -559.39 MWGTAAATATCC T:212.0(3.38%),B:2.8(0.18%),P:1e-242
		Round 4: -559.39 MWGTAAATATCC T:212.0(3.38%),B:2.8(0.18%),P:1e-242
		=Final=: -406.42 MWGTAAATATCC T:203.0(3.29%),B:2.8(0.25%),P:1e-176
		Performing exhaustive masking of motif...
		Reprioritizing potential motifs...
	18 of 25 Initial Sequence: ATGTAGAATACT... (-356.987)
		Round 1: -555.73 ATGTAGAATACT T:211.0(3.37%),B:3.0(0.18%),P:1e-241
		Round 2: -555.73 ATGTAGAATACT T:211.0(3.37%),B:3.0(0.18%),P:1e-241
		=Final=: -541.83 ATGTAGAATACT T:203.0(3.29%),B:1.3(0.12%),P:1e-235
		Performing exhaustive masking of motif...
		Reprioritizing potential motifs...
	19 of 25 Initial Sequence: CTAATATTAGGA... (-353.542)
		Round 1: -736.01 CTAATATTAGGA T:315.0(4.98%),B:3.7(0.27%),P:1e-319
		Round 2: -854.86 CTAATATTAGGA T:292.0(4.63%),B:2.9(0.18%),P:1e-371
		Round 3: -854.86 CTAATATTAGGA T:292.0(4.63%),B:2.9(0.18%),P:1e-371
		=Final=: -588.59 CTAATATTAGGA T:262.0(4.25%),B:2.9(0.26%),P:1e-255
		Performing exhaustive masking of motif...
		Reprioritizing potential motifs...
	20 of 25 Initial Sequence: ATCATAGGTTTA... (-346.051)
		Round 1: -346.05 ATCATAGGTTTA T:149.0(2.39%),B:2.1(0.18%),P:1e-150
		Round 2: -346.05 ATCATAGGTTTA T:149.0(2.39%),B:2.1(0.18%),P:1e-150
		=Final=: -252.62 ATCATAGGTTTA T:148.0(2.40%),B:2.1(0.18%),P:1e-109
		Performing exhaustive masking of motif...
		Reprioritizing potential motifs...
	21 of 25 Initial Sequence: ATAGTATAGCTT... (-342.745)
		Round 1: -413.57 ATAGTATAGCTT T:170.0(2.72%),B:2.7(0.18%),P:1e-179
		Round 2: -413.57 ATAGTATAGCTT T:170.0(2.72%),B:2.7(0.18%),P:1e-179
		=Final=: -326.81 ATAGTATAGCTT T:141.0(2.29%),B:1.9(0.17%),P:1e-141
		Performing exhaustive masking of motif...
		Reprioritizing potential motifs...
	22 of 25 Initial Sequence: GTTGATGCTTTA... (-336.386)
		Round 1: -352.68 GTTGATGCTTTA T:151.0(2.42%),B:2.4(0.18%),P:1e-153
		Round 2: -352.68 GTTGATGCTTTA T:151.0(2.42%),B:2.4(0.18%),P:1e-153
		=Final=: -323.54 GTTGATGCTTTA T:140.0(2.27%),B:1.9(0.17%),P:1e-140
		Performing exhaustive masking of motif...
		Reprioritizing potential motifs...
	23 of 25 Initial Sequence: AGCTACTTTTTT... (-334.542)
		Round 1: -334.54 AGCTACTTTTTT T:361.0(5.69%),B:12.6(1.07%),P:1e-145
		Round 2: -334.54 AGCTACTTTTTT T:361.0(5.69%),B:12.6(1.07%),P:1e-145
		=Final=: -324.20 AGCTACTTTTTT T:358.0(5.81%),B:12.6(1.13%),P:1e-140
		Performing exhaustive masking of motif...
		Reprioritizing potential motifs...
	24 of 25 Initial Sequence: AAATTTGTTCCA... (-328.985)
		Round 1: -513.33 AAATTTGTTCCA T:358.0(5.64%),B:7.8(0.62%),P:1e-222
		Round 2: -513.33 AAATTTGTTCCA T:358.0(5.64%),B:7.8(0.62%),P:1e-222
		=Final=: -463.92 AAATTTGTTCCA T:346.0(5.61%),B:7.8(0.70%),P:1e-201
		Performing exhaustive masking of motif...
		Reprioritizing potential motifs...
	25 of 25 Initial Sequence: TGTAGGAATTTG... (-335.939)
		Round 1: -440.02 TGTAGGAATTTG T:486.0(7.58%),B:16.5(1.42%),P:1e-191
		Round 2: -443.04 TGTAGGAATTTG T:503.0(7.84%),B:17.5(1.51%),P:1e-192
		Round 3: -443.04 TGTAGGAATTTG T:503.0(7.84%),B:17.5(1.51%),P:1e-192
		=Final=: -435.64 TGTAGGAATTTG T:478.0(7.76%),B:16.8(1.50%),P:1e-189
		Performing exhaustive masking of motif...
		Reprioritizing potential motifs...

	Finalizing Enrichment Statistics (new in v3.4)
	Reading input files...
	7413 total sequences read
	Cache length = 11180
	Using binomial scoring
	Checking enrichment of 25 motif(s)
	|0%                                    50%                                  100%|
	=================================================================================
	Output in file: /expanse/lustre/projects/csd940/zalibhai/mariner_hi-c/biomodal/downstream/results/homer_motif_enrichment/B1_k119ub_gained_vs_lost/homerMotifs.motifs12

	(Motifs in homer2 format)
	Determining similar motifs...	75 reduced to 36 motifs
	Outputing HTML and sequence logos for motif comparison...
	Checking de novo motifs against known motifs...
	Formatting HTML page...
		1 of 36 (1e-387) similar to PB0069.1_Sox21_1/Jaspar(0.673)
		2 of 36 (1e-306) similar to PH0084.1_Irx3_2/Jaspar(0.663)
		3 of 36 (1e-283) similar to PB0178.1_Sox8_2/Jaspar(0.657)
		4 of 36 (1e-283) similar to PB0002.1_Arid5a_1/Jaspar(0.757)
		5 of 36 (1e-255) similar to MEIS1/MA0498.3/Jaspar(0.696)
		6 of 36 (1e-248) similar to PB0198.1_Zfp128_2/Jaspar(0.667)
		7 of 36 (1e-245) similar to ZNF211/MA1974.2/Jaspar(0.807)
		8 of 36 (1e-241) similar to ZNF35/MA2333.1/Jaspar(0.754)
		9 of 36 (1e-226) similar to Sox11/MA0869.3/Jaspar(0.649)
		10 of 36 (1e-211) similar to Olig2(bHLH)/Neuron-Olig2-ChIP-Seq(GSE30882)/Homer(0.781)
		11 of 36 (1e-209) similar to POL008.1_DCE_S_I/Jaspar(0.633)
		12 of 36 (1e-204) similar to PRDM1(Zf)/Hela-PRDM1-ChIP-Seq(GSE31477)/Homer(0.724)
		13 of 36 (1e-199) similar to HNF4G/MA0484.3/Jaspar(0.659)
		14 of 36 (1e-193) similar to FOXB1/MA0845.1/Jaspar(0.792)
		15 of 36 (1e-191) similar to PB0144.1_Lef1_2/Jaspar(0.766)
		16 of 36 (1e-184) similar to HMBOX1/MA0895.2/Jaspar(0.830)
		17 of 36 (1e-183) similar to MF0010.1_Homeobox_class/Jaspar(0.889)
		18 of 36 (1e-176) similar to NFIL3/MA0025.3/Jaspar(0.832)
		19 of 36 (1e-173) similar to PB0129.1_Glis2_2/Jaspar(0.704)
		20 of 36 (1e-171) similar to SATB1/MA1963.2/Jaspar(0.674)
		21 of 36 (1e-167) similar to ZBTB32/MA1580.1/Jaspar(0.646)
		22 of 36 (1e-167) similar to PB0181.1_Spdef_2/Jaspar(0.628)
		23 of 36 (1e-166) similar to SRY/MA0084.2/Jaspar(0.751)
		24 of 36 (1e-160) similar to TEAD2/MA1121.2/Jaspar(0.633)
		25 of 36 (1e-159) similar to PB0051.1_Osr2_1/Jaspar(0.657)
		26 of 36 (1e-157) similar to PB0068.1_Sox1_1/Jaspar(0.726)
		27 of 36 (1e-156) similar to Nr2e3/MA0164.2/Jaspar(0.554)
		28 of 36 (1e-148) similar to PB0028.1_Hbp1_1/Jaspar(0.669)
		29 of 36 (1e-147) similar to OVOL1/MA1544.2/Jaspar(0.704)
		30 of 36 (1e-139) similar to Arid5a/MA0602.2/Jaspar(0.842)
		31 of 36 (1e-138) similar to PB0141.1_Isgf3g_2/Jaspar(0.676)
		32 of 36 (1e-133) similar to Lef1/MA0768.3/Jaspar(0.666)
		33 of 36 (1e-123) similar to Oct2(POU,Homeobox)/Bcell-Oct2-ChIP-Seq(GSE21512)/Homer(0.688)
		34 of 36 (1e-113) similar to RFX7/MA1554.2/Jaspar(0.716)
		35 of 36 (1e-101) similar to PB0096.1_Zfp187_1/Jaspar(0.702)
		36 of 36 (1e-55) similar to SREBF1/MA0595.1/Jaspar(0.702)
	Job finished - if results look good, please send beer to ..

	Cleaning up tmp files...


HOMER completed successfully.
  Significant known motifs (q < 0.05): 0

End time: Sun May 31 23:11:17 PDT 2026
=================================================================
