=================================================================
HOMER Motif Enrichment — Results Summary
=================================================================
Job ID: 49936843
Node: exp-7-06
Start time: Mon Jun  1 08:38:25 PDT 2026
=================================================================

--- A1_mc_hyper_vs_genome ---
  Significant known motifs (q < 0.05): 0
  Top 5 known motifs:
    SCL(bHLH)/HPC7-Scl-ChIP-Seq(GSE13511)/Homer  p=1e0  q=6310.0
    AR-halfsite(NR)/LNCaP-AR-ChIP-Seq(GSE27824)/Homer  p=1e0  q=6305.0
    Nanog(Homeobox)/mES-Nanog-ChIP-Seq(GSE11724)/Homer  p=1e0  q=6305.0
    THRb(NR)/Liver-NR1A2-ChIP-Seq(GSE52613)/Homer  p=1e0  q=6303.0
    Nkx2.1(Homeobox)/LungAC-Nkx2.1-ChIP-Seq(GSE43252)/Homer  p=1e0  q=6301.0
  Motifs of interest:
    REST: REST-NRSF(Zf)/Jurkat-NRSF-ChIP-Seq/Homer  p=1e0  q=287.0
    NRSF: REST-NRSF(Zf)/Jurkat-NRSF-ChIP-Seq/Homer  p=1e0  q=287.0
    YY1: YY1(Zf)/Promoter/Homer  p=1e0  q=2251.0
    NeuroD: NeuroD1(bHLH)/Islet-NeuroD1-ChIP-Seq(GSE30298)/Homer  p=1e0  q=5999.0
    MEF2: Mef2a(MADS)/HL1-Mef2a.biotin-ChIP-Seq(GSE21529)/Homer  p=1e0  q=5337.0
    CREB: CREB5(bZIP)/LNCaP-CREB5.V5-ChIP-Seq(GSE137775)/Homer  p=1e0  q=5226.0
    Brn2: Brn2(POU,Homeobox)/NPC-Brn2-ChIP-Seq(GSE35496)/Homer  p=1e0  q=3148.0
    FOXK1: FOXK1(Forkhead)/HEK293-FOXK1-ChIP-Seq(GSE51673)/Homer  p=1e0  q=6049.0
    FOXK2: FOXK2(Forkhead)/U2OS-FOXK2-ChIP-Seq(E-MTAB-2204)/Homer  p=1e0  q=5803.0
    TET: HOXB13(Homeobox)/ProstateTumor-HOXB13-ChIP-Seq(GSE56288)/Homer  p=1e0  q=6076.0
  De novo motifs found: 89

--- A2_mc_hypo_vs_genome ---
  Significant known motifs (q < 0.05): 0
  Top 5 known motifs:
    SCL(bHLH)/HPC7-Scl-ChIP-Seq(GSE13511)/Homer  p=1e0  q=2446.0
    Nanog(Homeobox)/mES-Nanog-ChIP-Seq(GSE11724)/Homer  p=1e0  q=2443.0
    ZNF410(Zf)/CD34-ZNF410-ChIP-Seq(GSE154960)/Homer  p=1e0  q=51.0
    AR-halfsite(NR)/LNCaP-AR-ChIP-Seq(GSE27824)/Homer  p=1e0  q=2442.0
    THRb(NR)/Liver-NR1A2-ChIP-Seq(GSE52613)/Homer  p=1e0  q=2441.0
  Motifs of interest:
    REST: REST-NRSF(Zf)/Jurkat-NRSF-ChIP-Seq/Homer  p=1e0  q=170.0
    NRSF: REST-NRSF(Zf)/Jurkat-NRSF-ChIP-Seq/Homer  p=1e0  q=170.0
    YY1: YY1(Zf)/Promoter/Homer  p=1e0  q=765.0
    NeuroD: NeuroD1(bHLH)/Islet-NeuroD1-ChIP-Seq(GSE30298)/Homer  p=1e0  q=2284.0
    MEF2: Mef2a(MADS)/HL1-Mef2a.biotin-ChIP-Seq(GSE21529)/Homer  p=1e0  q=1892.0
    CREB: CREB5(bZIP)/LNCaP-CREB5.V5-ChIP-Seq(GSE137775)/Homer  p=1e0  q=1899.0
    Brn2: Brn2(POU,Homeobox)/NPC-Brn2-ChIP-Seq(GSE35496)/Homer  p=1e0  q=1040.0
    FOXK1: FOXK1(Forkhead)/HEK293-FOXK1-ChIP-Seq(GSE51673)/Homer  p=1e0  q=2215.0
    FOXK2: FOXK2(Forkhead)/U2OS-FOXK2-ChIP-Seq(E-MTAB-2204)/Homer  p=1e0  q=2101.0
    TET: HOXB13(Homeobox)/ProstateTumor-HOXB13-ChIP-Seq(GSE56288)/Homer  p=1e0  q=2276.0
  De novo motifs found: 109

--- A3_hmc_hyper_vs_genome ---
  Significant known motifs (q < 0.05): 0
  Top 5 known motifs:
    Nanog(Homeobox)/mES-Nanog-ChIP-Seq(GSE11724)/Homer  p=1e-220  q=733.0
    Pitx1(Homeobox)/Chicken-Pitx1-ChIP-Seq(GSE38910)/Homer  p=1e-220  q=733.0
    SCL(bHLH)/HPC7-Scl-ChIP-Seq(GSE13511)/Homer  p=1e-220  q=733.0
    Tgif1(Homeobox)/mES-Tgif1-ChIP-Seq(GSE55404)/Homer  p=1e-220  q=733.0
    Tgif2(Homeobox)/mES-Tgif2-ChIP-Seq(GSE55404)/Homer  p=1e-220  q=733.0
  Motifs of interest:
    REST: REST-NRSF(Zf)/Jurkat-NRSF-ChIP-Seq/Homer  p=1e0  q=55.0
    NRSF: REST-NRSF(Zf)/Jurkat-NRSF-ChIP-Seq/Homer  p=1e0  q=55.0
    YY1: YY1(Zf)/Promoter/Homer  p=1e0  q=283.0
    NeuroD: NeuroD1(bHLH)/Islet-NeuroD1-ChIP-Seq(GSE30298)/Homer  p=1e-160  q=698.0
    MEF2: Mef2b(MADS)/HEK293-Mef2b.V5-ChIP-Seq(GSE67450)/Homer  p=1e-168  q=704.0
    CREB: CREB5(bZIP)/LNCaP-CREB5.V5-ChIP-Seq(GSE137775)/Homer  p=1e-99  q=638.0
    Brn2: Brn2(POU,Homeobox)/NPC-Brn2-ChIP-Seq(GSE35496)/Homer  p=1e-8  q=444.0
    FOXK1: FOXK1(Forkhead)/HEK293-FOXK1-ChIP-Seq(GSE51673)/Homer  p=1e-181  q=713.0
    FOXK2: FOXK2(Forkhead)/U2OS-FOXK2-ChIP-Seq(E-MTAB-2204)/Homer  p=1e-149  q=689.0
    TET: HOXB13(Homeobox)/ProstateTumor-HOXB13-ChIP-Seq(GSE56288)/Homer  p=1e-183  q=714.0
  De novo motifs found: 114

--- A4_hmc_hypo_vs_genome ---
  Significant known motifs (q < 0.05): 0
  Top 5 known motifs:
    SCL(bHLH)/HPC7-Scl-ChIP-Seq(GSE13511)/Homer  p=1e0  q=7971.0
    AR-halfsite(NR)/LNCaP-AR-ChIP-Seq(GSE27824)/Homer  p=1e0  q=7967.0
    GFX(?)/Promoter/Homer  p=1e0  q=223.0
    Nanog(Homeobox)/mES-Nanog-ChIP-Seq(GSE11724)/Homer  p=1e0  q=7966.0
    Pitx1(Homeobox)/Chicken-Pitx1-ChIP-Seq(GSE38910)/Homer  p=1e0  q=7966.0
  Motifs of interest:
    REST: REST-NRSF(Zf)/Jurkat-NRSF-ChIP-Seq/Homer  p=1e0  q=354.0
    NRSF: REST-NRSF(Zf)/Jurkat-NRSF-ChIP-Seq/Homer  p=1e0  q=354.0
    YY1: YY1(Zf)/Promoter/Homer  p=1e0  q=2810.0
    NeuroD: NeuroD1(bHLH)/Islet-NeuroD1-ChIP-Seq(GSE30298)/Homer  p=1e0  q=7580.0
    MEF2: Mef2a(MADS)/HL1-Mef2a.biotin-ChIP-Seq(GSE21529)/Homer  p=1e0  q=6775.0
    CREB: CREB5(bZIP)/LNCaP-CREB5.V5-ChIP-Seq(GSE137775)/Homer  p=1e0  q=6652.0
    Brn2: Brn2(POU,Homeobox)/NPC-Brn2-ChIP-Seq(GSE35496)/Homer  p=1e0  q=4012.0
    FOXK1: FOXK1(Forkhead)/HEK293-FOXK1-ChIP-Seq(GSE51673)/Homer  p=1e0  q=7675.0
    FOXK2: FOXK2(Forkhead)/U2OS-FOXK2-ChIP-Seq(E-MTAB-2204)/Homer  p=1e0  q=7358.0
    TET: HOXB13(Homeobox)/ProstateTumor-HOXB13-ChIP-Seq(GSE56288)/Homer  p=1e0  q=7695.0
  De novo motifs found: 87

--- A5_coordinated_vs_discordant ---
  Significant known motifs (q < 0.05): 0
  Top 5 known motifs:
    ZEB2(Zf)/SNU398-ZEB2-ChIP-Seq(GSE103048)/Homer  p=1e-25  q=5360.0
    Maz(Zf)/HepG2-Maz-ChIP-Seq(GSE31477)/Homer  p=1e-24  q=5342.0
    Sp5(Zf)/mES-Sp5.Flag-ChIP-Seq(GSE72989)/Homer  p=1e-22  q=5220.0
    Klf15(Zf)/Liver-Klf15-ChIP-Seq(GSE166083)/Homer  p=1e-22  q=5270.0
    KLF17(Zf)/2cell-Klf17-CutnTag(GSE211845)/Homer  p=1e-21  q=4449.0
  Motifs of interest:
    REST: REST-NRSF(Zf)/Jurkat-NRSF-ChIP-Seq/Homer  p=1e0  q=244.0
    NRSF: REST-NRSF(Zf)/Jurkat-NRSF-ChIP-Seq/Homer  p=1e0  q=244.0
    YY1: YY1(Zf)/Promoter/Homer  p=1e0  q=2059.0
    NeuroD: NeuroD1(bHLH)/Islet-NeuroD1-ChIP-Seq(GSE30298)/Homer  p=1e0  q=5251.0
    MEF2: Mef2b(MADS)/HEK293-Mef2b.V5-ChIP-Seq(GSE67450)/Homer  p=1e-2  q=5191.0
    CREB: CREB5(bZIP)/LNCaP-CREB5.V5-ChIP-Seq(GSE137775)/Homer  p=1e0  q=4709.0
    Brn2: OCT:OCT(POU,Homeobox,IR1)/NPC-Brn2-ChIP-Seq(GSE35496)/Homer  p=1e0  q=797.0
    FOXK1: FOXK1(Forkhead)/HEK293-FOXK1-ChIP-Seq(GSE51673)/Homer  p=1e-14  q=5314.0
    FOXK2: FOXK2(Forkhead)/U2OS-FOXK2-ChIP-Seq(E-MTAB-2204)/Homer  p=1e-2  q=5130.0
    TET: HOXB13(Homeobox)/ProstateTumor-HOXB13-ChIP-Seq(GSE56288)/Homer  p=1e0  q=5320.0
  De novo motifs found: 93

--- B1_k119ub_gained_vs_lost ---
  Significant known motifs (q < 0.05): 0
  Top 5 known motifs:
    Mesp1(bHLH)/ESC-Mesp1-ChIP-Seq(GSE165102)/Homer  p=1e-106  q=1184.0
    NeuroG2(bHLH)/Fibroblast-NeuroG2-ChIP-Seq(GSE75910)/Homer  p=1e-74  q=2520.0
    HLF(bZIP)/HSC-HLF.Flag-ChIP-Seq(GSE69817)/Homer  p=1e-73  q=1084.0
    NFIL3(bZIP)/HepG2-NFIL3-ChIP-Seq(Encode)/Homer  p=1e-68  q=814.0
    NeuroD1(bHLH)/Islet-NeuroD1-ChIP-Seq(GSE30298)/Homer  p=1e-64  q=1641.0
  Motifs of interest:
    REST: REST-NRSF(Zf)/Jurkat-NRSF-ChIP-Seq/Homer  p=1e0  q=2.0
    NRSF: REST-NRSF(Zf)/Jurkat-NRSF-ChIP-Seq/Homer  p=1e0  q=2.0
    YY1: YY1(Zf)/Promoter/Homer  p=1e0  q=39.0
    NeuroD: NeuroD1(bHLH)/Islet-NeuroD1-ChIP-Seq(GSE30298)/Homer  p=1e-64  q=1641.0
    MEF2: Mef2d(MADS)/Retina-Mef2d-ChIP-Seq(GSE61391)/Homer  p=1e-7  q=328.0
    CREB: CREB5(bZIP)/LNCaP-CREB5.V5-ChIP-Seq(GSE137775)/Homer  p=1e-2  q=438.0
    Brn2: Brn2(POU,Homeobox)/NPC-Brn2-ChIP-Seq(GSE35496)/Homer  p=1e-17  q=156.0
    FOXK1: FOXK1(Forkhead)/HEK293-FOXK1-ChIP-Seq(GSE51673)/Homer  p=1e-3  q=1344.0
    FOXK2: FOXK2(Forkhead)/U2OS-FOXK2-ChIP-Seq(E-MTAB-2204)/Homer  p=1e0  q=819.0
    TET: HOXB13(Homeobox)/ProstateTumor-HOXB13-ChIP-Seq(GSE56288)/Homer  p=1e0  q=1372.0
  De novo motifs found: 111

--- B2_k119ub_lost_vs_gained ---
  Significant known motifs (q < 0.05): 6
  Top 5 known motifs:
    LRF(Zf)/Erythroblasts-ZBTB7A-ChIP-Seq(GSE74977)/Homer  p=1e-4  q=434.0
    GLIS3(Zf)/Thyroid-Glis3.GFP-ChIP-Seq(GSE103297)/Homer  p=1e-4  q=497.0
    ZNF768(Zf)/Rajj-ZNF768-ChIP-Seq(GSE111879)/Homer  p=1e-3  q=15.0
    Mixl1(Homeobox)/EpiBlast-Mixl1-ChIP-seq(GSE161164)/Homer  p=1e-3  q=82.0
    Hnf6b(Homeobox)/LNCaP-Hnf6b-ChIP-Seq(GSE106305)/Homer  p=1e-3  q=143.0
  Motifs of interest:
    REST: REST-NRSF(Zf)/Jurkat-NRSF-ChIP-Seq/Homer  p=1e0  q=1.0
    NRSF: REST-NRSF(Zf)/Jurkat-NRSF-ChIP-Seq/Homer  p=1e0  q=1.0
    YY1: YY1(Zf)/Promoter/Homer  p=1e0  q=8.0
    NeuroD: NeuroD1(bHLH)/Islet-NeuroD1-ChIP-Seq(GSE30298)/Homer  p=1e0  q=297.0
    MEF2: Mef2a(MADS)/HL1-Mef2a.biotin-ChIP-Seq(GSE21529)/Homer  p=1e0  q=69.0
    CREB: CREB5(bZIP)/LNCaP-CREB5.V5-ChIP-Seq(GSE137775)/Homer  p=1e0  q=62.0
    Brn2: Brn2(POU,Homeobox)/NPC-Brn2-ChIP-Seq(GSE35496)/Homer  p=1e0  q=13.0
    FOXK1: FOXK1(Forkhead)/HEK293-FOXK1-ChIP-Seq(GSE51673)/Homer  p=1e0  q=154.0
    FOXK2: FOXK2(Forkhead)/U2OS-FOXK2-ChIP-Seq(E-MTAB-2204)/Homer  p=1e0  q=118.0
    TET: HOXB13(Homeobox)/ProstateTumor-HOXB13-ChIP-Seq(GSE56288)/Homer  p=1e0  q=149.0
  De novo motifs found: 126

--- B3_diffbind_gained_vs_lost ---
  Significant known motifs (q < 0.05): 0
  Top 5 known motifs:
    Ronin(THAP)/ES-Thap11-ChIP-Seq(GSE51522)/Homer  p=1e-147  q=128.0
    NeuroD1(bHLH)/Islet-NeuroD1-ChIP-Seq(GSE30298)/Homer  p=1e-145  q=3855.0
    Olig2(bHLH)/Neuron-Olig2-ChIP-Seq(GSE30882)/Homer  p=1e-143  q=7631.0
    Atoh1(bHLH)/Cerebellum-Atoh1-ChIP-Seq(GSE22111)/Homer  p=1e-126  q=4732.0
    TCF4(bHLH)/SHSY5Y-TCF4-ChIP-Seq(GSE96915)/Homer  p=1e-118  q=6010.0
  Motifs of interest:
    REST: REST-NRSF(Zf)/Jurkat-NRSF-ChIP-Seq/Homer  p=1e0  q=17.0
    NRSF: REST-NRSF(Zf)/Jurkat-NRSF-ChIP-Seq/Homer  p=1e0  q=17.0
    YY1: YY1(Zf)/Promoter/Homer  p=1e-11  q=146.0
    NeuroD: NeuroD1(bHLH)/Islet-NeuroD1-ChIP-Seq(GSE30298)/Homer  p=1e-145  q=3855.0
    MEF2: Mef2c(MADS)/GM12878-Mef2c-ChIP-Seq(GSE32465)/Homer  p=1e-29  q=1733.0
    CREB: CREB5(bZIP)/LNCaP-CREB5.V5-ChIP-Seq(GSE137775)/Homer  p=1e-4  q=1204.0
    Brn2: Brn2(POU,Homeobox)/NPC-Brn2-ChIP-Seq(GSE35496)/Homer  p=1e0  q=403.0
    FOXK1: FOXK1(Forkhead)/HEK293-FOXK1-ChIP-Seq(GSE51673)/Homer  p=1e-4  q=3669.0
    FOXK2: FOXK2(Forkhead)/U2OS-FOXK2-ChIP-Seq(E-MTAB-2204)/Homer  p=1e0  q=2262.0
    TET: HOXB13(Homeobox)/ProstateTumor-HOXB13-ChIP-Seq(GSE56288)/Homer  p=1e-6  q=3717.0
  De novo motifs found: 112

--- B4_diffbind_lost_vs_gained ---
  Significant known motifs (q < 0.05): 2
  Top 5 known motifs:
    LRF(Zf)/Erythroblasts-ZBTB7A-ChIP-Seq(GSE74977)/Homer  p=1e-20  q=1793.0
    SCRT1(Zf)/HEK293-SCRT1.eGFP-ChIP-Seq(Encode)/Homer  p=1e-6  q=321.0
    EAR2(NR)/K562-NR2F6-ChIP-Seq(Encode)/Homer  p=1e-5  q=1399.0
    ERb(NR),IR3/Ovary-ERb-ChIP-Seq(GSE203391)/Homer  p=1e-5  q=409.0
    COUP-TFII(NR)/Artia-Nr2f2-ChIP-Seq(GSE46497)/Homer  p=1e-5  q=1750.0
  Motifs of interest:
    REST: REST-NRSF(Zf)/Jurkat-NRSF-ChIP-Seq/Homer  p=1e-1  q=14.0
    NRSF: REST-NRSF(Zf)/Jurkat-NRSF-ChIP-Seq/Homer  p=1e-1  q=14.0
    YY1: YY1(Zf)/Promoter/Homer  p=1e0  q=33.0
    NeuroD: NeuroD1(bHLH)/Islet-NeuroD1-ChIP-Seq(GSE30298)/Homer  p=1e0  q=1055.0
    MEF2: Mef2a(MADS)/HL1-Mef2a.biotin-ChIP-Seq(GSE21529)/Homer  p=1e0  q=276.0
    CREB: CREB5(bZIP)/LNCaP-CREB5.V5-ChIP-Seq(GSE137775)/Homer  p=1e0  q=270.0
    Brn2: Brn2(POU,Homeobox)/NPC-Brn2-ChIP-Seq(GSE35496)/Homer  p=1e0  q=59.0
    FOXK1: FOXK1(Forkhead)/HEK293-FOXK1-ChIP-Seq(GSE51673)/Homer  p=1e0  q=679.0
    FOXK2: FOXK2(Forkhead)/U2OS-FOXK2-ChIP-Seq(E-MTAB-2204)/Homer  p=1e0  q=470.0
    TET: HOXB13(Homeobox)/ProstateTumor-HOXB13-ChIP-Seq(GSE56288)/Homer  p=1e0  q=667.0
  De novo motifs found: 122

--- C1_k27ac_gained_vs_lost ---
  Significant known motifs (q < 0.05): 1
  Top 5 known motifs:
    MyoD(bHLH)/Myotube-MyoD-ChIP-Seq(GSE21614)/Homer  p=1e-7  q=633.0
    ZBTB18(Zf)/HEK293-ZBTB18.GFP-ChIP-Seq(GSE58341)/Homer  p=1e-7  q=323.0
    Tcf12(bHLH)/GM12878-Tcf12-ChIP-Seq(GSE32465)/Homer  p=1e-5  q=790.0
    Myf5(bHLH)/GM-Myf5-ChIP-Seq(GSE24852)/Homer  p=1e-4  q=568.0
    Pbx3(Homeobox)/GM12878-PBX3-ChIP-Seq(GSE32465)/Homer  p=1e-4  q=210.0
  Motifs of interest:
    REST: REST-NRSF(Zf)/Jurkat-NRSF-ChIP-Seq/Homer  p=1e-1  q=11.0
    NRSF: REST-NRSF(Zf)/Jurkat-NRSF-ChIP-Seq/Homer  p=1e-1  q=11.0
    YY1: YY1(Zf)/Promoter/Homer  p=1e0  q=20.0
    NeuroD: NeuroD1(bHLH)/Islet-NeuroD1-ChIP-Seq(GSE30298)/Homer  p=1e0  q=941.0
    MEF2: Mef2c(MADS)/GM12878-Mef2c-ChIP-Seq(GSE32465)/Homer  p=1e0  q=276.0
    CREB: CREB5(bZIP)/LNCaP-CREB5.V5-ChIP-Seq(GSE137775)/Homer  p=1e0  q=259.0
    Brn2: Brn2(POU,Homeobox)/NPC-Brn2-ChIP-Seq(GSE35496)/Homer  p=1e0  q=55.0
    FOXK1: FOXK1(Forkhead)/HEK293-FOXK1-ChIP-Seq(GSE51673)/Homer  p=1e0  q=623.0
    FOXK2: FOXK2(Forkhead)/U2OS-FOXK2-ChIP-Seq(E-MTAB-2204)/Homer  p=1e0  q=402.0
    TET: HOXB13(Homeobox)/ProstateTumor-HOXB13-ChIP-Seq(GSE56288)/Homer  p=1e0  q=578.0
  De novo motifs found: 129

--- C2_k27ac_lost_vs_gained ---
  Significant known motifs (q < 0.05): 1
  Top 5 known motifs:
    Mesp1(bHLH)/ESC-Mesp1-ChIP-Seq(GSE165102)/Homer  p=1e-36  q=1200.0
    RORg(NR)/Liver-Rorc-ChIP-Seq(GSE101115)/Homer  p=1e-34  q=258.0
    RORgt(NR)/EL4-RORgt.Flag-ChIP-Seq(GSE56019)/Homer  p=1e-33  q=310.0
    RORgt(NR)/EL4-RORgt.Flag-ChIP-Seq(GSE56019)/Homer  p=1e-33  q=310.0
    NF1(CTF)/LNCAP-NF1-ChIP-Seq(Unpublished)/Homer  p=1e-22  q=905.0
  Motifs of interest:
    REST: REST-NRSF(Zf)/Jurkat-NRSF-ChIP-Seq/Homer  p=1e0  q=10.0
    NRSF: REST-NRSF(Zf)/Jurkat-NRSF-ChIP-Seq/Homer  p=1e0  q=10.0
    YY1: YY1(Zf)/Promoter/Homer  p=1e-1  q=38.0
    NeuroD: NeuroD1(bHLH)/Islet-NeuroD1-ChIP-Seq(GSE30298)/Homer  p=1e-18  q=1817.0
    MEF2: Mef2a(MADS)/HL1-Mef2a.biotin-ChIP-Seq(GSE21529)/Homer  p=1e-19  q=614.0
    CREB: CREB5(bZIP)/LNCaP-CREB5.V5-ChIP-Seq(GSE137775)/Homer  p=1e0  q=396.0
    Brn2: OCT:OCT(POU,Homeobox,IR1)/NPC-Brn2-ChIP-Seq(GSE35496)/Homer  p=1e0  q=21.0
    FOXK1: FOXK1(Forkhead)/HEK293-FOXK1-ChIP-Seq(GSE51673)/Homer  p=1e-1  q=1096.0
    FOXK2: FOXK2(Forkhead)/U2OS-FOXK2-ChIP-Seq(E-MTAB-2204)/Homer  p=1e-1  q=723.0
    TET: HOXB13(Homeobox)/ProstateTumor-HOXB13-ChIP-Seq(GSE56288)/Homer  p=1e0  q=984.0
  De novo motifs found: 121

--- C3_k27ac_gained_vs_genome ---
  Significant known motifs (q < 0.05): 1
  Top 5 known motifs:
    Olig2(bHLH)/Neuron-Olig2-ChIP-Seq(GSE30882)/Homer  p=1e-73  q=1677.0
    NeuroD1(bHLH)/Islet-NeuroD1-ChIP-Seq(GSE30298)/Homer  p=1e-72  q=942.0
    NeuroG2(bHLH)/Fibroblast-NeuroG2-ChIP-Seq(GSE75910)/Homer  p=1e-69  q=1456.0
    Twist2(bHLH)/Myoblast-Twist2.Ty1-ChIP-Seq(GSE127998)/Homer  p=1e-63  q=1577.0
    Atoh1(bHLH)/Cerebellum-Atoh1-ChIP-Seq(GSE22111)/Homer  p=1e-63  q=1150.0
  Motifs of interest:
    REST: REST-NRSF(Zf)/Jurkat-NRSF-ChIP-Seq/Homer  p=1e-1  q=11.0
    NRSF: REST-NRSF(Zf)/Jurkat-NRSF-ChIP-Seq/Homer  p=1e-1  q=11.0
    YY1: YY1(Zf)/Promoter/Homer  p=1e0  q=20.0
    NeuroD: NeuroD1(bHLH)/Islet-NeuroD1-ChIP-Seq(GSE30298)/Homer  p=1e-72  q=942.0
    MEF2: Mef2b(MADS)/HEK293-Mef2b.V5-ChIP-Seq(GSE67450)/Homer  p=1e-17  q=519.0
    CREB: CREB5(bZIP)/LNCaP-CREB5.V5-ChIP-Seq(GSE137775)/Homer  p=1e-8  q=259.0
    Brn2: Brn2(POU,Homeobox)/NPC-Brn2-ChIP-Seq(GSE35496)/Homer  p=1e-2  q=55.0
    FOXK1: FOXK1(Forkhead)/HEK293-FOXK1-ChIP-Seq(GSE51673)/Homer  p=1e-11  q=624.0
    FOXK2: FOXK2(Forkhead)/U2OS-FOXK2-ChIP-Seq(E-MTAB-2204)/Homer  p=1e-7  q=403.0
    TET: HOXB13(Homeobox)/ProstateTumor-HOXB13-ChIP-Seq(GSE56288)/Homer  p=1e-6  q=578.0
  De novo motifs found: 93

--- C4_k27ac_lost_vs_genome ---
  Significant known motifs (q < 0.05): 1
  Top 5 known motifs:
    NeuroD1(bHLH)/Islet-NeuroD1-ChIP-Seq(GSE30298)/Homer  p=1e-237  q=1817.0
    Olig2(bHLH)/Neuron-Olig2-ChIP-Seq(GSE30882)/Homer  p=1e-214  q=2997.0
    Mesp1(bHLH)/ESC-Mesp1-ChIP-Seq(GSE165102)/Homer  p=1e-194  q=1200.0
    NeuroG2(bHLH)/Fibroblast-NeuroG2-ChIP-Seq(GSE75910)/Homer  p=1e-183  q=2561.0
    Atoh1(bHLH)/Cerebellum-Atoh1-ChIP-Seq(GSE22111)/Homer  p=1e-177  q=2068.0
  Motifs of interest:
    REST: REST-NRSF(Zf)/Jurkat-NRSF-ChIP-Seq/Homer  p=1e0  q=10.0
    NRSF: REST-NRSF(Zf)/Jurkat-NRSF-ChIP-Seq/Homer  p=1e0  q=10.0
    YY1: YY1(Zf)/Promoter/Homer  p=1e0  q=38.0
    NeuroD: NeuroD1(bHLH)/Islet-NeuroD1-ChIP-Seq(GSE30298)/Homer  p=1e-237  q=1817.0
    MEF2: Mef2b(MADS)/HEK293-Mef2b.V5-ChIP-Seq(GSE67450)/Homer  p=1e-79  q=1092.0
    CREB: CREB5(bZIP)/LNCaP-CREB5.V5-ChIP-Seq(GSE137775)/Homer  p=1e-9  q=396.0
    Brn2: Brn2(POU,Homeobox)/NPC-Brn2-ChIP-Seq(GSE35496)/Homer  p=1e-2  q=95.0
    FOXK1: FOXK1(Forkhead)/HEK293-FOXK1-ChIP-Seq(GSE51673)/Homer  p=1e-25  q=1096.0
    FOXK2: FOXK2(Forkhead)/U2OS-FOXK2-ChIP-Seq(E-MTAB-2204)/Homer  p=1e-20  q=723.0
    TET: HOXB13(Homeobox)/ProstateTumor-HOXB13-ChIP-Seq(GSE56288)/Homer  p=1e-11  q=984.0
  De novo motifs found: 95

=================================================================
Summary: 13/13 completed, 0/13 missing/failed

Output directory: /expanse/lustre/projects/csd940/zalibhai/mariner_hi-c/biomodal/downstream/results/homer_motif_enrichment

Next steps:
  1. Review HTML reports: ${OUTPUT_BASE}/*/knownResults.html
  2. Transfer results to local:
     scp -r expanse:/expanse/lustre/projects/csd940/zalibhai/mariner_hi-c/biomodal/downstream/results/homer_motif_enrichment biomodal/downstream/results/
  3. Check B1/B3/C1 (K119ub/K27ac gained) for Polycomb-related motifs (REST, YY1, SUZ12)
  4. Check A1/A5 (mC hyper/coordinated) for neuron-specific TFs (NeuroD, MEF2, CREB)
  5. Compare A1 vs A2 for direction-specific motif enrichment
  6. Compare C1 vs C2 for K27ac direction-specific TFs

End time: Mon Jun  1 08:38:27 PDT 2026
=================================================================
