=========================================
Merge Methylation BigWigs (ctrl/mut)
=========================================
Job ID: 50755027
Node: exp-6-14
Start time: Fri Jun 12 10:20:24 PDT 2026
=========================================


--- CG_mc ---
  Merging 4 files -> /expanse/lustre/projects/csd940/zalibhai/biomodal/modality/exports/bigwig/merged/CG_mc_ctrl.bw
    Done: 157M
  Merging 4 files -> /expanse/lustre/projects/csd940/zalibhai/biomodal/modality/exports/bigwig/merged/CG_mc_mut.bw
    Done: 154M

--- CG_hmc ---
  Merging 4 files -> /expanse/lustre/projects/csd940/zalibhai/biomodal/modality/exports/bigwig/merged/CG_hmc_ctrl.bw
    Done: 151M
  Merging 4 files -> /expanse/lustre/projects/csd940/zalibhai/biomodal/modality/exports/bigwig/merged/CG_hmc_mut.bw
    Done: 135M

--- CHG_mc ---
  Merging 4 files -> /expanse/lustre/projects/csd940/zalibhai/biomodal/modality/exports/bigwig/merged/CHG_mc_ctrl.bw
    Done: 512
  Merging 4 files -> /expanse/lustre/projects/csd940/zalibhai/biomodal/modality/exports/bigwig/merged/CHG_mc_mut.bw
    Done: 512

--- CHH_mc ---
  Merging 4 files -> /expanse/lustre/projects/csd940/zalibhai/biomodal/modality/exports/bigwig/merged/CHH_mc_ctrl.bw
    Done: 512
  Merging 4 files -> /expanse/lustre/projects/csd940/zalibhai/biomodal/modality/exports/bigwig/merged/CHH_mc_mut.bw
    Done: 512

=========================================
Merge complete
Merged: 8/8 files
Output: /expanse/lustre/projects/csd940/zalibhai/biomodal/modality/exports/bigwig/merged/
total 729M
-rw-r--r-- 1 zalibhai csd940 179M Jun 12 11:59 CG_hmc_ctrl.bw
-rw-r--r-- 1 zalibhai csd940 181M Jun 12 12:32 CG_hmc_mut.bw
-rw-r--r-- 1 zalibhai csd940 203M Jun 12 10:53 CG_mc_ctrl.bw
-rw-r--r-- 1 zalibhai csd940 203M Jun 12 11:26 CG_mc_mut.bw
-rw-r--r-- 1 zalibhai csd940 370K Jun 12 13:04 CHG_mc_ctrl.bw
-rw-r--r-- 1 zalibhai csd940 393K Jun 12 13:35 CHG_mc_mut.bw
-rw-r--r-- 1 zalibhai csd940 1.1M Jun 12 14:07 CHH_mc_ctrl.bw
-rw-r--r-- 1 zalibhai csd940 1.2M Jun 12 14:39 CHH_mc_mut.bw
End time: Fri Jun 12 14:39:55 PDT 2026
=========================================
