=========================================
Merge Methylation BigWigs (ctrl/mut)
=========================================
Job ID: 50755005
Node: exp-6-14
Start time: Fri Jun 12 10:15:06 PDT 2026
=========================================


--- CG_mc ---
  Merging 4 files -> /expanse/lustre/projects/csd940/zalibhai/biomodal/modality/exports/bigwig/merged/CG_mc_ctrl.bw
/cm/local/apps/slurm/var/spool/job50755005/slurm_script: line 95: bigwigAverage: command not found
    ERROR: bigwigAverage failed for CG_mc ctrl
  Merging 4 files -> /expanse/lustre/projects/csd940/zalibhai/biomodal/modality/exports/bigwig/merged/CG_mc_mut.bw
/cm/local/apps/slurm/var/spool/job50755005/slurm_script: line 95: bigwigAverage: command not found
    ERROR: bigwigAverage failed for CG_mc mut

--- CG_hmc ---
  Merging 4 files -> /expanse/lustre/projects/csd940/zalibhai/biomodal/modality/exports/bigwig/merged/CG_hmc_ctrl.bw
/cm/local/apps/slurm/var/spool/job50755005/slurm_script: line 95: bigwigAverage: command not found
    ERROR: bigwigAverage failed for CG_hmc ctrl
  Merging 4 files -> /expanse/lustre/projects/csd940/zalibhai/biomodal/modality/exports/bigwig/merged/CG_hmc_mut.bw
/cm/local/apps/slurm/var/spool/job50755005/slurm_script: line 95: bigwigAverage: command not found
    ERROR: bigwigAverage failed for CG_hmc mut

--- CHG_mc ---
  Merging 4 files -> /expanse/lustre/projects/csd940/zalibhai/biomodal/modality/exports/bigwig/merged/CHG_mc_ctrl.bw
/cm/local/apps/slurm/var/spool/job50755005/slurm_script: line 95: bigwigAverage: command not found
    ERROR: bigwigAverage failed for CHG_mc ctrl
  Merging 4 files -> /expanse/lustre/projects/csd940/zalibhai/biomodal/modality/exports/bigwig/merged/CHG_mc_mut.bw
/cm/local/apps/slurm/var/spool/job50755005/slurm_script: line 95: bigwigAverage: command not found
    ERROR: bigwigAverage failed for CHG_mc mut

--- CHH_mc ---
  Merging 4 files -> /expanse/lustre/projects/csd940/zalibhai/biomodal/modality/exports/bigwig/merged/CHH_mc_ctrl.bw
/cm/local/apps/slurm/var/spool/job50755005/slurm_script: line 95: bigwigAverage: command not found
    ERROR: bigwigAverage failed for CHH_mc ctrl
  Merging 4 files -> /expanse/lustre/projects/csd940/zalibhai/biomodal/modality/exports/bigwig/merged/CHH_mc_mut.bw
/cm/local/apps/slurm/var/spool/job50755005/slurm_script: line 95: bigwigAverage: command not found
    ERROR: bigwigAverage failed for CHH_mc mut

=========================================
Merge complete
Merged: 0/8 files
Output: /expanse/lustre/projects/csd940/zalibhai/biomodal/modality/exports/bigwig/merged/
total 0
End time: Fri Jun 12 10:15:11 PDT 2026
=========================================
