=========================================
Duet evoC Bap1 Run
=========================================
Job ID: 46611480
Node: exp-6-29
CPUs: 16
Memory: 128GB
Start time: Thu Feb 19 16:10:08 PST 2026
=========================================


 N E X T F L O W   ~  version 25.04.8

Launching `/expanse/lustre/projects/csd940/zalibhai/biomodal/pipelines/duet/1.5.0/main.nf` [furious_spence] DSL2 - revision: c04799865d

creating /expanse/lustre/projects/csd940/zalibhai/biomodal/evoC-run/output/duet-1.5.0_evoC_Bap1_run_6bp/diagnostics
[-        ] resolve_align:FASTQC_RAW       -
[-        ] resolve_align:PRELUDE          -
[-        ] resolve_align:FASTQC_RESOLVED  -
[-        ] resolve_align:BWA_MEM2         -
[-        ] res…align:SAMTOOLS_MERGE_LANES -
[-        ] resolve_align:PRESEQ           -

[-        ] resolve_align:FASTQC_RAW       -
[-        ] resolve_align:PRELUDE          -
[-        ] resolve_align:FASTQC_RESOLVED  -
[-        ] resolve_align:BWA_MEM2         -
[-        ] res…align:SAMTOOLS_MERGE_LANES -
[-        ] resolve_align:PRESEQ           -
[-        ] bamlet:BAMLET                  -
[-        ] bamlet:QUALIMAP_BAMQC          -
[-        ] bam_stats_genome:TSS_BIAS      -
[-        ] bam…:DEEPTOOLS_PLOTFINGERPRINT -
[-        ] bam_stats_genome:PICARD_GCBIAS -
[-        ] bam…LONG_CTRL_GENETIC_ACCURACY -
[-        ] var…t_calling:HAPLOTYPE_CALLER -
[-        ] var…nt_calling:SPLIT_INTERVALS -
[-        ] var…calling:GENOMICS_DB_IMPORT -
[-        ] variant_calling:GENOTYPE_GVCFS -
[-        ] var…t_calling:MERGE_JOINT_VCFS -
[-        ] variant_calling:ASM            -
[-        ] var…_calling:MERGE_ASM_OUTPUTS -
Running somatic variant calling with Mutect2

[-        ] resolve_align:FASTQC_RAW       -
[-        ] resolve_align:PRELUDE          -
[-        ] resolve_align:FASTQC_RESOLVED  -
[-        ] resolve_align:BWA_MEM2         -
[-        ] res…align:SAMTOOLS_MERGE_LANES -
[-        ] resolve_align:PRESEQ           -
[-        ] bamlet:BAMLET                  -
[-        ] bamlet:QUALIMAP_BAMQC          -
[-        ] bam_stats_genome:TSS_BIAS      -
[-        ] bam…:DEEPTOOLS_PLOTFINGERPRINT -
[-        ] bam_stats_genome:PICARD_GCBIAS -
[-        ] bam…LONG_CTRL_GENETIC_ACCURACY -
[-        ] var…t_calling:HAPLOTYPE_CALLER -
[-        ] var…nt_calling:SPLIT_INTERVALS -
[-        ] var…calling:GENOMICS_DB_IMPORT -
[-        ] variant_calling:GENOTYPE_GVCFS -
[-        ] var…t_calling:MERGE_JOINT_VCFS -
[-        ] variant_calling:ASM            -
[-        ] var…_calling:MERGE_ASM_OUTPUTS -
[-        ] variant_calling:MUTECT2        -
Plus 10 more processes waiting for tasks…
Running somatic variant calling with Mutect2

[-        ] resolve_align:FASTQC_RAW       | 0 of 4
[-        ] resolve_align:PRELUDE          -
[-        ] resolve_align:FASTQC_RESOLVED  -
[-        ] resolve_align:BWA_MEM2         -
[-        ] res…align:SAMTOOLS_MERGE_LANES -
[-        ] resolve_align:PRESEQ           -
[-        ] bamlet:BAMLET                  -
[-        ] bamlet:QUALIMAP_BAMQC          -
[-        ] bam_stats_genome:TSS_BIAS      -
[-        ] bam…:DEEPTOOLS_PLOTFINGERPRINT -
[-        ] bam_stats_genome:PICARD_GCBIAS -
[-        ] bam…LONG_CTRL_GENETIC_ACCURACY -
[-        ] var…t_calling:HAPLOTYPE_CALLER -
[-        ] var…nt_calling:SPLIT_INTERVALS -
[-        ] var…calling:GENOMICS_DB_IMPORT -
[-        ] variant_calling:GENOTYPE_GVCFS -
[-        ] var…t_calling:MERGE_JOINT_VCFS -
[-        ] variant_calling:ASM            -
[-        ] var…_calling:MERGE_ASM_OUTPUTS -
[-        ] variant_calling:MUTECT2        -
Plus 13 more processes waiting for tasks…
Running somatic variant calling with Mutect2

executor >  slurm (1)
[88/ec33ed] res…W (evoC-Bap1-ctrl-M, L000) | 0 of 4
[-        ] resolve_align:PRELUDE          | 0 of 4
[-        ] resolve_align:FASTQC_RESOLVED  -
[-        ] resolve_align:BWA_MEM2         -
[-        ] res…align:SAMTOOLS_MERGE_LANES -
[-        ] resolve_align:PRESEQ           -
[-        ] bamlet:BAMLET                  -
[-        ] bamlet:QUALIMAP_BAMQC          -
[-        ] bam_stats_genome:TSS_BIAS      -
[-        ] bam…:DEEPTOOLS_PLOTFINGERPRINT -
[-        ] bam_stats_genome:PICARD_GCBIAS -
[-        ] bam…LONG_CTRL_GENETIC_ACCURACY -
[-        ] var…t_calling:HAPLOTYPE_CALLER -
[-        ] var…nt_calling:SPLIT_INTERVALS -
[-        ] var…calling:GENOMICS_DB_IMPORT -
[-        ] variant_calling:GENOTYPE_GVCFS -
[-        ] var…t_calling:MERGE_JOINT_VCFS -
[-        ] variant_calling:ASM            -
[-        ] var…_calling:MERGE_ASM_OUTPUTS -
[-        ] variant_calling:MUTECT2        -
Plus 13 more processes waiting for tasks…
Running somatic variant calling with Mutect2

executor >  slurm (4)
[22/2ed0db] res…AW (evoC-Bap1-mut-F, L000) | 0 of 4
[-        ] resolve_align:PRELUDE          | 0 of 4
[-        ] resolve_align:FASTQC_RESOLVED  -
[-        ] resolve_align:BWA_MEM2         -
[-        ] res…align:SAMTOOLS_MERGE_LANES -
[-        ] resolve_align:PRESEQ           -
[-        ] bamlet:BAMLET                  -
[-        ] bamlet:QUALIMAP_BAMQC          -
[-        ] bam_stats_genome:TSS_BIAS      -
[-        ] bam…:DEEPTOOLS_PLOTFINGERPRINT -
[-        ] bam_stats_genome:PICARD_GCBIAS -
[-        ] bam…LONG_CTRL_GENETIC_ACCURACY -
[-        ] var…t_calling:HAPLOTYPE_CALLER -
[-        ] var…nt_calling:SPLIT_INTERVALS -
[-        ] var…calling:GENOMICS_DB_IMPORT -
[-        ] variant_calling:GENOTYPE_GVCFS -
[-        ] var…t_calling:MERGE_JOINT_VCFS -
[-        ] variant_calling:ASM            -
[-        ] var…_calling:MERGE_ASM_OUTPUTS -
[-        ] variant_calling:MUTECT2        -
Plus 13 more processes waiting for tasks…
Running somatic variant calling with Mutect2

executor >  slurm (5)
[22/2ed0db] res…AW (evoC-Bap1-mut-F, L000) | 0 of 4
[03/4db856] res…DE (evoC-Bap1-mut-F, L000) | 0 of 4
[-        ] resolve_align:FASTQC_RESOLVED  -
[-        ] resolve_align:BWA_MEM2         -
[-        ] res…align:SAMTOOLS_MERGE_LANES -
[-        ] resolve_align:PRESEQ           -
[-        ] bamlet:BAMLET                  -
[-        ] bamlet:QUALIMAP_BAMQC          -
[-        ] bam_stats_genome:TSS_BIAS      -
[-        ] bam…:DEEPTOOLS_PLOTFINGERPRINT -
[-        ] bam_stats_genome:PICARD_GCBIAS -
[-        ] bam…LONG_CTRL_GENETIC_ACCURACY -
[-        ] var…t_calling:HAPLOTYPE_CALLER -
[-        ] var…nt_calling:SPLIT_INTERVALS -
[-        ] var…calling:GENOMICS_DB_IMPORT -
[-        ] variant_calling:GENOTYPE_GVCFS -
[-        ] var…t_calling:MERGE_JOINT_VCFS -
[-        ] variant_calling:ASM            -
[-        ] var…_calling:MERGE_ASM_OUTPUTS -
[-        ] variant_calling:MUTECT2        -
Plus 13 more processes waiting for tasks…
Running somatic variant calling with Mutect2

executor >  slurm (6)
[22/2ed0db] res…AW (evoC-Bap1-mut-F, L000) | 0 of 4
[1a/eaf257] res…E (evoC-Bap1-ctrl-F, L000) | 0 of 4
[-        ] resolve_align:FASTQC_RESOLVED  -
[-        ] resolve_align:BWA_MEM2         -
[-        ] res…align:SAMTOOLS_MERGE_LANES -
[-        ] resolve_align:PRESEQ           -
[-        ] bamlet:BAMLET                  -
[-        ] bamlet:QUALIMAP_BAMQC          -
[-        ] bam_stats_genome:TSS_BIAS      -
[-        ] bam…:DEEPTOOLS_PLOTFINGERPRINT -
[-        ] bam_stats_genome:PICARD_GCBIAS -
[-        ] bam…LONG_CTRL_GENETIC_ACCURACY -
[-        ] var…t_calling:HAPLOTYPE_CALLER -
[-        ] var…nt_calling:SPLIT_INTERVALS -
[-        ] var…calling:GENOMICS_DB_IMPORT -
[-        ] variant_calling:GENOTYPE_GVCFS -
[-        ] var…t_calling:MERGE_JOINT_VCFS -
[-        ] variant_calling:ASM            -
[-        ] var…_calling:MERGE_ASM_OUTPUTS -
[-        ] variant_calling:MUTECT2        -
Plus 13 more processes waiting for tasks…
Running somatic variant calling with Mutect2

executor >  slurm (8)
[22/2ed0db] res…AW (evoC-Bap1-mut-F, L000) | 0 of 4
[f7/800ecf] res…DE (evoC-Bap1-mut-M, L000) | 0 of 4
[-        ] resolve_align:FASTQC_RESOLVED  -
[-        ] resolve_align:BWA_MEM2         -
[-        ] res…align:SAMTOOLS_MERGE_LANES -
[-        ] resolve_align:PRESEQ           -
[-        ] bamlet:BAMLET                  -
[-        ] bamlet:QUALIMAP_BAMQC          -
[-        ] bam_stats_genome:TSS_BIAS      -
[-        ] bam…:DEEPTOOLS_PLOTFINGERPRINT -
[-        ] bam_stats_genome:PICARD_GCBIAS -
[-        ] bam…LONG_CTRL_GENETIC_ACCURACY -
[-        ] var…t_calling:HAPLOTYPE_CALLER -
[-        ] var…nt_calling:SPLIT_INTERVALS -
[-        ] var…calling:GENOMICS_DB_IMPORT -
[-        ] variant_calling:GENOTYPE_GVCFS -
[-        ] var…t_calling:MERGE_JOINT_VCFS -
[-        ] variant_calling:ASM            -
[-        ] var…_calling:MERGE_ASM_OUTPUTS -
[-        ] variant_calling:MUTECT2        -
Plus 13 more processes waiting for tasks…
Running somatic variant calling with Mutect2

executor >  slurm (8)
[22/2ed0db] res…AW (evoC-Bap1-mut-F, L000) | 0 of 4
[f7/800ecf] res…DE (evoC-Bap1-mut-M, L000) | 0 of 4
[-        ] resolve_align:FASTQC_RESOLVED  -
[-        ] resolve_align:BWA_MEM2         -
[-        ] res…align:SAMTOOLS_MERGE_LANES -
[-        ] resolve_align:PRESEQ           -
[-        ] bamlet:BAMLET                  -
[-        ] bamlet:QUALIMAP_BAMQC          -
[-        ] bam_stats_genome:TSS_BIAS      -
[-        ] bam…:DEEPTOOLS_PLOTFINGERPRINT -
[-        ] bam_stats_genome:PICARD_GCBIAS -
[-        ] bam…LONG_CTRL_GENETIC_ACCURACY -
[-        ] var…t_calling:HAPLOTYPE_CALLER -
[-        ] var…nt_calling:SPLIT_INTERVALS -
[-        ] var…calling:GENOMICS_DB_IMPORT -
[-        ] variant_calling:GENOTYPE_GVCFS -
[-        ] var…t_calling:MERGE_JOINT_VCFS -
[-        ] variant_calling:ASM            -
[-        ] var…_calling:MERGE_ASM_OUTPUTS -
[-        ] variant_calling:MUTECT2        -
Plus 13 more processes waiting for tasks…
Running somatic variant calling with Mutect2

executor >  slurm (8)
[22/2ed0db] res…AW (evoC-Bap1-mut-F, L000) | 0 of 4
[1a/eaf257] res…E (evoC-Bap1-ctrl-F, L000) | 0 of 4, retries: 1
[-        ] resolve_align:FASTQC_RESOLVED  -
[-        ] resolve_align:BWA_MEM2         -
[-        ] res…align:SAMTOOLS_MERGE_LANES -
[-        ] resolve_align:PRESEQ           -
[-        ] bamlet:BAMLET                  -
[-        ] bamlet:QUALIMAP_BAMQC          -
[-        ] bam_stats_genome:TSS_BIAS      -
[-        ] bam…:DEEPTOOLS_PLOTFINGERPRINT -
[-        ] bam_stats_genome:PICARD_GCBIAS -
[-        ] bam…LONG_CTRL_GENETIC_ACCURACY -
[-        ] var…t_calling:HAPLOTYPE_CALLER -
[-        ] var…nt_calling:SPLIT_INTERVALS -
[-        ] var…calling:GENOMICS_DB_IMPORT -
[-        ] variant_calling:GENOTYPE_GVCFS -
[-        ] var…t_calling:MERGE_JOINT_VCFS -
[-        ] variant_calling:ASM            -
[-        ] var…_calling:MERGE_ASM_OUTPUTS -
[-        ] variant_calling:MUTECT2        -
Plus 13 more processes waiting for tasks…

[1a/eaf257] NOTE: Process `resolve_align:PRELUDE (evoC-Bap1-ctrl-F, L000)` terminated with an error exit status (1) -- Execution is retried (1)

executor >  slurm (9)
[22/2ed0db] res…AW (evoC-Bap1-mut-F, L000) | 0 of 4
[95/6bd0cf] res…E (evoC-Bap1-ctrl-F, L000) | 0 of 4, retries: 1
[-        ] resolve_align:FASTQC_RESOLVED  -
[-        ] resolve_align:BWA_MEM2         -
[-        ] res…align:SAMTOOLS_MERGE_LANES -
[-        ] resolve_align:PRESEQ           -
[-        ] bamlet:BAMLET                  -
[-        ] bamlet:QUALIMAP_BAMQC          -
[-        ] bam_stats_genome:TSS_BIAS      -
[-        ] bam…:DEEPTOOLS_PLOTFINGERPRINT -
[-        ] bam_stats_genome:PICARD_GCBIAS -
[-        ] bam…LONG_CTRL_GENETIC_ACCURACY -
[-        ] var…t_calling:HAPLOTYPE_CALLER -
[-        ] var…nt_calling:SPLIT_INTERVALS -
[-        ] var…calling:GENOMICS_DB_IMPORT -
[-        ] variant_calling:GENOTYPE_GVCFS -
[-        ] var…t_calling:MERGE_JOINT_VCFS -
[-        ] variant_calling:ASM            -
[-        ] var…_calling:MERGE_ASM_OUTPUTS -
[-        ] variant_calling:MUTECT2        -
Plus 13 more processes waiting for tasks…
[1a/eaf257] NOTE: Process `resolve_align:PRELUDE (evoC-Bap1-ctrl-F, L000)` terminated with an error exit status (1) -- Execution is retried (1)


executor >  slurm (9)
[22/2ed0db] res…AW (evoC-Bap1-mut-F, L000) | 0 of 4
[95/6bd0cf] res…E (evoC-Bap1-ctrl-F, L000) | 0 of 4, retries: 1
[-        ] resolve_align:FASTQC_RESOLVED  -
[-        ] resolve_align:BWA_MEM2         -
[-        ] res…align:SAMTOOLS_MERGE_LANES -
[-        ] resolve_align:PRESEQ           -
[-        ] bamlet:BAMLET                  -
[-        ] bamlet:QUALIMAP_BAMQC          -
[-        ] bam_stats_genome:TSS_BIAS      -
[-        ] bam…:DEEPTOOLS_PLOTFINGERPRINT -
[-        ] bam_stats_genome:PICARD_GCBIAS -
[-        ] bam…LONG_CTRL_GENETIC_ACCURACY -
[-        ] var…t_calling:HAPLOTYPE_CALLER -
[-        ] var…nt_calling:SPLIT_INTERVALS -
[-        ] var…calling:GENOMICS_DB_IMPORT -
[-        ] variant_calling:GENOTYPE_GVCFS -
[-        ] var…t_calling:MERGE_JOINT_VCFS -
[-        ] variant_calling:ASM            -
[-        ] var…_calling:MERGE_ASM_OUTPUTS -
[-        ] variant_calling:MUTECT2        -
Plus 13 more processes waiting for tasks…
[1a/eaf257] NOTE: Process `resolve_align:PRELUDE (evoC-Bap1-ctrl-F, L000)` terminated with an error exit status (1) -- Execution is retried (1)

executor >  slurm (9)
[22/2ed0db] res…AW (evoC-Bap1-mut-F, L000) | 0 of 4
[c0/1d2c4e] res…E (evoC-Bap1-ctrl-M, L000) | 1 of 4, retries: 1
[-        ] resolve_align:FASTQC_RESOLVED  -
[-        ] resolve_align:BWA_MEM2         | 0 of 1
[-        ] res…align:SAMTOOLS_MERGE_LANES -
[-        ] resolve_align:PRESEQ           -
[-        ] bamlet:BAMLET                  -
[-        ] bamlet:QUALIMAP_BAMQC          -
[-        ] bam_stats_genome:TSS_BIAS      -
[-        ] bam…:DEEPTOOLS_PLOTFINGERPRINT -
[-        ] bam_stats_genome:PICARD_GCBIAS -
[-        ] bam…LONG_CTRL_GENETIC_ACCURACY -
[-        ] var…t_calling:HAPLOTYPE_CALLER -
[-        ] var…nt_calling:SPLIT_INTERVALS -
[-        ] var…calling:GENOMICS_DB_IMPORT -
[-        ] variant_calling:GENOTYPE_GVCFS -
[-        ] var…t_calling:MERGE_JOINT_VCFS -
[-        ] variant_calling:ASM            -
[-        ] var…_calling:MERGE_ASM_OUTPUTS -
[-        ] variant_calling:MUTECT2        -
Plus 13 more processes waiting for tasks…


executor >  slurm (10)
[22/2ed0db] res…AW (evoC-Bap1-mut-F, L000) | 0 of 4
[c0/1d2c4e] res…E (evoC-Bap1-ctrl-M, L000) | 1 of 4, retries: 1
[-        ] resolve_align:FASTQC_RESOLVED  -
[71/2c77e2] res…2 (evoC-Bap1-ctrl-M, L000) | 0 of 1
[-        ] res…align:SAMTOOLS_MERGE_LANES -
[-        ] resolve_align:PRESEQ           -
[-        ] bamlet:BAMLET                  -
[-        ] bamlet:QUALIMAP_BAMQC          -
[-        ] bam_stats_genome:TSS_BIAS      -
[-        ] bam…:DEEPTOOLS_PLOTFINGERPRINT -
[-        ] bam_stats_genome:PICARD_GCBIAS -
[-        ] bam…LONG_CTRL_GENETIC_ACCURACY -
[-        ] var…t_calling:HAPLOTYPE_CALLER -
[-        ] var…nt_calling:SPLIT_INTERVALS -
[-        ] var…calling:GENOMICS_DB_IMPORT -
[-        ] variant_calling:GENOTYPE_GVCFS -
[-        ] var…t_calling:MERGE_JOINT_VCFS -
[-        ] variant_calling:ASM            -
[-        ] var…_calling:MERGE_ASM_OUTPUTS -
[-        ] variant_calling:MUTECT2        -
Plus 13 more processes waiting for tasks…


executor >  slurm (10)
[22/2ed0db] res…AW (evoC-Bap1-mut-F, L000) | 0 of 4
[c0/1d2c4e] res…E (evoC-Bap1-ctrl-M, L000) | 1 of 4, retries: 1
[-        ] resolve_align:FASTQC_RESOLVED  -
[71/2c77e2] res…2 (evoC-Bap1-ctrl-M, L000) | 0 of 1
[-        ] res…align:SAMTOOLS_MERGE_LANES -
[-        ] resolve_align:PRESEQ           -
[-        ] bamlet:BAMLET                  -
[-        ] bamlet:QUALIMAP_BAMQC          -
[-        ] bam_stats_genome:TSS_BIAS      -
[-        ] bam…:DEEPTOOLS_PLOTFINGERPRINT -
[-        ] bam_stats_genome:PICARD_GCBIAS -
[-        ] bam…LONG_CTRL_GENETIC_ACCURACY -
[-        ] var…t_calling:HAPLOTYPE_CALLER -
[-        ] var…nt_calling:SPLIT_INTERVALS -
[-        ] var…calling:GENOMICS_DB_IMPORT -
[-        ] variant_calling:GENOTYPE_GVCFS -
[-        ] var…t_calling:MERGE_JOINT_VCFS -
[-        ] variant_calling:ASM            -
[-        ] var…_calling:MERGE_ASM_OUTPUTS -
[-        ] variant_calling:MUTECT2        -
Plus 13 more processes waiting for tasks…

executor >  slurm (10)
[22/2ed0db] res…AW (evoC-Bap1-mut-F, L000) | 0 of 4
[f7/800ecf] res…DE (evoC-Bap1-mut-M, L000) | 2 of 4, retries: 1
[-        ] resolve_align:FASTQC_RESOLVED  -
[71/2c77e2] res…2 (evoC-Bap1-ctrl-M, L000) | 0 of 2
[-        ] res…align:SAMTOOLS_MERGE_LANES -
[-        ] resolve_align:PRESEQ           -
[-        ] bamlet:BAMLET                  -
[-        ] bamlet:QUALIMAP_BAMQC          -
[-        ] bam_stats_genome:TSS_BIAS      -
[-        ] bam…:DEEPTOOLS_PLOTFINGERPRINT -
[-        ] bam_stats_genome:PICARD_GCBIAS -
[-        ] bam…LONG_CTRL_GENETIC_ACCURACY -
[-        ] var…t_calling:HAPLOTYPE_CALLER -
[-        ] var…nt_calling:SPLIT_INTERVALS -
[-        ] var…calling:GENOMICS_DB_IMPORT -
[-        ] variant_calling:GENOTYPE_GVCFS -
[-        ] var…t_calling:MERGE_JOINT_VCFS -
[-        ] variant_calling:ASM            -
[-        ] var…_calling:MERGE_ASM_OUTPUTS -
[-        ] variant_calling:MUTECT2        -
Plus 13 more processes waiting for tasks…

executor >  slurm (11)
[22/2ed0db] res…AW (evoC-Bap1-mut-F, L000) | 0 of 4
[f7/800ecf] res…DE (evoC-Bap1-mut-M, L000) | 2 of 4, retries: 1
[-        ] resolve_align:FASTQC_RESOLVED  -
[63/a2e864] res…M2 (evoC-Bap1-mut-M, L000) | 0 of 2
[-        ] res…align:SAMTOOLS_MERGE_LANES -
[-        ] resolve_align:PRESEQ           -
[-        ] bamlet:BAMLET                  -
[-        ] bamlet:QUALIMAP_BAMQC          -
[-        ] bam_stats_genome:TSS_BIAS      -
[-        ] bam…:DEEPTOOLS_PLOTFINGERPRINT -
[-        ] bam_stats_genome:PICARD_GCBIAS -
[-        ] bam…LONG_CTRL_GENETIC_ACCURACY -
[-        ] var…t_calling:HAPLOTYPE_CALLER -
[-        ] var…nt_calling:SPLIT_INTERVALS -
[-        ] var…calling:GENOMICS_DB_IMPORT -
[-        ] variant_calling:GENOTYPE_GVCFS -
[-        ] var…t_calling:MERGE_JOINT_VCFS -
[-        ] variant_calling:ASM            -
[-        ] var…_calling:MERGE_ASM_OUTPUTS -
[-        ] variant_calling:MUTECT2        -
Plus 13 more processes waiting for tasks…

executor >  slurm (11)
[22/2ed0db] res…AW (evoC-Bap1-mut-F, L000) | 0 of 4
[f7/800ecf] res…DE (evoC-Bap1-mut-M, L000) | 2 of 4, retries: 1
[-        ] resolve_align:FASTQC_RESOLVED  -
[63/a2e864] res…M2 (evoC-Bap1-mut-M, L000) | 0 of 2
[-        ] res…align:SAMTOOLS_MERGE_LANES -
[-        ] resolve_align:PRESEQ           -
[-        ] bamlet:BAMLET                  -
[-        ] bamlet:QUALIMAP_BAMQC          -
[-        ] bam_stats_genome:TSS_BIAS      -
[-        ] bam…:DEEPTOOLS_PLOTFINGERPRINT -
[-        ] bam_stats_genome:PICARD_GCBIAS -
[-        ] bam…LONG_CTRL_GENETIC_ACCURACY -
[-        ] var…t_calling:HAPLOTYPE_CALLER -
[-        ] var…nt_calling:SPLIT_INTERVALS -
[-        ] var…calling:GENOMICS_DB_IMPORT -
[-        ] variant_calling:GENOTYPE_GVCFS -
[-        ] var…t_calling:MERGE_JOINT_VCFS -
[-        ] variant_calling:ASM            -
[-        ] var…_calling:MERGE_ASM_OUTPUTS -
[-        ] variant_calling:MUTECT2        -
Plus 13 more processes waiting for tasks…

executor >  slurm (11)
[22/2ed0db] res…AW (evoC-Bap1-mut-F, L000) | 0 of 4
[03/4db856] res…DE (evoC-Bap1-mut-F, L000) | 3 of 4, retries: 1
[-        ] resolve_align:FASTQC_RESOLVED  -
[63/a2e864] res…M2 (evoC-Bap1-mut-M, L000) | 0 of 3
[-        ] res…align:SAMTOOLS_MERGE_LANES -
[-        ] resolve_align:PRESEQ           -
[-        ] bamlet:BAMLET                  -
[-        ] bamlet:QUALIMAP_BAMQC          -
[-        ] bam_stats_genome:TSS_BIAS      -
[-        ] bam…:DEEPTOOLS_PLOTFINGERPRINT -
[-        ] bam_stats_genome:PICARD_GCBIAS -
[-        ] bam…LONG_CTRL_GENETIC_ACCURACY -
[-        ] var…t_calling:HAPLOTYPE_CALLER -
[-        ] var…nt_calling:SPLIT_INTERVALS -
[-        ] var…calling:GENOMICS_DB_IMPORT -
[-        ] variant_calling:GENOTYPE_GVCFS -
[-        ] var…t_calling:MERGE_JOINT_VCFS -
[-        ] variant_calling:ASM            -
[-        ] var…_calling:MERGE_ASM_OUTPUTS -
[-        ] variant_calling:MUTECT2        -
Plus 13 more processes waiting for tasks…

executor >  slurm (12)
[22/2ed0db] res…AW (evoC-Bap1-mut-F, L000) | 0 of 4
[03/4db856] res…DE (evoC-Bap1-mut-F, L000) | 3 of 4, retries: 1
[-        ] resolve_align:FASTQC_RESOLVED  -
[e5/9f56bb] res…M2 (evoC-Bap1-mut-F, L000) | 0 of 3
[-        ] res…align:SAMTOOLS_MERGE_LANES -
[-        ] resolve_align:PRESEQ           -
[-        ] bamlet:BAMLET                  -
[-        ] bamlet:QUALIMAP_BAMQC          -
[-        ] bam_stats_genome:TSS_BIAS      -
[-        ] bam…:DEEPTOOLS_PLOTFINGERPRINT -
[-        ] bam_stats_genome:PICARD_GCBIAS -
[-        ] bam…LONG_CTRL_GENETIC_ACCURACY -
[-        ] var…t_calling:HAPLOTYPE_CALLER -
[-        ] var…nt_calling:SPLIT_INTERVALS -
[-        ] var…calling:GENOMICS_DB_IMPORT -
[-        ] variant_calling:GENOTYPE_GVCFS -
[-        ] var…t_calling:MERGE_JOINT_VCFS -
[-        ] variant_calling:ASM            -
[-        ] var…_calling:MERGE_ASM_OUTPUTS -
[-        ] variant_calling:MUTECT2        -
Plus 13 more processes waiting for tasks…

executor >  slurm (12)
[22/2ed0db] res…AW (evoC-Bap1-mut-F, L000) | 0 of 4
[03/4db856] res…DE (evoC-Bap1-mut-F, L000) | 3 of 4, retries: 1
[-        ] resolve_align:FASTQC_RESOLVED  -
[e5/9f56bb] res…M2 (evoC-Bap1-mut-F, L000) | 0 of 3
[-        ] res…align:SAMTOOLS_MERGE_LANES -
[-        ] resolve_align:PRESEQ           -
[-        ] bamlet:BAMLET                  -
[-        ] bamlet:QUALIMAP_BAMQC          -
[-        ] bam_stats_genome:TSS_BIAS      -
[-        ] bam…:DEEPTOOLS_PLOTFINGERPRINT -
[-        ] bam_stats_genome:PICARD_GCBIAS -
[-        ] bam…LONG_CTRL_GENETIC_ACCURACY -
[-        ] var…t_calling:HAPLOTYPE_CALLER -
[-        ] var…nt_calling:SPLIT_INTERVALS -
[-        ] var…calling:GENOMICS_DB_IMPORT -
[-        ] variant_calling:GENOTYPE_GVCFS -
[-        ] var…t_calling:MERGE_JOINT_VCFS -
[-        ] variant_calling:ASM            -
[-        ] var…_calling:MERGE_ASM_OUTPUTS -
[-        ] variant_calling:MUTECT2        -
Plus 13 more processes waiting for tasks…

executor >  slurm (12)
[88/ec33ed] res…W (evoC-Bap1-ctrl-M, L000) | 1 of 4
[03/4db856] res…DE (evoC-Bap1-mut-F, L000) | 3 of 4, retries: 1
[-        ] resolve_align:FASTQC_RESOLVED  -
[e5/9f56bb] res…M2 (evoC-Bap1-mut-F, L000) | 0 of 3
[-        ] res…align:SAMTOOLS_MERGE_LANES -
[-        ] resolve_align:PRESEQ           -
[-        ] bamlet:BAMLET                  -
[-        ] bamlet:QUALIMAP_BAMQC          -
[-        ] bam_stats_genome:TSS_BIAS      -
[-        ] bam…:DEEPTOOLS_PLOTFINGERPRINT -
[-        ] bam_stats_genome:PICARD_GCBIAS -
[-        ] bam…LONG_CTRL_GENETIC_ACCURACY -
[-        ] var…t_calling:HAPLOTYPE_CALLER -
[-        ] var…nt_calling:SPLIT_INTERVALS -
[-        ] var…calling:GENOMICS_DB_IMPORT -
[-        ] variant_calling:GENOTYPE_GVCFS -
[-        ] var…t_calling:MERGE_JOINT_VCFS -
[-        ] variant_calling:ASM            -
[-        ] var…_calling:MERGE_ASM_OUTPUTS -
[-        ] variant_calling:MUTECT2        -
Plus 13 more processes waiting for tasks…

executor >  slurm (12)
[88/ec33ed] res…W (evoC-Bap1-ctrl-M, L000) | 1 of 4
[03/4db856] res…DE (evoC-Bap1-mut-F, L000) | 3 of 4, retries: 1
[-        ] resolve_align:FASTQC_RESOLVED  -
[e5/9f56bb] res…M2 (evoC-Bap1-mut-F, L000) | 0 of 3
[-        ] res…align:SAMTOOLS_MERGE_LANES -
[-        ] resolve_align:PRESEQ           -
[-        ] bamlet:BAMLET                  -
[-        ] bamlet:QUALIMAP_BAMQC          -
[-        ] bam_stats_genome:TSS_BIAS      -
[-        ] bam…:DEEPTOOLS_PLOTFINGERPRINT -
[-        ] bam_stats_genome:PICARD_GCBIAS -
[-        ] bam…LONG_CTRL_GENETIC_ACCURACY -
[-        ] var…t_calling:HAPLOTYPE_CALLER -
[-        ] var…nt_calling:SPLIT_INTERVALS -
[-        ] var…calling:GENOMICS_DB_IMPORT -
[-        ] variant_calling:GENOTYPE_GVCFS -
[-        ] var…t_calling:MERGE_JOINT_VCFS -
[-        ] variant_calling:ASM            -
[-        ] var…_calling:MERGE_ASM_OUTPUTS -
[-        ] variant_calling:MUTECT2        -
Plus 13 more processes waiting for tasks…
ERROR ~ Error executing process > 'resolve_align:FASTQC_RAW (evoC-Bap1-ctrl-F, L000)'

Caused by:
  Process `resolve_align:FASTQC_RAW (evoC-Bap1-ctrl-F, L000)` terminated with an error exit status (9)


Command executed:

  fastqc evoC-Bap1-ctrl-F_S3_L000_R1_001.fastq.gz evoC-Bap1-ctrl-F_S3_L000_R2_001.fastq.gz -t 2
  
  for read in evoC-Bap1-ctrl-F_S3_L000_R1_001.fastq.gz evoC-Bap1-ctrl-F_S3_L000_R2_001.fastq.gz; do
  
    # Define basename, e.g. sample1_R1.fastq.gz --> sample1_R1
    # Assumes that file ends on either .fastq.gz or .fq.gz
    basename=${read%.*.*}
  
    # FastQC generates a .html file and a .zip file. The .zip has additional outputs
    unzip ${basename}_fastqc.zip
  
    # Copy files from zip directory and add raw tag to output names
    cp ${basename}_fastqc/fastqc_data.txt ${basename}_raw.fastqc_data.txt
    cp ${basename}_fastqc/summary.txt ${basename}_raw.fastqc_summary.txt
    mv ${basename}_fastqc.html ${basename}_raw.fastqc.html
  
  done
  
  echo 'tag evoC-Bap1-ctrl-F L000'

Command exit status:
  9

Command output:
  Analysis complete for evoC-Bap1-ctrl-F_S3_L000_R1_001.fastq.gz
  Archive:  evoC-Bap1-ctrl-F_S3_L000_R1_001_fastqc.zip
     creating: evoC-Bap1-ctrl-F_S3_L000_R1_001_fastqc/
     creating: evoC-Bap1-ctrl-F_S3_L000_R1_001_fastqc/Icons/
     creating: evoC-Bap1-ctrl-F_S3_L000_R1_001_fastqc/Images/
    inflating: evoC-Bap1-ctrl-F_S3_L000_R1_001_fastqc/Icons/fastqc_icon.png  
    inflating: evoC-Bap1-ctrl-F_S3_L000_R1_001_fastqc/Icons/warning.png  
    inflating: evoC-Bap1-ctrl-F_S3_L000_R1_001_fastqc/Icons/error.png  
    inflating: evoC-Bap1-ctrl-F_S3_L000_R1_001_fastqc/Icons/tick.png  
    inflating: evoC-Bap1-ctrl-F_S3_L000_R1_001_fastqc/summary.txt  
    inflating: evoC-Bap1-ctrl-F_S3_L000_R1_001_fastqc/Images/per_base_quality.png  
    inflating: evoC-Bap1-ctrl-F_S3_L000_R1_001_fastqc/Images/per_tile_quality.png  
    inflating: evoC-Bap1-ctrl-F_S3_L000_R1_001_fastqc/Images/per_sequence_quality.png  
    inflating: evoC-Bap1-ctrl-F_S3_L000_R1_001_fastqc/Images/per_base_sequence_content.png  
    inflating: evoC-Bap1-ctrl-F_S3_L000_R1_001_fastqc/Images/per_sequence_gc_content.png  
    inflating: evoC-Bap1-ctrl-F_S3_L000_R1_001_fastqc/Images/per_base_n_content.png  
    inflating: evoC-Bap1-ctrl-F_S3_L000_R1_001_fastqc/Images/sequence_length_distribution.png  
    inflating: evoC-Bap1-ctrl-F_S3_L000_R1_001_fastqc/Images/duplication_levels.png  
    inflating: evoC-Bap1-ctrl-F_S3_L000_R1_001_fastqc/Images/adapter_content.png  
    inflating: evoC-Bap1-ctrl-F_S3_L000_R1_001_fastqc/fastqc_report.html  
    inflating: evoC-Bap1-ctrl-F_S3_L000_R1_001_fastqc/fastqc_data.txt  
    inflating: evoC-Bap1-ctrl-F_S3_L000_R1_001_fastqc/fastqc.fo  

Command error:
  Started analysis of evoC-Bap1-ctrl-F_S3_L000_R1_001.fastq.gz
  Started analysis of evoC-Bap1-ctrl-F_S3_L000_R2_001.fastq.gz
  Approx 5% complete for evoC-Bap1-ctrl-F_S3_L000_R1_001.fastq.gz
  Approx 5% complete for evoC-Bap1-ctrl-F_S3_L000_R2_001.fastq.gz
  Approx 10% complete for evoC-Bap1-ctrl-F_S3_L000_R1_001.fastq.gz
  Approx 10% complete for evoC-Bap1-ctrl-F_S3_L000_R2_001.fastq.gz
  Approx 15% complete for evoC-Bap1-ctrl-F_S3_L000_R1_001.fastq.gz
  Approx 15% complete for evoC-Bap1-ctrl-F_S3_L000_R2_001.fastq.gz
  Approx 20% complete for evoC-Bap1-ctrl-F_S3_L000_R1_001.fastq.gz
  Approx 20% complete for evoC-Bap1-ctrl-F_S3_L000_R2_001.fastq.gz
  Approx 25% complete for evoC-Bap1-ctrl-F_S3_L000_R1_001.fastq.gz
  Approx 25% complete for evoC-Bap1-ctrl-F_S3_L000_R2_001.fastq.gz
  Approx 30% complete for evoC-Bap1-ctrl-F_S3_L000_R1_001.fastq.gz
  Approx 30% complete for evoC-Bap1-ctrl-F_S3_L000_R2_001.fastq.gz
  Approx 35% complete for evoC-Bap1-ctrl-F_S3_L000_R1_001.fastq.gz
  Approx 35% complete for evoC-Bap1-ctrl-F_S3_L000_R2_001.fastq.gz
  Approx 40% complete for evoC-Bap1-ctrl-F_S3_L000_R1_001.fastq.gz
  Approx 40% complete for evoC-Bap1-ctrl-F_S3_L000_R2_001.fastq.gz
  Approx 45% complete for evoC-Bap1-ctrl-F_S3_L000_R1_001.fastq.gz
  Approx 45% complete for evoC-Bap1-ctrl-F_S3_L000_R2_001.fastq.gz
  Approx 50% complete for evoC-Bap1-ctrl-F_S3_L000_R1_001.fastq.gz
  Approx 50% complete for evoC-Bap1-ctrl-F_S3_L000_R2_001.fastq.gz
  Approx 55% complete for evoC-Bap1-ctrl-F_S3_L000_R1_001.fastq.gz
  Approx 55% complete for evoC-Bap1-ctrl-F_S3_L000_R2_001.fastq.gz
  Approx 60% complete for evoC-Bap1-ctrl-F_S3_L000_R1_001.fastq.gz
  Approx 60% complete for evoC-Bap1-ctrl-F_S3_L000_R2_001.fastq.gz
  Approx 65% complete for evoC-Bap1-ctrl-F_S3_L000_R1_001.fastq.gz
  Approx 65% complete for evoC-Bap1-ctrl-F_S3_L000_R2_001.fastq.gz
  Approx 70% complete for evoC-Bap1-ctrl-F_S3_L000_R1_001.fastq.gz
  Approx 70% complete for evoC-Bap1-ctrl-F_S3_L000_R2_001.fastq.gz
  Approx 75% complete for evoC-Bap1-ctrl-F_S3_L000_R1_001.fastq.gz
  Approx 75% complete for evoC-Bap1-ctrl-F_S3_L000_R2_001.fastq.gz
  Approx 80% complete for evoC-Bap1-ctrl-F_S3_L000_R1_001.fastq.gz
  Approx 80% complete for evoC-Bap1-ctrl-F_S3_L000_R2_001.fastq.gz
  Approx 85% complete for evoC-Bap1-ctrl-F_S3_L000_R1_001.fastq.gz
  Approx 85% complete for evoC-Bap1-ctrl-F_S3_L000_R2_001.fastq.gz
  Failed to process file evoC-Bap1-ctrl-F_S3_L000_R2_001.fastq.gz
  uk.ac.babraham.FastQC.Sequence.SequenceFormatException: Midline '@LATAT**I9I999999' didn't start with '+'
  	at uk.ac.babraham.FastQC.Sequence.FastQFile.readNext(FastQFile.java:172)
  	at uk.ac.babraham.FastQC.Sequence.FastQFile.next(FastQFile.java:125)
  	at uk.ac.babraham.FastQC.Analysis.AnalysisRunner.run(AnalysisRunner.java:76)
  	at java.base/java.lang.Thread.run(Thread.java:1583)
  Approx 90% complete for evoC-Bap1-ctrl-F_S3_L000_R1_001.fastq.gz
  Approx 95% complete for evoC-Bap1-ctrl-F_S3_L000_R1_001.fastq.gz
  Fontconfig error: No writable cache directories
  unzip:  cannot find or open evoC-Bap1-ctrl-F_S3_L000_R2_001_fastqc.zip, evoC-Bap1-ctrl-F_S3_L000_R2_001_fastqc.zip.zip or evoC-Bap1-ctrl-F_S3_L000_R2_001_fastqc.zip.ZIP.

Work dir:
  /expanse/lustre/scratch/zalibhai/temp_project/work/66/47e5a01fa54f255212a2c8cea9e458

Container:
  /expanse/lustre/projects/csd940/zalibhai/biomodal/images/europe-docker.pkg.dev-cegx-releases-eu-prod-fastqc-0.3.0.img

Tip: when you have fixed the problem you can continue the execution adding the option `-resume` to the run command line

 -- Check '.nextflow.log' file for details
WARN: Killing running tasks (6)

executor >  slurm (12)
[22/2ed0db] res…AW (evoC-Bap1-mut-F, L000) | 1 of 4
[95/6bd0cf] res…E (evoC-Bap1-ctrl-F, L000) | 3 of 4, retries: 1
[-        ] resolve_align:FASTQC_RESOLVED  -
[e5/9f56bb] res…M2 (evoC-Bap1-mut-F, L000) | 0 of 3
[-        ] res…align:SAMTOOLS_MERGE_LANES -
[-        ] resolve_align:PRESEQ           -
[-        ] bamlet:BAMLET                  -
[-        ] bamlet:QUALIMAP_BAMQC          -
[-        ] bam_stats_genome:TSS_BIAS      -
[-        ] bam…:DEEPTOOLS_PLOTFINGERPRINT -
[-        ] bam_stats_genome:PICARD_GCBIAS -
[-        ] bam…LONG_CTRL_GENETIC_ACCURACY -
[-        ] var…t_calling:HAPLOTYPE_CALLER -
[-        ] var…nt_calling:SPLIT_INTERVALS -
[-        ] var…calling:GENOMICS_DB_IMPORT -
[-        ] variant_calling:GENOTYPE_GVCFS -
[-        ] var…t_calling:MERGE_JOINT_VCFS -
[-        ] variant_calling:ASM            -
[-        ] var…_calling:MERGE_ASM_OUTPUTS -
[-        ] variant_calling:MUTECT2        -
Plus 13 more processes waiting for tasks…
ERROR ~ Error executing process > 'resolve_align:FASTQC_RAW (evoC-Bap1-ctrl-F, L000)'

Caused by:
  Process `resolve_align:FASTQC_RAW (evoC-Bap1-ctrl-F, L000)` terminated with an error exit status (9)


Command executed:

  fastqc evoC-Bap1-ctrl-F_S3_L000_R1_001.fastq.gz evoC-Bap1-ctrl-F_S3_L000_R2_001.fastq.gz -t 2
  
  for read in evoC-Bap1-ctrl-F_S3_L000_R1_001.fastq.gz evoC-Bap1-ctrl-F_S3_L000_R2_001.fastq.gz; do
  
    # Define basename, e.g. sample1_R1.fastq.gz --> sample1_R1
    # Assumes that file ends on either .fastq.gz or .fq.gz
    basename=${read%.*.*}
  
    # FastQC generates a .html file and a .zip file. The .zip has additional outputs
    unzip ${basename}_fastqc.zip
  
    # Copy files from zip directory and add raw tag to output names
    cp ${basename}_fastqc/fastqc_data.txt ${basename}_raw.fastqc_data.txt
    cp ${basename}_fastqc/summary.txt ${basename}_raw.fastqc_summary.txt
    mv ${basename}_fastqc.html ${basename}_raw.fastqc.html
  
  done
  
  echo 'tag evoC-Bap1-ctrl-F L000'

Command exit status:
  9

Command output:
  Analysis complete for evoC-Bap1-ctrl-F_S3_L000_R1_001.fastq.gz
  Archive:  evoC-Bap1-ctrl-F_S3_L000_R1_001_fastqc.zip
     creating: evoC-Bap1-ctrl-F_S3_L000_R1_001_fastqc/
     creating: evoC-Bap1-ctrl-F_S3_L000_R1_001_fastqc/Icons/
     creating: evoC-Bap1-ctrl-F_S3_L000_R1_001_fastqc/Images/
    inflating: evoC-Bap1-ctrl-F_S3_L000_R1_001_fastqc/Icons/fastqc_icon.png  
    inflating: evoC-Bap1-ctrl-F_S3_L000_R1_001_fastqc/Icons/warning.png  
    inflating: evoC-Bap1-ctrl-F_S3_L000_R1_001_fastqc/Icons/error.png  
    inflating: evoC-Bap1-ctrl-F_S3_L000_R1_001_fastqc/Icons/tick.png  
    inflating: evoC-Bap1-ctrl-F_S3_L000_R1_001_fastqc/summary.txt  
    inflating: evoC-Bap1-ctrl-F_S3_L000_R1_001_fastqc/Images/per_base_quality.png  
    inflating: evoC-Bap1-ctrl-F_S3_L000_R1_001_fastqc/Images/per_tile_quality.png  
    inflating: evoC-Bap1-ctrl-F_S3_L000_R1_001_fastqc/Images/per_sequence_quality.png  
    inflating: evoC-Bap1-ctrl-F_S3_L000_R1_001_fastqc/Images/per_base_sequence_content.png  
    inflating: evoC-Bap1-ctrl-F_S3_L000_R1_001_fastqc/Images/per_sequence_gc_content.png  
    inflating: evoC-Bap1-ctrl-F_S3_L000_R1_001_fastqc/Images/per_base_n_content.png  
    inflating: evoC-Bap1-ctrl-F_S3_L000_R1_001_fastqc/Images/sequence_length_distribution.png  
    inflating: evoC-Bap1-ctrl-F_S3_L000_R1_001_fastqc/Images/duplication_levels.png  
    inflating: evoC-Bap1-ctrl-F_S3_L000_R1_001_fastqc/Images/adapter_content.png  
    inflating: evoC-Bap1-ctrl-F_S3_L000_R1_001_fastqc/fastqc_report.html  
    inflating: evoC-Bap1-ctrl-F_S3_L000_R1_001_fastqc/fastqc_data.txt  
    inflating: evoC-Bap1-ctrl-F_S3_L000_R1_001_fastqc/fastqc.fo  

Command error:
  Started analysis of evoC-Bap1-ctrl-F_S3_L000_R1_001.fastq.gz
  Started analysis of evoC-Bap1-ctrl-F_S3_L000_R2_001.fastq.gz
  Approx 5% complete for evoC-Bap1-ctrl-F_S3_L000_R1_001.fastq.gz
  Approx 5% complete for evoC-Bap1-ctrl-F_S3_L000_R2_001.fastq.gz
  Approx 10% complete for evoC-Bap1-ctrl-F_S3_L000_R1_001.fastq.gz
  Approx 10% complete for evoC-Bap1-ctrl-F_S3_L000_R2_001.fastq.gz
  Approx 15% complete for evoC-Bap1-ctrl-F_S3_L000_R1_001.fastq.gz
  Approx 15% complete for evoC-Bap1-ctrl-F_S3_L000_R2_001.fastq.gz
  Approx 20% complete for evoC-Bap1-ctrl-F_S3_L000_R1_001.fastq.gz
  Approx 20% complete for evoC-Bap1-ctrl-F_S3_L000_R2_001.fastq.gz
  Approx 25% complete for evoC-Bap1-ctrl-F_S3_L000_R1_001.fastq.gz
  Approx 25% complete for evoC-Bap1-ctrl-F_S3_L000_R2_001.fastq.gz
  Approx 30% complete for evoC-Bap1-ctrl-F_S3_L000_R1_001.fastq.gz
  Approx 30% complete for evoC-Bap1-ctrl-F_S3_L000_R2_001.fastq.gz
  Approx 35% complete for evoC-Bap1-ctrl-F_S3_L000_R1_001.fastq.gz
  Approx 35% complete for evoC-Bap1-ctrl-F_S3_L000_R2_001.fastq.gz
  Approx 40% complete for evoC-Bap1-ctrl-F_S3_L000_R1_001.fastq.gz
  Approx 40% complete for evoC-Bap1-ctrl-F_S3_L000_R2_001.fastq.gz
  Approx 45% complete for evoC-Bap1-ctrl-F_S3_L000_R1_001.fastq.gz
  Approx 45% complete for evoC-Bap1-ctrl-F_S3_L000_R2_001.fastq.gz
  Approx 50% complete for evoC-Bap1-ctrl-F_S3_L000_R1_001.fastq.gz
  Approx 50% complete for evoC-Bap1-ctrl-F_S3_L000_R2_001.fastq.gz
  Approx 55% complete for evoC-Bap1-ctrl-F_S3_L000_R1_001.fastq.gz
  Approx 55% complete for evoC-Bap1-ctrl-F_S3_L000_R2_001.fastq.gz
  Approx 60% complete for evoC-Bap1-ctrl-F_S3_L000_R1_001.fastq.gz
  Approx 60% complete for evoC-Bap1-ctrl-F_S3_L000_R2_001.fastq.gz
  Approx 65% complete for evoC-Bap1-ctrl-F_S3_L000_R1_001.fastq.gz
  Approx 65% complete for evoC-Bap1-ctrl-F_S3_L000_R2_001.fastq.gz
  Approx 70% complete for evoC-Bap1-ctrl-F_S3_L000_R1_001.fastq.gz
  Approx 70% complete for evoC-Bap1-ctrl-F_S3_L000_R2_001.fastq.gz
  Approx 75% complete for evoC-Bap1-ctrl-F_S3_L000_R1_001.fastq.gz
  Approx 75% complete for evoC-Bap1-ctrl-F_S3_L000_R2_001.fastq.gz
  Approx 80% complete for evoC-Bap1-ctrl-F_S3_L000_R1_001.fastq.gz
  Approx 80% complete for evoC-Bap1-ctrl-F_S3_L000_R2_001.fastq.gz
  Approx 85% complete for evoC-Bap1-ctrl-F_S3_L000_R1_001.fastq.gz
  Approx 85% complete for evoC-Bap1-ctrl-F_S3_L000_R2_001.fastq.gz
  Failed to process file evoC-Bap1-ctrl-F_S3_L000_R2_001.fastq.gz
  uk.ac.babraham.FastQC.Sequence.SequenceFormatException: Midline '@LATAT**I9I999999' didn't start with '+'
  	at uk.ac.babraham.FastQC.Sequence.FastQFile.readNext(FastQFile.java:172)
  	at uk.ac.babraham.FastQC.Sequence.FastQFile.next(FastQFile.java:125)
  	at uk.ac.babraham.FastQC.Analysis.AnalysisRunner.run(AnalysisRunner.java:76)
  	at java.base/java.lang.Thread.run(Thread.java:1583)
  Approx 90% complete for evoC-Bap1-ctrl-F_S3_L000_R1_001.fastq.gz
  Approx 95% complete for evoC-Bap1-ctrl-F_S3_L000_R1_001.fastq.gz
  Fontconfig error: No writable cache directories
  unzip:  cannot find or open evoC-Bap1-ctrl-F_S3_L000_R2_001_fastqc.zip, evoC-Bap1-ctrl-F_S3_L000_R2_001_fastqc.zip.zip or evoC-Bap1-ctrl-F_S3_L000_R2_001_fastqc.zip.ZIP.

Work dir:
  /expanse/lustre/scratch/zalibhai/temp_project/work/66/47e5a01fa54f255212a2c8cea9e458

Container:
  /expanse/lustre/projects/csd940/zalibhai/biomodal/images/europe-docker.pkg.dev-cegx-releases-eu-prod-fastqc-0.3.0.img

Tip: when you have fixed the problem you can continue the execution adding the option `-resume` to the run command line

 -- Check '.nextflow.log' file for details

2026-02-19T17:14:12.128Z  ERROR  Command execution failed
    error message: exit status 1
Run 'biomodal run duet --input-path /expanse/lustre/projects/csd940/zalibhai/biomodal/evoC-run/input --output-path /expanse/lustre/projects/csd940/zalibhai/biomodal/evoC-run/output --meta-file /expanse/lustre/projects/csd940/zalibhai/biomodal/evoC-run/input/metadata.csv --run-name evoC_Bap1_run --tag evoC_Bap1_run --mode 6bp --additional-profile deep_seq --chg-chh-contexts --quantification-output cxreport,bismark,bedmethyl,bedgraph --compute-asm --use-gvcf --reference-genome-name GRCm38 --additional-params run_by_default.fastqc.raw=true,call_somatic_variants=true --help' for help

=========================================
End time: Thu Feb 19 17:14:12 PST 2026
=========================================
