PAIRED_END_BAM_INPUT
Processed 1000000 records
Processed 2000000 records
Processed 3000000 records
Processed 4000000 records
Processed 5000000 records
Processed 6000000 records
Processed 7000000 records
Processed 8000000 records
Processed 9000000 records
Processed 10000000 records
Processed 11000000 records
Processed 12000000 records
Processed 13000000 records
Processed 14000000 records
Processed 15000000 records
Processed 16000000 records
Processed 17000000 records
Processed 18000000 records
paired = 9063573
unpaired = 0
MERGED PAIRED END READS = 9063573
MATES PROCESSED = 18127146
TOTAL READS     = 9063573
DISTINCT READS  = 9.02844e+06
DISTINCT COUNTS = 11
MAX COUNT       = 11
COUNTS OF 1     = 9.00341e+06
MAX TERMS       = 10
OBSERVED COUNTS (12)
1	9003406
2	18241
3	4732
4	1305
5	476
6	164
7	56
8	28
9	23
10	6
11	2

[ESTIMATING YIELD CURVE]
[BOOTSTRAPPING HISTOGRAM]
___._._._._.._.___..___._______.___._._____________.__.__....___.___.___
_.__________.__....__._______.._..______________.______________.__.__.._
____.__.___..__._._.___________.______.__._.________.__._.___________.__
____.____.________._._..____....______.__________.___________.__.___.___
_.._.____._________._______._____._._____._________._____________.______
._____.____._.________._...._____________._.__._______.._____.___._.._._
____._________..
[COMPUTING CONFIDENCE INTERVALS]
[WRITING OUTPUT]
