PAIRED_END_BAM_INPUT
Processed 1000000 records
Processed 2000000 records
Processed 3000000 records
Processed 4000000 records
paired = 2303072
unpaired = 0
MERGED PAIRED END READS = 2303072
MATES PROCESSED = 4606144
TOTAL READS     = 2303072
DISTINCT READS  = 2.29551e+06
DISTINCT COUNTS = 9
MAX COUNT       = 9
COUNTS OF 1     = 2.28925e+06
MAX TERMS       = 8
OBSERVED COUNTS (10)
1	2289246
2	5281
3	777
4	135
5	42
6	17
7	4
8	1
9	5

[ESTIMATING YIELD CURVE]
[BOOTSTRAPPING HISTOGRAM]
___._________.___.__._____..__._..___._______.___._._...__.____.__..____
....___.__.__.___._______..._.__.__._______...___._....._._.__.__._.___.
..______..._._._._______...___.___.__._.__.__.____._.__....____.._______
_____..__.____._...__..______._..___.....__...._.__.__..__.
[COMPUTING CONFIDENCE INTERVALS]
[WRITING OUTPUT]
