PAIRED_END_BAM_INPUT
Processed 1000000 records
Processed 2000000 records
Processed 3000000 records
Processed 4000000 records
Processed 5000000 records
Processed 6000000 records
Processed 7000000 records
Processed 8000000 records
Processed 9000000 records
Processed 10000000 records
Processed 11000000 records
Processed 12000000 records
Processed 13000000 records
Processed 14000000 records
Processed 15000000 records
Processed 16000000 records
paired = 8312135
unpaired = 0
MERGED PAIRED END READS = 8312135
MATES PROCESSED = 16624270
TOTAL READS     = 8312135
DISTINCT READS  = 8.2888e+06
DISTINCT COUNTS = 11
MAX COUNT       = 11
COUNTS OF 1     = 8.27156e+06
MAX TERMS       = 10
OBSERVED COUNTS (12)
1	8271556
2	13101
3	2916
4	801
5	274
6	92
7	35
8	17
9	9
10	3
11	1

[ESTIMATING YIELD CURVE]
[BOOTSTRAPPING HISTOGRAM]
_____.______.___._.__..___.______._..._.....__..__._.._._.______._.____.
_...__._._____..._..._._.__.__.___.____._._.._.__.____.____..__._...._._
......._..___...__...__..._._..___..___.._..____..._.__._..._.._.____.._
__.____..
[COMPUTING CONFIDENCE INTERVALS]
[WRITING OUTPUT]
