PAIRED_END_BAM_INPUT
Processed 1000000 records
Processed 2000000 records
Processed 3000000 records
Processed 4000000 records
Processed 5000000 records
Processed 6000000 records
Processed 7000000 records
Processed 8000000 records
Processed 9000000 records
Processed 10000000 records
Processed 11000000 records
Processed 12000000 records
Processed 13000000 records
Processed 14000000 records
paired = 7444658
unpaired = 0
MERGED PAIRED END READS = 7444658
MATES PROCESSED = 14889316
TOTAL READS     = 7444658
DISTINCT READS  = 7.41595e+06
DISTINCT COUNTS = 11
MAX COUNT       = 11
COUNTS OF 1     = 7.39482e+06
MAX TERMS       = 10
OBSERVED COUNTS (12)
1	7394822
2	15920
3	3714
4	952
5	360
6	105
7	36
8	28
9	11
10	3
11	1

[ESTIMATING YIELD CURVE]
[BOOTSTRAPPING HISTOGRAM]
__.....___.....___._.__._____._.__.____.__._.__.___._...___....___..____
_._.__.___.___._______._.____._.__.____._._.._.____..__._..___.____._.._
___...______..___..___.__._.__._.__...._..__._._.__.____.___.________.._
.._...__..___..___._____.__.____.__.._____..______.._.
[COMPUTING CONFIDENCE INTERVALS]
[WRITING OUTPUT]
