=========================================
TADCompare Pipeline - Step 3: ConsensusTADs
=========================================
Job ID: 45828185
Node: exp-3-47
Start time: Sun Jan 11 15:40:59 PST 2026
=========================================

Environment check:
/home/zalibhai/.conda/envs/mariner_env/bin/R
R version 4.4.2 (2024-10-31) -- "Pile of Leaves"

Starting ConsensusTADs analysis...
Warning message:
package ‘dplyr’ was built under R version 4.4.3 
=========================================
ConsensusTADs: Replicate Robustness Analysis
=========================================
Resolution: 25000 bp
Input directory: /expanse/lustre/projects/csd940/zalibhai/mariner_hi-c/tads/data/extracted/replicates 
Output directory: /expanse/lustre/projects/csd940/zalibhai/mariner_hi-c/tads/results/consensus 
=========================================

Processing CONTROL replicates...
================================
   chr1 :
    Replicates used: ctrl_M1, ctrl_M2, ctrl_M3 
Converting to n x n matrix
Matrix dimensions: 7695x7695
Matrix dimensions: 7695x7695
Matrix dimensions: 7695x7695
    Consensus boundaries: 169 
   chr2 :
    Replicates used: ctrl_M1, ctrl_M2, ctrl_M3 
Converting to n x n matrix
Matrix dimensions: 7160x7160
Matrix dimensions: 7159x7159
Matrix dimensions: 7160x7160
    Consensus boundaries: 205 
   chr3 :
    Replicates used: ctrl_M1, ctrl_M2, ctrl_M3 
Converting to n x n matrix
Matrix dimensions: 6278x6278
Matrix dimensions: 6278x6278
Matrix dimensions: 6278x6278
    Consensus boundaries: 153 
   chr4 :
    Replicates used: ctrl_M1, ctrl_M2, ctrl_M3 
Converting to n x n matrix
Matrix dimensions: 6133x6133
Matrix dimensions: 6133x6133
Matrix dimensions: 6133x6133
    Consensus boundaries: 156 
   chr5 :
    Replicates used: ctrl_M1, ctrl_M2, ctrl_M3 
Converting to n x n matrix
Matrix dimensions: 5950x5950
Matrix dimensions: 5950x5950
Matrix dimensions: 5950x5950
    Consensus boundaries: 141 
   chr6 :
    Replicates used: ctrl_M1, ctrl_M2, ctrl_M3 
Converting to n x n matrix
Matrix dimensions: 5862x5862
Matrix dimensions: 5862x5862
Matrix dimensions: 5862x5862
    Consensus boundaries: 142 
   chr7 :
    Replicates used: ctrl_M1, ctrl_M2, ctrl_M3 
Converting to n x n matrix
Matrix dimensions: 5694x5694
Matrix dimensions: 5694x5694
Matrix dimensions: 5695x5695
    Consensus boundaries: 228 
   chr8 :
    Replicates used: ctrl_M1, ctrl_M2, ctrl_M3 
Converting to n x n matrix
Matrix dimensions: 5053x5053
Matrix dimensions: 5053x5053
Matrix dimensions: 5053x5053
    Consensus boundaries: 121 
   chr9 :
    Replicates used: ctrl_M1, ctrl_M2, ctrl_M3 
Converting to n x n matrix
Matrix dimensions: 4860x4860
Matrix dimensions: 4860x4860
Matrix dimensions: 4860x4860
    Consensus boundaries: 108 
   chr10 :
    Replicates used: ctrl_M1, ctrl_M2, ctrl_M3 
Converting to n x n matrix
Matrix dimensions: 5101x5101
Matrix dimensions: 5101x5101
Matrix dimensions: 5100x5100
    Consensus boundaries: 128 
   chr11 :
    Replicates used: ctrl_M1, ctrl_M2, ctrl_M3 
Converting to n x n matrix
Matrix dimensions: 4756x4756
Matrix dimensions: 4756x4756
Matrix dimensions: 4756x4756
    Consensus boundaries: 114 
   chr12 :
    Replicates used: ctrl_M1, ctrl_M2, ctrl_M3 
Converting to n x n matrix
Matrix dimensions: 4682x4682
Matrix dimensions: 4682x4682
Matrix dimensions: 4682x4682
    Consensus boundaries: 110 
   chr13 :
    Replicates used: ctrl_M1, ctrl_M2, ctrl_M3 
Converting to n x n matrix
Matrix dimensions: 4693x4693
Matrix dimensions: 4693x4693
Matrix dimensions: 4693x4693
    Consensus boundaries: 100 
   chr14 :
    Replicates used: ctrl_M1, ctrl_M2, ctrl_M3 
Converting to n x n matrix
Matrix dimensions: 4873x4873
Matrix dimensions: 4873x4873
Matrix dimensions: 4873x4873
    Consensus boundaries: 155 
   chr15 :
    Replicates used: ctrl_M1, ctrl_M2, ctrl_M3 
Converting to n x n matrix
Matrix dimensions: 4037x4037
Matrix dimensions: 4036x4036
Matrix dimensions: 4037x4037
    Consensus boundaries: 101 
   chr16 :
    Replicates used: ctrl_M1, ctrl_M2, ctrl_M3 
Converting to n x n matrix
Matrix dimensions: 3805x3805
Matrix dimensions: 3805x3805
Matrix dimensions: 3805x3805
    Consensus boundaries: 84 
   chr17 :
    Replicates used: ctrl_M1, ctrl_M2, ctrl_M3 
Converting to n x n matrix
Matrix dimensions: 3676x3676
Matrix dimensions: 3676x3676
Matrix dimensions: 3676x3676
    Consensus boundaries: 95 
   chr18 :
    Replicates used: ctrl_M1, ctrl_M2, ctrl_M3 
Converting to n x n matrix
Matrix dimensions: 3505x3505
Matrix dimensions: 3505x3505
Matrix dimensions: 3505x3505
    Consensus boundaries: 82 
   chr19 :
    Replicates used: ctrl_M1, ctrl_M2, ctrl_M3 
Converting to n x n matrix
Matrix dimensions: 2334x2334
Matrix dimensions: 2331x2331
Matrix dimensions: 2334x2334
    Consensus boundaries: 73 

Processing MUTANT replicates...
===============================
   chr1 :
    Replicates used: mut_M1, mut_M2, mut_M3 
Converting to n x n matrix
Matrix dimensions: 7695x7695
Matrix dimensions: 7695x7695
Matrix dimensions: 7695x7695
    Consensus boundaries: 178 
   chr2 :
    Replicates used: mut_M1, mut_M2, mut_M3 
Converting to n x n matrix
Matrix dimensions: 7160x7160
Matrix dimensions: 7159x7159
Matrix dimensions: 7159x7159
    Consensus boundaries: 214 
   chr3 :
    Replicates used: mut_M1, mut_M2, mut_M3 
Converting to n x n matrix
Matrix dimensions: 6278x6278
Matrix dimensions: 6278x6278
Matrix dimensions: 6278x6278
    Consensus boundaries: 143 
   chr4 :
    Replicates used: mut_M1, mut_M2, mut_M3 
Converting to n x n matrix
Matrix dimensions: 6133x6133
Matrix dimensions: 6133x6133
Matrix dimensions: 6133x6133
    Consensus boundaries: 223 
   chr5 :
    Replicates used: mut_M1, mut_M2, mut_M3 
Converting to n x n matrix
Matrix dimensions: 5950x5950
Matrix dimensions: 5951x5951
Matrix dimensions: 5950x5950
    Consensus boundaries: 147 
   chr6 :
    Replicates used: mut_M1, mut_M2, mut_M3 
Converting to n x n matrix
Matrix dimensions: 5862x5862
Matrix dimensions: 5862x5862
Matrix dimensions: 5862x5862
    Consensus boundaries: 131 
   chr7 :
    Replicates used: mut_M1, mut_M2, mut_M3 
Converting to n x n matrix
Matrix dimensions: 5694x5694
Matrix dimensions: 5694x5694
Matrix dimensions: 5694x5694
    Consensus boundaries: 225 
   chr8 :
    Replicates used: mut_M1, mut_M2, mut_M3 
Converting to n x n matrix
Matrix dimensions: 5053x5053
Matrix dimensions: 5053x5053
Matrix dimensions: 5053x5053
    Consensus boundaries: 113 
   chr9 :
    Replicates used: mut_M1, mut_M2, mut_M3 
Converting to n x n matrix
Matrix dimensions: 4860x4860
Matrix dimensions: 4860x4860
Matrix dimensions: 4860x4860
    Consensus boundaries: 113 
   chr10 :
    Replicates used: mut_M1, mut_M2, mut_M3 
Converting to n x n matrix
Matrix dimensions: 5100x5100
Matrix dimensions: 5100x5100
Matrix dimensions: 5100x5100
    Consensus boundaries: 112 
   chr11 :
    Replicates used: mut_M1, mut_M2, mut_M3 
Converting to n x n matrix
Matrix dimensions: 4756x4756
Matrix dimensions: 4756x4756
Matrix dimensions: 4756x4756
    Consensus boundaries: 102 
   chr12 :
    Replicates used: mut_M1, mut_M2, mut_M3 
Converting to n x n matrix
Matrix dimensions: 4682x4682
Matrix dimensions: 4682x4682
Matrix dimensions: 4682x4682
    Consensus boundaries: 121 
   chr13 :
    Replicates used: mut_M1, mut_M2, mut_M3 
Converting to n x n matrix
Matrix dimensions: 4693x4693
Matrix dimensions: 4693x4693
Matrix dimensions: 4693x4693
    Consensus boundaries: 105 
   chr14 :
    Replicates used: mut_M1, mut_M2, mut_M3 
Converting to n x n matrix
Matrix dimensions: 4873x4873
Matrix dimensions: 4873x4873
Matrix dimensions: 4874x4874
    Consensus boundaries: 169 
   chr15 :
    Replicates used: mut_M1, mut_M2, mut_M3 
Converting to n x n matrix
Matrix dimensions: 4036x4036
Matrix dimensions: 4036x4036
Matrix dimensions: 4036x4036
    Consensus boundaries: 97 
   chr16 :
    Replicates used: mut_M1, mut_M2, mut_M3 
Converting to n x n matrix
Matrix dimensions: 3805x3805
Matrix dimensions: 3805x3805
Matrix dimensions: 3805x3805
    Consensus boundaries: 87 
   chr17 :
    Replicates used: mut_M1, mut_M2, mut_M3 
Converting to n x n matrix
Matrix dimensions: 3676x3676
Matrix dimensions: 3676x3676
Matrix dimensions: 3676x3676
    Consensus boundaries: 92 
   chr18 :
    Replicates used: mut_M1, mut_M2, mut_M3 
Converting to n x n matrix
Matrix dimensions: 3506x3506
Matrix dimensions: 3505x3505
Matrix dimensions: 3505x3505
    Consensus boundaries: 89 
   chr19 :
    Replicates used: mut_M1, mut_M2, mut_M3 
Converting to n x n matrix
Matrix dimensions: 2331x2331
Matrix dimensions: 2334x2334
Matrix dimensions: 2334x2334
    Consensus boundaries: 74 

=========================================
Combining and analyzing results...
=========================================
Control consensus boundaries: 2465 
Mutant consensus boundaries: 2535 

Integrating with TADCompare results...
TADCompare boundaries loaded: 8264 

Robustness assessment:
# A tibble: 4 × 3
  robustness       n   pct
  <chr>        <int> <dbl>
1 Both          1818  22  
2 Control_only   398   4.8
3 Mutant_only    429   5.2
4 Neither       5619  68  

Robustness by differential status:
# A tibble: 4 × 7
  Differential    total robust_both robust_ctrl robust_mut not_robust pct_robust
  <chr>           <int>       <int>       <int>      <int>      <int>      <dbl>
1 Differential     1384         258         103        168        855       38.2
2 Non-Differenti…  6607        1495         260        237       4615       30.1
3 Shifted           254          61          35         23        135       46.9
4 <NA>               19           4           0          1         14       26.3

High-confidence differential boundaries: 529 
(Differential AND detected in replicate consensus)

=========================================
Saving outputs...
Control consensus: /expanse/lustre/projects/csd940/zalibhai/mariner_hi-c/tads/results/consensus/consensus_control.tsv 
Mutant consensus: /expanse/lustre/projects/csd940/zalibhai/mariner_hi-c/tads/results/consensus/consensus_mutant.tsv 
Annotated TADCompare: /expanse/lustre/projects/csd940/zalibhai/mariner_hi-c/tads/results/consensus/tadcompare_with_robustness.tsv 
High-confidence differential: /expanse/lustre/projects/csd940/zalibhai/mariner_hi-c/tads/results/consensus/high_confidence_differential.tsv 
High-confidence BED: /expanse/lustre/projects/csd940/zalibhai/mariner_hi-c/tads/results/consensus/high_confidence_differential.bed 
Summary: /expanse/lustre/projects/csd940/zalibhai/mariner_hi-c/tads/results/consensus/consensus_summary.txt 

=========================================
✅ ConsensusTADs analysis complete
=========================================

Key outputs:
  - consensus_control.tsv: Robust boundaries in control
  - consensus_mutant.tsv: Robust boundaries in mutant
  - tadcompare_with_robustness.tsv: TADCompare + robustness flags
  - high_confidence_differential.tsv/bed: Filtered high-confidence set

Next step: Run 04_postprocess.sh for shift distance calculation

✅ ConsensusTADs analysis completed successfully

End time: Sun Jan 11 15:52:21 PST 2026
=========================================
