=========================================
TADCompare Pipeline - EARLY Timepoint (250831)
=========================================
Job ID: 49936814
Node: exp-5-29
Start time: Sun May 31 23:03:48 PDT 2026
=========================================

Output directories created:
  data/early/extracted/
  results/early/
  results/visualizations/early/


=========================================
Step 1/6: Extract Matrices
=========================================
Start: Sun May 31 23:03:50 PDT 2026

=========================================
TADCompare Pipeline - Step 1: Matrix Extraction
=========================================
Job ID: 49936814
Node: exp-5-29
Start time: Sun May 31 23:03:50 PDT 2026
=========================================

Environment check:
/home/zalibhai/.local/bin/straw

Timepoint: early (HIC date: 250831)

Extracting merged matrices...
-----------------------------
Processing ctrl_merged.hic ...
  ✓ chr1
  ✓ chr2
  ✓ chr3
  ✓ chr4
  ✓ chr5
  ✓ chr6
  ✓ chr7
  ✓ chr8
  ✓ chr9
  ✓ chr10
  ✓ chr11
  ✓ chr12
  ✓ chr13
  ✓ chr14
  ✓ chr15
  ✓ chr16
  ✓ chr17
  ✓ chr18
  ✓ chr19

Processing mut_merged.hic ...
  ✓ chr1
  ✓ chr2
  ✓ chr3
  ✓ chr4
  ✓ chr5
  ✓ chr6
  ✓ chr7
  ✓ chr8
  ✓ chr9
  ✓ chr10
  ✓ chr11
  ✓ chr12
  ✓ chr13
  ✓ chr14
  ✓ chr15
  ✓ chr16
  ✓ chr17
  ✓ chr18
  ✓ chr19

Extracting replicate matrices...
--------------------------------
Processing ctrl_M1.hic ...
  ✓ chr1
  ✓ chr2
  ✓ chr3
  ✓ chr4
  ✓ chr5
  ✓ chr6
  ✓ chr7
  ✓ chr8
  ✓ chr9
  ✓ chr10
  ✓ chr11
  ✓ chr12
  ✓ chr13
  ✓ chr14
  ✓ chr15
  ✓ chr16
  ✓ chr17
  ✓ chr18
  ✓ chr19

Processing ctrl_M2.hic ...
  ✓ chr1
  ✓ chr2
  ✓ chr3
  ✓ chr4
  ✓ chr5
  ✓ chr6
  ✓ chr7
  ✓ chr8
  ✓ chr9
  ✓ chr10
  ✓ chr11
  ✓ chr12
  ✓ chr13
  ✓ chr14
  ✓ chr15
  ✓ chr16
  ✓ chr17
  ✓ chr18
  ✓ chr19

Processing ctrl_M3.hic ...
  ✓ chr1
  ✓ chr2
  ✓ chr3
  ✓ chr4
  ✓ chr5
  ✓ chr6
  ✓ chr7
  ✓ chr8
  ✓ chr9
  ✓ chr10
  ✓ chr11
  ✓ chr12
  ✓ chr13
  ✓ chr14
  ✓ chr15
  ✓ chr16
  ✓ chr17
  ✓ chr18
  ✓ chr19

Processing mut_M1.hic ...
  ✓ chr1
  ✓ chr2
  ✓ chr3
  ✓ chr4
  ✓ chr5
  ✓ chr6
  ✓ chr7
  ✓ chr8
  ✓ chr9
  ✓ chr10
  ✓ chr11
  ✓ chr12
  ✓ chr13
  ✓ chr14
  ✓ chr15
  ✓ chr16
  ✓ chr17
  ✓ chr18
  ✓ chr19

Processing mut_M2.hic ...
  ✓ chr1
  ✓ chr2
  ✓ chr3
  ✓ chr4
  ✓ chr5
  ✓ chr6
  ✓ chr7
  ✓ chr8
  ✓ chr9
  ✓ chr10
  ✓ chr11
  ✓ chr12
  ✓ chr13
  ✓ chr14
  ✓ chr15
  ✓ chr16
  ✓ chr17
  ✓ chr18
  ✓ chr19

Processing mut_M3.hic ...
  ✓ chr1
  ✓ chr2
  ✓ chr3
  ✓ chr4
  ✓ chr5
  ✓ chr6
  ✓ chr7
  ✓ chr8
  ✓ chr9
  ✓ chr10
  ✓ chr11
  ✓ chr12
  ✓ chr13
  ✓ chr14
  ✓ chr15
  ✓ chr16
  ✓ chr17
  ✓ chr18
  ✓ chr19

=========================================
Extraction Summary
=========================================
Total extractions attempted: 152
Successful: 152
Failed: 0

Output locations:
  Merged:     /expanse/lustre/projects/csd940/zalibhai/mariner_hi-c/tads/data/early/extracted/merged
  Replicates: /expanse/lustre/projects/csd940/zalibhai/mariner_hi-c/tads/data/early/extracted/replicates

Files created:
  Merged matrices: 38
  Replicate matrices: 114

✅ All extractions completed successfully

Step 1 complete: Sun May 31 23:14:34 PDT 2026
Files created:
total 11G
-rw-r--r-- 1 zalibhai csd940 355M May 31 23:05 ctrl_merged.chr10.10kb.txt
-rw-r--r-- 1 zalibhai csd940 633M May 31 23:04 ctrl_merged.chr1.10kb.txt
-rw-r--r-- 1 zalibhai csd940 340M May 31 23:05 ctrl_merged.chr11.10kb.txt
-rw-r--r-- 1 zalibhai csd940 293M May 31 23:05 ctrl_merged.chr12.10kb.txt
...

=========================================
Step 2/6: Run TADCompare
=========================================
Start: Sun May 31 23:14:34 PDT 2026

Warning message:
package ‘dplyr’ was built under R version 4.4.3 
Timepoint: early 

=========================================
TADCompare Analysis: Control vs BAP1-KO
=========================================
Resolution: 10000 bp
Input directory: /expanse/lustre/projects/csd940/zalibhai/mariner_hi-c/tads/data/early/extracted/merged 
Output directory: /expanse/lustre/projects/csd940/zalibhai/mariner_hi-c/tads/results/early/tadcompare 
Chromosomes: 19 
=========================================

Starting TADCompare analysis across all chromosomes...

Processing chr1 ...
  Contacts - Control: 31598472 , Mutant: 31923494 
Converting to n x n matrix
Matrix dimensions: 19238x19238
Matrix dimensions: 19238x19238
  Boundaries detected: 2100 
  Differential boundaries: 393 
  Types: Complex=128, Merge=89, Non-Differential=1602, Shifted=104, Split=85, Strength Change=91 
  ✓ Complete

Processing chr2 ...
  Contacts - Control: 28699859 , Mutant: 29053919 
Converting to n x n matrix
Matrix dimensions: 17897x17897
Matrix dimensions: 17898x17898
  Boundaries detected: 1825 
  Differential boundaries: 286 
  Types: Complex=72, Merge=69, Non-Differential=1482, Shifted=56, Split=56, Strength Change=89 
  ✓ Complete

Processing chr3 ...
  Contacts - Control: 23797035 , Mutant: 24158981 
Converting to n x n matrix
Matrix dimensions: 15694x15694
Matrix dimensions: 15694x15694
  Boundaries detected: 1670 
  Differential boundaries: 299 
  Types: Complex=67, Merge=75, Non-Differential=1298, Shifted=72, Split=68, Strength Change=89 
  ✓ Complete

Processing chr4 ...
  Contacts - Control: 21582849 , Mutant: 21859125 
Converting to n x n matrix
Matrix dimensions: 15331x15331
Matrix dimensions: 15331x15331
  Boundaries detected: 1508 
  Differential boundaries: 185 
  Types: Complex=63, Merge=46, Non-Differential=1239, Shifted=83, Split=39, Strength Change=37 
  ✓ Complete

Processing chr5 ...
  Contacts - Control: 20812347 , Mutant: 21020813 
Converting to n x n matrix
Matrix dimensions: 14874x14874
Matrix dimensions: 14875x14875
  Boundaries detected: 1466 
  Differential boundaries: 137 
  Types: Complex=35, Merge=36, Non-Differential=1255, Shifted=73, Split=30, Strength Change=36 
  ✓ Complete

Processing chr6 ...
  Contacts - Control: 22370303 , Mutant: 22656260 
Converting to n x n matrix
Matrix dimensions: 14654x14654
Matrix dimensions: 14654x14654
  Boundaries detected: 1561 
  Differential boundaries: 276 
  Types: Complex=92, Merge=56, Non-Differential=1216, Shifted=68, Split=52, Strength Change=76 
  ✓ Complete

Processing chr7 ...
  Contacts - Control: 19237433 , Mutant: 19458758 
Converting to n x n matrix
Matrix dimensions: 14235x14235
Matrix dimensions: 14235x14235
  Boundaries detected: 1341 
  Differential boundaries: 146 
  Types: Complex=58, Merge=27, Non-Differential=1124, Shifted=70, Split=28, Strength Change=33 
  ✓ Complete

Processing chr8 ...
  Contacts - Control: 16781872 , Mutant: 16210476 
Converting to n x n matrix
Matrix dimensions: 12631x12631
Matrix dimensions: 12632x12632
  Boundaries detected: 1310 
  Differential boundaries: 205 
  Types: Complex=60, Merge=41, Non-Differential=1005, Shifted=99, Split=45, Strength Change=59 
  ✓ Complete

Processing chr9 ...
  Contacts - Control: 17590770 , Mutant: 17645611 
Converting to n x n matrix
Matrix dimensions: 12150x12150
Matrix dimensions: 12150x12150
  Boundaries detected: 1255 
  Differential boundaries: 255 
  Types: Complex=69, Merge=59, Non-Differential=951, Shifted=48, Split=48, Strength Change=79 
  ✓ Complete

Processing chr10 ...
  Contacts - Control: 18234345 , Mutant: 18512997 
Converting to n x n matrix
Matrix dimensions: 12750x12750
Matrix dimensions: 12751x12751
  Boundaries detected: 1342 
  Differential boundaries: 249 
  Types: Complex=71, Merge=51, Non-Differential=1020, Shifted=72, Split=53, Strength Change=74 
  ✓ Complete

Processing chr11 ...
  Contacts - Control: 17520235 , Mutant: 17562759 
Converting to n x n matrix
Matrix dimensions: 11889x11889
Matrix dimensions: 11889x11889
  Boundaries detected: 1159 
  Differential boundaries: 202 
  Types: Complex=39, Merge=36, Non-Differential=926, Shifted=30, Split=32, Strength Change=95 
  ✓ Complete

Processing chr12 ...
  Contacts - Control: 15130063 , Mutant: 15224106 
Converting to n x n matrix
Matrix dimensions: 11703x11703
Matrix dimensions: 11703x11703
  Boundaries detected: 1278 
  Differential boundaries: 157 
  Types: Complex=43, Merge=35, Non-Differential=1051, Shifted=69, Split=32, Strength Change=47 
  ✓ Complete

Processing chr13 ...
  Contacts - Control: 16172191 , Mutant: 16286588 
Converting to n x n matrix
Matrix dimensions: 11733x11733
Matrix dimensions: 11733x11733
  Boundaries detected: 1255 
  Differential boundaries: 177 
  Types: Complex=49, Merge=42, Non-Differential=1006, Shifted=71, Split=38, Strength Change=48 
  ✓ Complete

Processing chr14 ...
  Contacts - Control: 15008450 , Mutant: 15199359 
Converting to n x n matrix
Matrix dimensions: 12182x12182
Matrix dimensions: 12182x12182
  Boundaries detected: 1199 
  Differential boundaries: 119 
  Types: Complex=41, Merge=28, Non-Differential=1009, Shifted=70, Split=25, Strength Change=25 
  ✓ Complete

Processing chr15 ...
  Contacts - Control: 12112265 , Mutant: 12260259 
Converting to n x n matrix
Matrix dimensions: 10091x10091
Matrix dimensions: 10091x10091
  Boundaries detected: 1091 
  Differential boundaries: 207 
  Types: Complex=58, Merge=45, Non-Differential=839, Shifted=44, Split=36, Strength Change=68 
  ✓ Complete

Processing chr16 ...
  Contacts - Control: 11123965 , Mutant: 11448854 
Converting to n x n matrix
Matrix dimensions: 9511x9511
Matrix dimensions: 9511x9511
  Boundaries detected: 1016 
  Differential boundaries: 194 
  Types: Complex=75, Merge=36, Non-Differential=778, Shifted=43, Split=33, Strength Change=50 
  ✓ Complete

Processing chr17 ...
  Contacts - Control: 10528623 , Mutant: 10603907 
Converting to n x n matrix
Matrix dimensions: 9189x9189
Matrix dimensions: 9189x9189
  Boundaries detected: 936 
  Differential boundaries: 135 
  Types: Complex=31, Merge=34, Non-Differential=762, Shifted=38, Split=32, Strength Change=38 
  ✓ Complete

Processing chr18 ...
  Contacts - Control: 10731362 , Mutant: 10884543 
Converting to n x n matrix
Matrix dimensions: 8761x8761
Matrix dimensions: 8761x8761
  Boundaries detected: 899 
  Differential boundaries: 146 
  Types: Complex=36, Merge=37, Non-Differential=717, Shifted=35, Split=25, Strength Change=48 
  ✓ Complete

Processing chr19 ...
  Contacts - Control: 6004490 , Mutant: 5960522 
Converting to n x n matrix
Matrix dimensions: 5834x5834
Matrix dimensions: 5834x5834
  Boundaries detected: 590 
  Differential boundaries: 112 
  Types: Complex=34, Merge=23, Non-Differential=447, Shifted=30, Split=23, Strength Change=32 
  ✓ Complete

=========================================
Combining results...
Total boundaries across all chromosomes: 24801 

=========================================
Summary Statistics
=========================================

Differential status:
      Differential     n  pct
1     Differential  3880 15.6
2 Non-Differential 19727 79.5
3          Shifted  1175  4.7
4             <NA>    19  0.1

Boundary type classification:
              Type     n  pct
1 Non-Differential 19727 79.6
2          Shifted  1175  4.7
3          Complex  1121  4.5
4  Strength Change  1114  4.5
5            Merge   865  3.5
6            Split   780  3.1

Differential boundaries by enrichment:
  Enriched_In    n  pct
1    Matrix 1 1876 48.4
2    Matrix 2 2004 51.6

Per-chromosome summary:
# A tibble: 19 × 4
   chr   total differential pct_diff
   <chr> <int>        <int>    <dbl>
 1 chr1   2100          393     18.7
 2 chr10  1342          249     18.6
 3 chr11  1159          202     17.4
 4 chr12  1278          157     12.3
 5 chr13  1255          177     14.1
 6 chr14  1199          119      9.9
 7 chr15  1091          207     19  
 8 chr16  1016          194     19.1
 9 chr17   936          135     14.4
10 chr18   899          146     16.2
11 chr19   590          112     19  
12 chr2   1825          286     15.7
13 chr3   1670          299     17.9
14 chr4   1508          185     12.3
15 chr5   1466          137      9.3
16 chr6   1561          276     17.7
17 chr7   1341          146     10.9
18 chr8   1310          205     15.6
19 chr9   1255          255     20.3

=========================================
Saving outputs...
Full results: /expanse/lustre/projects/csd940/zalibhai/mariner_hi-c/tads/results/early/tadcompare/tadcompare_all_boundaries.tsv 
Differential only: /expanse/lustre/projects/csd940/zalibhai/mariner_hi-c/tads/results/early/tadcompare/tadcompare_differential_only.tsv 
BED file (all): /expanse/lustre/projects/csd940/zalibhai/mariner_hi-c/tads/results/early/tadcompare/tadcompare_boundaries.bed 
BED file (differential): /expanse/lustre/projects/csd940/zalibhai/mariner_hi-c/tads/results/early/tadcompare/tadcompare_differential.bed 
Summary file: /expanse/lustre/projects/csd940/zalibhai/mariner_hi-c/tads/results/early/tadcompare/tadcompare_summary.txt 

=========================================
✅ TADCompare analysis complete
=========================================
Chromosomes processed: 19 

Next step: Run 03_run_consensus.R for replicate robustness check

Step 2 complete: Sun May 31 23:26:28 PDT 2026
Output:
total 1.9M
-rw-r--r-- 1 zalibhai csd940 2.7M May 31 23:26 tadcompare_all_boundaries.tsv
-rw-r--r-- 1 zalibhai csd940 3.6M May 31 23:26 tadcompare_boundaries.bed
-rw-r--r-- 1 zalibhai csd940 516K May 31 23:26 tadcompare_differential.bed
-rw-r--r-- 1 zalibhai csd940 389K May 31 23:26 tadcompare_differential_only.tsv
-rw-r--r-- 1 zalibhai csd940 1.5K May 31 23:26 tadcompare_summary.txt

=========================================
Step 3/6: Run ConsensusTADs
=========================================
Start: Sun May 31 23:26:28 PDT 2026

Warning message:
package ‘dplyr’ was built under R version 4.4.3 
Timepoint: early 

=========================================
ConsensusTADs: Replicate Robustness Analysis
=========================================
Resolution: 10000 bp
Input directory: /expanse/lustre/projects/csd940/zalibhai/mariner_hi-c/tads/data/early/extracted/replicates 
Output directory: /expanse/lustre/projects/csd940/zalibhai/mariner_hi-c/tads/results/early/consensus 
=========================================

Processing CONTROL replicates...
================================
   chr1 :
    Replicates used: ctrl_M1, ctrl_M2, ctrl_M3 
Converting to n x n matrix
Matrix dimensions: 19238x19238
Matrix dimensions: 19238x19238
Matrix dimensions: 19238x19238
    Consensus boundaries: 417 
   chr2 :
    Replicates used: ctrl_M1, ctrl_M2, ctrl_M3 
Converting to n x n matrix
Matrix dimensions: 17897x17897
Matrix dimensions: 17897x17897
Matrix dimensions: 17897x17897
    Consensus boundaries: 477 
   chr3 :
    Replicates used: ctrl_M1, ctrl_M2, ctrl_M3 
Converting to n x n matrix
Matrix dimensions: 15694x15694
Matrix dimensions: 15694x15694
Matrix dimensions: 15694x15694
    Consensus boundaries: 350 
   chr4 :
    Replicates used: ctrl_M1, ctrl_M2, ctrl_M3 
Converting to n x n matrix
Matrix dimensions: 15331x15331
Matrix dimensions: 15331x15331
Matrix dimensions: 15331x15331
    Consensus boundaries: 449 
   chr5 :
    Replicates used: ctrl_M1, ctrl_M2, ctrl_M3 
Converting to n x n matrix
Matrix dimensions: 14874x14874
Matrix dimensions: 14874x14874
Matrix dimensions: 14874x14874
    Consensus boundaries: 334 
   chr6 :
    Replicates used: ctrl_M1, ctrl_M2, ctrl_M3 
Converting to n x n matrix
Matrix dimensions: 14654x14654
Matrix dimensions: 14654x14654
Matrix dimensions: 14654x14654
    Consensus boundaries: 327 
   chr7 :
    Replicates used: ctrl_M1, ctrl_M2, ctrl_M3 
Converting to n x n matrix
Matrix dimensions: 14235x14235
Matrix dimensions: 14235x14235
Matrix dimensions: 14235x14235
    Consensus boundaries: 429 
   chr8 :
    Replicates used: ctrl_M1, ctrl_M2, ctrl_M3 
Converting to n x n matrix
Matrix dimensions: 12631x12631
Matrix dimensions: 12631x12631
Matrix dimensions: 12631x12631
    Consensus boundaries: 286 
   chr9 :
    Replicates used: ctrl_M1, ctrl_M2, ctrl_M3 
Converting to n x n matrix
Matrix dimensions: 12150x12150
Matrix dimensions: 12150x12150
Matrix dimensions: 12150x12150
    Consensus boundaries: 269 
   chr10 :
    Replicates used: ctrl_M1, ctrl_M2, ctrl_M3 
Converting to n x n matrix
Matrix dimensions: 12750x12750
Matrix dimensions: 12750x12750
Matrix dimensions: 12750x12750
    Consensus boundaries: 297 
   chr11 :
    Replicates used: ctrl_M1, ctrl_M2, ctrl_M3 
Converting to n x n matrix
Matrix dimensions: 11889x11889
Matrix dimensions: 11889x11889
Matrix dimensions: 11889x11889
    Consensus boundaries: 261 
   chr12 :
    Replicates used: ctrl_M1, ctrl_M2, ctrl_M3 
Converting to n x n matrix
Matrix dimensions: 11703x11703
Matrix dimensions: 11703x11703
Matrix dimensions: 11703x11703
    Consensus boundaries: 280 
   chr13 :
    Replicates used: ctrl_M1, ctrl_M2, ctrl_M3 
Converting to n x n matrix
Matrix dimensions: 11733x11733
Matrix dimensions: 11733x11733
Matrix dimensions: 11733x11733
    Consensus boundaries: 282 
   chr14 :
    Replicates used: ctrl_M1, ctrl_M2, ctrl_M3 
Converting to n x n matrix
Matrix dimensions: 12181x12181
Matrix dimensions: 12182x12182
Matrix dimensions: 12182x12182
    Consensus boundaries: 295 
   chr15 :
    Replicates used: ctrl_M1, ctrl_M2, ctrl_M3 
Converting to n x n matrix
Matrix dimensions: 10091x10091
Matrix dimensions: 10090x10090
Matrix dimensions: 10090x10090
    Consensus boundaries: 231 
   chr16 :
    Replicates used: ctrl_M1, ctrl_M2, ctrl_M3 
Converting to n x n matrix
Matrix dimensions: 9509x9509
Matrix dimensions: 9509x9509
Matrix dimensions: 9511x9511
    Consensus boundaries: 199 
   chr17 :
    Replicates used: ctrl_M1, ctrl_M2, ctrl_M3 
Converting to n x n matrix
Matrix dimensions: 9189x9189
Matrix dimensions: 9189x9189
Matrix dimensions: 9189x9189
    Consensus boundaries: 198 
   chr18 :
    Replicates used: ctrl_M1, ctrl_M2, ctrl_M3 
Converting to n x n matrix
Matrix dimensions: 8761x8761
Matrix dimensions: 8761x8761
Matrix dimensions: 8761x8761
    Consensus boundaries: 190 
   chr19 :
    Replicates used: ctrl_M1, ctrl_M2, ctrl_M3 
Converting to n x n matrix
Matrix dimensions: 5834x5834
Matrix dimensions: 5827x5827
Matrix dimensions: 5834x5834
    Consensus boundaries: 121 

Processing MUTANT replicates...
===============================
   chr1 :
    Replicates used: mut_M1, mut_M2, mut_M3 
Converting to n x n matrix
Matrix dimensions: 19238x19238
Matrix dimensions: 19238x19238
Matrix dimensions: 19238x19238
    Consensus boundaries: 421 
   chr2 :
    Replicates used: mut_M1, mut_M2, mut_M3 
Converting to n x n matrix
Matrix dimensions: 17898x17898
Matrix dimensions: 17897x17897
Matrix dimensions: 17898x17898
    Consensus boundaries: 480 
   chr3 :
    Replicates used: mut_M1, mut_M2, mut_M3 
Converting to n x n matrix
Matrix dimensions: 15694x15694
Matrix dimensions: 15694x15694
Matrix dimensions: 15694x15694
    Consensus boundaries: 345 
   chr4 :
    Replicates used: mut_M1, mut_M2, mut_M3 
Converting to n x n matrix
Matrix dimensions: 15331x15331
Matrix dimensions: 15331x15331
Matrix dimensions: 15331x15331
    Consensus boundaries: 373 
   chr5 :
    Replicates used: mut_M1, mut_M2, mut_M3 
Converting to n x n matrix
Matrix dimensions: 14875x14875
Matrix dimensions: 14874x14874
Matrix dimensions: 14874x14874
    Consensus boundaries: 360 
   chr6 :
    Replicates used: mut_M1, mut_M2, mut_M3 
Converting to n x n matrix
Matrix dimensions: 14654x14654
Matrix dimensions: 14654x14654
Matrix dimensions: 14654x14654
    Consensus boundaries: 329 
   chr7 :
    Replicates used: mut_M1, mut_M2, mut_M3 
Converting to n x n matrix
Matrix dimensions: 14235x14235
Matrix dimensions: 14235x14235
Matrix dimensions: 14235x14235
    Consensus boundaries: 422 
   chr8 :
    Replicates used: mut_M1, mut_M2, mut_M3 
Converting to n x n matrix
Matrix dimensions: 12632x12632
Matrix dimensions: 12631x12631
Matrix dimensions: 12631x12631
    Consensus boundaries: 275 
   chr9 :
    Replicates used: mut_M1, mut_M2, mut_M3 
Converting to n x n matrix
Matrix dimensions: 12150x12150
Matrix dimensions: 12150x12150
Matrix dimensions: 12150x12150
    Consensus boundaries: 267 
   chr10 :
    Replicates used: mut_M1, mut_M2, mut_M3 
Converting to n x n matrix
Matrix dimensions: 12750x12750
Matrix dimensions: 12751x12751
Matrix dimensions: 12750x12750
    Consensus boundaries: 280 
   chr11 :
    Replicates used: mut_M1, mut_M2, mut_M3 
Converting to n x n matrix
Matrix dimensions: 11889x11889
Matrix dimensions: 11889x11889
Matrix dimensions: 11889x11889
    Consensus boundaries: 298 
   chr12 :
    Replicates used: mut_M1, mut_M2, mut_M3 
Converting to n x n matrix
Matrix dimensions: 11703x11703
Matrix dimensions: 11703x11703
Matrix dimensions: 11703x11703
    Consensus boundaries: 262 
   chr13 :
    Replicates used: mut_M1, mut_M2, mut_M3 
Converting to n x n matrix
Matrix dimensions: 11733x11733
Matrix dimensions: 11733x11733
Matrix dimensions: 11733x11733
    Consensus boundaries: 280 
   chr14 :
    Replicates used: mut_M1, mut_M2, mut_M3 
Converting to n x n matrix
Matrix dimensions: 12182x12182
Matrix dimensions: 12182x12182
Matrix dimensions: 12181x12181
    Consensus boundaries: 329 
   chr15 :
    Replicates used: mut_M1, mut_M2, mut_M3 
Converting to n x n matrix
Matrix dimensions: 10090x10090
Matrix dimensions: 10091x10091
Matrix dimensions: 10090x10090
    Consensus boundaries: 242 
   chr16 :
    Replicates used: mut_M1, mut_M2, mut_M3 
Converting to n x n matrix
Matrix dimensions: 9511x9511
Matrix dimensions: 9511x9511
Matrix dimensions: 9511x9511
    Consensus boundaries: 241 
   chr17 :
    Replicates used: mut_M1, mut_M2, mut_M3 
Converting to n x n matrix
Matrix dimensions: 9189x9189
Matrix dimensions: 9189x9189
Matrix dimensions: 9189x9189
    Consensus boundaries: 193 
   chr18 :
    Replicates used: mut_M1, mut_M2, mut_M3 
Converting to n x n matrix
Matrix dimensions: 8761x8761
Matrix dimensions: 8761x8761
Matrix dimensions: 8761x8761
    Consensus boundaries: 189 
   chr19 :
    Replicates used: mut_M1, mut_M2, mut_M3 
Converting to n x n matrix
Matrix dimensions: 5827x5827
Matrix dimensions: 5827x5827
Matrix dimensions: 5834x5834
    Consensus boundaries: 136 

=========================================
Combining and analyzing results...
=========================================
Control consensus boundaries: 5692 
Mutant consensus boundaries: 5722 

Integrating with TADCompare results...
TADCompare boundaries loaded: 24801 

Robustness assessment:
# A tibble: 4 × 3
  robustness       n   pct
  <chr>        <int> <dbl>
1 Both          3228  13  
2 Control_only  1612   6.5
3 Mutant_only   1745   7  
4 Neither      18216  73.4

Robustness by differential status:
# A tibble: 4 × 7
  Differential    total robust_both robust_ctrl robust_mut not_robust pct_robust
  <chr>           <int>       <int>       <int>      <int>      <int>      <dbl>
1 Differential     3880         352         372        448       2708       30.2
2 Non-Differenti… 19727        2761        1090       1142      14734       25.3
3 Shifted          1175         114         147        152        762       35.1
4 <NA>               19           1           3          3         12       36.8

High-confidence differential boundaries: 1172 
(Differential AND detected in replicate consensus)

=========================================
Saving outputs...
Control consensus: /expanse/lustre/projects/csd940/zalibhai/mariner_hi-c/tads/results/early/consensus/consensus_control.tsv 
Mutant consensus: /expanse/lustre/projects/csd940/zalibhai/mariner_hi-c/tads/results/early/consensus/consensus_mutant.tsv 
Annotated TADCompare: /expanse/lustre/projects/csd940/zalibhai/mariner_hi-c/tads/results/early/consensus/tadcompare_with_robustness.tsv 
High-confidence differential: /expanse/lustre/projects/csd940/zalibhai/mariner_hi-c/tads/results/early/consensus/high_confidence_differential.tsv 
High-confidence BED: /expanse/lustre/projects/csd940/zalibhai/mariner_hi-c/tads/results/early/consensus/high_confidence_differential.bed 
Summary: /expanse/lustre/projects/csd940/zalibhai/mariner_hi-c/tads/results/early/consensus/consensus_summary.txt 

=========================================
✅ ConsensusTADs analysis complete
=========================================

Key outputs:
  - consensus_control.tsv: Robust boundaries in control
  - consensus_mutant.tsv: Robust boundaries in mutant
  - tadcompare_with_robustness.tsv: TADCompare + robustness flags
  - high_confidence_differential.tsv/bed: Filtered high-confidence set

Next step: Run 04_postprocess.sh for shift distance calculation

Step 3 complete: Sun May 31 23:45:01 PDT 2026
Output:
total 1.6M
-rw-r--r-- 1 zalibhai csd940 551K May 31 23:44 consensus_control.tsv
-rw-r--r-- 1 zalibhai csd940 548K May 31 23:44 consensus_mutant.tsv
-rw-r--r-- 1 zalibhai csd940  940 May 31 23:45 consensus_summary.txt
-rw-r--r-- 1 zalibhai csd940 172K May 31 23:45 high_confidence_differential.bed
-rw-r--r-- 1 zalibhai csd940 145K May 31 23:45 high_confidence_differential.tsv
-rw-r--r-- 1 zalibhai csd940 3.2M May 31 23:45 tadcompare_with_robustness.tsv

=========================================
Step 4/6: Post-processing
=========================================
Start: Sun May 31 23:45:02 PDT 2026

=========================================
TADCompare Pipeline - Step 4: Post-processing
=========================================
Job ID: 49936814
Node: exp-5-29
Timepoint: early
Start time: Sun May 31 23:45:02 PDT 2026
=========================================

Environment check:
/home/zalibhai/.conda/envs/mariner_env/bin/bedtools
bedtools v2.31.1
/home/zalibhai/.conda/envs/mariner_env/bin/R

Using: robustness-annotated file

Extracting boundaries for bedtools...
  Control-enriched: 12045
  Mutant-enriched: 12756

Running bedtools closest...
  ✓ Distance calculations complete

Running R analysis for early timepoint...
Warning message:
package ‘dplyr’ was built under R version 4.4.3 
Timepoint: early 

=========================================
Shift Distance Analysis
=========================================
Loading distance files from bedtools...
  Control→Mutant pairs: 12045 
  Mutant→Control pairs: 12756 

Loading TADCompare results...
  Using robustness-annotated file
  Total boundaries: 24801 

Merging shift distances...

=========================================
Shift Distance Summary
=========================================

Shifted boundaries with distances: 1175 / 1175 

Distribution (kb):
  Min:     0 
  Q1:      0 
  Median:  0 
  Mean:    4.6 
  Q3:      10 
  Max:     40 

Binned distribution:
# A tibble: 2 × 3
  bin         n   pct
  <fct>   <int> <dbl>
1 0-25kb   1124  95.7
2 25-50kb    51   4.3

By enrichment:
# A tibble: 2 × 4
  Enriched_In     n median_kb mean_kb
  <chr>       <int>     <dbl>   <dbl>
1 Matrix 1      586         0     4.7
2 Matrix 2      589         0     4.5

=========================================
Saving outputs...
Full results: /expanse/lustre/projects/csd940/zalibhai/mariner_hi-c/tads/results/early/final/tadcompare_final_annotated.tsv 
All boundaries BED: /expanse/lustre/projects/csd940/zalibhai/mariner_hi-c/tads/results/early/final/tadcompare_final.bed 
Differential BED: /expanse/lustre/projects/csd940/zalibhai/mariner_hi-c/tads/results/early/final/differential_boundaries_final.bed 
Shifted BED: /expanse/lustre/projects/csd940/zalibhai/mariner_hi-c/tads/results/early/final/shifted_boundaries.bed 
Summary: /expanse/lustre/projects/csd940/zalibhai/mariner_hi-c/tads/results/early/final/analysis_summary.txt 

=========================================
✅ Shift distance analysis complete
=========================================

Cleaning up temporary files...

=========================================
Final outputs:
-rw-r--r-- 1 zalibhai csd940  226 May 31 23:45 /expanse/lustre/projects/csd940/zalibhai/mariner_hi-c/tads/results/early/final/analysis_summary.txt
-rw-r--r-- 1 zalibhai csd940 1.4K Feb  9 10:26 /expanse/lustre/projects/csd940/zalibhai/mariner_hi-c/tads/results/early/final/blacklist_filter_summary.txt
-rw-r--r-- 1 zalibhai csd940 224K Feb  9 10:26 /expanse/lustre/projects/csd940/zalibhai/mariner_hi-c/tads/results/early/final/blacklist_removed_boundaries.tsv
-rw-r--r-- 1 zalibhai csd940 527K May 31 23:45 /expanse/lustre/projects/csd940/zalibhai/mariner_hi-c/tads/results/early/final/differential_boundaries_final.bed
-rw-r--r-- 1 zalibhai csd940 154K May 31 23:45 /expanse/lustre/projects/csd940/zalibhai/mariner_hi-c/tads/results/early/final/shifted_boundaries.bed
-rw-r--r-- 1 zalibhai csd940  43K Feb  9 10:26 /expanse/lustre/projects/csd940/zalibhai/mariner_hi-c/tads/results/early/final/shifted_boundaries_min1bin.bed
-rw-r--r-- 1 zalibhai csd940  17K Feb  9 10:26 /expanse/lustre/projects/csd940/zalibhai/mariner_hi-c/tads/results/early/final/shifted_boundaries_min2bin.bed
-rw-r--r-- 1 zalibhai csd940 3.3M May 31 23:45 /expanse/lustre/projects/csd940/zalibhai/mariner_hi-c/tads/results/early/final/tadcompare_final_annotated.tsv
-rw-r--r-- 1 zalibhai csd940 3.7M May 31 23:45 /expanse/lustre/projects/csd940/zalibhai/mariner_hi-c/tads/results/early/final/tadcompare_final.bed
-rw-r--r-- 1 zalibhai csd940 3.1M Feb  9 10:26 /expanse/lustre/projects/csd940/zalibhai/mariner_hi-c/tads/results/early/final/tadcompare_final_filtered.tsv

✅ Post-processing completed successfully

End time: Sun May 31 23:45:10 PDT 2026
=========================================

Step 4 complete: Sun May 31 23:45:10 PDT 2026
Output:
total 5.1M
-rw-r--r-- 1 zalibhai csd940  226 May 31 23:45 analysis_summary.txt
-rw-r--r-- 1 zalibhai csd940 1.4K Feb  9 10:26 blacklist_filter_summary.txt
-rw-r--r-- 1 zalibhai csd940 224K Feb  9 10:26 blacklist_removed_boundaries.tsv
-rw-r--r-- 1 zalibhai csd940 527K May 31 23:45 differential_boundaries_final.bed
-rw-r--r-- 1 zalibhai csd940 154K May 31 23:45 shifted_boundaries.bed
-rw-r--r-- 1 zalibhai csd940  43K Feb  9 10:26 shifted_boundaries_min1bin.bed
-rw-r--r-- 1 zalibhai csd940  17K Feb  9 10:26 shifted_boundaries_min2bin.bed
-rw-r--r-- 1 zalibhai csd940 3.3M May 31 23:45 tadcompare_final_annotated.tsv
-rw-r--r-- 1 zalibhai csd940 3.7M May 31 23:45 tadcompare_final.bed
-rw-r--r-- 1 zalibhai csd940 3.1M Feb  9 10:26 tadcompare_final_filtered.tsv

=========================================
Step 5/6: Blacklist Filtering
=========================================
Start: Sun May 31 23:45:10 PDT 2026

Loading required package: GenomicRanges
Loading required package: stats4
Loading required package: BiocGenerics

Attaching package: ‘BiocGenerics’

The following objects are masked from ‘package:stats’:

    IQR, mad, sd, var, xtabs

The following objects are masked from ‘package:base’:

    anyDuplicated, aperm, append, as.data.frame, basename, cbind,
    colnames, dirname, do.call, duplicated, eval, evalq, Filter, Find,
    get, grep, grepl, intersect, is.unsorted, lapply, Map, mapply,
    match, mget, order, paste, pmax, pmax.int, pmin, pmin.int,
    Position, rank, rbind, Reduce, rownames, sapply, saveRDS, setdiff,
    table, tapply, union, unique, unsplit, which.max, which.min

Loading required package: S4Vectors

Attaching package: ‘S4Vectors’

The following object is masked from ‘package:utils’:

    findMatches

The following objects are masked from ‘package:base’:

    expand.grid, I, unname

Loading required package: IRanges
Loading required package: GenomeInfoDb
Warning message:
package ‘rtracklayer’ was built under R version 4.4.3 

Attaching package: ‘dplyr’

The following objects are masked from ‘package:GenomicRanges’:

    intersect, setdiff, union

The following object is masked from ‘package:GenomeInfoDb’:

    intersect

The following objects are masked from ‘package:IRanges’:

    collapse, desc, intersect, setdiff, slice, union

The following objects are masked from ‘package:S4Vectors’:

    first, intersect, rename, setdiff, setequal, union

The following objects are masked from ‘package:BiocGenerics’:

    combine, intersect, setdiff, union

The following objects are masked from ‘package:stats’:

    filter, lag

The following objects are masked from ‘package:base’:

    intersect, setdiff, setequal, union

Warning message:
package ‘dplyr’ was built under R version 4.4.3 
=== TADCompare Blacklist Filtering ===
Base directory: /expanse/lustre/projects/csd940/zalibhai/mariner_hi-c/tads 
Lab blacklist: /expanse/lustre/projects/csd940/zalibhai/mariner_hi-c/tads/250123blacklist.bed 
ENCODE blacklist: /expanse/lustre/projects/csd940/zalibhai/mariner_hi-c/tads/mm10-blacklist.v2.bed 
Resolution: 10000 bp
Timepoints: early, late 

Loading blacklist regions...
  Lab blacklist: 255 regions
  ENCODE blacklist: 3435 regions
  Combined union: 3581 regions (after merging overlaps)
  Total blacklisted bases: 239855029 bp

Processing early timepoint...
  Loaded 24801 boundaries
  Applying direction correction (early timepoint matrix labels were reversed)...
    Swapped Matrix 1 ( 12045 ) <-> Matrix 2 ( 12756 )
  Removed 1697 boundaries ( 6.8 %)
  Remaining 23104 boundaries
  Saved filtered results to: tadcompare_final_filtered.tsv 
  Saved removed boundaries to: blacklist_removed_boundaries.tsv 
  Saved summary to: blacklist_filter_summary.txt 

Processing late timepoint...
  Loaded 23496 boundaries
  Removed 1741 boundaries ( 7.4 %)
  Remaining 21755 boundaries
  Saved filtered results to: tadcompare_final_filtered.tsv 
  Saved removed boundaries to: blacklist_removed_boundaries.tsv 
  Saved summary to: blacklist_filter_summary.txt 

=== Final Summary ===
early: 24801 -> 23104 boundaries (removed 1697, 6.8%)
late: 23496 -> 21755 boundaries (removed 1741, 7.4%)

Done!

Step 5 complete: Sun May 31 23:45:24 PDT 2026
Output:
-rw-r--r-- 1 zalibhai csd940 3.1M May 31 23:45 results/early/final/tadcompare_final_filtered.tsv

=========================================
Step 6/6: Visualizations
=========================================
Start: Sun May 31 23:45:24 PDT 2026


========================================
TADCompare Visualization Analysis
========================================

Configuration:
  Timepoint: early

Loading required packages...
Warning messages:
1: package ‘tibble’ was built under R version 4.4.3 
2: package ‘dplyr’ was built under R version 4.4.3 
3: package ‘rtracklayer’ was built under R version 4.4.3 
Packages loaded

Loaded multi_format_output.R - Functions available:
  - save_multiformat_ggplot(plot, base_path, width, height, dpi)
  - save_multiformat_base(plot_expr, base_path, width, height, dpi)
  - save_multiformat_pheatmap(pheatmap_call, base_path, width, height, dpi)
  Working directory: /expanse/lustre/projects/csd940/zalibhai/mariner_hi-c/tads
  Base directory: /expanse/lustre/projects/csd940/zalibhai/mariner_hi-c
ChIP-seq files:
  H3K27ac:  H3K27acCerebellumEarly2.bed
  H3K27me3: H3K27me3CerebellumEarly1.bed
  H3K4me1:  H3K4me1CerebellumEarly1.bed
Output directory: results/visualizations/early

========================================
Loading Input Data
========================================

Loaded TADCompare results: 24801 boundaries
  Total boundaries: 24801
  Differential: 5055 (20.4%)
  Shifted: 1175 (4.7%)

========================================
SECTION 1: Overview Plots
========================================

Creating Gap Score distribution plot...
  Saved: gap_score_distribution/{pdf,svg,png,jpg}
Creating TAD Score scatter plot...
  Saved: tad_score_scatter/{pdf,svg,png,jpg}
Creating differential landscape plot...
  Saved: differential_landscape/{pdf,svg,png,jpg}
Section 1 complete: Overview plots generated

========================================
SECTION 2: Boundary Type Classification
========================================

Creating boundary type pie charts...
  Saved: boundary_type_pie/{pdf,svg,png,jpg}
Creating boundary type by chromosome plot...
  Saved: boundary_type_by_chromosome/{pdf,svg,png,jpg}
Creating enrichment direction by type plot...
  Saved: enrichment_direction_by_type/{pdf,svg,png,jpg}
Section 2 complete: Boundary type classification plots generated

========================================
SECTION 3: Shift Distance Analysis
========================================

Shifted boundaries with distance data: 1175
  Median shift: 0.0 kb
  Mean shift: 4.6 kb
  Range: 0.0 - 40.0 kb
Creating shift distance histogram...
  Saved: shift_distance_histogram/{pdf,svg,png,jpg}
Creating shift distance violin plot...
  Saved: shift_distance_violin/{pdf,svg,png,jpg}
Creating shift vs Gap Score scatter...
`geom_smooth()` using formula = 'y ~ x'
`geom_smooth()` using formula = 'y ~ x'
`geom_smooth()` using formula = 'y ~ x'
`geom_smooth()` using formula = 'y ~ x'
  Saved: shift_vs_gap_score/{pdf,svg,png,jpg}

Section 3 complete: Shift distance analysis plots generated

========================================
SECTION 4: Robustness Analysis
========================================

Creating robustness x differential heatmap...
  Saved: robustness_differential_heatmap/{pdf,svg,png,jpg}
Creating robustness by type plot...
  Saved: robustness_by_type/{pdf,svg,png,jpg}
Section 4 complete: Robustness analysis plots generated

========================================
SECTION 5: Chromosome-Level Analysis
========================================

Creating per-chromosome differential percentage plot...
  Saved: per_chromosome_differential/{pdf,svg,png,jpg}
Section 5 complete: Chromosome-level analysis plots generated

========================================
SECTION 6: ChIP-seq Integration
========================================

  66 genes were dropped because they have exons located on both strands
  of the same reference sequence or on more than one reference sequence,
  so cannot be represented by a single genomic range.
  Use 'single.strand.genes.only=FALSE' to get all the genes in a
  GRangesList object, or use suppressMessages() to suppress this message.
Loaded 24528 TSS positions from mm10
  Loading H3K27ac: H3K27acCerebellumEarly2.bed
    Loaded 18178 peaks
  Loading H3K27me3: H3K27me3CerebellumEarly1.bed
    Loaded 12473 peaks
  Loading H3K4me1: H3K4me1CerebellumEarly1.bed
    Loaded 93859 peaks
Computing distance to nearest TSS...
Computing ChIP-seq overlaps...
  H3K27ac overlaps: 6361 (25.6%)
  H3K27me3 overlaps: 2766 (11.2%)
  H3K4me1 overlaps: 15024 (60.6%)
Classifying boundary types...

Anchor type distribution:
  Active_Enhancer: 2274 (9.2%)
  Other: 10792 (43.5%)
  Poised_Enhancer: 5619 (22.7%)
  Polycomb_Domain: 2029 (8.2%)
  Promoter: 4087 (16.5%)

Creating anchor classification plot...
  Saved: anchor_classification/{pdf,svg,png,jpg}
Creating ChIP-seq overlap heatmap...
  Saved: chipseq_overlap_heatmap/{pdf,svg,png,jpg}
Creating ChIP-seq by enrichment direction plot...
  Saved: chipseq_by_enrichment_direction/{pdf,svg,png,jpg}
Section 6 complete: ChIP-seq integration plots generated

========================================
SECTION 7: Gene Enrichment Analysis
========================================

Control-enriched differential boundaries: 2462
Mutant-enriched differential boundaries: 2593
  66 genes were dropped because they have exons located on both strands
  of the same reference sequence or on more than one reference sequence,
  so cannot be represented by a single genomic range.
  Use 'single.strand.genes.only=FALSE' to get all the genes in a
  GRangesList object, or use suppressMessages() to suppress this message.
  66 genes were dropped because they have exons located on both strands
  of the same reference sequence or on more than one reference sequence,
  so cannot be represented by a single genomic range.
  Use 'single.strand.genes.only=FALSE' to get all the genes in a
  GRangesList object, or use suppressMessages() to suppress this message.
  Genes near control-enriched boundaries: 1237
  Genes near mutant-enriched boundaries: 1304
'select()' returned 1:1 mapping between keys and columns
  Saved: boundary_genes.tsv

Running GO Biological Process enrichment...
  Saved: go_bp_dotplot/{pdf,svg,png,jpg}
Running GO Cellular Component enrichment...
  Saved: go_cc_dotplot/{pdf,svg,png,jpg}
Running GO Molecular Function enrichment...
  Saved: go_mf_dotplot/{pdf,svg,png,jpg}
Running KEGG pathway enrichment...
  Saved: kegg_dotplot/{pdf,svg,png,jpg}
Warning message:
`aes_string()` was deprecated in ggplot2 3.0.0.
ℹ Please use tidy evaluation idioms with `aes()`.
ℹ See also `vignette("ggplot2-in-packages")` for more information.
ℹ The deprecated feature was likely used in the enrichplot package.
  Please report the issue at
  <https://github.com/GuangchuangYu/enrichplot/issues>. 

Section 7 complete: Gene enrichment analysis done

========================================
SECTION 8: syt1/nav3 Locus Focus (chr10)
========================================

Boundaries in syt1/nav3 region (chr10:107000000-111000000): 45
  Differential: 13 (28.9%)
  Shifted: 4 (8.9%)
Creating syt1/nav3 regional overview...
  Saved: syt1_nav3_regional_overview/{pdf,svg,png,jpg}
  Saved: syt1_nav3_statistics.tsv

Section 8 complete: syt1/nav3 locus focus done

========================================
SECTION 9: Final Summary
========================================

Summary saved: results/visualizations/early/summary/visualization_summary.txt

==========================================
TADCompare VISUALIZATION ANALYSIS SUMMARY
==========================================
Generated: 2026-05-31 23:47:38.828376
Timepoint: early
Output directory: results/visualizations/early

--- DATA OVERVIEW ---
Total TAD boundaries: 24801
Differential boundaries: 5055 (20.4%)
Shifted boundaries: 1175 (4.7%)

--- BOUNDARY TYPE DISTRIBUTION ---
  Non-Differential: 19727 (79.5%)
  Strength Change: 1114 (4.5%)
  Complex: 1121 (4.5%)
  Shifted: 1175 (4.7%)
  Merge: 865 (3.5%)
  Split: 780 (3.1%)

--- ROBUSTNESS DISTRIBUTION ---
  Both: 3228 (13.0%)
  Control_only: 1612 (6.5%)
  Mutant_only: 1745 (7.0%)
  Neither: 18216 (73.4%)

--- ENRICHMENT DIRECTION (Differential Only) ---
  Control-enriched: 2462 (48.7%)
  Mutant-enriched: 2593 (51.3%)

--- SHIFT DISTANCE STATISTICS ---
  Median: 0.0 kb
  Mean: 4.6 kb
  SD: 8.8 kb
  Range: 0.0 - 40.0 kb

--- ANCHOR TYPE DISTRIBUTION ---
  Active_Enhancer: 2274 (9.2%)
  Other: 10792 (43.5%)
  Poised_Enhancer: 5619 (22.7%)
  Polycomb_Domain: 2029 (8.2%)
  Promoter: 4087 (16.5%)

==========================================
OUTPUT FILES GENERATED
==========================================

Overview:
  - gap_score_distribution.pdf
  - tad_score_scatter.pdf
  - differential_landscape.pdf

Classification:
  - boundary_type_pie.pdf
  - boundary_type_by_chromosome.pdf
  - enrichment_direction_by_type.pdf

Shift Analysis:
  - shift_distance_histogram.pdf
  - shift_distance_violin.pdf
  - shift_vs_gap_score.pdf

Robustness:
  - robustness_differential_heatmap.pdf
  - robustness_by_type.pdf

Chromosome:
  - per_chromosome_differential.pdf

ChIP-seq:
  - anchor_classification.pdf
  - chipseq_overlap_heatmap.pdf
  - chipseq_by_enrichment_direction.pdf

Enrichment:
  - go_bp_dotplot.pdf
  - go_cc_dotplot.pdf
  - go_mf_dotplot.pdf
  - kegg_dotplot.pdf
  - boundary_genes.tsv

syt1/nav3 Focus:
  - syt1_nav3_regional_overview.pdf
  - syt1_nav3_statistics.tsv

Summary:
  - visualization_summary.txt

==========================================

========================================
TADCompare VISUALIZATION ANALYSIS COMPLETE
========================================

Output directory: results/visualizations/early

All visualizations have been generated successfully!


Step 6 complete: Sun May 31 23:47:39 PDT 2026
Visualizations:
55
 PDF files generated

=========================================
Pipeline Complete!
=========================================
End time: Sun May 31 23:47:39 PDT 2026

Output locations:
  Extracted data: data/early/extracted/
  TADCompare:     results/early/tadcompare/
  Consensus:      results/early/consensus/
  Final:          results/early/final/
  Visualizations: results/visualizations/early/

Key output files:
-rw-r--r-- 1 zalibhai csd940 224K May 31 23:45 results/early/final/blacklist_removed_boundaries.tsv
-rw-r--r-- 1 zalibhai csd940 3.3M May 31 23:45 results/early/final/tadcompare_final_annotated.tsv
-rw-r--r-- 1 zalibhai csd940 3.1M May 31 23:45 results/early/final/tadcompare_final_filtered.tsv

=========================================
