=========================================
TADCompare Pipeline - EARLY Timepoint (250831)
=========================================
Job ID: 45892049
Node: exp-2-32
Start time: Thu Jan 15 19:37:10 PST 2026
=========================================

Output directories created:
  data/early/extracted/
  results/early/
  results/visualizations/early/


=========================================
Step 1/6: Extract Matrices
=========================================
Start: Thu Jan 15 19:37:13 PST 2026

=========================================
TADCompare Pipeline - Step 1: Matrix Extraction
=========================================
Job ID: 45892049
Node: exp-2-32
Start time: Thu Jan 15 19:37:13 PST 2026
=========================================

Environment check:
/home/zalibhai/.local/bin/straw

Timepoint: early (HIC date: 250831)

Extracting merged matrices...
-----------------------------
Processing ctrl_merged.hic ...
  ✓ chr1
  ✓ chr2
  ✓ chr3
  ✓ chr4
  ✓ chr5
  ✓ chr6
  ✓ chr7
  ✓ chr8
  ✓ chr9
  ✓ chr10
  ✓ chr11
  ✓ chr12
  ✓ chr13
  ✓ chr14
  ✓ chr15
  ✓ chr16
  ✓ chr17
  ✓ chr18
  ✓ chr19

Processing mut_merged.hic ...
  ✓ chr1
  ✓ chr2
  ✓ chr3
  ✓ chr4
  ✓ chr5
  ✓ chr6
  ✓ chr7
  ✓ chr8
  ✓ chr9
  ✓ chr10
  ✓ chr11
  ✓ chr12
  ✓ chr13
  ✓ chr14
  ✓ chr15
  ✓ chr16
  ✓ chr17
  ✓ chr18
  ✓ chr19

Extracting replicate matrices...
--------------------------------
Processing ctrl_M1.hic ...
  ✓ chr1
  ✓ chr2
  ✓ chr3
  ✓ chr4
  ✓ chr5
  ✓ chr6
  ✓ chr7
  ✓ chr8
  ✓ chr9
  ✓ chr10
  ✓ chr11
  ✓ chr12
  ✓ chr13
  ✓ chr14
  ✓ chr15
  ✓ chr16
  ✓ chr17
  ✓ chr18
  ✓ chr19

Processing ctrl_M2.hic ...
  ✓ chr1
  ✓ chr2
  ✓ chr3
  ✓ chr4
  ✓ chr5
  ✓ chr6
  ✓ chr7
  ✓ chr8
  ✓ chr9
  ✓ chr10
  ✓ chr11
  ✓ chr12
  ✓ chr13
  ✓ chr14
  ✓ chr15
  ✓ chr16
  ✓ chr17
