=========================================
TADCompare Pipeline - EARLY Timepoint (250831)
=========================================
Job ID: 45891949
Node: exp-12-40
Start time: Thu Jan 15 19:16:04 PST 2026
=========================================

Output directories created:
  data/early/extracted/
  results/early/
  results/visualizations/early/


=========================================
Step 1/6: Extract Matrices
=========================================
Start: Thu Jan 15 19:16:06 PST 2026

=========================================
TADCompare Pipeline - Step 1: Matrix Extraction
=========================================
Job ID: 45891949
Node: exp-12-40
Start time: Thu Jan 15 19:16:07 PST 2026
=========================================

Environment check:
/home/zalibhai/.local/bin/straw

Timepoint: early (HIC date: 250831)

Extracting merged matrices...
-----------------------------
Processing ctrl_merged.hic ...
  ✓ chr1
  ✓ chr2
  ✓ chr3
  ✓ chr4
  ✓ chr5
  ✓ chr6
  ✓ chr7
  ✓ chr8
  ✓ chr9
  ✓ chr10
  ✓ chr11
  ✓ chr12
  ✓ chr13
  ✓ chr14
  ✓ chr15
  ✓ chr16
  ✓ chr17
  ✓ chr18
  ✓ chr19

Processing mut_merged.hic ...
  ✓ chr1
  ✓ chr2
  ✓ chr3
  ✓ chr4
  ✓ chr5
  ✓ chr6
  ✓ chr7
  ✓ chr8
  ✓ chr9
  ✓ chr10
  ✓ chr11
  ✓ chr12
  ✓ chr13
  ✓ chr14
  ✓ chr15
  ✓ chr16
scripts/01_extract_matrices.sb: line 70: 3724100 Segmentation fault      (core dumped) straw observed NONE "${hic_file}" "${chrom}" "${chrom}" BP ${RESOLUTION} > "${output_file}" 2> /dev/null
  ✗ chr17 FAILED
  ✓ chr18
  ✓ chr19

Extracting replicate matrices...
--------------------------------
Processing ctrl_M1.hic ...
  ✓ chr1
  ✓ chr2
  ✓ chr3
  ✓ chr4
  ✓ chr5
  ✓ chr6
  ✓ chr7
  ✓ chr8
  ✓ chr9
  ✓ chr10
  ✓ chr11
  ✓ chr12
  ✓ chr13
  ✓ chr14
  ✓ chr15
  ✓ chr16
  ✓ chr17
  ✓ chr18
  ✓ chr19

Processing ctrl_M2.hic ...
  ✓ chr1
  ✓ chr2
  ✓ chr3
  ✓ chr4
  ✓ chr5
  ✓ chr6
  ✓ chr7
  ✓ chr8
  ✓ chr9
  ✓ chr10
  ✓ chr11
  ✓ chr12
  ✓ chr13
  ✓ chr14
  ✓ chr15
  ✓ chr16
  ✓ chr17
  ✓ chr18
  ✓ chr19

Processing ctrl_M3.hic ...
  ✓ chr1
  ✓ chr2
  ✓ chr3
  ✓ chr4
  ✓ chr5
  ✓ chr6
  ✓ chr7
  ✓ chr8
  ✓ chr9
  ✓ chr10
  ✓ chr11
  ✓ chr12
  ✓ chr13
  ✓ chr14
  ✓ chr15
  ✓ chr16
  ✓ chr17
  ✓ chr18
  ✓ chr19

Processing mut_M1.hic ...
  ✓ chr1
  ✓ chr2
  ✓ chr3
  ✓ chr4
  ✓ chr5
  ✓ chr6
  ✓ chr7
  ✓ chr8
  ✓ chr9
  ✓ chr10
scripts/01_extract_matrices.sb: line 70: 3729488 Segmentation fault      (core dumped) straw observed NONE "${hic_file}" "${chrom}" "${chrom}" BP ${RESOLUTION} > "${output_file}" 2> /dev/null
  ✗ chr11 FAILED
  ✓ chr12
  ✓ chr13
  ✓ chr14
  ✓ chr15
  ✓ chr16
  ✓ chr17
  ✓ chr18
  ✓ chr19

Processing mut_M2.hic ...
  ✓ chr1
  ✓ chr2
  ✓ chr3
  ✓ chr4
  ✓ chr5
  ✓ chr6
  ✓ chr7
  ✓ chr8
  ✓ chr9
  ✓ chr10
  ✓ chr11
  ✓ chr12
  ✓ chr13
  ✓ chr14
  ✓ chr15
  ✓ chr16
  ✓ chr17
  ✓ chr18
  ✓ chr19

Processing mut_M3.hic ...
  ✓ chr1
  ✓ chr2
  ✓ chr3
  ✓ chr4
scripts/01_extract_matrices.sb: line 70: 3732414 Segmentation fault      (core dumped) straw observed NONE "${hic_file}" "${chrom}" "${chrom}" BP ${RESOLUTION} > "${output_file}" 2> /dev/null
  ✗ chr5 FAILED
  ✓ chr6
  ✓ chr7
  ✓ chr8
  ✓ chr9
  ✓ chr10
  ✓ chr11
  ✓ chr12
  ✓ chr13
  ✓ chr14
  ✓ chr15
  ✓ chr16
  ✓ chr17
  ✓ chr18
  ✓ chr19

=========================================
Extraction Summary
=========================================
Total extractions attempted: 152
Successful: 149
Failed: 3

Failed extractions:
  - mut_merged.chr17
  - mut_M1.chr11
  - mut_M3.chr5

Output locations:
  Merged:     /expanse/lustre/projects/csd940/zalibhai/mariner_hi-c/tads/data/early/extracted/merged
  Replicates: /expanse/lustre/projects/csd940/zalibhai/mariner_hi-c/tads/data/early/extracted/replicates

Files created:
  Merged matrices: 38
  Replicate matrices: 114

⚠️  Some extractions failed - check logs above

Step 1 complete: Thu Jan 15 19:27:02 PST 2026
Files created:
total 12G
-rw-r--r-- 1 zalibhai csd940 361M Jan 15 19:17 ctrl_merged.chr10.10kb.txt
-rw-r--r-- 1 zalibhai csd940 639M Jan 15 19:16 ctrl_merged.chr1.10kb.txt
-rw-r--r-- 1 zalibhai csd940 340M Jan 15 19:17 ctrl_merged.chr11.10kb.txt
-rw-r--r-- 1 zalibhai csd940 295M Jan 15 19:17 ctrl_merged.chr12.10kb.txt
...

=========================================
Step 2/6: Run TADCompare
=========================================
Start: Thu Jan 15 19:27:02 PST 2026

Warning message:
package ‘dplyr’ was built under R version 4.4.3 
Timepoint: early 

=========================================
TADCompare Analysis: Control vs BAP1-KO
=========================================
Resolution: 10000 bp
Input directory: /expanse/lustre/projects/csd940/zalibhai/mariner_hi-c/tads/data/early/extracted/merged 
Output directory: /expanse/lustre/projects/csd940/zalibhai/mariner_hi-c/tads/results/early/tadcompare 
Chromosomes: 19 
=========================================

Starting TADCompare analysis across all chromosomes...

Processing chr1 ...
  Contacts - Control: 31923494 , Mutant: 31598472 
Converting to n x n matrix
Matrix dimensions: 19238x19238
Matrix dimensions: 19238x19238
  Boundaries detected: 2100 
  Differential boundaries: 393 
  Types: Complex=128, Merge=85, Non-Differential=1602, Shifted=104, Split=89, Strength Change=91 
  ✓ Complete

Processing chr2 ...
  Contacts - Control: 29053919 , Mutant: 28699859 
Converting to n x n matrix
Matrix dimensions: 17898x17898
Matrix dimensions: 17897x17897
  Boundaries detected: 1825 
  Differential boundaries: 286 
  Types: Complex=72, Merge=56, Non-Differential=1482, Shifted=56, Split=69, Strength Change=89 
  ✓ Complete

Processing chr3 ...
  Contacts - Control: 24158981 , Mutant: 23797035 
Converting to n x n matrix
Matrix dimensions: 15694x15694
Matrix dimensions: 15694x15694
  Boundaries detected: 1670 
  Differential boundaries: 299 
  Types: Complex=67, Merge=68, Non-Differential=1298, Shifted=72, Split=75, Strength Change=89 
  ✓ Complete

Processing chr4 ...
  Contacts - Control: 21859125 , Mutant: 21582849 
Converting to n x n matrix
Matrix dimensions: 15331x15331
Matrix dimensions: 15331x15331
  Boundaries detected: 1508 
  Differential boundaries: 185 
  Types: Complex=63, Merge=39, Non-Differential=1239, Shifted=83, Split=46, Strength Change=37 
  ✓ Complete

Processing chr5 ...
  Contacts - Control: 21020813 , Mutant: 20812347 
Converting to n x n matrix
Matrix dimensions: 14875x14875
Matrix dimensions: 14874x14874
  Boundaries detected: 1466 
  Differential boundaries: 137 
  Types: Complex=35, Merge=30, Non-Differential=1255, Shifted=73, Split=36, Strength Change=36 
  ✓ Complete

Processing chr6 ...
  Contacts - Control: 22656260 , Mutant: 22370303 
Converting to n x n matrix
Matrix dimensions: 14654x14654
Matrix dimensions: 14654x14654
  Boundaries detected: 1561 
  Differential boundaries: 276 
  Types: Complex=92, Merge=52, Non-Differential=1216, Shifted=68, Split=56, Strength Change=76 
  ✓ Complete

Processing chr7 ...
  Contacts - Control: 19458758 , Mutant: 19237433 
Converting to n x n matrix
Matrix dimensions: 14235x14235
Matrix dimensions: 14235x14235
  Boundaries detected: 1341 
  Differential boundaries: 146 
  Types: Complex=58, Merge=28, Non-Differential=1124, Shifted=70, Split=27, Strength Change=33 
  ✓ Complete

Processing chr8 ...
  Contacts - Control: 16210476 , Mutant: 16781872 
Converting to n x n matrix
Matrix dimensions: 12632x12632
Matrix dimensions: 12631x12631
  Boundaries detected: 1310 
  Differential boundaries: 205 
  Types: Complex=60, Merge=45, Non-Differential=1005, Shifted=99, Split=41, Strength Change=59 
  ✓ Complete

Processing chr9 ...
  Contacts - Control: 17645611 , Mutant: 17590770 
Converting to n x n matrix
Matrix dimensions: 12150x12150
Matrix dimensions: 12150x12150
  Boundaries detected: 1255 
  Differential boundaries: 255 
  Types: Complex=69, Merge=48, Non-Differential=951, Shifted=48, Split=59, Strength Change=79 
  ✓ Complete

Processing chr10 ...
  Contacts - Control: 18512997 , Mutant: 18234345 
Converting to n x n matrix
Matrix dimensions: 12751x12751
Matrix dimensions: 12750x12750
  Boundaries detected: 1342 
  Differential boundaries: 249 
  Types: Complex=71, Merge=53, Non-Differential=1020, Shifted=72, Split=51, Strength Change=74 
  ✓ Complete

Processing chr11 ...
  Contacts - Control: 17562759 , Mutant: 17520235 
Converting to n x n matrix
Matrix dimensions: 11889x11889
Matrix dimensions: 11889x11889
  Boundaries detected: 1159 
  Differential boundaries: 202 
  Types: Complex=39, Merge=32, Non-Differential=926, Shifted=30, Split=36, Strength Change=95 
  ✓ Complete

Processing chr12 ...
  Contacts - Control: 15224106 , Mutant: 15130063 
Converting to n x n matrix
Matrix dimensions: 11703x11703
Matrix dimensions: 11703x11703
  Boundaries detected: 1278 
  Differential boundaries: 157 
  Types: Complex=43, Merge=32, Non-Differential=1051, Shifted=69, Split=35, Strength Change=47 
  ✓ Complete

Processing chr13 ...
  ERROR: Failed to read matrix files
Processing chr14 ...
  ERROR: Control file not found: /expanse/lustre/projects/csd940/zalibhai/mariner_hi-c/tads/data/early/extracted/merged/ctrl_merged.chr14.10kb.txt 
Processing chr15 ...
  ERROR: Control file not found: /expanse/lustre/projects/csd940/zalibhai/mariner_hi-c/tads/data/early/extracted/merged/ctrl_merged.chr15.10kb.txt 
Processing chr16 ...
  ERROR: Control file not found: /expanse/lustre/projects/csd940/zalibhai/mariner_hi-c/tads/data/early/extracted/merged/ctrl_merged.chr16.10kb.txt 
Processing chr17 ...
  ERROR: Control file not found: /expanse/lustre/projects/csd940/zalibhai/mariner_hi-c/tads/data/early/extracted/merged/ctrl_merged.chr17.10kb.txt 
Processing chr18 ...
  ERROR: Control file not found: /expanse/lustre/projects/csd940/zalibhai/mariner_hi-c/tads/data/early/extracted/merged/ctrl_merged.chr18.10kb.txt 
Processing chr19 ...
  ERROR: Control file not found: /expanse/lustre/projects/csd940/zalibhai/mariner_hi-c/tads/data/early/extracted/merged/ctrl_merged.chr19.10kb.txt 
Warning message:
In file(file, "rt") :
  cannot open file '/expanse/lustre/projects/csd940/zalibhai/mariner_hi-c/tads/data/early/extracted/merged/mut_merged.chr13.10kb.txt': No such file or directory
=========================================
Combining results...
Total boundaries across all chromosomes: 17815 

=========================================
Summary Statistics
=========================================

Differential status:
      Differential     n  pct
1     Differential  2790 15.7
2 Non-Differential 14169 79.5
3          Shifted   844  4.7
4             <NA>    12  0.1

Boundary type classification:
              Type     n  pct
1 Non-Differential 14169 79.6
2          Shifted   844  4.7
3  Strength Change   805  4.5
4          Complex   797  4.5
5            Split   620  3.5
6            Merge   568  3.2

Differential boundaries by enrichment:
  Enriched_In    n  pct
1    Matrix 1 1426 51.1
2    Matrix 2 1364 48.9

Per-chromosome summary:
# A tibble: 12 × 4
   chr   total differential pct_diff
   <chr> <int>        <int>    <dbl>
 1 chr1   2100          393     18.7
 2 chr10  1342          249     18.6
 3 chr11  1159          202     17.4
 4 chr12  1278          157     12.3
 5 chr2   1825          286     15.7
 6 chr3   1670          299     17.9
 7 chr4   1508          185     12.3
 8 chr5   1466          137      9.3
 9 chr6   1561          276     17.7
10 chr7   1341          146     10.9
11 chr8   1310          205     15.6
12 chr9   1255          255     20.3

=========================================
Saving outputs...
Full results: /expanse/lustre/projects/csd940/zalibhai/mariner_hi-c/tads/results/early/tadcompare/tadcompare_all_boundaries.tsv 
Differential only: /expanse/lustre/projects/csd940/zalibhai/mariner_hi-c/tads/results/early/tadcompare/tadcompare_differential_only.tsv 
BED file (all): /expanse/lustre/projects/csd940/zalibhai/mariner_hi-c/tads/results/early/tadcompare/tadcompare_boundaries.bed 
BED file (differential): /expanse/lustre/projects/csd940/zalibhai/mariner_hi-c/tads/results/early/tadcompare/tadcompare_differential.bed 
Summary file: /expanse/lustre/projects/csd940/zalibhai/mariner_hi-c/tads/results/early/tadcompare/tadcompare_summary.txt 

=========================================
✅ TADCompare analysis complete
=========================================
Chromosomes processed: 12 
Failed chromosomes: chr13, chr14, chr15, chr16, chr17, chr18, chr19 

Next step: Run 03_run_consensus.R for replicate robustness check

Step 2 complete: Thu Jan 15 19:36:24 PST 2026
Output:
total 3.2M
-rw-r--r-- 1 zalibhai csd940 1.9M Jan 15 19:36 tadcompare_all_boundaries.tsv
-rw-r--r-- 1 zalibhai csd940 2.6M Jan 15 19:36 tadcompare_boundaries.bed
-rw-r--r-- 1 zalibhai csd940 371K Jan 15 19:36 tadcompare_differential.bed
-rw-r--r-- 1 zalibhai csd940 279K Jan 15 19:36 tadcompare_differential_only.tsv
-rw-r--r-- 1 zalibhai csd940 1.3K Jan 15 19:36 tadcompare_summary.txt

=========================================
Step 3/6: Run ConsensusTADs
=========================================
Start: Thu Jan 15 19:36:24 PST 2026

Warning message:
package ‘dplyr’ was built under R version 4.4.3 
Timepoint: early 

=========================================
ConsensusTADs: Replicate Robustness Analysis
=========================================
Resolution: 10000 bp
Input directory: /expanse/lustre/projects/csd940/zalibhai/mariner_hi-c/tads/data/early/extracted/replicates 
Output directory: /expanse/lustre/projects/csd940/zalibhai/mariner_hi-c/tads/results/early/consensus 
=========================================

Processing CONTROL replicates...
================================
   chr1 :
    WARNING: Only 0 replicates loaded, need at least 2
   chr2 :
    WARNING: Only 0 replicates loaded, need at least 2
   chr3 :
    WARNING: Only 0 replicates loaded, need at least 2
   chr4 :
    WARNING: Only 0 replicates loaded, need at least 2
   chr5 :
    WARNING: Only 0 replicates loaded, need at least 2
   chr6 :
    WARNING: Only 0 replicates loaded, need at least 2
   chr7 :
    WARNING: Only 0 replicates loaded, need at least 2
   chr8 :
    WARNING: Only 0 replicates loaded, need at least 2
   chr9 :
    WARNING: Only 0 replicates loaded, need at least 2
   chr10 :
    WARNING: Only 0 replicates loaded, need at least 2
   chr11 :
    WARNING: Only 0 replicates loaded, need at least 2
   chr12 :
    WARNING: Only 0 replicates loaded, need at least 2
   chr13 :
    WARNING: Only 0 replicates loaded, need at least 2
   chr14 :
    WARNING: Only 0 replicates loaded, need at least 2
   chr15 :
    WARNING: Only 0 replicates loaded, need at least 2
   chr16 :
    WARNING: Only 0 replicates loaded, need at least 2
   chr17 :
    WARNING: Only 0 replicates loaded, need at least 2
   chr18 :
    WARNING: Only 0 replicates loaded, need at least 2
   chr19 :
    WARNING: Only 0 replicates loaded, need at least 2

Processing MUTANT replicates...
===============================
   chr1 :
    WARNING: Only 0 replicates loaded, need at least 2
   chr2 :
    WARNING: Only 0 replicates loaded, need at least 2
   chr3 :
    WARNING: Only 0 replicates loaded, need at least 2
   chr4 :
    WARNING: Only 0 replicates loaded, need at least 2
   chr5 :
    WARNING: Only 0 replicates loaded, need at least 2
   chr6 :
    WARNING: Only 0 replicates loaded, need at least 2
   chr7 :
    WARNING: Only 0 replicates loaded, need at least 2
   chr8 :
    WARNING: Only 0 replicates loaded, need at least 2
   chr9 :
    WARNING: Only 0 replicates loaded, need at least 2
   chr10 :
    WARNING: Only 0 replicates loaded, need at least 2
   chr11 :
    WARNING: Only 0 replicates loaded, need at least 2
   chr12 :
    WARNING: Only 0 replicates loaded, need at least 2
   chr13 :
    WARNING: Only 0 replicates loaded, need at least 2
   chr14 :
    WARNING: Only 0 replicates loaded, need at least 2
   chr15 :
    WARNING: Only 0 replicates loaded, need at least 2
   chr16 :
    WARNING: Only 0 replicates loaded, need at least 2
   chr17 :
    WARNING: Only 0 replicates loaded, need at least 2
   chr18 :
    WARNING: Only 0 replicates loaded, need at least 2
   chr19 :
    WARNING: Only 0 replicates loaded, need at least 2

=========================================
Combining and analyzing results...
=========================================
Control consensus boundaries: 0 
Mutant consensus boundaries: 0 

Integrating with TADCompare results...
TADCompare boundaries loaded: 17815 
Error in `mutate()`:
ℹ In argument: `key = paste(chr, Coordinate, sep = "_")`.
Caused by error:
! object 'chr' not found
Backtrace:
     ▆
  1. ├─... %>% pull(key)
  2. ├─dplyr::pull(., key)
  3. ├─dplyr::mutate(., key = paste(chr, Coordinate, sep = "_"))
  4. ├─dplyr:::mutate.data.frame(., key = paste(chr, Coordinate, sep = "_"))
  5. │ └─dplyr:::mutate_cols(.data, dplyr_quosures(...), by)
  6. │   ├─base::withCallingHandlers(...)
  7. │   └─dplyr:::mutate_col(dots[[i]], data, mask, new_columns)
  8. │     └─mask$eval_all_mutate(quo)
  9. │       └─dplyr (local) eval()
 10. ├─base::paste(chr, Coordinate, sep = "_")
 11. └─base::.handleSimpleError(`<fn>`, "object 'chr' not found", base::quote(NULL))
 12.   └─dplyr (local) h(simpleError(msg, call))
 13.     └─rlang::abort(message, class = error_class, parent = parent, call = error_call)
Execution halted

Step 3 complete: Thu Jan 15 19:36:31 PST 2026
Output:
total 2.3M
-rw-r--r-- 1 zalibhai csd940 551K Jan 15 13:42 consensus_control.tsv
-rw-r--r-- 1 zalibhai csd940 540K Jan 15 13:42 consensus_mutant.tsv
-rw-r--r-- 1 zalibhai csd940  940 Jan 15 13:42 consensus_summary.txt
-rw-r--r-- 1 zalibhai csd940 172K Jan 15 13:42 high_confidence_differential.bed
-rw-r--r-- 1 zalibhai csd940 145K Jan 15 13:42 high_confidence_differential.tsv
-rw-r--r-- 1 zalibhai csd940 3.2M Jan 15 13:42 tadcompare_with_robustness.tsv

=========================================
Step 4/6: Post-processing
=========================================
Start: Thu Jan 15 19:36:31 PST 2026

=========================================
TADCompare Pipeline - Step 4: Post-processing
=========================================
Job ID: 45891949
Node: exp-12-40
Timepoint: early
Start time: Thu Jan 15 19:36:31 PST 2026
=========================================

Environment check:
/home/zalibhai/.conda/envs/mariner_env/bin/bedtools
bedtools v2.31.1
/home/zalibhai/.conda/envs/mariner_env/bin/R

Using: robustness-annotated file

Extracting boundaries for bedtools...
  Control-enriched: 12756
  Mutant-enriched: 12045

Running bedtools closest...
  ✓ Distance calculations complete

Running R analysis for early timepoint...
Warning message:
package ‘dplyr’ was built under R version 4.4.3 
Timepoint: early 

=========================================
Shift Distance Analysis
=========================================
Loading distance files from bedtools...
  Control→Mutant pairs: 12756 
  Mutant→Control pairs: 12045 

Loading TADCompare results...
  Using robustness-annotated file
  Total boundaries: 24801 

Merging shift distances...

=========================================
Shift Distance Summary
=========================================

Shifted boundaries with distances: 1175 / 1175 

Distribution (kb):
  Min:     0 
  Q1:      0 
  Median:  0 
  Mean:    4.6 
  Q3:      10 
  Max:     40 

Binned distribution:
# A tibble: 2 × 3
  bin         n   pct
  <fct>   <int> <dbl>
1 0-25kb   1124  95.7
2 25-50kb    51   4.3

By enrichment:
# A tibble: 2 × 4
  Enriched_In     n median_kb mean_kb
  <chr>       <int>     <dbl>   <dbl>
1 Matrix 1      589         0     4.5
2 Matrix 2      586         0     4.7

=========================================
Saving outputs...
Full results: /expanse/lustre/projects/csd940/zalibhai/mariner_hi-c/tads/results/early/final/tadcompare_final_annotated.tsv 
All boundaries BED: /expanse/lustre/projects/csd940/zalibhai/mariner_hi-c/tads/results/early/final/tadcompare_final.bed 
Differential BED: /expanse/lustre/projects/csd940/zalibhai/mariner_hi-c/tads/results/early/final/differential_boundaries_final.bed 
Shifted BED: /expanse/lustre/projects/csd940/zalibhai/mariner_hi-c/tads/results/early/final/shifted_boundaries.bed 
Summary: /expanse/lustre/projects/csd940/zalibhai/mariner_hi-c/tads/results/early/final/analysis_summary.txt 

=========================================
✅ Shift distance analysis complete
=========================================

Cleaning up temporary files...

=========================================
Final outputs:
-rw-r--r-- 1 zalibhai csd940  226 Jan 15 19:36 /expanse/lustre/projects/csd940/zalibhai/mariner_hi-c/tads/results/early/final/analysis_summary.txt
-rw-r--r-- 1 zalibhai csd940 1.4K Jan 15 13:43 /expanse/lustre/projects/csd940/zalibhai/mariner_hi-c/tads/results/early/final/blacklist_filter_summary.txt
-rw-r--r-- 1 zalibhai csd940 224K Jan 15 13:43 /expanse/lustre/projects/csd940/zalibhai/mariner_hi-c/tads/results/early/final/blacklist_removed_boundaries.tsv
-rw-r--r-- 1 zalibhai csd940 527K Jan 15 19:36 /expanse/lustre/projects/csd940/zalibhai/mariner_hi-c/tads/results/early/final/differential_boundaries_final.bed
-rw-r--r-- 1 zalibhai csd940 154K Jan 15 19:36 /expanse/lustre/projects/csd940/zalibhai/mariner_hi-c/tads/results/early/final/shifted_boundaries.bed
-rw-r--r-- 1 zalibhai csd940 3.3M Jan 15 19:36 /expanse/lustre/projects/csd940/zalibhai/mariner_hi-c/tads/results/early/final/tadcompare_final_annotated.tsv
-rw-r--r-- 1 zalibhai csd940 3.7M Jan 15 19:36 /expanse/lustre/projects/csd940/zalibhai/mariner_hi-c/tads/results/early/final/tadcompare_final.bed
-rw-r--r-- 1 zalibhai csd940 3.1M Jan 15 13:43 /expanse/lustre/projects/csd940/zalibhai/mariner_hi-c/tads/results/early/final/tadcompare_final_filtered.tsv

✅ Post-processing completed successfully

End time: Thu Jan 15 19:36:39 PST 2026
=========================================

Step 4 complete: Thu Jan 15 19:36:39 PST 2026
Output:
total 4.7M
-rw-r--r-- 1 zalibhai csd940  226 Jan 15 19:36 analysis_summary.txt
-rw-r--r-- 1 zalibhai csd940 1.4K Jan 15 13:43 blacklist_filter_summary.txt
-rw-r--r-- 1 zalibhai csd940 224K Jan 15 13:43 blacklist_removed_boundaries.tsv
-rw-r--r-- 1 zalibhai csd940 527K Jan 15 19:36 differential_boundaries_final.bed
-rw-r--r-- 1 zalibhai csd940 154K Jan 15 19:36 shifted_boundaries.bed
-rw-r--r-- 1 zalibhai csd940 3.3M Jan 15 19:36 tadcompare_final_annotated.tsv
-rw-r--r-- 1 zalibhai csd940 3.7M Jan 15 19:36 tadcompare_final.bed
-rw-r--r-- 1 zalibhai csd940 3.1M Jan 15 13:43 tadcompare_final_filtered.tsv

=========================================
Step 5/6: Blacklist Filtering
=========================================
Start: Thu Jan 15 19:36:39 PST 2026

Loading required package: GenomicRanges
Loading required package: stats4
Loading required package: BiocGenerics

Attaching package: ‘BiocGenerics’

The following objects are masked from ‘package:stats’:

    IQR, mad, sd, var, xtabs

The following objects are masked from ‘package:base’:

    anyDuplicated, aperm, append, as.data.frame, basename, cbind,
    colnames, dirname, do.call, duplicated, eval, evalq, Filter, Find,
    get, grep, grepl, intersect, is.unsorted, lapply, Map, mapply,
    match, mget, order, paste, pmax, pmax.int, pmin, pmin.int,
    Position, rank, rbind, Reduce, rownames, sapply, saveRDS, setdiff,
    table, tapply, union, unique, unsplit, which.max, which.min

Loading required package: S4Vectors

Attaching package: ‘S4Vectors’

The following object is masked from ‘package:utils’:

    findMatches

The following objects are masked from ‘package:base’:

    expand.grid, I, unname

Loading required package: IRanges
Loading required package: GenomeInfoDb
Warning message:
package ‘rtracklayer’ was built under R version 4.4.3 

Attaching package: ‘dplyr’

The following objects are masked from ‘package:GenomicRanges’:

    intersect, setdiff, union

The following object is masked from ‘package:GenomeInfoDb’:

    intersect

The following objects are masked from ‘package:IRanges’:

    collapse, desc, intersect, setdiff, slice, union

The following objects are masked from ‘package:S4Vectors’:

    first, intersect, rename, setdiff, setequal, union

The following objects are masked from ‘package:BiocGenerics’:

    combine, intersect, setdiff, union

The following objects are masked from ‘package:stats’:

    filter, lag

The following objects are masked from ‘package:base’:

    intersect, setdiff, setequal, union

Warning message:
package ‘dplyr’ was built under R version 4.4.3 
=== TADCompare Blacklist Filtering ===
Base directory: /expanse/lustre/projects/csd940/zalibhai/mariner_hi-c/tads 
Lab blacklist: /expanse/lustre/projects/csd940/zalibhai/mariner_hi-c/tads/250123blacklist.bed 
ENCODE blacklist: /expanse/lustre/projects/csd940/zalibhai/mariner_hi-c/tads/mm10-blacklist.v2.bed 
Resolution: 10000 bp
Timepoints: early, late 

Loading blacklist regions...
  Lab blacklist: 255 regions
  ENCODE blacklist: 3435 regions
  Combined union: 3581 regions (after merging overlaps)
  Total blacklisted bases: 239855029 bp

Processing early timepoint...
  Loaded 24801 boundaries
  Removed 1697 boundaries ( 6.8 %)
  Remaining 23104 boundaries
  Saved filtered results to: tadcompare_final_filtered.tsv 
  Saved removed boundaries to: blacklist_removed_boundaries.tsv 
  Saved summary to: blacklist_filter_summary.txt 

Processing late timepoint...
  Loaded 23496 boundaries
  Removed 1741 boundaries ( 7.4 %)
  Remaining 21755 boundaries
  Saved filtered results to: tadcompare_final_filtered.tsv 
  Saved removed boundaries to: blacklist_removed_boundaries.tsv 
  Saved summary to: blacklist_filter_summary.txt 

=== Final Summary ===
early: 24801 -> 23104 boundaries (removed 1697, 6.8%)
late: 23496 -> 21755 boundaries (removed 1741, 7.4%)

Done!

Step 5 complete: Thu Jan 15 19:36:51 PST 2026
Output:
-rw-r--r-- 1 zalibhai csd940 3.1M Jan 15 19:36 results/early/final/tadcompare_final_filtered.tsv

=========================================
Step 6/6: Visualizations
=========================================
Start: Thu Jan 15 19:36:51 PST 2026


========================================
TADCompare Visualization Analysis
========================================

Configuration:
  Timepoint: early

Loading required packages...
Warning messages:
1: package ‘tibble’ was built under R version 4.4.3 
2: package ‘dplyr’ was built under R version 4.4.3 
3: package ‘rtracklayer’ was built under R version 4.4.3 
Packages loaded

  Working directory: /expanse/lustre/projects/csd940/zalibhai/mariner_hi-c/tads
  Base directory: /expanse/lustre/projects/csd940/zalibhai/mariner_hi-c
ChIP-seq files:
  H3K27ac:  P12_ctrl_H3K27ac_early_peaks.bed
  H3K27me3: P12_ctrl_H3K27me3_early_peaks.bed
  H3K4me1:  NOT AVAILABLE
Output directory: results/visualizations/early

========================================
Loading Input Data
========================================

Loaded TADCompare results: 24801 boundaries
  Total boundaries: 24801
  Differential: 5055 (20.4%)
  Shifted: 1175 (4.7%)

========================================
SECTION 1: Overview Plots
========================================

Creating Gap Score distribution plot...
  Saved: gap_score_distribution.pdf
Creating TAD Score scatter plot...
  Saved: tad_score_scatter.pdf
Creating differential landscape plot...
  Saved: differential_landscape.pdf

Section 1 complete: Overview plots generated

========================================
SECTION 2: Boundary Type Classification
========================================

Creating boundary type pie charts...
  Saved: boundary_type_pie.pdf
Creating boundary type by chromosome plot...
  Saved: boundary_type_by_chromosome.pdf
Creating enrichment direction by type plot...
  Saved: enrichment_direction_by_type.pdf

Section 2 complete: Boundary type classification plots generated

========================================
SECTION 3: Shift Distance Analysis
========================================

Shifted boundaries with distance data: 1175
  Median shift: 0.0 kb
  Mean shift: 4.6 kb
  Range: 0.0 - 40.0 kb
Creating shift distance histogram...
  Saved: shift_distance_histogram.pdf
Creating shift distance violin plot...
  Saved: shift_distance_violin.pdf
Creating shift vs Gap Score scatter...
`geom_smooth()` using formula = 'y ~ x'
  Saved: shift_vs_gap_score.pdf

Section 3 complete: Shift distance analysis plots generated

========================================
SECTION 4: Robustness Analysis
========================================

Creating robustness x differential heatmap...
  Saved: robustness_differential_heatmap.pdf
Creating robustness by type plot...
  Saved: robustness_by_type.pdf

Section 4 complete: Robustness analysis plots generated

========================================
SECTION 5: Chromosome-Level Analysis
========================================

Creating per-chromosome differential percentage plot...
  Saved: per_chromosome_differential.pdf

Section 5 complete: Chromosome-level analysis plots generated

========================================
SECTION 6: ChIP-seq Integration
========================================

  66 genes were dropped because they have exons located on both strands
  of the same reference sequence or on more than one reference sequence,
  so cannot be represented by a single genomic range.
  Use 'single.strand.genes.only=FALSE' to get all the genes in a
  GRangesList object, or use suppressMessages() to suppress this message.
Loaded 24528 TSS positions from mm10
Warning message:
In load_peaks(h3k27ac_path, "H3K27ac") :
  Peak file not found: /expanse/lustre/projects/csd940/zalibhai/mariner_hi-c/peaks/P12_ctrl_H3K27ac_early_peaks.bed
Warning message:
In load_peaks(h3k27me3_path, "H3K27me3") :
  Peak file not found: /expanse/lustre/projects/csd940/zalibhai/mariner_hi-c/peaks/P12_ctrl_H3K27me3_early_peaks.bed
  H3K4me1: Not available for this timepoint
Computing distance to nearest TSS...
Computing ChIP-seq overlaps...
Classifying boundary types...
  Note: Poised_Enhancer classification unavailable (no H3K4me1 data)

Anchor type distribution:
  Other: 24801 (100.0%)

Creating anchor classification plot...
  Saved: anchor_classification.pdf
Creating ChIP-seq overlap heatmap...
  Saved: chipseq_overlap_heatmap.pdf
Creating ChIP-seq by enrichment direction plot...
  Saved: chipseq_by_enrichment_direction.pdf

Section 6 complete: ChIP-seq integration plots generated

========================================
SECTION 7: Gene Enrichment Analysis
========================================

Control-enriched differential boundaries: 2593
Mutant-enriched differential boundaries: 2462
  66 genes were dropped because they have exons located on both strands
  of the same reference sequence or on more than one reference sequence,
  so cannot be represented by a single genomic range.
  Use 'single.strand.genes.only=FALSE' to get all the genes in a
  GRangesList object, or use suppressMessages() to suppress this message.
  66 genes were dropped because they have exons located on both strands
  of the same reference sequence or on more than one reference sequence,
  so cannot be represented by a single genomic range.
  Use 'single.strand.genes.only=FALSE' to get all the genes in a
  GRangesList object, or use suppressMessages() to suppress this message.
  Genes near control-enriched boundaries: 1304
  Genes near mutant-enriched boundaries: 1237
'select()' returned 1:1 mapping between keys and columns
  Saved: boundary_genes.tsv

Running GO Biological Process enrichment...
  Saved: go_bp_dotplot.pdf
Running GO Cellular Component enrichment...
  Saved: go_cc_dotplot.pdf
Running GO Molecular Function enrichment...
  Saved: go_mf_dotplot.pdf
Running KEGG pathway enrichment...
  Saved: kegg_dotplot.pdf
Warning message:
`aes_string()` was deprecated in ggplot2 3.0.0.
ℹ Please use tidy evaluation idioms with `aes()`.
ℹ See also `vignette("ggplot2-in-packages")` for more information.
ℹ The deprecated feature was likely used in the enrichplot package.
  Please report the issue at
  <https://github.com/GuangchuangYu/enrichplot/issues>. 

Section 7 complete: Gene enrichment analysis done

========================================
SECTION 8: syt1/nav3 Locus Focus (chr10)
========================================

Boundaries in syt1/nav3 region (chr10:107000000-111000000): 45
  Differential: 13 (28.9%)
  Shifted: 4 (8.9%)
Creating syt1/nav3 regional overview...
  Saved: syt1_nav3_regional_overview.pdf
  Saved: syt1_nav3_statistics.tsv

Section 8 complete: syt1/nav3 locus focus done

========================================
SECTION 9: Final Summary
========================================

Summary saved: results/visualizations/early/summary/visualization_summary.txt

==========================================
TADCompare VISUALIZATION ANALYSIS SUMMARY
==========================================
Generated: 2026-01-15 19:38:32.606896
Timepoint: early
Output directory: results/visualizations/early

--- DATA OVERVIEW ---
Total TAD boundaries: 24801
Differential boundaries: 5055 (20.4%)
Shifted boundaries: 1175 (4.7%)

--- BOUNDARY TYPE DISTRIBUTION ---
  Non-Differential: 19727 (79.5%)
  Strength Change: 1114 (4.5%)
  Complex: 1121 (4.5%)
  Shifted: 1175 (4.7%)
  Merge: 780 (3.1%)
  Split: 865 (3.5%)

--- ROBUSTNESS DISTRIBUTION ---
  Both: 3208 (12.9%)
  Control_only: 1632 (6.6%)
  Mutant_only: 1727 (7.0%)
  Neither: 18234 (73.5%)

--- ENRICHMENT DIRECTION (Differential Only) ---
  Control-enriched: 2593 (51.3%)
  Mutant-enriched: 2462 (48.7%)

--- SHIFT DISTANCE STATISTICS ---
  Median: 0.0 kb
  Mean: 4.6 kb
  SD: 8.8 kb
  Range: 0.0 - 40.0 kb

--- ANCHOR TYPE DISTRIBUTION ---
  Other: 24801 (100.0%)

==========================================
OUTPUT FILES GENERATED
==========================================

Overview:
  - gap_score_distribution.pdf
  - tad_score_scatter.pdf
  - differential_landscape.pdf

Classification:
  - boundary_type_pie.pdf
  - boundary_type_by_chromosome.pdf
  - enrichment_direction_by_type.pdf

Shift Analysis:
  - shift_distance_histogram.pdf
  - shift_distance_violin.pdf
  - shift_vs_gap_score.pdf

Robustness:
  - robustness_differential_heatmap.pdf
  - robustness_by_type.pdf

Chromosome:
  - per_chromosome_differential.pdf

ChIP-seq:
  - anchor_classification.pdf
  - chipseq_overlap_heatmap.pdf
  - chipseq_by_enrichment_direction.pdf

Enrichment:
  - go_bp_dotplot.pdf
  - go_cc_dotplot.pdf
  - go_mf_dotplot.pdf
  - kegg_dotplot.pdf
  - boundary_genes.tsv

syt1/nav3 Focus:
  - syt1_nav3_regional_overview.pdf
  - syt1_nav3_statistics.tsv

Summary:
  - visualization_summary.txt

==========================================

========================================
TADCompare VISUALIZATION ANALYSIS COMPLETE
========================================

Output directory: results/visualizations/early

All visualizations have been generated successfully!


Step 6 complete: Thu Jan 15 19:38:32 PST 2026
Visualizations:
20
 PDF files generated

=========================================
Pipeline Complete!
=========================================
End time: Thu Jan 15 19:38:32 PST 2026

Output locations:
  Extracted data: data/early/extracted/
  TADCompare:     results/early/tadcompare/
  Consensus:      results/early/consensus/
  Final:          results/early/final/
  Visualizations: results/visualizations/early/

Key output files:
-rw-r--r-- 1 zalibhai csd940 224K Jan 15 19:36 results/early/final/blacklist_removed_boundaries.tsv
-rw-r--r-- 1 zalibhai csd940 3.3M Jan 15 19:36 results/early/final/tadcompare_final_annotated.tsv
-rw-r--r-- 1 zalibhai csd940 3.1M Jan 15 19:36 results/early/final/tadcompare_final_filtered.tsv

=========================================
