=========================================
TADCompare Pipeline - EARLY Timepoint (250831)
=========================================
Job ID: 45828862
Node: exp-2-26
Start time: Sun Jan 11 18:25:20 PST 2026
=========================================

Output directories created:
  data/early/extracted/
  results/early/
  results/visualizations/early/


=========================================
Step 1/5: Extract Matrices
=========================================
Start: Sun Jan 11 18:25:23 PST 2026

=========================================
TADCompare Pipeline - Step 1: Matrix Extraction
=========================================
Job ID: 45828862
Node: exp-2-26
Start time: Sun Jan 11 18:25:23 PST 2026
=========================================

Environment check:
/home/zalibhai/.local/bin/straw

Timepoint: early (HIC date: 250831)

Extracting merged matrices...
-----------------------------
Processing ctrl_merged.hic ...
  ✓ chr1
  ✓ chr2
  ✓ chr3
  ✓ chr4
  ✓ chr5
  ✓ chr6
  ✓ chr7
  ✓ chr8
  ✓ chr9
  ✓ chr10
  ✓ chr11
  ✓ chr12
  ✓ chr13
  ✓ chr14
  ✓ chr15
  ✓ chr16
  ✓ chr17
  ✓ chr18
  ✓ chr19

Processing mut_merged.hic ...
  ✓ chr1
  ✓ chr2
  ✓ chr3
  ✓ chr4
  ✓ chr5
  ✓ chr6
  ✓ chr7
  ✓ chr8
  ✓ chr9
  ✓ chr10
  ✓ chr11
  ✓ chr12
  ✓ chr13
  ✓ chr14
  ✓ chr15
  ✓ chr16
  ✓ chr17
  ✓ chr18
  ✓ chr19

Extracting replicate matrices...
--------------------------------
Processing ctrl_M1.hic ...
  ✓ chr1
  ✓ chr2
  ✓ chr3
  ✓ chr4
  ✓ chr5
  ✓ chr6
  ✓ chr7
  ✓ chr8
  ✓ chr9
  ✓ chr10
  ✓ chr11
  ✓ chr12
  ✓ chr13
  ✓ chr14
  ✓ chr15
  ✓ chr16
  ✓ chr17
  ✓ chr18
  ✓ chr19

Processing ctrl_M2.hic ...
  ✓ chr1
  ✓ chr2
  ✓ chr3
  ✓ chr4
  ✓ chr5
  ✓ chr6
  ✓ chr7
  ✓ chr8
  ✓ chr9
  ✓ chr10
  ✓ chr11
  ✓ chr12
  ✓ chr13
  ✓ chr14
  ✓ chr15
  ✓ chr16
  ✓ chr17
  ✓ chr18
  ✓ chr19

Processing ctrl_M3.hic ...
  ✓ chr1
  ✓ chr2
  ✓ chr3
  ✓ chr4
  ✓ chr5
  ✓ chr6
  ✓ chr7
  ✓ chr8
  ✓ chr9
  ✓ chr10
  ✓ chr11
  ✓ chr12
  ✓ chr13
  ✓ chr14
  ✓ chr15
  ✓ chr16
  ✓ chr17
  ✓ chr18
  ✓ chr19

Processing mut_M1.hic ...
  ✓ chr1
  ✓ chr2
  ✓ chr3
  ✓ chr4
  ✓ chr5
  ✓ chr6
  ✓ chr7
  ✓ chr8
  ✓ chr9
  ✓ chr10
  ✓ chr11
  ✓ chr12
  ✓ chr13
  ✓ chr14
  ✓ chr15
  ✓ chr16
  ✓ chr17
  ✓ chr18
  ✓ chr19

Processing mut_M2.hic ...
  ✓ chr1
  ✓ chr2
  ✓ chr3
  ✓ chr4
  ✓ chr5
  ✓ chr6
  ✓ chr7
  ✓ chr8
  ✓ chr9
  ✓ chr10
  ✓ chr11
  ✓ chr12
  ✓ chr13
  ✓ chr14
  ✓ chr15
  ✓ chr16
  ✓ chr17
  ✓ chr18
  ✓ chr19

Processing mut_M3.hic ...
  ✓ chr1
  ✓ chr2
  ✓ chr3
  ✓ chr4
  ✓ chr5
  ✓ chr6
  ✓ chr7
  ✓ chr8
  ✓ chr9
  ✓ chr10
  ✓ chr11
  ✓ chr12
  ✓ chr13
  ✓ chr14
  ✓ chr15
  ✓ chr16
  ✓ chr17
  ✓ chr18
  ✓ chr19

=========================================
Extraction Summary
=========================================
Total extractions attempted: 152
Successful: 152
Failed: 0

Output locations:
  Merged:     /expanse/lustre/projects/csd940/zalibhai/mariner_hi-c/tads/data/early/extracted/merged
  Replicates: /expanse/lustre/projects/csd940/zalibhai/mariner_hi-c/tads/data/early/extracted/replicates

Files created:
  Merged matrices: 38
  Replicate matrices: 114

✅ All extractions completed successfully

Step 1 complete: Sun Jan 11 18:32:05 PST 2026
Files created:
total 3.4G
-rw-r--r-- 1 zalibhai csd940 171M Jan 11 18:26 ctrl_merged.chr10.25kb.txt
-rw-r--r-- 1 zalibhai csd940 150M Jan 11 18:26 ctrl_merged.chr11.25kb.txt
-rw-r--r-- 1 zalibhai csd940 133M Jan 11 18:26 ctrl_merged.chr12.25kb.txt
-rw-r--r-- 1 zalibhai csd940 332M Jan 11 18:25 ctrl_merged.chr1.25kb.txt
...

=========================================
Step 2/5: Run TADCompare
=========================================
Start: Sun Jan 11 18:32:05 PST 2026

Warning message:
package ‘dplyr’ was built under R version 4.4.3 
Timepoint: early 

=========================================
TADCompare Analysis: Control vs BAP1-KO
=========================================
Resolution: 25000 bp
Input directory: /expanse/lustre/projects/csd940/zalibhai/mariner_hi-c/tads/data/early/extracted/merged 
Output directory: /expanse/lustre/projects/csd940/zalibhai/mariner_hi-c/tads/results/early/tadcompare 
Chromosomes: 19 
=========================================

Starting TADCompare analysis across all chromosomes...

Processing chr1 ...
  Contacts - Control: 16584990 , Mutant: 16538485 
Converting to n x n matrix
Matrix dimensions: 7695x7695
Matrix dimensions: 7695x7695
  Boundaries detected: 652 
  Differential boundaries: 111 
  Types: Complex=21, Merge=10, Non-Differential=518, Shifted=22, Split=20, Strength Change=60 
  ✓ Complete

Processing chr2 ...
  Contacts - Control: 14559187 , Mutant: 14539351 
Converting to n x n matrix
Matrix dimensions: 7160x7160
Matrix dimensions: 7159x7159
  Boundaries detected: 632 
  Differential boundaries: 113 
  Types: Complex=29, Merge=13, Non-Differential=502, Shifted=16, Split=15, Strength Change=56 
  ✓ Complete

Processing chr3 ...
  Contacts - Control: 12091377 , Mutant: 12019652 
Converting to n x n matrix
Matrix dimensions: 6278x6278
Matrix dimensions: 6278x6278
  Boundaries detected: 533 
  Differential boundaries: 89 
  Types: Complex=25, Merge=7, Non-Differential=425, Shifted=18, Split=16, Strength Change=41 
  ✓ Complete

Processing chr4 ...
  Contacts - Control: 10315697 , Mutant: 10301879 
Converting to n x n matrix
Matrix dimensions: 6133x6133
Matrix dimensions: 6133x6133
  Boundaries detected: 529 
  Differential boundaries: 56 
  Types: Complex=11, Merge=7, Non-Differential=451, Shifted=21, Split=8, Strength Change=30 
  ✓ Complete

Processing chr5 ...
  Contacts - Control: 9939311 , Mutant: 9926452 
Converting to n x n matrix
Matrix dimensions: 5951x5951
Matrix dimensions: 5950x5950
  Boundaries detected: 533 
  Differential boundaries: 46 
  Types: Complex=14, Merge=7, Non-Differential=469, Shifted=17, Split=8, Strength Change=17 
  ✓ Complete

Processing chr6 ...
  Contacts - Control: 10829694 , Mutant: 10829764 
Converting to n x n matrix
Matrix dimensions: 5862x5862
Matrix dimensions: 5862x5862
  Boundaries detected: 553 
  Differential boundaries: 73 
  Types: Complex=16, Merge=5, Non-Differential=465, Shifted=14, Split=12, Strength Change=39 
  ✓ Complete

Processing chr7 ...
  Contacts - Control: 8685766 , Mutant: 8705323 
Converting to n x n matrix
Matrix dimensions: 5694x5694
Matrix dimensions: 5694x5694
  Boundaries detected: 502 
  Differential boundaries: 56 
  Types: Complex=21, Merge=6, Non-Differential=422, Shifted=23, Split=10, Strength Change=19 
  ✓ Complete

Processing chr8 ...
  Contacts - Control: 7620761 , Mutant: 7835165 
Converting to n x n matrix
Matrix dimensions: 5054x5054
Matrix dimensions: 5053x5053
  Boundaries detected: 473 
  Differential boundaries: 74 
  Types: Complex=22, Merge=8, Non-Differential=377, Shifted=21, Split=17, Strength Change=27 
  ✓ Complete

Processing chr9 ...
  Contacts - Control: 7934544 , Mutant: 7993711 
Converting to n x n matrix
Matrix dimensions: 4860x4860
Matrix dimensions: 4860x4860
  Boundaries detected: 448 
  Differential boundaries: 78 
  Types: Complex=12, Merge=10, Non-Differential=355, Shifted=14, Split=7, Strength Change=49 
  ✓ Complete

Processing chr10 ...
  Contacts - Control: 8766834 , Mutant: 8732238 
Converting to n x n matrix
Matrix dimensions: 5101x5101
Matrix dimensions: 5100x5100
  Boundaries detected: 474 
  Differential boundaries: 67 
  Types: Complex=15, Merge=4, Non-Differential=393, Shifted=13, Split=11, Strength Change=37 
  ✓ Complete

Processing chr11 ...
  Contacts - Control: 7696484 , Mutant: 7682197 
Converting to n x n matrix
Matrix dimensions: 4756x4756
Matrix dimensions: 4756x4756
  Boundaries detected: 436 
  Differential boundaries: 71 
  Types: Complex=12, Merge=4, Non-Differential=350, Shifted=14, Split=11, Strength Change=44 
  ✓ Complete

Processing chr12 ...
  Contacts - Control: 6849949 , Mutant: 6869267 
Converting to n x n matrix
Matrix dimensions: 4682x4682
Matrix dimensions: 4682x4682
  Boundaries detected: 417 
  Differential boundaries: 67 
  Types: Complex=21, Merge=4, Non-Differential=341, Shifted=8, Split=10, Strength Change=32 
  ✓ Complete

Processing chr13 ...
  Contacts - Control: 7333172 , Mutant: 7367263 
Converting to n x n matrix
Matrix dimensions: 4693x4693
Matrix dimensions: 4693x4693
  Boundaries detected: 430 
  Differential boundaries: 41 
  Types: Complex=13, Merge=4, Non-Differential=372, Shifted=16, Split=10, Strength Change=14 
  ✓ Complete

Processing chr14 ...
  Contacts - Control: 7070022 , Mutant: 7056861 
Converting to n x n matrix
Matrix dimensions: 4874x4874
Matrix dimensions: 4874x4874
  Boundaries detected: 413 
  Differential boundaries: 45 
  Types: Complex=12, Merge=4, Non-Differential=348, Shifted=19, Split=11, Strength Change=17 
  ✓ Complete

Processing chr15 ...
  Contacts - Control: 5320857 , Mutant: 5302588 
Converting to n x n matrix
Matrix dimensions: 4037x4037
Matrix dimensions: 4037x4037
  Boundaries detected: 365 
  Differential boundaries: 62 
  Types: Complex=7, Merge=8, Non-Differential=288, Shifted=14, Split=6, Strength Change=41 
  ✓ Complete

Processing chr16 ...
  Contacts - Control: 4993236 , Mutant: 4933272 
Converting to n x n matrix
Matrix dimensions: 3805x3805
Matrix dimensions: 3805x3805
  Boundaries detected: 334 
  Differential boundaries: 62 
  Types: Complex=8, Merge=12, Non-Differential=265, Shifted=6, Split=6, Strength Change=36 
  ✓ Complete

Processing chr17 ...
  Contacts - Control: 4407213 , Mutant: 4431679 
Converting to n x n matrix
Matrix dimensions: 3676x3676
Matrix dimensions: 3676x3676
  Boundaries detected: 315 
  Differential boundaries: 53 
  Types: Complex=14, Merge=5, Non-Differential=251, Shifted=10, Split=2, Strength Change=31 
  ✓ Complete

Processing chr18 ...
  Contacts - Control: 4632023 , Mutant: 4610286 
Converting to n x n matrix
Matrix dimensions: 3505x3505
Matrix dimensions: 3505x3505
  Boundaries detected: 315 
  Differential boundaries: 22 
  Types: Complex=4, Merge=1, Non-Differential=288, Shifted=4, Split=5, Strength Change=11 
  ✓ Complete

Processing chr19 ...
  Contacts - Control: 2155286 , Mutant: 2166027 
Converting to n x n matrix
Matrix dimensions: 2334x2334
Matrix dimensions: 2334x2334
  Boundaries detected: 230 
  Differential boundaries: 36 
  Types: Complex=5, Merge=4, Non-Differential=185, Shifted=8, Split=8, Strength Change=19 
  ✓ Complete

=========================================
Combining results...
Total boundaries across all chromosomes: 8584 

=========================================
Summary Statistics
=========================================

Differential status:
      Differential    n  pct
1     Differential 1222 14.2
2 Non-Differential 7065 82.3
3          Shifted  278  3.2
4             <NA>   19  0.2

Boundary type classification:
              Type    n  pct
1 Non-Differential 7065 82.5
2  Strength Change  620  7.2
3          Complex  282  3.3
4          Shifted  278  3.2
5            Split  193  2.3
6            Merge  123  1.4

Differential boundaries by enrichment:
  Enriched_In   n  pct
1    Matrix 1 784 64.2
2    Matrix 2 438 35.8

Per-chromosome summary:
# A tibble: 19 × 4
   chr   total differential pct_diff
   <chr> <int>        <int>    <dbl>
 1 chr1    652          111     17  
 2 chr10   474           67     14.1
 3 chr11   436           71     16.3
 4 chr12   417           67     16.1
 5 chr13   430           41      9.5
 6 chr14   413           45     10.9
 7 chr15   365           62     17  
 8 chr16   334           62     18.6
 9 chr17   315           53     16.8
10 chr18   315           22      7  
11 chr19   230           36     15.7
12 chr2    632          113     17.9
13 chr3    533           89     16.7
14 chr4    529           56     10.6
15 chr5    533           46      8.6
16 chr6    553           73     13.2
17 chr7    502           56     11.2
18 chr8    473           74     15.6
19 chr9    448           78     17.4

=========================================
Saving outputs...
Full results: /expanse/lustre/projects/csd940/zalibhai/mariner_hi-c/tads/results/early/tadcompare/tadcompare_all_boundaries.tsv 
Differential only: /expanse/lustre/projects/csd940/zalibhai/mariner_hi-c/tads/results/early/tadcompare/tadcompare_differential_only.tsv 
BED file (all): /expanse/lustre/projects/csd940/zalibhai/mariner_hi-c/tads/results/early/tadcompare/tadcompare_boundaries.bed 
BED file (differential): /expanse/lustre/projects/csd940/zalibhai/mariner_hi-c/tads/results/early/tadcompare/tadcompare_differential.bed 
Summary file: /expanse/lustre/projects/csd940/zalibhai/mariner_hi-c/tads/results/early/tadcompare/tadcompare_summary.txt 

=========================================
✅ TADCompare analysis complete
=========================================
Chromosomes processed: 19 

Next step: Run 03_run_consensus.R for replicate robustness check

Step 2 complete: Sun Jan 11 18:37:50 PST 2026
Output:
total 2.5K
-rw-r--r-- 1 zalibhai csd940 942K Jan 11 18:37 tadcompare_all_boundaries.tsv
-rw-r--r-- 1 zalibhai csd940 1.3M Jan 11 18:37 tadcompare_boundaries.bed
-rw-r--r-- 1 zalibhai csd940 167K Jan 11 18:37 tadcompare_differential.bed
-rw-r--r-- 1 zalibhai csd940 125K Jan 11 18:37 tadcompare_differential_only.tsv
-rw-r--r-- 1 zalibhai csd940 1.4K Jan 11 18:37 tadcompare_summary.txt

=========================================
Step 3/5: Run ConsensusTADs
=========================================
Start: Sun Jan 11 18:37:50 PST 2026

Warning message:
package ‘dplyr’ was built under R version 4.4.3 
Timepoint: early 

=========================================
ConsensusTADs: Replicate Robustness Analysis
=========================================
Resolution: 25000 bp
Input directory: /expanse/lustre/projects/csd940/zalibhai/mariner_hi-c/tads/data/early/extracted/replicates 
Output directory: /expanse/lustre/projects/csd940/zalibhai/mariner_hi-c/tads/results/early/consensus 
=========================================

Processing CONTROL replicates...
================================
   chr1 :
    Replicates used: ctrl_M1, ctrl_M2, ctrl_M3 
Converting to n x n matrix
Matrix dimensions: 7695x7695
Matrix dimensions: 7695x7695
Matrix dimensions: 7695x7695
    Consensus boundaries: 192 
   chr2 :
    Replicates used: ctrl_M1, ctrl_M2, ctrl_M3 
Converting to n x n matrix
Matrix dimensions: 7159x7159
Matrix dimensions: 7159x7159
Matrix dimensions: 7159x7159
    Consensus boundaries: 209 
   chr3 :
    Replicates used: ctrl_M1, ctrl_M2, ctrl_M3 
Converting to n x n matrix
Matrix dimensions: 6278x6278
Matrix dimensions: 6278x6278
Matrix dimensions: 6278x6278
    Consensus boundaries: 145 
   chr4 :
    Replicates used: ctrl_M1, ctrl_M2, ctrl_M3 
Converting to n x n matrix
Matrix dimensions: 6133x6133
Matrix dimensions: 6133x6133
Matrix dimensions: 6133x6133
    Consensus boundaries: 213 
   chr5 :
    Replicates used: ctrl_M1, ctrl_M2, ctrl_M3 
Converting to n x n matrix
Matrix dimensions: 5950x5950
Matrix dimensions: 5950x5950
Matrix dimensions: 5950x5950
    Consensus boundaries: 142 
   chr6 :
    Replicates used: ctrl_M1, ctrl_M2, ctrl_M3 
Converting to n x n matrix
Matrix dimensions: 5862x5862
Matrix dimensions: 5862x5862
Matrix dimensions: 5862x5862
    Consensus boundaries: 135 
   chr7 :
    Replicates used: ctrl_M1, ctrl_M2, ctrl_M3 
Converting to n x n matrix
Matrix dimensions: 5694x5694
Matrix dimensions: 5694x5694
Matrix dimensions: 5694x5694
    Consensus boundaries: 239 
   chr8 :
    Replicates used: ctrl_M1, ctrl_M2, ctrl_M3 
Converting to n x n matrix
Matrix dimensions: 5053x5053
Matrix dimensions: 5053x5053
Matrix dimensions: 5053x5053
    Consensus boundaries: 131 
   chr9 :
    Replicates used: ctrl_M1, ctrl_M2, ctrl_M3 
Converting to n x n matrix
Matrix dimensions: 4860x4860
Matrix dimensions: 4860x4860
Matrix dimensions: 4860x4860
    Consensus boundaries: 115 
   chr10 :
    Replicates used: ctrl_M1, ctrl_M2, ctrl_M3 
Converting to n x n matrix
Matrix dimensions: 5100x5100
Matrix dimensions: 5100x5100
Matrix dimensions: 5100x5100
    Consensus boundaries: 132 
   chr11 :
    Replicates used: ctrl_M1, ctrl_M2, ctrl_M3 
Converting to n x n matrix
Matrix dimensions: 4756x4756
Matrix dimensions: 4756x4756
Matrix dimensions: 4756x4756
    Consensus boundaries: 117 
   chr12 :
    Replicates used: ctrl_M1, ctrl_M2, ctrl_M3 
Converting to n x n matrix
Matrix dimensions: 4682x4682
Matrix dimensions: 4682x4682
Matrix dimensions: 4682x4682
    Consensus boundaries: 120 
   chr13 :
    Replicates used: ctrl_M1, ctrl_M2, ctrl_M3 
Converting to n x n matrix
Matrix dimensions: 4693x4693
Matrix dimensions: 4693x4693
Matrix dimensions: 4693x4693
    Consensus boundaries: 113 
   chr14 :
    Replicates used: ctrl_M1, ctrl_M2, ctrl_M3 
Converting to n x n matrix
Matrix dimensions: 4873x4873
Matrix dimensions: 4874x4874
Matrix dimensions: 4874x4874
    Consensus boundaries: 155 
   chr15 :
    Replicates used: ctrl_M1, ctrl_M2, ctrl_M3 
Converting to n x n matrix
Matrix dimensions: 4037x4037
Matrix dimensions: 4036x4036
Matrix dimensions: 4036x4036
    Consensus boundaries: 111 
   chr16 :
    Replicates used: ctrl_M1, ctrl_M2, ctrl_M3 
Converting to n x n matrix
Matrix dimensions: 3805x3805
Matrix dimensions: 3805x3805
Matrix dimensions: 3805x3805
    Consensus boundaries: 87 
   chr17 :
    Replicates used: ctrl_M1, ctrl_M2, ctrl_M3 
Converting to n x n matrix
Matrix dimensions: 3676x3676
Matrix dimensions: 3676x3676
Matrix dimensions: 3676x3676
    Consensus boundaries: 98 
   chr18 :
    Replicates used: ctrl_M1, ctrl_M2, ctrl_M3 
Converting to n x n matrix
Matrix dimensions: 3505x3505
Matrix dimensions: 3505x3505
Matrix dimensions: 3505x3505
    Consensus boundaries: 85 
   chr19 :
    Replicates used: ctrl_M1, ctrl_M2, ctrl_M3 
Converting to n x n matrix
Matrix dimensions: 2334x2334
Matrix dimensions: 2331x2331
Matrix dimensions: 2334x2334
    Consensus boundaries: 64 

Processing MUTANT replicates...
===============================
   chr1 :
    Replicates used: mut_M1, mut_M2, mut_M3 
Converting to n x n matrix
Matrix dimensions: 7695x7695
Matrix dimensions: 7695x7695
Matrix dimensions: 7695x7695
    Consensus boundaries: 198 
   chr2 :
    Replicates used: mut_M1, mut_M2, mut_M3 
Converting to n x n matrix
Matrix dimensions: 7160x7160
Matrix dimensions: 7159x7159
Matrix dimensions: 7160x7160
    Consensus boundaries: 220 
   chr3 :
    Replicates used: mut_M1, mut_M2, mut_M3 
Converting to n x n matrix
Matrix dimensions: 6278x6278
Matrix dimensions: 6278x6278
Matrix dimensions: 6278x6278
    Consensus boundaries: 167 
   chr4 :
    Replicates used: mut_M1, mut_M2, mut_M3 
Converting to n x n matrix
Matrix dimensions: 6133x6133
Matrix dimensions: 6133x6133
Matrix dimensions: 6133x6133
    Consensus boundaries: 170 
   chr5 :
    Replicates used: mut_M1, mut_M2, mut_M3 
Converting to n x n matrix
Matrix dimensions: 5951x5951
Matrix dimensions: 5950x5950
Matrix dimensions: 5950x5950
    Consensus boundaries: 164 
   chr6 :
    Replicates used: mut_M1, mut_M2, mut_M3 
Converting to n x n matrix
Matrix dimensions: 5862x5862
Matrix dimensions: 5862x5862
Matrix dimensions: 5862x5862
    Consensus boundaries: 140 
   chr7 :
    Replicates used: mut_M1, mut_M2, mut_M3 
Converting to n x n matrix
Matrix dimensions: 5694x5694
Matrix dimensions: 5694x5694
Matrix dimensions: 5694x5694
    Consensus boundaries: 233 
   chr8 :
    Replicates used: mut_M1, mut_M2, mut_M3 
Converting to n x n matrix
Matrix dimensions: 5054x5054
Matrix dimensions: 5053x5053
Matrix dimensions: 5053x5053
    Consensus boundaries: 138 
   chr9 :
    Replicates used: mut_M1, mut_M2, mut_M3 
Converting to n x n matrix
Matrix dimensions: 4860x4860
Matrix dimensions: 4860x4860
Matrix dimensions: 4860x4860
    Consensus boundaries: 126 
   chr10 :
    Replicates used: mut_M1, mut_M2, mut_M3 
Converting to n x n matrix
Matrix dimensions: 5100x5100
Matrix dimensions: 5101x5101
Matrix dimensions: 5100x5100
    Consensus boundaries: 153 
   chr11 :
    Replicates used: mut_M1, mut_M2, mut_M3 
Converting to n x n matrix
Matrix dimensions: 4756x4756
Matrix dimensions: 4756x4756
Matrix dimensions: 4756x4756
    Consensus boundaries: 126 
   chr12 :
    Replicates used: mut_M1, mut_M2, mut_M3 
Converting to n x n matrix
Matrix dimensions: 4682x4682
Matrix dimensions: 4682x4682
Matrix dimensions: 4682x4682
    Consensus boundaries: 123 
   chr13 :
    Replicates used: mut_M1, mut_M2, mut_M3 
Converting to n x n matrix
Matrix dimensions: 4693x4693
Matrix dimensions: 4693x4693
Matrix dimensions: 4693x4693
    Consensus boundaries: 114 
   chr14 :
    Replicates used: mut_M1, mut_M2, mut_M3 
Converting to n x n matrix
Matrix dimensions: 4874x4874
Matrix dimensions: 4874x4874
Matrix dimensions: 4873x4873
    Consensus boundaries: 140 
   chr15 :
    Replicates used: mut_M1, mut_M2, mut_M3 
Converting to n x n matrix
Matrix dimensions: 4036x4036
Matrix dimensions: 4037x4037
Matrix dimensions: 4036x4036
    Consensus boundaries: 107 
   chr16 :
    Replicates used: mut_M1, mut_M2, mut_M3 
Converting to n x n matrix
Matrix dimensions: 3805x3805
Matrix dimensions: 3805x3805
Matrix dimensions: 3805x3805
    Consensus boundaries: 89 
   chr17 :
    Replicates used: mut_M1, mut_M2, mut_M3 
Converting to n x n matrix
Matrix dimensions: 3676x3676
Matrix dimensions: 3676x3676
Matrix dimensions: 3676x3676
    Consensus boundaries: 95 
   chr18 :
    Replicates used: mut_M1, mut_M2, mut_M3 
Converting to n x n matrix
Matrix dimensions: 3505x3505
Matrix dimensions: 3505x3505
Matrix dimensions: 3505x3505
    Consensus boundaries: 88 
   chr19 :
    Replicates used: mut_M1, mut_M2, mut_M3 
Converting to n x n matrix
Matrix dimensions: 2331x2331
Matrix dimensions: 2331x2331
Matrix dimensions: 2334x2334
    Consensus boundaries: 73 

=========================================
Combining and analyzing results...
=========================================
Control consensus boundaries: 2603 
Mutant consensus boundaries: 2664 

Integrating with TADCompare results...
TADCompare boundaries loaded: 8584 

Robustness assessment:
# A tibble: 4 × 3
  robustness       n   pct
  <chr>        <int> <dbl>
1 Both          2003  23.3
2 Control_only   361   4.2
3 Mutant_only    461   5.4
4 Neither       5759  67.1

Robustness by differential status:
# A tibble: 4 × 7
  Differential    total robust_both robust_ctrl robust_mut not_robust pct_robust
  <chr>           <int>       <int>       <int>      <int>      <int>      <dbl>
1 Differential     1222         217          81        150        774       36.7
2 Non-Differenti…  7065        1716         249        285       4815       31.8
3 Shifted           278          66          30         25        157       43.5
4 <NA>               19           4           1          1         13       31.6

High-confidence differential boundaries: 448 
(Differential AND detected in replicate consensus)

=========================================
Saving outputs...
Control consensus: /expanse/lustre/projects/csd940/zalibhai/mariner_hi-c/tads/results/early/consensus/consensus_control.tsv 
Mutant consensus: /expanse/lustre/projects/csd940/zalibhai/mariner_hi-c/tads/results/early/consensus/consensus_mutant.tsv 
Annotated TADCompare: /expanse/lustre/projects/csd940/zalibhai/mariner_hi-c/tads/results/early/consensus/tadcompare_with_robustness.tsv 
High-confidence differential: /expanse/lustre/projects/csd940/zalibhai/mariner_hi-c/tads/results/early/consensus/high_confidence_differential.tsv 
High-confidence BED: /expanse/lustre/projects/csd940/zalibhai/mariner_hi-c/tads/results/early/consensus/high_confidence_differential.bed 
Summary: /expanse/lustre/projects/csd940/zalibhai/mariner_hi-c/tads/results/early/consensus/consensus_summary.txt 

=========================================
✅ ConsensusTADs analysis complete
=========================================

Key outputs:
  - consensus_control.tsv: Robust boundaries in control
  - consensus_mutant.tsv: Robust boundaries in mutant
  - tadcompare_with_robustness.tsv: TADCompare + robustness flags
  - high_confidence_differential.tsv/bed: Filtered high-confidence set

Next step: Run 04_postprocess.sh for shift distance calculation

Step 3 complete: Sun Jan 11 18:48:37 PST 2026
Output:
total 3.0K
-rw-r--r-- 1 zalibhai csd940 251K Jan 11 18:48 consensus_control.tsv
-rw-r--r-- 1 zalibhai csd940 254K Jan 11 18:48 consensus_mutant.tsv
-rw-r--r-- 1 zalibhai csd940  939 Jan 11 18:48 consensus_summary.txt
-rw-r--r-- 1 zalibhai csd940  66K Jan 11 18:48 high_confidence_differential.bed
-rw-r--r-- 1 zalibhai csd940  56K Jan 11 18:48 high_confidence_differential.tsv
-rw-r--r-- 1 zalibhai csd940 1.1M Jan 11 18:48 tadcompare_with_robustness.tsv

=========================================
Step 4/5: Post-processing
=========================================
Start: Sun Jan 11 18:48:37 PST 2026

=========================================
TADCompare Pipeline - Step 4: Post-processing
=========================================
Job ID: 45828862
Node: exp-2-26
Timepoint: early
Start time: Sun Jan 11 18:48:37 PST 2026
=========================================

Environment check:
/home/zalibhai/.conda/envs/mariner_env/bin/bedtools
bedtools v2.31.1
/home/zalibhai/.conda/envs/mariner_env/bin/R

Using: robustness-annotated file

Extracting boundaries for bedtools...
  Control-enriched: 4804
  Mutant-enriched: 3780

Running bedtools closest...
  ✓ Distance calculations complete

Running R analysis for early timepoint...
Warning message:
package ‘dplyr’ was built under R version 4.4.3 
Timepoint: early 

=========================================
Shift Distance Analysis
=========================================
Loading distance files from bedtools...
  Control→Mutant pairs: 4804 
  Mutant→Control pairs: 3780 

Loading TADCompare results...
  Using robustness-annotated file
  Total boundaries: 8584 

Merging shift distances...

=========================================
Shift Distance Summary
=========================================

Shifted boundaries with distances: 278 / 278 

Distribution (kb):
  Min:     0 
  Q1:      0 
  Median:  0 
  Mean:    17.1 
  Q3:      25 
  Max:     100 

Binned distribution:
# A tibble: 4 × 3
  bin           n   pct
  <fct>     <int> <dbl>
1 0-25kb      193  69.4
2 25-50kb      36  12.9
3 50-100kb     25   9  
4 100-200kb    24   8.6

By enrichment:
# A tibble: 2 × 4
  Enriched_In     n median_kb mean_kb
  <chr>       <int>     <dbl>   <dbl>
1 Matrix 1      140         0    17  
2 Matrix 2      138         0    17.2

=========================================
Saving outputs...
Full results: /expanse/lustre/projects/csd940/zalibhai/mariner_hi-c/tads/results/early/final/tadcompare_final_annotated.tsv 
All boundaries BED: /expanse/lustre/projects/csd940/zalibhai/mariner_hi-c/tads/results/early/final/tadcompare_final.bed 
Differential BED: /expanse/lustre/projects/csd940/zalibhai/mariner_hi-c/tads/results/early/final/differential_boundaries_final.bed 
Shifted BED: /expanse/lustre/projects/csd940/zalibhai/mariner_hi-c/tads/results/early/final/shifted_boundaries.bed 
Summary: /expanse/lustre/projects/csd940/zalibhai/mariner_hi-c/tads/results/early/final/analysis_summary.txt 

=========================================
✅ Shift distance analysis complete
=========================================

Cleaning up temporary files...

=========================================
Final outputs:
-rw-r--r-- 1 zalibhai csd940  225 Jan 11 18:48 /expanse/lustre/projects/csd940/zalibhai/mariner_hi-c/tads/results/early/final/analysis_summary.txt
-rw-r--r-- 1 zalibhai csd940 171K Jan 11 18:48 /expanse/lustre/projects/csd940/zalibhai/mariner_hi-c/tads/results/early/final/differential_boundaries_final.bed
-rw-r--r-- 1 zalibhai csd940  37K Jan 11 18:48 /expanse/lustre/projects/csd940/zalibhai/mariner_hi-c/tads/results/early/final/shifted_boundaries.bed
-rw-r--r-- 1 zalibhai csd940 1.2M Jan 11 18:48 /expanse/lustre/projects/csd940/zalibhai/mariner_hi-c/tads/results/early/final/tadcompare_final_annotated.tsv
-rw-r--r-- 1 zalibhai csd940 1.3M Jan 11 18:48 /expanse/lustre/projects/csd940/zalibhai/mariner_hi-c/tads/results/early/final/tadcompare_final.bed

✅ Post-processing completed successfully

End time: Sun Jan 11 18:48:41 PST 2026
=========================================

Step 4 complete: Sun Jan 11 18:48:41 PST 2026
Output:
total 2.5K
-rw-r--r-- 1 zalibhai csd940  225 Jan 11 18:48 analysis_summary.txt
-rw-r--r-- 1 zalibhai csd940 171K Jan 11 18:48 differential_boundaries_final.bed
-rw-r--r-- 1 zalibhai csd940  37K Jan 11 18:48 shifted_boundaries.bed
-rw-r--r-- 1 zalibhai csd940 1.2M Jan 11 18:48 tadcompare_final_annotated.tsv
-rw-r--r-- 1 zalibhai csd940 1.3M Jan 11 18:48 tadcompare_final.bed

=========================================
Step 5/5: Visualizations
=========================================
Start: Sun Jan 11 18:48:41 PST 2026


========================================
TADCompare Visualization Analysis
========================================

Configuration:
  Timepoint: early

Loading required packages...
Warning messages:
1: package ‘tibble’ was built under R version 4.4.3 
2: package ‘dplyr’ was built under R version 4.4.3 
3: package ‘rtracklayer’ was built under R version 4.4.3 
Packages loaded

  Working directory: /expanse/lustre/projects/csd940/zalibhai/mariner_hi-c/tads
  Base directory: /expanse/lustre/projects/csd940/zalibhai/mariner_hi-c
ChIP-seq files:
  H3K27ac:  P12_ctrl_H3K27ac_early_peaks.bed
  H3K27me3: P12_ctrl_H3K27me3_early_peaks.bed
  H3K4me1:  NOT AVAILABLE
Output directory: results/visualizations/early

========================================
Loading Input Data
========================================

Loaded TADCompare results: 8584 boundaries
  Total boundaries: 8584
  Differential: 1500 (17.5%)
  Shifted: 278 (3.2%)

========================================
SECTION 1: Overview Plots
========================================

Creating Gap Score distribution plot...
  Saved: gap_score_distribution.pdf
Creating TAD Score scatter plot...
  Saved: tad_score_scatter.pdf
Creating differential landscape plot...
  Saved: differential_landscape.pdf

Section 1 complete: Overview plots generated

========================================
SECTION 2: Boundary Type Classification
========================================

Creating boundary type pie charts...
  Saved: boundary_type_pie.pdf
Creating boundary type by chromosome plot...
  Saved: boundary_type_by_chromosome.pdf
Creating enrichment direction by type plot...
  Saved: enrichment_direction_by_type.pdf

Section 2 complete: Boundary type classification plots generated

========================================
SECTION 3: Shift Distance Analysis
========================================

Shifted boundaries with distance data: 278
  Median shift: 0.0 kb
  Mean shift: 17.1 kb
  Range: 0.0 - 100.0 kb
Creating shift distance histogram...
  Saved: shift_distance_histogram.pdf
Creating shift distance violin plot...
  Saved: shift_distance_violin.pdf
Creating shift vs Gap Score scatter...
`geom_smooth()` using formula = 'y ~ x'
  Saved: shift_vs_gap_score.pdf

Section 3 complete: Shift distance analysis plots generated

========================================
SECTION 4: Robustness Analysis
========================================

Creating robustness x differential heatmap...
  Saved: robustness_differential_heatmap.pdf
Creating robustness by type plot...
  Saved: robustness_by_type.pdf

Section 4 complete: Robustness analysis plots generated

========================================
SECTION 5: Chromosome-Level Analysis
========================================

Creating per-chromosome differential percentage plot...
  Saved: per_chromosome_differential.pdf

Section 5 complete: Chromosome-level analysis plots generated

========================================
SECTION 6: ChIP-seq Integration
========================================

  66 genes were dropped because they have exons located on both strands
  of the same reference sequence or on more than one reference sequence,
  so cannot be represented by a single genomic range.
  Use 'single.strand.genes.only=FALSE' to get all the genes in a
  GRangesList object, or use suppressMessages() to suppress this message.
Loaded 24528 TSS positions from mm10
  Loading H3K27ac: P12_ctrl_H3K27ac_early_peaks.bed
    Loaded 28042 peaks
  Loading H3K27me3: P12_ctrl_H3K27me3_early_peaks.bed
    Loaded 23491 peaks
  H3K4me1: Not available for this timepoint
Computing distance to nearest TSS...
Computing ChIP-seq overlaps...
  H3K27ac overlaps: 2845 (33.1%)
  H3K27me3 overlaps: 1313 (15.3%)
Classifying boundary types...
  Note: Poised_Enhancer classification unavailable (no H3K4me1 data)

Anchor type distribution:
  Active_Enhancer: 1077 (12.5%)
  Other: 4876 (56.8%)
  Polycomb_Domain: 863 (10.1%)
  Promoter: 1768 (20.6%)

Creating anchor classification plot...
  Saved: anchor_classification.pdf
Creating ChIP-seq overlap heatmap...
  Saved: chipseq_overlap_heatmap.pdf
Creating ChIP-seq by enrichment direction plot...
  Saved: chipseq_by_enrichment_direction.pdf

Section 6 complete: ChIP-seq integration plots generated

========================================
SECTION 7: Gene Enrichment Analysis
========================================

Control-enriched differential boundaries: 924
Mutant-enriched differential boundaries: 576
  66 genes were dropped because they have exons located on both strands
  of the same reference sequence or on more than one reference sequence,
  so cannot be represented by a single genomic range.
  Use 'single.strand.genes.only=FALSE' to get all the genes in a
  GRangesList object, or use suppressMessages() to suppress this message.
  66 genes were dropped because they have exons located on both strands
  of the same reference sequence or on more than one reference sequence,
  so cannot be represented by a single genomic range.
  Use 'single.strand.genes.only=FALSE' to get all the genes in a
  GRangesList object, or use suppressMessages() to suppress this message.
  Genes near control-enriched boundaries: 559
  Genes near mutant-enriched boundaries: 398
'select()' returned 1:1 mapping between keys and columns
  Saved: boundary_genes.tsv

Running GO Biological Process enrichment...
  Saved: go_bp_dotplot.pdf
Running GO Cellular Component enrichment...
  Saved: go_cc_dotplot.pdf
Running GO Molecular Function enrichment...
  Saved: go_mf_dotplot.pdf
Running KEGG pathway enrichment...
  No significant KEGG pathways found
Warning messages:
1: `aes_string()` was deprecated in ggplot2 3.0.0.
ℹ Please use tidy evaluation idioms with `aes()`.
ℹ See also `vignette("ggplot2-in-packages")` for more information.
ℹ The deprecated feature was likely used in the enrichplot package.
  Please report the issue at
  <https://github.com/GuangchuangYu/enrichplot/issues>. 
2: In compareCluster(geneCluster = gene_list, fun = "enrichKEGG", organism = "mmu",  :
  No enrichment found in any of gene cluster, please check your input...

Section 7 complete: Gene enrichment analysis done

========================================
SECTION 8: syt1/nav3 Locus Focus (chr10)
========================================

Boundaries in syt1/nav3 region (chr10:107000000-111000000): 17
  Differential: 3 (17.6%)
  Shifted: 0 (0.0%)
Creating syt1/nav3 regional overview...
  Saved: syt1_nav3_regional_overview.pdf
  Saved: syt1_nav3_statistics.tsv

Section 8 complete: syt1/nav3 locus focus done

========================================
SECTION 9: Final Summary
========================================

Summary saved: results/visualizations/early/summary/visualization_summary.txt

==========================================
TADCompare VISUALIZATION ANALYSIS SUMMARY
==========================================
Generated: 2026-01-11 18:50:25.258666
Timepoint: early
Output directory: results/visualizations/early

--- DATA OVERVIEW ---
Total TAD boundaries: 8584
Differential boundaries: 1500 (17.5%)
Shifted boundaries: 278 (3.2%)

--- BOUNDARY TYPE DISTRIBUTION ---
  Non-Differential: 7065 (82.3%)
  Strength Change: 620 (7.2%)
  Complex: 282 (3.3%)
  Shifted: 278 (3.2%)
  Merge: 123 (1.4%)
  Split: 193 (2.2%)

--- ROBUSTNESS DISTRIBUTION ---
  Both: 2003 (23.3%)
  Control_only: 361 (4.2%)
  Mutant_only: 461 (5.4%)
  Neither: 5759 (67.1%)

--- ENRICHMENT DIRECTION (Differential Only) ---
  Control-enriched: 922 (61.6%)
  Mutant-enriched: 574 (38.4%)

--- SHIFT DISTANCE STATISTICS ---
  Median: 0.0 kb
  Mean: 17.1 kb
  SD: 31.2 kb
  Range: 0.0 - 100.0 kb

--- ANCHOR TYPE DISTRIBUTION ---
  Active_Enhancer: 1077 (12.5%)
  Other: 4876 (56.8%)
  Polycomb_Domain: 863 (10.1%)
  Promoter: 1768 (20.6%)

==========================================
OUTPUT FILES GENERATED
==========================================

Overview:
  - gap_score_distribution.pdf
  - tad_score_scatter.pdf
  - differential_landscape.pdf

Classification:
  - boundary_type_pie.pdf
  - boundary_type_by_chromosome.pdf
  - enrichment_direction_by_type.pdf

Shift Analysis:
  - shift_distance_histogram.pdf
  - shift_distance_violin.pdf
  - shift_vs_gap_score.pdf

Robustness:
  - robustness_differential_heatmap.pdf
  - robustness_by_type.pdf

Chromosome:
  - per_chromosome_differential.pdf

ChIP-seq:
  - anchor_classification.pdf
  - chipseq_overlap_heatmap.pdf
  - chipseq_by_enrichment_direction.pdf

Enrichment:
  - go_bp_dotplot.pdf
  - go_cc_dotplot.pdf
  - go_mf_dotplot.pdf
  - kegg_dotplot.pdf
  - boundary_genes.tsv

syt1/nav3 Focus:
  - syt1_nav3_regional_overview.pdf
  - syt1_nav3_statistics.tsv

Summary:
  - visualization_summary.txt

==========================================

========================================
TADCompare VISUALIZATION ANALYSIS COMPLETE
========================================

Output directory: results/visualizations/early

All visualizations have been generated successfully!


Step 5 complete: Sun Jan 11 18:50:25 PST 2026
Visualizations:
19
 PDF files generated

=========================================
Pipeline Complete!
=========================================
End time: Sun Jan 11 18:50:25 PST 2026

Output locations:
  Extracted data: data/early/extracted/
  TADCompare:     results/early/tadcompare/
  Consensus:      results/early/consensus/
  Final:          results/early/final/
  Visualizations: results/visualizations/early/

Key output files:
-rw-r--r-- 1 zalibhai csd940 1.2M Jan 11 18:48 results/early/final/tadcompare_final_annotated.tsv

=========================================
