=========================================
TADCompare Pipeline - EARLY Timepoint (250831)
=========================================
Job ID: 45891131
Node: exp-13-44
Start time: Thu Jan 15 18:42:49 PST 2026
=========================================

Output directories created:
  data/early/extracted/
  results/early/
  results/visualizations/early/


=========================================
Step 1/6: Extract Matrices
=========================================
Start: Thu Jan 15 18:42:53 PST 2026

=========================================
TADCompare Pipeline - Step 1: Matrix Extraction
=========================================
Job ID: 45891131
Node: exp-13-44
Start time: Thu Jan 15 18:42:53 PST 2026
=========================================

Environment check:
/home/zalibhai/.local/bin/straw

Timepoint: early (HIC date: 250831)

Extracting merged matrices...
-----------------------------
Processing ctrl_merged.hic ...
  ✓ chr1
  ✓ chr2
  ✓ chr3
  ✓ chr4
  ✓ chr5
  ✓ chr6
  ✓ chr7
  ✓ chr8
  ✓ chr9
  ✓ chr10
  ✓ chr11
  ✓ chr12
  ✓ chr13
slurmstepd: error: *** JOB 45891131 ON exp-13-44 CANCELLED AT 2026-01-15T19:19:16 ***
