============================================================
TADCompare Full Pipeline - Both Timepoints
============================================================
Job ID: 45885648
Node: exp-2-50
Start time: Thu Jan 15 10:06:14 PST 2026
============================================================

Working directory: /expanse/lustre/projects/csd940/zalibhai/mariner_hi-c/tads

Environment check:
  R: /home/zalibhai/.conda/envs/mariner_env/bin/R
  Rscript: /home/zalibhai/.conda/envs/mariner_env/bin/Rscript
  straw: /home/zalibhai/.local/bin/straw
  bedtools: /home/zalibhai/.conda/envs/mariner_env/bin/bedtools


============================================================
PROCESSING TIMEPOINT: late
============================================================

------------------------------------------------------------
[late] Step 1/6: Matrix Extraction
------------------------------------------------------------
=========================================
TADCompare Pipeline - Step 1: Matrix Extraction
=========================================
Job ID: 45885648
Node: exp-2-50
Start time: Thu Jan 15 10:06:17 PST 2026
=========================================

Environment check:
/home/zalibhai/.local/bin/straw

Timepoint: late (HIC date: 250402)

Extracting merged matrices...
-----------------------------
Processing ctrl_merged.hic ...
  ✓ chr1
  ✓ chr2
  ✓ chr3
  ✓ chr4
  ✓ chr5
  ✓ chr6
  ✓ chr7
  ✓ chr8
  ✓ chr9
  ✓ chr10
  ✓ chr11
  ✓ chr12
  ✓ chr13
  ✓ chr14
  ✓ chr15
  ✓ chr16
  ✓ chr17
  ✓ chr18
  ✓ chr19

Processing mut_merged.hic ...
  ✓ chr1
  ✓ chr2
  ✓ chr3
  ✓ chr4
  ✓ chr5
  ✓ chr6
  ✓ chr7
  ✓ chr8
  ✓ chr9
  ✓ chr10
  ✓ chr11
  ✓ chr12
  ✓ chr13
  ✓ chr14
  ✓ chr15
  ✓ chr16
  ✓ chr17
  ✓ chr18
  ✓ chr19

Extracting replicate matrices...
--------------------------------
Processing ctrl_M1.hic ...
  ✓ chr1
  ✓ chr2
  ✓ chr3
  ✓ chr4
  ✓ chr5
  ✓ chr6
  ✓ chr7
  ✓ chr8
  ✓ chr9
  ✓ chr10
  ✓ chr11
  ✓ chr12
  ✓ chr13
  ✓ chr14
  ✓ chr15
  ✓ chr16
  ✓ chr17
  ✓ chr18
  ✓ chr19

Processing ctrl_M2.hic ...
  ✓ chr1
  ✓ chr2
  ✓ chr3
  ✓ chr4
  ✓ chr5
  ✓ chr6
  ✓ chr7
  ✓ chr8
  ✓ chr9
  ✓ chr10
  ✓ chr11
  ✓ chr12
  ✓ chr13
  ✓ chr14
  ✓ chr15
  ✓ chr16
  ✓ chr17
  ✓ chr18
  ✓ chr19

Processing ctrl_M3.hic ...
  ✓ chr1
  ✓ chr2
  ✓ chr3
  ✓ chr4
  ✓ chr5
  ✓ chr6
  ✓ chr7
  ✓ chr8
  ✓ chr9
  ✓ chr10
  ✓ chr11
  ✓ chr12
  ✓ chr13
  ✓ chr14
  ✓ chr15
  ✓ chr16
  ✓ chr17
  ✓ chr18
  ✓ chr19

Processing mut_M1.hic ...
  ✓ chr1
  ✓ chr2
  ✓ chr3
  ✓ chr4
  ✓ chr5
  ✓ chr6
  ✓ chr7
  ✓ chr8
  ✓ chr9
  ✓ chr10
  ✓ chr11
  ✓ chr12
  ✓ chr13
  ✓ chr14
  ✓ chr15
  ✓ chr16
  ✓ chr17
  ✓ chr18
  ✓ chr19

Processing mut_M2.hic ...
  ✓ chr1
  ✓ chr2
  ✓ chr3
  ✓ chr4
  ✓ chr5
  ✓ chr6
  ✓ chr7
  ✓ chr8
  ✓ chr9
  ✓ chr10
  ✓ chr11
  ✓ chr12
  ✓ chr13
  ✓ chr14
  ✓ chr15
  ✓ chr16
  ✓ chr17
  ✓ chr18
  ✓ chr19

Processing mut_M3.hic ...
  ✓ chr1
  ✓ chr2
  ✓ chr3
  ✓ chr4
  ✓ chr5
  ✓ chr6
  ✓ chr7
  ✓ chr8
  ✓ chr9
  ✓ chr10
  ✓ chr11
  ✓ chr12
  ✓ chr13
  ✓ chr14
  ✓ chr15
  ✓ chr16
  ✓ chr17
  ✓ chr18
  ✓ chr19

=========================================
Extraction Summary
=========================================
Total extractions attempted: 152
Successful: 152
Failed: 0

Output locations:
  Merged:     /expanse/lustre/projects/csd940/zalibhai/mariner_hi-c/tads/data/late/extracted/merged
  Replicates: /expanse/lustre/projects/csd940/zalibhai/mariner_hi-c/tads/data/late/extracted/replicates

Files created:
  Merged matrices: 38
  Replicate matrices: 114

✅ All extractions completed successfully

✅ [late] Step 1 complete: Matrix extraction

------------------------------------------------------------
[late] Step 2/6: TADCompare Differential Analysis
------------------------------------------------------------
Warning message:
package ‘dplyr’ was built under R version 4.4.3 
Timepoint: late 

=========================================
TADCompare Analysis: Control vs BAP1-KO
=========================================
Resolution: 10000 bp
Input directory: /expanse/lustre/projects/csd940/zalibhai/mariner_hi-c/tads/data/late/extracted/merged 
Output directory: /expanse/lustre/projects/csd940/zalibhai/mariner_hi-c/tads/results/late/tadcompare 
Chromosomes: 19 
=========================================

Starting TADCompare analysis across all chromosomes...

Processing chr1 ...
  Contacts - Control: 33732847 , Mutant: 31665158 
Converting to n x n matrix
Matrix dimensions: 19238x19238
Matrix dimensions: 19238x19238
  Boundaries detected: 1945 
  Differential boundaries: 339 
  Types: Complex=81, Merge=83, Non-Differential=1521, Shifted=84, Split=50, Strength Change=125 
  ✓ Complete

Processing chr2 ...
  Contacts - Control: 30724167 , Mutant: 28714747 
Converting to n x n matrix
Matrix dimensions: 17898x17898
Matrix dimensions: 17898x17898
  Boundaries detected: 1756 
  Differential boundaries: 324 
  Types: Complex=79, Merge=50, Non-Differential=1371, Shifted=60, Split=56, Strength Change=139 
  ✓ Complete

Processing chr3 ...
  Contacts - Control: 26195172 , Mutant: 24855701 
Converting to n x n matrix
Matrix dimensions: 15694x15694
Matrix dimensions: 15694x15694
  Boundaries detected: 1548 
  Differential boundaries: 289 
  Types: Complex=66, Merge=62, Non-Differential=1166, Shifted=92, Split=51, Strength Change=110 
  ✓ Complete

Processing chr4 ...
  Contacts - Control: 23069311 , Mutant: 21620779 
Converting to n x n matrix
Matrix dimensions: 15331x15331
Matrix dimensions: 15331x15331
  Boundaries detected: 1424 
  Differential boundaries: 189 
  Types: Complex=47, Merge=40, Non-Differential=1166, Shifted=68, Split=38, Strength Change=64 
  ✓ Complete

Processing chr5 ...
  Contacts - Control: 21715351 , Mutant: 20205893 
Converting to n x n matrix
Matrix dimensions: 14874x14874
Matrix dimensions: 14875x14875
  Boundaries detected: 1461 
  Differential boundaries: 211 
  Types: Complex=43, Merge=44, Non-Differential=1178, Shifted=71, Split=47, Strength Change=76 
  ✓ Complete

Processing chr6 ...
  Contacts - Control: 24395054 , Mutant: 22923896 
Converting to n x n matrix
Matrix dimensions: 14654x14654
Matrix dimensions: 14654x14654
  Boundaries detected: 1480 
  Differential boundaries: 252 
  Types: Complex=51, Merge=62, Non-Differential=1173, Shifted=54, Split=45, Strength Change=94 
  ✓ Complete

Processing chr7 ...
  Contacts - Control: 21407908 , Mutant: 19513930 
Converting to n x n matrix
Matrix dimensions: 14236x14236
Matrix dimensions: 14235x14235
  Boundaries detected: 1318 
  Differential boundaries: 142 
  Types: Complex=50, Merge=32, Non-Differential=1102, Shifted=73, Split=20, Strength Change=39 
  ✓ Complete

Processing chr8 ...
  Contacts - Control: 18507507 , Mutant: 16954423 
Converting to n x n matrix
Matrix dimensions: 12631x12631
Matrix dimensions: 12631x12631
  Boundaries detected: 1187 
  Differential boundaries: 225 
  Types: Complex=55, Merge=54, Non-Differential=910, Shifted=51, Split=40, Strength Change=76 
  ✓ Complete

Processing chr9 ...
  Contacts - Control: 20114785 , Mutant: 18624332 
Converting to n x n matrix
Matrix dimensions: 12150x12150
Matrix dimensions: 12150x12150
  Boundaries detected: 1192 
  Differential boundaries: 224 
  Types: Complex=58, Merge=59, Non-Differential=929, Shifted=38, Split=28, Strength Change=79 
  ✓ Complete

Processing chr10 ...
  Contacts - Control: 19974606 , Mutant: 18952256 
Converting to n x n matrix
Matrix dimensions: 12751x12751
Matrix dimensions: 12750x12750
  Boundaries detected: 1264 
  Differential boundaries: 176 
  Types: Complex=41, Merge=42, Non-Differential=1044, Shifted=43, Split=29, Strength Change=64 
  ✓ Complete

Processing chr11 ...
  Contacts - Control: 19533488 , Mutant: 18242200 
Converting to n x n matrix
Matrix dimensions: 11889x11889
Matrix dimensions: 11889x11889
  Boundaries detected: 1136 
  Differential boundaries: 198 
  Types: Complex=46, Merge=31, Non-Differential=895, Shifted=42, Split=28, Strength Change=92 
  ✓ Complete

Processing chr12 ...
  Contacts - Control: 16347518 , Mutant: 15416107 
Converting to n x n matrix
Matrix dimensions: 11703x11703
Matrix dimensions: 11703x11703
  Boundaries detected: 1155 
  Differential boundaries: 159 
  Types: Complex=39, Merge=37, Non-Differential=935, Shifted=60, Split=24, Strength Change=59 
  ✓ Complete

Processing chr13 ...
  Contacts - Control: 17129057 , Mutant: 16447637 
Converting to n x n matrix
Matrix dimensions: 11733x11733
Matrix dimensions: 11733x11733
  Boundaries detected: 1189 
  Differential boundaries: 206 
  Types: Complex=48, Merge=40, Non-Differential=940, Shifted=42, Split=47, Strength Change=71 
  ✓ Complete

Processing chr14 ...
  Contacts - Control: 16510053 , Mutant: 15496611 
Converting to n x n matrix
Matrix dimensions: 12181x12181
Matrix dimensions: 12182x12182
  Boundaries detected: 1143 
  Differential boundaries: 116 
  Types: Complex=37, Merge=26, Non-Differential=973, Shifted=53, Split=14, Strength Change=38 
  ✓ Complete

Processing chr15 ...
  Contacts - Control: 13248983 , Mutant: 12635372 
Converting to n x n matrix
Matrix dimensions: 10091x10091
Matrix dimensions: 10090x10090
  Boundaries detected: 985 
  Differential boundaries: 182 
  Types: Complex=53, Merge=31, Non-Differential=760, Shifted=42, Split=32, Strength Change=66 
  ✓ Complete

Processing chr16 ...
  Contacts - Control: 11955468 , Mutant: 11216837 
Converting to n x n matrix
Matrix dimensions: 9511x9511
Matrix dimensions: 9511x9511
  Boundaries detected: 960 
  Differential boundaries: 171 
  Types: Complex=39, Merge=42, Non-Differential=746, Shifted=42, Split=31, Strength Change=59 
  ✓ Complete

Processing chr17 ...
  Contacts - Control: 11391488 , Mutant: 10703215 
Converting to n x n matrix
Matrix dimensions: 9189x9189
Matrix dimensions: 9189x9189
  Boundaries detected: 914 
  Differential boundaries: 154 
  Types: Complex=37, Merge=35, Non-Differential=735, Shifted=24, Split=29, Strength Change=53 
  ✓ Complete

Processing chr18 ...
  Contacts - Control: 11948418 , Mutant: 11386488 
Converting to n x n matrix
Matrix dimensions: 8761x8761
Matrix dimensions: 8762x8762
  Boundaries detected: 878 
  Differential boundaries: 164 
  Types: Complex=26, Merge=44, Non-Differential=676, Shifted=37, Split=21, Strength Change=72 
  ✓ Complete

Processing chr19 ...
  Contacts - Control: 6523114 , Mutant: 6134718 
Converting to n x n matrix
Matrix dimensions: 5834x5834
Matrix dimensions: 5834x5834
  Boundaries detected: 561 
  Differential boundaries: 101 
  Types: Complex=26, Merge=24, Non-Differential=435, Shifted=24, Split=10, Strength Change=40 
  ✓ Complete

=========================================
Combining results...
Total boundaries across all chromosomes: 23496 

=========================================
Summary Statistics
=========================================

Differential status:
      Differential     n  pct
1     Differential  3822 16.3
2 Non-Differential 18655 79.4
3          Shifted  1000  4.3
4             <NA>    19  0.1

Boundary type classification:
              Type     n  pct
1 Non-Differential 18655 79.5
2  Strength Change  1416  6.0
3          Shifted  1000  4.3
4          Complex   922  3.9
5            Merge   838  3.6
6            Split   640  2.7

Differential boundaries by enrichment:
  Enriched_In    n  pct
1    Matrix 1 1733 45.3
2    Matrix 2 2089 54.7

Per-chromosome summary:
# A tibble: 19 × 4
   chr   total differential pct_diff
   <chr> <int>        <int>    <dbl>
 1 chr1   1945          339     17.4
 2 chr10  1264          176     13.9
 3 chr11  1136          198     17.4
 4 chr12  1155          159     13.8
 5 chr13  1189          206     17.3
 6 chr14  1143          116     10.1
 7 chr15   985          182     18.5
 8 chr16   960          171     17.8
 9 chr17   914          154     16.8
10 chr18   878          164     18.7
11 chr19   561          101     18  
12 chr2   1756          324     18.5
13 chr3   1548          289     18.7
14 chr4   1424          189     13.3
15 chr5   1461          211     14.4
16 chr6   1480          252     17  
17 chr7   1318          142     10.8
18 chr8   1187          225     19  
19 chr9   1192          224     18.8

=========================================
Saving outputs...
Full results: /expanse/lustre/projects/csd940/zalibhai/mariner_hi-c/tads/results/late/tadcompare/tadcompare_all_boundaries.tsv 
Differential only: /expanse/lustre/projects/csd940/zalibhai/mariner_hi-c/tads/results/late/tadcompare/tadcompare_differential_only.tsv 
BED file (all): /expanse/lustre/projects/csd940/zalibhai/mariner_hi-c/tads/results/late/tadcompare/tadcompare_boundaries.bed 
BED file (differential): /expanse/lustre/projects/csd940/zalibhai/mariner_hi-c/tads/results/late/tadcompare/tadcompare_differential.bed 
Summary file: /expanse/lustre/projects/csd940/zalibhai/mariner_hi-c/tads/results/late/tadcompare/tadcompare_summary.txt 

=========================================
✅ TADCompare analysis complete
=========================================
Chromosomes processed: 19 

Next step: Run 03_run_consensus.R for replicate robustness check

✅ [late] Step 2 complete: TADCompare

------------------------------------------------------------
[late] Step 3/6: ConsensusTADs Robustness Assessment
------------------------------------------------------------
Warning message:
package ‘dplyr’ was built under R version 4.4.3 
Timepoint: late 

=========================================
ConsensusTADs: Replicate Robustness Analysis
=========================================
Resolution: 10000 bp
Input directory: /expanse/lustre/projects/csd940/zalibhai/mariner_hi-c/tads/data/late/extracted/replicates 
Output directory: /expanse/lustre/projects/csd940/zalibhai/mariner_hi-c/tads/results/late/consensus 
=========================================

Processing CONTROL replicates...
================================
   chr1 :
    Replicates used: ctrl_M1, ctrl_M2, ctrl_M3 
Converting to n x n matrix
Matrix dimensions: 19238x19238
Matrix dimensions: 19238x19238
Matrix dimensions: 19238x19238
    Consensus boundaries: 374 
   chr2 :
    Replicates used: ctrl_M1, ctrl_M2, ctrl_M3 
Converting to n x n matrix
Matrix dimensions: 17898x17898
Matrix dimensions: 17897x17897
Matrix dimensions: 17898x17898
    Consensus boundaries: 377 
   chr3 :
    Replicates used: ctrl_M1, ctrl_M2, ctrl_M3 
Converting to n x n matrix
Matrix dimensions: 15694x15694
Matrix dimensions: 15694x15694
Matrix dimensions: 15694x15694
    Consensus boundaries: 306 
   chr4 :
    Replicates used: ctrl_M1, ctrl_M2, ctrl_M3 
Converting to n x n matrix
Matrix dimensions: 15331x15331
Matrix dimensions: 15331x15331
Matrix dimensions: 15331x15331
    Consensus boundaries: 422 
   chr5 :
    Replicates used: ctrl_M1, ctrl_M2, ctrl_M3 
Converting to n x n matrix
Matrix dimensions: 14874x14874
Matrix dimensions: 14874x14874
Matrix dimensions: 14874x14874
    Consensus boundaries: 322 
   chr6 :
    Replicates used: ctrl_M1, ctrl_M2, ctrl_M3 
Converting to n x n matrix
Matrix dimensions: 14654x14654
Matrix dimensions: 14654x14654
Matrix dimensions: 14654x14654
    Consensus boundaries: 312 
   chr7 :
    Replicates used: ctrl_M1, ctrl_M2, ctrl_M3 
Converting to n x n matrix
Matrix dimensions: 14235x14235
Matrix dimensions: 14235x14235
Matrix dimensions: 14236x14236
    Consensus boundaries: 442 
   chr8 :
    Replicates used: ctrl_M1, ctrl_M2, ctrl_M3 
Converting to n x n matrix
Matrix dimensions: 12631x12631
Matrix dimensions: 12631x12631
Matrix dimensions: 12631x12631
    Consensus boundaries: 257 
   chr9 :
    Replicates used: ctrl_M1, ctrl_M2, ctrl_M3 
Converting to n x n matrix
Matrix dimensions: 12150x12150
Matrix dimensions: 12150x12150
Matrix dimensions: 12150x12150
    Consensus boundaries: 227 
   chr10 :
    Replicates used: ctrl_M1, ctrl_M2, ctrl_M3 
Converting to n x n matrix
Matrix dimensions: 12751x12751
Matrix dimensions: 12751x12751
Matrix dimensions: 12750x12750
    Consensus boundaries: 282 
   chr11 :
    Replicates used: ctrl_M1, ctrl_M2, ctrl_M3 
Converting to n x n matrix
Matrix dimensions: 11889x11889
Matrix dimensions: 11889x11889
Matrix dimensions: 11889x11889
    Consensus boundaries: 249 
   chr12 :
    Replicates used: ctrl_M1, ctrl_M2, ctrl_M3 
Converting to n x n matrix
Matrix dimensions: 11703x11703
Matrix dimensions: 11703x11703
Matrix dimensions: 11703x11703
    Consensus boundaries: 236 
   chr13 :
    Replicates used: ctrl_M1, ctrl_M2, ctrl_M3 
Converting to n x n matrix
Matrix dimensions: 11733x11733
Matrix dimensions: 11733x11733
Matrix dimensions: 11733x11733
    Consensus boundaries: 242 
   chr14 :
    Replicates used: ctrl_M1, ctrl_M2, ctrl_M3 
Converting to n x n matrix
Matrix dimensions: 12181x12181
Matrix dimensions: 12181x12181
Matrix dimensions: 12181x12181
    Consensus boundaries: 350 
   chr15 :
    Replicates used: ctrl_M1, ctrl_M2, ctrl_M3 
Converting to n x n matrix
Matrix dimensions: 10091x10091
Matrix dimensions: 10090x10090
Matrix dimensions: 10091x10091
    Consensus boundaries: 216 
   chr16 :
    Replicates used: ctrl_M1, ctrl_M2, ctrl_M3 
Converting to n x n matrix
Matrix dimensions: 9511x9511
Matrix dimensions: 9511x9511
Matrix dimensions: 9511x9511
    Consensus boundaries: 195 
   chr17 :
    Replicates used: ctrl_M1, ctrl_M2, ctrl_M3 
Converting to n x n matrix
Matrix dimensions: 9189x9189
Matrix dimensions: 9189x9189
Matrix dimensions: 9189x9189
    Consensus boundaries: 185 
   chr18 :
    Replicates used: ctrl_M1, ctrl_M2, ctrl_M3 
Converting to n x n matrix
Matrix dimensions: 8761x8761
Matrix dimensions: 8761x8761
Matrix dimensions: 8761x8761
    Consensus boundaries: 182 
   chr19 :
    Replicates used: ctrl_M1, ctrl_M2, ctrl_M3 
Converting to n x n matrix
Matrix dimensions: 5834x5834
Matrix dimensions: 5827x5827
Matrix dimensions: 5834x5834
    Consensus boundaries: 137 

Processing MUTANT replicates...
===============================
   chr1 :
    Replicates used: mut_M1, mut_M2, mut_M3 
Converting to n x n matrix
Matrix dimensions: 19238x19238
Matrix dimensions: 19238x19238
Matrix dimensions: 19238x19238
    Consensus boundaries: 384 
   chr2 :
    Replicates used: mut_M1, mut_M2, mut_M3 
Converting to n x n matrix
Matrix dimensions: 17898x17898
Matrix dimensions: 17897x17897
Matrix dimensions: 17897x17897
    Consensus boundaries: 458 
   chr3 :
    Replicates used: mut_M1, mut_M2, mut_M3 
Converting to n x n matrix
Matrix dimensions: 15694x15694
Matrix dimensions: 15694x15694
Matrix dimensions: 15694x15694
    Consensus boundaries: 310 
   chr4 :
    Replicates used: mut_M1, mut_M2, mut_M3 
Converting to n x n matrix
Matrix dimensions: 15331x15331
Matrix dimensions: 15331x15331
Matrix dimensions: 15331x15331
    Consensus boundaries: 418 
   chr5 :
    Replicates used: mut_M1, mut_M2, mut_M3 
Converting to n x n matrix
Matrix dimensions: 14874x14874
Matrix dimensions: 14875x14875
Matrix dimensions: 14874x14874
    Consensus boundaries: 320 
   chr6 :
    Replicates used: mut_M1, mut_M2, mut_M3 
Converting to n x n matrix
Matrix dimensions: 14654x14654
Matrix dimensions: 14654x14654
Matrix dimensions: 14654x14654
    Consensus boundaries: 279 
   chr7 :
    Replicates used: mut_M1, mut_M2, mut_M3 
Converting to n x n matrix
Matrix dimensions: 14235x14235
Matrix dimensions: 14235x14235
Matrix dimensions: 14235x14235
    Consensus boundaries: 428 
   chr8 :
    Replicates used: mut_M1, mut_M2, mut_M3 
Converting to n x n matrix
Matrix dimensions: 12631x12631
Matrix dimensions: 12631x12631
Matrix dimensions: 12631x12631
    Consensus boundaries: 253 
   chr9 :
    Replicates used: mut_M1, mut_M2, mut_M3 
Converting to n x n matrix
Matrix dimensions: 12150x12150
Matrix dimensions: 12150x12150
Matrix dimensions: 12150x12150
    Consensus boundaries: 229 
   chr10 :
    Replicates used: mut_M1, mut_M2, mut_M3 
Converting to n x n matrix
Matrix dimensions: 12750x12750
Matrix dimensions: 12750x12750
Matrix dimensions: 12750x12750
    Consensus boundaries: 259 
   chr11 :
    Replicates used: mut_M1, mut_M2, mut_M3 
Converting to n x n matrix
Matrix dimensions: 11889x11889
Matrix dimensions: 11889x11889
Matrix dimensions: 11889x11889
    Consensus boundaries: 239 
   chr12 :
    Replicates used: mut_M1, mut_M2, mut_M3 
Converting to n x n matrix
Matrix dimensions: 11703x11703
Matrix dimensions: 11703x11703
Matrix dimensions: 11703x11703
    Consensus boundaries: 258 
   chr13 :
    Replicates used: mut_M1, mut_M2, mut_M3 
Converting to n x n matrix
Matrix dimensions: 11733x11733
Matrix dimensions: 11733x11733
Matrix dimensions: 11733x11733
    Consensus boundaries: 261 
   chr14 :
    Replicates used: mut_M1, mut_M2, mut_M3 
Converting to n x n matrix
Matrix dimensions: 12181x12181
Matrix dimensions: 12181x12181
Matrix dimensions: 12182x12182
    Consensus boundaries: 336 
   chr15 :
    Replicates used: mut_M1, mut_M2, mut_M3 
Converting to n x n matrix
Matrix dimensions: 10090x10090
Matrix dimensions: 10090x10090
Matrix dimensions: 10090x10090
    Consensus boundaries: 190 
   chr16 :
    Replicates used: mut_M1, mut_M2, mut_M3 
Converting to n x n matrix
Matrix dimensions: 9511x9511
Matrix dimensions: 9511x9511
Matrix dimensions: 9511x9511
    Consensus boundaries: 183 
   chr17 :
    Replicates used: mut_M1, mut_M2, mut_M3 
Converting to n x n matrix
Matrix dimensions: 9189x9189
Matrix dimensions: 9189x9189
Matrix dimensions: 9189x9189
    Consensus boundaries: 175 
   chr18 :
    Replicates used: mut_M1, mut_M2, mut_M3 
Converting to n x n matrix
Matrix dimensions: 8762x8762
Matrix dimensions: 8761x8761
Matrix dimensions: 8761x8761
    Consensus boundaries: 162 
   chr19 :
    Replicates used: mut_M1, mut_M2, mut_M3 
Converting to n x n matrix
Matrix dimensions: 5827x5827
Matrix dimensions: 5834x5834
Matrix dimensions: 5834x5834
    Consensus boundaries: 143 

=========================================
Combining and analyzing results...
=========================================
Control consensus boundaries: 5313 
Mutant consensus boundaries: 5285 

Integrating with TADCompare results...
TADCompare boundaries loaded: 23496 

Robustness assessment:
# A tibble: 4 × 3
  robustness       n   pct
  <chr>        <int> <dbl>
1 Both          3024  12.9
2 Control_only  1535   6.5
3 Mutant_only   1408   6  
4 Neither      17529  74.6

Robustness by differential status:
# A tibble: 4 × 7
  Differential    total robust_both robust_ctrl robust_mut not_robust pct_robust
  <chr>           <int>       <int>       <int>      <int>      <int>      <dbl>
1 Differential     3822         501         390        396       2535       33.7
2 Non-Differenti… 18655        2384        1007        896      14368       23  
3 Shifted          1000         137         138        113        612       38.8
4 <NA>               19           2           0          3         14       26.3

High-confidence differential boundaries: 1287 
(Differential AND detected in replicate consensus)

=========================================
Saving outputs...
Control consensus: /expanse/lustre/projects/csd940/zalibhai/mariner_hi-c/tads/results/late/consensus/consensus_control.tsv 
Mutant consensus: /expanse/lustre/projects/csd940/zalibhai/mariner_hi-c/tads/results/late/consensus/consensus_mutant.tsv 
Annotated TADCompare: /expanse/lustre/projects/csd940/zalibhai/mariner_hi-c/tads/results/late/consensus/tadcompare_with_robustness.tsv 
High-confidence differential: /expanse/lustre/projects/csd940/zalibhai/mariner_hi-c/tads/results/late/consensus/high_confidence_differential.tsv 
High-confidence BED: /expanse/lustre/projects/csd940/zalibhai/mariner_hi-c/tads/results/late/consensus/high_confidence_differential.bed 
Summary: /expanse/lustre/projects/csd940/zalibhai/mariner_hi-c/tads/results/late/consensus/consensus_summary.txt 

=========================================
✅ ConsensusTADs analysis complete
=========================================

Key outputs:
  - consensus_control.tsv: Robust boundaries in control
  - consensus_mutant.tsv: Robust boundaries in mutant
  - tadcompare_with_robustness.tsv: TADCompare + robustness flags
  - high_confidence_differential.tsv/bed: Filtered high-confidence set

Next step: Run 04_postprocess.sh for shift distance calculation

✅ [late] Step 3 complete: ConsensusTADs

------------------------------------------------------------
[late] Step 4/6: Post-processing (Shift Distances)
------------------------------------------------------------
=========================================
TADCompare Pipeline - Step 4: Post-processing
=========================================
Job ID: 45885648
Node: exp-2-50
Timepoint: late
Start time: Thu Jan 15 10:52:12 PST 2026
=========================================

Environment check:
/home/zalibhai/.conda/envs/mariner_env/bin/bedtools
bedtools v2.31.1
/home/zalibhai/.conda/envs/mariner_env/bin/R

Using: robustness-annotated file

Extracting boundaries for bedtools...
  Control-enriched: 11499
  Mutant-enriched: 11997

Running bedtools closest...
  ✓ Distance calculations complete

Running R analysis for late timepoint...
Warning message:
package ‘dplyr’ was built under R version 4.4.3 
Timepoint: late 

=========================================
Shift Distance Analysis
=========================================
Loading distance files from bedtools...
  Control→Mutant pairs: 11499 
  Mutant→Control pairs: 11997 

Loading TADCompare results...
  Using robustness-annotated file
  Total boundaries: 23496 

Merging shift distances...

=========================================
Shift Distance Summary
=========================================

Shifted boundaries with distances: 1000 / 1000 

Distribution (kb):
  Min:     0 
  Q1:      0 
  Median:  0 
  Mean:    6.2 
  Q3:      10 
  Max:     40 

Binned distribution:
# A tibble: 2 × 3
  bin         n   pct
  <fct>   <int> <dbl>
1 0-25kb    924  92.4
2 25-50kb    76   7.6

By enrichment:
# A tibble: 2 × 4
  Enriched_In     n median_kb mean_kb
  <chr>       <int>     <dbl>   <dbl>
1 Matrix 1      504         0     6.2
2 Matrix 2      496         0     6.1

=========================================
Saving outputs...
Full results: /expanse/lustre/projects/csd940/zalibhai/mariner_hi-c/tads/results/late/final/tadcompare_final_annotated.tsv 
All boundaries BED: /expanse/lustre/projects/csd940/zalibhai/mariner_hi-c/tads/results/late/final/tadcompare_final.bed 
Differential BED: /expanse/lustre/projects/csd940/zalibhai/mariner_hi-c/tads/results/late/final/differential_boundaries_final.bed 
Shifted BED: /expanse/lustre/projects/csd940/zalibhai/mariner_hi-c/tads/results/late/final/shifted_boundaries.bed 
Summary: /expanse/lustre/projects/csd940/zalibhai/mariner_hi-c/tads/results/late/final/analysis_summary.txt 

=========================================
✅ Shift distance analysis complete
=========================================

Cleaning up temporary files...

=========================================
Final outputs:
-rw-r--r-- 1 zalibhai csd940  226 Jan 15 10:52 /expanse/lustre/projects/csd940/zalibhai/mariner_hi-c/tads/results/late/final/analysis_summary.txt
-rw-r--r-- 1 zalibhai csd940 1.2K Jan 15 10:04 /expanse/lustre/projects/csd940/zalibhai/mariner_hi-c/tads/results/late/final/blacklist_filter_summary.txt
-rw-r--r-- 1 zalibhai csd940 2.9K Jan 15 10:04 /expanse/lustre/projects/csd940/zalibhai/mariner_hi-c/tads/results/late/final/blacklist_removed_boundaries.tsv
-rw-r--r-- 1 zalibhai csd940 524K Jan 15 10:52 /expanse/lustre/projects/csd940/zalibhai/mariner_hi-c/tads/results/late/final/differential_boundaries_final.bed
-rw-r--r-- 1 zalibhai csd940 132K Jan 15 10:52 /expanse/lustre/projects/csd940/zalibhai/mariner_hi-c/tads/results/late/final/shifted_boundaries.bed
-rw-r--r-- 1 zalibhai csd940 3.1M Jan 15 10:52 /expanse/lustre/projects/csd940/zalibhai/mariner_hi-c/tads/results/late/final/tadcompare_final_annotated.tsv
-rw-r--r-- 1 zalibhai csd940 3.5M Jan 15 10:52 /expanse/lustre/projects/csd940/zalibhai/mariner_hi-c/tads/results/late/final/tadcompare_final.bed
-rw-r--r-- 1 zalibhai csd940 1.1M Jan 15 10:04 /expanse/lustre/projects/csd940/zalibhai/mariner_hi-c/tads/results/late/final/tadcompare_final_filtered.tsv

✅ Post-processing completed successfully

End time: Thu Jan 15 10:52:20 PST 2026
=========================================

✅ [late] Step 4 complete: Post-processing


============================================================
PROCESSING TIMEPOINT: early
============================================================

------------------------------------------------------------
[early] Step 1/6: Matrix Extraction
------------------------------------------------------------
=========================================
TADCompare Pipeline - Step 1: Matrix Extraction
=========================================
Job ID: 45885648
Node: exp-2-50
Start time: Thu Jan 15 10:52:20 PST 2026
=========================================

Environment check:
/home/zalibhai/.local/bin/straw

Timepoint: early (HIC date: 250831)

Extracting merged matrices...
-----------------------------
Processing ctrl_merged.hic ...
  ✓ chr1
  ✓ chr2
  ✓ chr3
  ✓ chr4
  ✓ chr5
  ✓ chr6
  ✓ chr7
  ✓ chr8
  ✓ chr9
  ✓ chr10
  ✓ chr11
  ✓ chr12
  ✓ chr13
  ✓ chr14
  ✓ chr15
  ✓ chr16
  ✓ chr17
  ✓ chr18
scripts/01_extract_matrices.sb: line 70: 3658386 Segmentation fault      (core dumped) straw observed NONE "${hic_file}" "${chrom}" "${chrom}" BP ${RESOLUTION} > "${output_file}" 2> /dev/null
  ✗ chr19 FAILED

Processing mut_merged.hic ...
  ✓ chr1
  ✓ chr2
  ✓ chr3
  ✓ chr4
  ✓ chr5
  ✓ chr6
  ✓ chr7
  ✓ chr8
  ✓ chr9
  ✓ chr10
  ✓ chr11
  ✓ chr12
  ✓ chr13
  ✓ chr14
  ✓ chr15
  ✓ chr16
  ✓ chr17
  ✓ chr18
  ✓ chr19

Extracting replicate matrices...
--------------------------------
Processing ctrl_M1.hic ...
  ✓ chr1
  ✓ chr2
  ✓ chr3
  ✓ chr4
  ✓ chr5
  ✓ chr6
  ✓ chr7
  ✓ chr8
  ✓ chr9
  ✓ chr10
  ✓ chr11
  ✓ chr12
  ✓ chr13
  ✓ chr14
  ✓ chr15
  ✓ chr16
  ✓ chr17
  ✓ chr18
  ✓ chr19

Processing ctrl_M2.hic ...
  ✓ chr1
  ✓ chr2
  ✓ chr3
  ✓ chr4
  ✓ chr5
  ✓ chr6
  ✓ chr7
  ✓ chr8
  ✓ chr9
  ✓ chr10
  ✓ chr11
  ✓ chr12
  ✓ chr13
  ✓ chr14
  ✓ chr15
  ✓ chr16
  ✓ chr17
  ✓ chr18
  ✓ chr19

Processing ctrl_M3.hic ...
  ✓ chr1
  ✓ chr2
  ✓ chr3
  ✓ chr4
  ✓ chr5
  ✓ chr6
  ✓ chr7
  ✓ chr8
  ✓ chr9
  ✓ chr10
  ✓ chr11
  ✓ chr12
  ✓ chr13
  ✓ chr14
  ✓ chr15
  ✓ chr16
scripts/01_extract_matrices.sb: line 70: 3664614 Segmentation fault      (core dumped) straw observed NONE "${hic_file}" "${chrom}" "${chrom}" BP ${RESOLUTION} > "${output_file}" 2> /dev/null
  ✗ chr17 FAILED
  ✓ chr18
  ✓ chr19

Processing mut_M1.hic ...
  ✓ chr1
  ✓ chr2
  ✓ chr3
  ✓ chr4
  ✓ chr5
  ✓ chr6
scripts/01_extract_matrices.sb: line 70: 3665784 Segmentation fault      (core dumped) straw observed NONE "${hic_file}" "${chrom}" "${chrom}" BP ${RESOLUTION} > "${output_file}" 2> /dev/null
  ✗ chr7 FAILED
  ✓ chr8
  ✓ chr9
  ✓ chr10
  ✓ chr11
  ✓ chr12
  ✓ chr13
  ✓ chr14
  ✓ chr15
  ✓ chr16
  ✓ chr17
  ✓ chr18
  ✓ chr19

Processing mut_M2.hic ...
  ✓ chr1
  ✓ chr2
  ✓ chr3
  ✓ chr4
  ✓ chr5
  ✓ chr6
  ✓ chr7
  ✓ chr8
  ✓ chr9
  ✓ chr10
  ✓ chr11
  ✓ chr12
  ✓ chr13
  ✓ chr14
  ✓ chr15
  ✓ chr16
  ✓ chr17
  ✓ chr18
  ✓ chr19

Processing mut_M3.hic ...
  ✓ chr1
  ✓ chr2
  ✓ chr3
  ✓ chr4
  ✓ chr5
  ✓ chr6
  ✓ chr7
  ✓ chr8
  ✓ chr9
  ✓ chr10
scripts/01_extract_matrices.sb: line 70: 3669349 Segmentation fault      (core dumped) straw observed NONE "${hic_file}" "${chrom}" "${chrom}" BP ${RESOLUTION} > "${output_file}" 2> /dev/null
  ✗ chr11 FAILED
  ✓ chr12
  ✓ chr13
  ✓ chr14
  ✓ chr15
  ✓ chr16
  ✓ chr17
  ✓ chr18
  ✓ chr19

=========================================
Extraction Summary
=========================================
Total extractions attempted: 152
Successful: 148
Failed: 4

Failed extractions:
  - ctrl_merged.chr19
  - ctrl_M3.chr17
  - mut_M1.chr7
  - mut_M3.chr11

Output locations:
  Merged:     /expanse/lustre/projects/csd940/zalibhai/mariner_hi-c/tads/data/early/extracted/merged
  Replicates: /expanse/lustre/projects/csd940/zalibhai/mariner_hi-c/tads/data/early/extracted/replicates

Files created:
  Merged matrices: 38
  Replicate matrices: 114

⚠️  Some extractions failed - check logs above

✅ [early] Step 1 complete: Matrix extraction

------------------------------------------------------------
[early] Step 2/6: TADCompare Differential Analysis
------------------------------------------------------------
Warning message:
package ‘dplyr’ was built under R version 4.4.3 
Timepoint: early 

=========================================
TADCompare Analysis: Control vs BAP1-KO
=========================================
Resolution: 10000 bp
Input directory: /expanse/lustre/projects/csd940/zalibhai/mariner_hi-c/tads/data/early/extracted/merged 
Output directory: /expanse/lustre/projects/csd940/zalibhai/mariner_hi-c/tads/results/early/tadcompare 
Chromosomes: 19 
=========================================

Starting TADCompare analysis across all chromosomes...

Processing chr1 ...
  Contacts - Control: 31923494 , Mutant: 31598472 
Converting to n x n matrix
Matrix dimensions: 19238x19238
Matrix dimensions: 19238x19238
  Boundaries detected: 2100 
  Differential boundaries: 393 
  Types: Complex=128, Merge=85, Non-Differential=1602, Shifted=104, Split=89, Strength Change=91 
  ✓ Complete

Processing chr2 ...
  Contacts - Control: 29053919 , Mutant: 28699859 
Converting to n x n matrix
Matrix dimensions: 17898x17898
Matrix dimensions: 17897x17897
  Boundaries detected: 1825 
  Differential boundaries: 286 
  Types: Complex=72, Merge=56, Non-Differential=1482, Shifted=56, Split=69, Strength Change=89 
  ✓ Complete

Processing chr3 ...
  Contacts - Control: 24158981 , Mutant: 23797035 
Converting to n x n matrix
Matrix dimensions: 15694x15694
Matrix dimensions: 15694x15694
  Boundaries detected: 1670 
  Differential boundaries: 299 
  Types: Complex=67, Merge=68, Non-Differential=1298, Shifted=72, Split=75, Strength Change=89 
  ✓ Complete

Processing chr4 ...
  Contacts - Control: 21859125 , Mutant: 21582849 
Converting to n x n matrix
Matrix dimensions: 15331x15331
Matrix dimensions: 15331x15331
  Boundaries detected: 1508 
  Differential boundaries: 185 
  Types: Complex=63, Merge=39, Non-Differential=1239, Shifted=83, Split=46, Strength Change=37 
  ✓ Complete

Processing chr5 ...
  Contacts - Control: 21020813 , Mutant: 20812347 
Converting to n x n matrix
Matrix dimensions: 14875x14875
Matrix dimensions: 14874x14874
  Boundaries detected: 1466 
  Differential boundaries: 137 
  Types: Complex=35, Merge=30, Non-Differential=1255, Shifted=73, Split=36, Strength Change=36 
  ✓ Complete

Processing chr6 ...
  Contacts - Control: 22656260 , Mutant: 22370303 
Converting to n x n matrix
Matrix dimensions: 14654x14654
Matrix dimensions: 14654x14654
  Boundaries detected: 1561 
  Differential boundaries: 276 
  Types: Complex=92, Merge=52, Non-Differential=1216, Shifted=68, Split=56, Strength Change=76 
  ✓ Complete

Processing chr7 ...
  Contacts - Control: 19458758 , Mutant: 19237433 
Converting to n x n matrix
Matrix dimensions: 14235x14235
Matrix dimensions: 14235x14235
  Boundaries detected: 1341 
  Differential boundaries: 146 
  Types: Complex=58, Merge=28, Non-Differential=1124, Shifted=70, Split=27, Strength Change=33 
  ✓ Complete

Processing chr8 ...
  Contacts - Control: 16210476 , Mutant: 16781872 
Converting to n x n matrix
Matrix dimensions: 12632x12632
Matrix dimensions: 12631x12631
  Boundaries detected: 1310 
  Differential boundaries: 205 
  Types: Complex=60, Merge=45, Non-Differential=1005, Shifted=99, Split=41, Strength Change=59 
  ✓ Complete

Processing chr9 ...
  Contacts - Control: 17645611 , Mutant: 17590770 
Converting to n x n matrix
Matrix dimensions: 12150x12150
Matrix dimensions: 12150x12150
  Boundaries detected: 1255 
  Differential boundaries: 255 
  Types: Complex=69, Merge=48, Non-Differential=951, Shifted=48, Split=59, Strength Change=79 
  ✓ Complete

Processing chr10 ...
  Contacts - Control: 18512997 , Mutant: 18234345 
Converting to n x n matrix
Matrix dimensions: 12751x12751
Matrix dimensions: 12750x12750
  Boundaries detected: 1342 
  Differential boundaries: 249 
  Types: Complex=71, Merge=53, Non-Differential=1020, Shifted=72, Split=51, Strength Change=74 
  ✓ Complete

Processing chr11 ...
  Contacts - Control: 17562759 , Mutant: 17520235 
Converting to n x n matrix
Matrix dimensions: 11889x11889
Matrix dimensions: 11889x11889
  Boundaries detected: 1159 
  Differential boundaries: 202 
  Types: Complex=39, Merge=32, Non-Differential=926, Shifted=30, Split=36, Strength Change=95 
  ✓ Complete

Processing chr12 ...
  Contacts - Control: 15224106 , Mutant: 15130063 
Converting to n x n matrix
Matrix dimensions: 11703x11703
Matrix dimensions: 11703x11703
  Boundaries detected: 1278 
  Differential boundaries: 157 
  Types: Complex=43, Merge=32, Non-Differential=1051, Shifted=69, Split=35, Strength Change=47 
  ✓ Complete

Processing chr13 ...
  Contacts - Control: 16286588 , Mutant: 16172191 
Converting to n x n matrix
Matrix dimensions: 11733x11733
Matrix dimensions: 11733x11733
  Boundaries detected: 1255 
  Differential boundaries: 177 
  Types: Complex=49, Merge=38, Non-Differential=1006, Shifted=71, Split=42, Strength Change=48 
  ✓ Complete

Processing chr14 ...
  Contacts - Control: 15199359 , Mutant: 15008450 
Converting to n x n matrix
Matrix dimensions: 12182x12182
Matrix dimensions: 12182x12182
  Boundaries detected: 1199 
  Differential boundaries: 119 
  Types: Complex=41, Merge=25, Non-Differential=1009, Shifted=70, Split=28, Strength Change=25 
  ✓ Complete

Processing chr15 ...
  Contacts - Control: 12260259 , Mutant: 12112265 
Converting to n x n matrix
Matrix dimensions: 10091x10091
Matrix dimensions: 10091x10091
  Boundaries detected: 1091 
  Differential boundaries: 207 
  Types: Complex=58, Merge=36, Non-Differential=839, Shifted=44, Split=45, Strength Change=68 
  ✓ Complete

Processing chr16 ...
  Contacts - Control: 11448854 , Mutant: 11123965 
Converting to n x n matrix
Matrix dimensions: 9511x9511
Matrix dimensions: 9511x9511
  Boundaries detected: 1016 
  Differential boundaries: 194 
  Types: Complex=75, Merge=33, Non-Differential=778, Shifted=43, Split=36, Strength Change=50 
  ✓ Complete

Processing chr17 ...
  Contacts - Control: 10603907 , Mutant: 10528623 
Converting to n x n matrix
Matrix dimensions: 9189x9189
Matrix dimensions: 9189x9189
  Boundaries detected: 936 
  Differential boundaries: 135 
  Types: Complex=31, Merge=32, Non-Differential=762, Shifted=38, Split=34, Strength Change=38 
  ✓ Complete

Processing chr18 ...
  Contacts - Control: 10884543 , Mutant: 10731362 
Converting to n x n matrix
Matrix dimensions: 8761x8761
Matrix dimensions: 8761x8761
  Boundaries detected: 899 
  Differential boundaries: 146 
  Types: Complex=36, Merge=25, Non-Differential=717, Shifted=35, Split=37, Strength Change=48 
  ✓ Complete

Processing chr19 ...
  WARNING: Insufficient contacts (ctrl: 0 , mut: 6004490 )
=========================================
Combining results...
Total boundaries across all chromosomes: 24211 

=========================================
Summary Statistics
=========================================

Differential status:
      Differential     n  pct
1     Differential  3768 15.6
2 Non-Differential 19280 79.6
3          Shifted  1145  4.7
4             <NA>    18  0.1

Boundary type classification:
              Type     n  pct
1 Non-Differential 19280 79.7
2          Shifted  1145  4.7
3          Complex  1087  4.5
4  Strength Change  1082  4.5
5            Split   842  3.5
6            Merge   757  3.1

Differential boundaries by enrichment:
  Enriched_In    n  pct
1    Matrix 1 1941 51.5
2    Matrix 2 1827 48.5

Per-chromosome summary:
# A tibble: 18 × 4
   chr   total differential pct_diff
   <chr> <int>        <int>    <dbl>
 1 chr1   2100          393     18.7
 2 chr10  1342          249     18.6
 3 chr11  1159          202     17.4
 4 chr12  1278          157     12.3
 5 chr13  1255          177     14.1
 6 chr14  1199          119      9.9
 7 chr15  1091          207     19  
 8 chr16  1016          194     19.1
 9 chr17   936          135     14.4
10 chr18   899          146     16.2
11 chr2   1825          286     15.7
12 chr3   1670          299     17.9
13 chr4   1508          185     12.3
14 chr5   1466          137      9.3
15 chr6   1561          276     17.7
16 chr7   1341          146     10.9
17 chr8   1310          205     15.6
18 chr9   1255          255     20.3

=========================================
Saving outputs...
Full results: /expanse/lustre/projects/csd940/zalibhai/mariner_hi-c/tads/results/early/tadcompare/tadcompare_all_boundaries.tsv 
Differential only: /expanse/lustre/projects/csd940/zalibhai/mariner_hi-c/tads/results/early/tadcompare/tadcompare_differential_only.tsv 
BED file (all): /expanse/lustre/projects/csd940/zalibhai/mariner_hi-c/tads/results/early/tadcompare/tadcompare_boundaries.bed 
BED file (differential): /expanse/lustre/projects/csd940/zalibhai/mariner_hi-c/tads/results/early/tadcompare/tadcompare_differential.bed 
Summary file: /expanse/lustre/projects/csd940/zalibhai/mariner_hi-c/tads/results/early/tadcompare/tadcompare_summary.txt 

=========================================
✅ TADCompare analysis complete
=========================================
Chromosomes processed: 18 
Failed chromosomes: chr19 

Next step: Run 03_run_consensus.R for replicate robustness check

✅ [early] Step 2 complete: TADCompare

------------------------------------------------------------
[early] Step 3/6: ConsensusTADs Robustness Assessment
------------------------------------------------------------
Warning message:
package ‘dplyr’ was built under R version 4.4.3 
Timepoint: early 

=========================================
ConsensusTADs: Replicate Robustness Analysis
=========================================
Resolution: 10000 bp
Input directory: /expanse/lustre/projects/csd940/zalibhai/mariner_hi-c/tads/data/early/extracted/replicates 
Output directory: /expanse/lustre/projects/csd940/zalibhai/mariner_hi-c/tads/results/early/consensus 
=========================================

Processing CONTROL replicates...
================================
   chr1 :
    Replicates used: ctrl_M1, ctrl_M2, ctrl_M3 
Converting to n x n matrix
Matrix dimensions: 19238x19238
Matrix dimensions: 19238x19238
Matrix dimensions: 19238x19238
    Consensus boundaries: 417 
   chr2 :
    Replicates used: ctrl_M1, ctrl_M2, ctrl_M3 
Converting to n x n matrix
Matrix dimensions: 17897x17897
Matrix dimensions: 17897x17897
Matrix dimensions: 17897x17897
    Consensus boundaries: 477 
   chr3 :
    Replicates used: ctrl_M1, ctrl_M2, ctrl_M3 
Converting to n x n matrix
Matrix dimensions: 15694x15694
Matrix dimensions: 15694x15694
Matrix dimensions: 15694x15694
    Consensus boundaries: 350 
   chr4 :
    Replicates used: ctrl_M1, ctrl_M2, ctrl_M3 
Converting to n x n matrix
Matrix dimensions: 15331x15331
Matrix dimensions: 15331x15331
Matrix dimensions: 15331x15331
    Consensus boundaries: 449 
   chr5 :
    Replicates used: ctrl_M1, ctrl_M2, ctrl_M3 
Converting to n x n matrix
Matrix dimensions: 14874x14874
Matrix dimensions: 14874x14874
Matrix dimensions: 14874x14874
    Consensus boundaries: 334 
   chr6 :
    Replicates used: ctrl_M1, ctrl_M2, ctrl_M3 
Converting to n x n matrix
Matrix dimensions: 14654x14654
Matrix dimensions: 14654x14654
Matrix dimensions: 14654x14654
    Consensus boundaries: 327 
   chr7 :
    Replicates used: ctrl_M1, ctrl_M2, ctrl_M3 
Converting to n x n matrix
Matrix dimensions: 14235x14235
Matrix dimensions: 14235x14235
Matrix dimensions: 14235x14235
    Consensus boundaries: 429 
   chr8 :
    Replicates used: ctrl_M1, ctrl_M2, ctrl_M3 
Converting to n x n matrix
Matrix dimensions: 12631x12631
Matrix dimensions: 12631x12631
Matrix dimensions: 12631x12631
    Consensus boundaries: 286 
   chr9 :
    Replicates used: ctrl_M1, ctrl_M2, ctrl_M3 
Converting to n x n matrix
Matrix dimensions: 12150x12150
Matrix dimensions: 12150x12150
Matrix dimensions: 12150x12150
    Consensus boundaries: 269 
   chr10 :
    Replicates used: ctrl_M1, ctrl_M2, ctrl_M3 
Converting to n x n matrix
Matrix dimensions: 12750x12750
Matrix dimensions: 12750x12750
Matrix dimensions: 12750x12750
    Consensus boundaries: 297 
   chr11 :
    Replicates used: ctrl_M1, ctrl_M2, ctrl_M3 
Converting to n x n matrix
Matrix dimensions: 11889x11889
Matrix dimensions: 11889x11889
Matrix dimensions: 11889x11889
    Consensus boundaries: 261 
   chr12 :
    Replicates used: ctrl_M1, ctrl_M2, ctrl_M3 
Converting to n x n matrix
Matrix dimensions: 11703x11703
Matrix dimensions: 11703x11703
Matrix dimensions: 11703x11703
    Consensus boundaries: 280 
   chr13 :
    Replicates used: ctrl_M1, ctrl_M2, ctrl_M3 
Converting to n x n matrix
Matrix dimensions: 11733x11733
Matrix dimensions: 11733x11733
Matrix dimensions: 11733x11733
    Consensus boundaries: 282 
   chr14 :
    Replicates used: ctrl_M1, ctrl_M2, ctrl_M3 
Converting to n x n matrix
Matrix dimensions: 12181x12181
Matrix dimensions: 12182x12182
Matrix dimensions: 12182x12182
    Consensus boundaries: 295 
   chr15 :
    Replicates used: ctrl_M1, ctrl_M2, ctrl_M3 
Converting to n x n matrix
Matrix dimensions: 10091x10091
Matrix dimensions: 10090x10090
Matrix dimensions: 10090x10090
    Consensus boundaries: 231 
   chr16 :
    Replicates used: ctrl_M1, ctrl_M2, ctrl_M3 
Converting to n x n matrix
Matrix dimensions: 9509x9509
Matrix dimensions: 9509x9509
Matrix dimensions: 9511x9511
    Consensus boundaries: 199 
   chr17 :
    Replicates used: ctrl_M1, ctrl_M2 
Converting to n x n matrix
Matrix dimensions: 9189x9189
Matrix dimensions: 9189x9189
    Consensus boundaries: 160 
   chr18 :
    Replicates used: ctrl_M1, ctrl_M2, ctrl_M3 
Converting to n x n matrix
Matrix dimensions: 8761x8761
Matrix dimensions: 8761x8761
Matrix dimensions: 8761x8761
    Consensus boundaries: 190 
   chr19 :
    Replicates used: ctrl_M1, ctrl_M2, ctrl_M3 
Converting to n x n matrix
Matrix dimensions: 5834x5834
Matrix dimensions: 5827x5827
Matrix dimensions: 5834x5834
    Consensus boundaries: 121 

Processing MUTANT replicates...
===============================
   chr1 :
    Replicates used: mut_M1, mut_M2, mut_M3 
Converting to n x n matrix
Matrix dimensions: 19238x19238
Matrix dimensions: 19238x19238
Matrix dimensions: 19238x19238
    Consensus boundaries: 421 
   chr2 :
    Replicates used: mut_M1, mut_M2, mut_M3 
Converting to n x n matrix
Matrix dimensions: 17898x17898
Matrix dimensions: 17897x17897
Matrix dimensions: 17898x17898
    Consensus boundaries: 480 
   chr3 :
    Replicates used: mut_M1, mut_M2, mut_M3 
Converting to n x n matrix
Matrix dimensions: 15694x15694
Matrix dimensions: 15694x15694
Matrix dimensions: 15694x15694
    Consensus boundaries: 345 
   chr4 :
    Replicates used: mut_M1, mut_M2, mut_M3 
Converting to n x n matrix
Matrix dimensions: 15331x15331
Matrix dimensions: 15331x15331
Matrix dimensions: 15331x15331
    Consensus boundaries: 373 
   chr5 :
    Replicates used: mut_M1, mut_M2, mut_M3 
Converting to n x n matrix
Matrix dimensions: 14875x14875
Matrix dimensions: 14874x14874
Matrix dimensions: 14874x14874
    Consensus boundaries: 360 
   chr6 :
    Replicates used: mut_M1, mut_M2, mut_M3 
Converting to n x n matrix
Matrix dimensions: 14654x14654
Matrix dimensions: 14654x14654
Matrix dimensions: 14654x14654
    Consensus boundaries: 329 
   chr7 :
    Replicates used: mut_M2, mut_M3 
Converting to n x n matrix
Matrix dimensions: 14235x14235
Matrix dimensions: 14235x14235
    Consensus boundaries: 323 
   chr8 :
    Replicates used: mut_M1, mut_M2, mut_M3 
Converting to n x n matrix
Matrix dimensions: 12632x12632
Matrix dimensions: 12631x12631
Matrix dimensions: 12631x12631
    Consensus boundaries: 275 
   chr9 :
    Replicates used: mut_M1, mut_M2, mut_M3 
Converting to n x n matrix
Matrix dimensions: 12150x12150
Matrix dimensions: 12150x12150
Matrix dimensions: 12150x12150
    Consensus boundaries: 267 
   chr10 :
    Replicates used: mut_M1, mut_M2, mut_M3 
Converting to n x n matrix
Matrix dimensions: 12750x12750
Matrix dimensions: 12751x12751
Matrix dimensions: 12750x12750
    Consensus boundaries: 280 
   chr11 :
    Replicates used: mut_M1, mut_M2 
Converting to n x n matrix
Matrix dimensions: 11889x11889
Matrix dimensions: 11889x11889
    Consensus boundaries: 261 
   chr12 :
    Replicates used: mut_M1, mut_M2, mut_M3 
Converting to n x n matrix
Matrix dimensions: 11703x11703
Matrix dimensions: 11703x11703
Matrix dimensions: 11703x11703
    Consensus boundaries: 262 
   chr13 :
    Replicates used: mut_M1, mut_M2, mut_M3 
Converting to n x n matrix
Matrix dimensions: 11733x11733
Matrix dimensions: 11733x11733
Matrix dimensions: 11733x11733
    Consensus boundaries: 280 
   chr14 :
    Replicates used: mut_M1, mut_M2, mut_M3 
Converting to n x n matrix
Matrix dimensions: 12182x12182
Matrix dimensions: 12182x12182
Matrix dimensions: 12181x12181
    Consensus boundaries: 329 
   chr15 :
    Replicates used: mut_M1, mut_M2, mut_M3 
Converting to n x n matrix
Matrix dimensions: 10090x10090
Matrix dimensions: 10091x10091
Matrix dimensions: 10090x10090
    Consensus boundaries: 242 
   chr16 :
    Replicates used: mut_M1, mut_M2, mut_M3 
Converting to n x n matrix
Matrix dimensions: 9511x9511
Matrix dimensions: 9511x9511
Matrix dimensions: 9511x9511
    Consensus boundaries: 241 
   chr17 :
    Replicates used: mut_M1, mut_M2, mut_M3 
Converting to n x n matrix
Matrix dimensions: 9189x9189
Matrix dimensions: 9189x9189
Matrix dimensions: 9189x9189
    Consensus boundaries: 193 
   chr18 :
    Replicates used: mut_M1, mut_M2, mut_M3 
Converting to n x n matrix
Matrix dimensions: 8761x8761
Matrix dimensions: 8761x8761
Matrix dimensions: 8761x8761
    Consensus boundaries: 189 
   chr19 :
    Replicates used: mut_M1, mut_M2, mut_M3 
Converting to n x n matrix
Matrix dimensions: 5827x5827
Matrix dimensions: 5827x5827
Matrix dimensions: 5834x5834
    Consensus boundaries: 136 

=========================================
Combining and analyzing results...
=========================================
Control consensus boundaries: 5654 
Mutant consensus boundaries: 5586 

Integrating with TADCompare results...
TADCompare boundaries loaded: 24211 

Robustness assessment:
# A tibble: 4 × 3
  robustness       n   pct
  <chr>        <int> <dbl>
1 Both          3075  12.7
2 Control_only  1614   6.7
3 Mutant_only   1666   6.9
4 Neither      17856  73.8

Robustness by differential status:
# A tibble: 4 × 7
  Differential    total robust_both robust_ctrl robust_mut not_robust pct_robust
  <chr>           <int>       <int>       <int>      <int>      <int>      <dbl>
1 Differential     3768         339         369        435       2625       30.3
2 Non-Differenti… 19280        2623        1101       1083      14473       24.9
3 Shifted          1145         112         141        145        747       34.8
4 <NA>               18           1           3          3         11       38.9

High-confidence differential boundaries: 1143 
(Differential AND detected in replicate consensus)

=========================================
Saving outputs...
Control consensus: /expanse/lustre/projects/csd940/zalibhai/mariner_hi-c/tads/results/early/consensus/consensus_control.tsv 
Mutant consensus: /expanse/lustre/projects/csd940/zalibhai/mariner_hi-c/tads/results/early/consensus/consensus_mutant.tsv 
Annotated TADCompare: /expanse/lustre/projects/csd940/zalibhai/mariner_hi-c/tads/results/early/consensus/tadcompare_with_robustness.tsv 
High-confidence differential: /expanse/lustre/projects/csd940/zalibhai/mariner_hi-c/tads/results/early/consensus/high_confidence_differential.tsv 
High-confidence BED: /expanse/lustre/projects/csd940/zalibhai/mariner_hi-c/tads/results/early/consensus/high_confidence_differential.bed 
Summary: /expanse/lustre/projects/csd940/zalibhai/mariner_hi-c/tads/results/early/consensus/consensus_summary.txt 

=========================================
✅ ConsensusTADs analysis complete
=========================================

Key outputs:
  - consensus_control.tsv: Robust boundaries in control
  - consensus_mutant.tsv: Robust boundaries in mutant
  - tadcompare_with_robustness.tsv: TADCompare + robustness flags
  - high_confidence_differential.tsv/bed: Filtered high-confidence set

Next step: Run 04_postprocess.sh for shift distance calculation

✅ [early] Step 3 complete: ConsensusTADs

------------------------------------------------------------
[early] Step 4/6: Post-processing (Shift Distances)
------------------------------------------------------------
=========================================
TADCompare Pipeline - Step 4: Post-processing
=========================================
Job ID: 45885648
Node: exp-2-50
Timepoint: early
Start time: Thu Jan 15 11:35:15 PST 2026
=========================================

Environment check:
/home/zalibhai/.conda/envs/mariner_env/bin/bedtools
bedtools v2.31.1
/home/zalibhai/.conda/envs/mariner_env/bin/R

Using: robustness-annotated file

Extracting boundaries for bedtools...
  Control-enriched: 12455
  Mutant-enriched: 11756

Running bedtools closest...
  ✓ Distance calculations complete

Running R analysis for early timepoint...
Warning message:
package ‘dplyr’ was built under R version 4.4.3 
Timepoint: early 

=========================================
Shift Distance Analysis
=========================================
Loading distance files from bedtools...
  Control→Mutant pairs: 12455 
  Mutant→Control pairs: 11756 

Loading TADCompare results...
  Using robustness-annotated file
  Total boundaries: 24211 

Merging shift distances...

=========================================
Shift Distance Summary
=========================================

Shifted boundaries with distances: 1145 / 1145 

Distribution (kb):
  Min:     0 
  Q1:      0 
  Median:  0 
  Mean:    4.5 
  Q3:      10 
  Max:     40 

Binned distribution:
# A tibble: 2 × 3
  bin         n   pct
  <fct>   <int> <dbl>
1 0-25kb   1097  95.8
2 25-50kb    48   4.2

By enrichment:
# A tibble: 2 × 4
  Enriched_In     n median_kb mean_kb
  <chr>       <int>     <dbl>   <dbl>
1 Matrix 1      574         0     4.5
2 Matrix 2      571         0     4.6

=========================================
Saving outputs...
Full results: /expanse/lustre/projects/csd940/zalibhai/mariner_hi-c/tads/results/early/final/tadcompare_final_annotated.tsv 
All boundaries BED: /expanse/lustre/projects/csd940/zalibhai/mariner_hi-c/tads/results/early/final/tadcompare_final.bed 
Differential BED: /expanse/lustre/projects/csd940/zalibhai/mariner_hi-c/tads/results/early/final/differential_boundaries_final.bed 
Shifted BED: /expanse/lustre/projects/csd940/zalibhai/mariner_hi-c/tads/results/early/final/shifted_boundaries.bed 
Summary: /expanse/lustre/projects/csd940/zalibhai/mariner_hi-c/tads/results/early/final/analysis_summary.txt 

=========================================
✅ Shift distance analysis complete
=========================================

Cleaning up temporary files...

=========================================
Final outputs:
-rw-r--r-- 1 zalibhai csd940  226 Jan 15 11:35 /expanse/lustre/projects/csd940/zalibhai/mariner_hi-c/tads/results/early/final/analysis_summary.txt
-rw-r--r-- 1 zalibhai csd940 1.2K Jan 15 10:04 /expanse/lustre/projects/csd940/zalibhai/mariner_hi-c/tads/results/early/final/blacklist_filter_summary.txt
-rw-r--r-- 1 zalibhai csd940 2.4K Jan 15 10:04 /expanse/lustre/projects/csd940/zalibhai/mariner_hi-c/tads/results/early/final/blacklist_removed_boundaries.tsv
-rw-r--r-- 1 zalibhai csd940 511K Jan 15 11:35 /expanse/lustre/projects/csd940/zalibhai/mariner_hi-c/tads/results/early/final/differential_boundaries_final.bed
-rw-r--r-- 1 zalibhai csd940 151K Jan 15 11:35 /expanse/lustre/projects/csd940/zalibhai/mariner_hi-c/tads/results/early/final/shifted_boundaries.bed
-rw-r--r-- 1 zalibhai csd940 3.2M Jan 15 11:35 /expanse/lustre/projects/csd940/zalibhai/mariner_hi-c/tads/results/early/final/tadcompare_final_annotated.tsv
-rw-r--r-- 1 zalibhai csd940 3.6M Jan 15 11:35 /expanse/lustre/projects/csd940/zalibhai/mariner_hi-c/tads/results/early/final/tadcompare_final.bed
-rw-r--r-- 1 zalibhai csd940 1.2M Jan 15 10:04 /expanse/lustre/projects/csd940/zalibhai/mariner_hi-c/tads/results/early/final/tadcompare_final_filtered.tsv

✅ Post-processing completed successfully

End time: Thu Jan 15 11:35:22 PST 2026
=========================================

✅ [early] Step 4 complete: Post-processing


============================================================
Step 5/6: Blacklist Filtering (Both Timepoints)
============================================================
Loading required package: GenomicRanges
Loading required package: stats4
Loading required package: BiocGenerics

Attaching package: ‘BiocGenerics’

The following objects are masked from ‘package:stats’:

    IQR, mad, sd, var, xtabs

The following objects are masked from ‘package:base’:

    anyDuplicated, aperm, append, as.data.frame, basename, cbind,
    colnames, dirname, do.call, duplicated, eval, evalq, Filter, Find,
    get, grep, grepl, intersect, is.unsorted, lapply, Map, mapply,
    match, mget, order, paste, pmax, pmax.int, pmin, pmin.int,
    Position, rank, rbind, Reduce, rownames, sapply, saveRDS, setdiff,
    table, tapply, union, unique, unsplit, which.max, which.min

Loading required package: S4Vectors

Attaching package: ‘S4Vectors’

The following object is masked from ‘package:utils’:

    findMatches

The following objects are masked from ‘package:base’:

    expand.grid, I, unname

Loading required package: IRanges
Loading required package: GenomeInfoDb
Warning message:
package ‘rtracklayer’ was built under R version 4.4.3 

Attaching package: ‘dplyr’

The following objects are masked from ‘package:GenomicRanges’:

    intersect, setdiff, union

The following object is masked from ‘package:GenomeInfoDb’:

    intersect

The following objects are masked from ‘package:IRanges’:

    collapse, desc, intersect, setdiff, slice, union

The following objects are masked from ‘package:S4Vectors’:

    first, intersect, rename, setdiff, setequal, union

The following objects are masked from ‘package:BiocGenerics’:

    combine, intersect, setdiff, union

The following objects are masked from ‘package:stats’:

    filter, lag

The following objects are masked from ‘package:base’:

    intersect, setdiff, setequal, union

Warning message:
package ‘dplyr’ was built under R version 4.4.3 
=== TADCompare Blacklist Filtering ===
Base directory: /expanse/lustre/projects/csd940/zalibhai/mariner_hi-c/tads 
Lab blacklist: /expanse/lustre/projects/csd940/zalibhai/mariner_hi-c/tads/250123blacklist.bed 
ENCODE blacklist: /expanse/lustre/projects/csd940/zalibhai/mariner_hi-c/tads/mm10-blacklist.v2.bed 
Resolution: 10000 bp
Timepoints: early, late 

Loading blacklist regions...
  Lab blacklist: 255 regions
  ENCODE blacklist: 3435 regions
  Combined union: 3581 regions (after merging overlaps)
  Total blacklisted bases: 239855029 bp

Processing early timepoint...
  Loaded 24211 boundaries
  Removed 1661 boundaries ( 6.9 %)
  Remaining 22550 boundaries
  Saved filtered results to: tadcompare_final_filtered.tsv 
  Saved removed boundaries to: blacklist_removed_boundaries.tsv 
  Saved summary to: blacklist_filter_summary.txt 

Processing late timepoint...
  Loaded 23496 boundaries
  Removed 1741 boundaries ( 7.4 %)
  Remaining 21755 boundaries
  Saved filtered results to: tadcompare_final_filtered.tsv 
  Saved removed boundaries to: blacklist_removed_boundaries.tsv 
  Saved summary to: blacklist_filter_summary.txt 

=== Final Summary ===
early: 24211 -> 22550 boundaries (removed 1661, 6.9%)
late: 23496 -> 21755 boundaries (removed 1741, 7.4%)

Done!

✅ Step 5 complete: Blacklist filtering

============================================================
Step 6/6: Visualizations
============================================================

[late] Generating visualizations...

========================================
TADCompare Visualization Analysis
========================================

Configuration:
  Timepoint: late

Loading required packages...
Warning messages:
1: package ‘tibble’ was built under R version 4.4.3 
2: package ‘dplyr’ was built under R version 4.4.3 
3: package ‘rtracklayer’ was built under R version 4.4.3 
Packages loaded

  Working directory: /expanse/lustre/projects/csd940/zalibhai/mariner_hi-c/tads
  Base directory: /expanse/lustre/projects/csd940/zalibhai/mariner_hi-c
ChIP-seq files:
  H3K27ac:  220310index25H3K27acLatePeakRegions.bed
  H3K27me3: 220310index29H3K27me3LatePeakRegions.bed
  H3K4me1:  K4me1_aligned_reads_peaks.broadPeak-filtered.bed
Output directory: results/visualizations/late

========================================
Loading Input Data
========================================

Loaded TADCompare results: 23496 boundaries
  Total boundaries: 23496
  Differential: 4822 (20.5%)
  Shifted: 1000 (4.3%)

========================================
SECTION 1: Overview Plots
========================================

Creating Gap Score distribution plot...
  Saved: gap_score_distribution.pdf
Creating TAD Score scatter plot...
  Saved: tad_score_scatter.pdf
Creating differential landscape plot...
  Saved: differential_landscape.pdf

Section 1 complete: Overview plots generated

========================================
SECTION 2: Boundary Type Classification
========================================

Creating boundary type pie charts...
  Saved: boundary_type_pie.pdf
Creating boundary type by chromosome plot...
  Saved: boundary_type_by_chromosome.pdf
Creating enrichment direction by type plot...
  Saved: enrichment_direction_by_type.pdf

Section 2 complete: Boundary type classification plots generated

========================================
SECTION 3: Shift Distance Analysis
========================================

Shifted boundaries with distance data: 1000
  Median shift: 0.0 kb
  Mean shift: 6.2 kb
  Range: 0.0 - 40.0 kb
Creating shift distance histogram...
  Saved: shift_distance_histogram.pdf
Creating shift distance violin plot...
  Saved: shift_distance_violin.pdf
Creating shift vs Gap Score scatter...
`geom_smooth()` using formula = 'y ~ x'
  Saved: shift_vs_gap_score.pdf

Section 3 complete: Shift distance analysis plots generated

========================================
SECTION 4: Robustness Analysis
========================================

Creating robustness x differential heatmap...
  Saved: robustness_differential_heatmap.pdf
Creating robustness by type plot...
  Saved: robustness_by_type.pdf

Section 4 complete: Robustness analysis plots generated

========================================
SECTION 5: Chromosome-Level Analysis
========================================

Creating per-chromosome differential percentage plot...
  Saved: per_chromosome_differential.pdf

Section 5 complete: Chromosome-level analysis plots generated

========================================
SECTION 6: ChIP-seq Integration
========================================

  66 genes were dropped because they have exons located on both strands
  of the same reference sequence or on more than one reference sequence,
  so cannot be represented by a single genomic range.
  Use 'single.strand.genes.only=FALSE' to get all the genes in a
  GRangesList object, or use suppressMessages() to suppress this message.
Loaded 24528 TSS positions from mm10
Warning message:
In load_peaks(h3k27ac_path, "H3K27ac") :
  Peak file not found: /expanse/lustre/projects/csd940/zalibhai/mariner_hi-c/peaks/220310index25H3K27acLatePeakRegions.bed
Warning message:
In load_peaks(h3k27me3_path, "H3K27me3") :
  Peak file not found: /expanse/lustre/projects/csd940/zalibhai/mariner_hi-c/peaks/220310index29H3K27me3LatePeakRegions.bed
Warning message:
In load_peaks(h3k4me1_path, "H3K4me1") :
  Peak file not found: /expanse/lustre/projects/csd940/zalibhai/mariner_hi-c/peaks/K4me1_aligned_reads_peaks.broadPeak-filtered.bed
Computing distance to nearest TSS...
Computing ChIP-seq overlaps...
Classifying boundary types...
  Note: Poised_Enhancer classification unavailable (no H3K4me1 data)

Anchor type distribution:
  Other: 23496 (100.0%)

Creating anchor classification plot...
  Saved: anchor_classification.pdf
Creating ChIP-seq overlap heatmap...
  Saved: chipseq_overlap_heatmap.pdf
Creating ChIP-seq by enrichment direction plot...
  Saved: chipseq_by_enrichment_direction.pdf

Section 6 complete: ChIP-seq integration plots generated

========================================
SECTION 7: Gene Enrichment Analysis
========================================

Control-enriched differential boundaries: 2237
Mutant-enriched differential boundaries: 2585
  66 genes were dropped because they have exons located on both strands
  of the same reference sequence or on more than one reference sequence,
  so cannot be represented by a single genomic range.
  Use 'single.strand.genes.only=FALSE' to get all the genes in a
  GRangesList object, or use suppressMessages() to suppress this message.
  66 genes were dropped because they have exons located on both strands
  of the same reference sequence or on more than one reference sequence,
  so cannot be represented by a single genomic range.
  Use 'single.strand.genes.only=FALSE' to get all the genes in a
  GRangesList object, or use suppressMessages() to suppress this message.
  Genes near control-enriched boundaries: 1251
  Genes near mutant-enriched boundaries: 1489
'select()' returned 1:1 mapping between keys and columns
  Saved: boundary_genes.tsv

Running GO Biological Process enrichment...
  Saved: go_bp_dotplot.pdf
Running GO Cellular Component enrichment...
  Saved: go_cc_dotplot.pdf
Running GO Molecular Function enrichment...
  Saved: go_mf_dotplot.pdf
Running KEGG pathway enrichment...
  Saved: kegg_dotplot.pdf
Warning message:
`aes_string()` was deprecated in ggplot2 3.0.0.
ℹ Please use tidy evaluation idioms with `aes()`.
ℹ See also `vignette("ggplot2-in-packages")` for more information.
ℹ The deprecated feature was likely used in the enrichplot package.
  Please report the issue at
  <https://github.com/GuangchuangYu/enrichplot/issues>. 

Section 7 complete: Gene enrichment analysis done

========================================
SECTION 8: syt1/nav3 Locus Focus (chr10)
========================================

Boundaries in syt1/nav3 region (chr10:107000000-111000000): 51
  Differential: 17 (33.3%)
  Shifted: 6 (11.8%)
Creating syt1/nav3 regional overview...
  Saved: syt1_nav3_regional_overview.pdf
  Saved: syt1_nav3_statistics.tsv

Section 8 complete: syt1/nav3 locus focus done

========================================
SECTION 9: Final Summary
========================================

Summary saved: results/visualizations/late/summary/visualization_summary.txt

==========================================
TADCompare VISUALIZATION ANALYSIS SUMMARY
==========================================
Generated: 2026-01-15 11:37:29.692173
Timepoint: late
Output directory: results/visualizations/late

--- DATA OVERVIEW ---
Total TAD boundaries: 23496
Differential boundaries: 4822 (20.5%)
Shifted boundaries: 1000 (4.3%)

--- BOUNDARY TYPE DISTRIBUTION ---
  Non-Differential: 18655 (79.4%)
  Strength Change: 1416 (6.0%)
  Complex: 922 (3.9%)
  Shifted: 1000 (4.3%)
  Merge: 838 (3.6%)
  Split: 640 (2.7%)

--- ROBUSTNESS DISTRIBUTION ---
  Both: 3024 (12.9%)
  Control_only: 1535 (6.5%)
  Mutant_only: 1408 (6.0%)
  Neither: 17529 (74.6%)

--- ENRICHMENT DIRECTION (Differential Only) ---
  Control-enriched: 2233 (46.4%)
  Mutant-enriched: 2583 (53.6%)

--- SHIFT DISTANCE STATISTICS ---
  Median: 0.0 kb
  Mean: 6.2 kb
  SD: 9.9 kb
  Range: 0.0 - 40.0 kb

--- ANCHOR TYPE DISTRIBUTION ---
  Other: 23496 (100.0%)

==========================================
OUTPUT FILES GENERATED
==========================================

Overview:
  - gap_score_distribution.pdf
  - tad_score_scatter.pdf
  - differential_landscape.pdf

Classification:
  - boundary_type_pie.pdf
  - boundary_type_by_chromosome.pdf
  - enrichment_direction_by_type.pdf

Shift Analysis:
  - shift_distance_histogram.pdf
  - shift_distance_violin.pdf
  - shift_vs_gap_score.pdf

Robustness:
  - robustness_differential_heatmap.pdf
  - robustness_by_type.pdf

Chromosome:
  - per_chromosome_differential.pdf

ChIP-seq:
  - anchor_classification.pdf
  - chipseq_overlap_heatmap.pdf
  - chipseq_by_enrichment_direction.pdf

Enrichment:
  - go_bp_dotplot.pdf
  - go_cc_dotplot.pdf
  - go_mf_dotplot.pdf
  - kegg_dotplot.pdf
  - boundary_genes.tsv

syt1/nav3 Focus:
  - syt1_nav3_regional_overview.pdf
  - syt1_nav3_statistics.tsv

Summary:
  - visualization_summary.txt

==========================================

========================================
TADCompare VISUALIZATION ANALYSIS COMPLETE
========================================

Output directory: results/visualizations/late

All visualizations have been generated successfully!

✅ [late] Visualizations complete

[early] Generating visualizations...

========================================
TADCompare Visualization Analysis
========================================

Configuration:
  Timepoint: early

Loading required packages...
Warning messages:
1: package ‘tibble’ was built under R version 4.4.3 
2: package ‘dplyr’ was built under R version 4.4.3 
3: package ‘rtracklayer’ was built under R version 4.4.3 
Packages loaded

  Working directory: /expanse/lustre/projects/csd940/zalibhai/mariner_hi-c/tads
  Base directory: /expanse/lustre/projects/csd940/zalibhai/mariner_hi-c
ChIP-seq files:
  H3K27ac:  P12_ctrl_H3K27ac_early_peaks.bed
  H3K27me3: P12_ctrl_H3K27me3_early_peaks.bed
  H3K4me1:  NOT AVAILABLE
Output directory: results/visualizations/early

========================================
Loading Input Data
========================================

Loaded TADCompare results: 24211 boundaries
  Total boundaries: 24211
  Differential: 4913 (20.3%)
  Shifted: 1145 (4.7%)

========================================
SECTION 1: Overview Plots
========================================

Creating Gap Score distribution plot...
  Saved: gap_score_distribution.pdf
Creating TAD Score scatter plot...
  Saved: tad_score_scatter.pdf
Creating differential landscape plot...
  Saved: differential_landscape.pdf

Section 1 complete: Overview plots generated

========================================
SECTION 2: Boundary Type Classification
========================================

Creating boundary type pie charts...
  Saved: boundary_type_pie.pdf
Creating boundary type by chromosome plot...
  Saved: boundary_type_by_chromosome.pdf
Creating enrichment direction by type plot...
  Saved: enrichment_direction_by_type.pdf

Section 2 complete: Boundary type classification plots generated

========================================
SECTION 3: Shift Distance Analysis
========================================

Shifted boundaries with distance data: 1145
  Median shift: 0.0 kb
  Mean shift: 4.5 kb
  Range: 0.0 - 40.0 kb
Creating shift distance histogram...
  Saved: shift_distance_histogram.pdf
Creating shift distance violin plot...
  Saved: shift_distance_violin.pdf
Creating shift vs Gap Score scatter...
`geom_smooth()` using formula = 'y ~ x'
  Saved: shift_vs_gap_score.pdf

Section 3 complete: Shift distance analysis plots generated

========================================
SECTION 4: Robustness Analysis
========================================

Creating robustness x differential heatmap...
  Saved: robustness_differential_heatmap.pdf
Creating robustness by type plot...
  Saved: robustness_by_type.pdf

Section 4 complete: Robustness analysis plots generated

========================================
SECTION 5: Chromosome-Level Analysis
========================================

Creating per-chromosome differential percentage plot...
  Saved: per_chromosome_differential.pdf

Section 5 complete: Chromosome-level analysis plots generated

========================================
SECTION 6: ChIP-seq Integration
========================================

  66 genes were dropped because they have exons located on both strands
  of the same reference sequence or on more than one reference sequence,
  so cannot be represented by a single genomic range.
  Use 'single.strand.genes.only=FALSE' to get all the genes in a
  GRangesList object, or use suppressMessages() to suppress this message.
Loaded 24528 TSS positions from mm10
Warning message:
In load_peaks(h3k27ac_path, "H3K27ac") :
  Peak file not found: /expanse/lustre/projects/csd940/zalibhai/mariner_hi-c/peaks/P12_ctrl_H3K27ac_early_peaks.bed
Warning message:
In load_peaks(h3k27me3_path, "H3K27me3") :
  Peak file not found: /expanse/lustre/projects/csd940/zalibhai/mariner_hi-c/peaks/P12_ctrl_H3K27me3_early_peaks.bed
  H3K4me1: Not available for this timepoint
Computing distance to nearest TSS...
Computing ChIP-seq overlaps...
Classifying boundary types...
  Note: Poised_Enhancer classification unavailable (no H3K4me1 data)

Anchor type distribution:
  Other: 24211 (100.0%)

Creating anchor classification plot...
  Saved: anchor_classification.pdf
Creating ChIP-seq overlap heatmap...
  Saved: chipseq_overlap_heatmap.pdf
Creating ChIP-seq by enrichment direction plot...
  Saved: chipseq_by_enrichment_direction.pdf

Section 6 complete: ChIP-seq integration plots generated

========================================
SECTION 7: Gene Enrichment Analysis
========================================

Control-enriched differential boundaries: 2515
Mutant-enriched differential boundaries: 2398
  66 genes were dropped because they have exons located on both strands
  of the same reference sequence or on more than one reference sequence,
  so cannot be represented by a single genomic range.
  Use 'single.strand.genes.only=FALSE' to get all the genes in a
  GRangesList object, or use suppressMessages() to suppress this message.
  66 genes were dropped because they have exons located on both strands
  of the same reference sequence or on more than one reference sequence,
  so cannot be represented by a single genomic range.
  Use 'single.strand.genes.only=FALSE' to get all the genes in a
  GRangesList object, or use suppressMessages() to suppress this message.
  Genes near control-enriched boundaries: 1248
  Genes near mutant-enriched boundaries: 1188
'select()' returned 1:1 mapping between keys and columns
  Saved: boundary_genes.tsv

Running GO Biological Process enrichment...
  Saved: go_bp_dotplot.pdf
Running GO Cellular Component enrichment...
  Saved: go_cc_dotplot.pdf
Running GO Molecular Function enrichment...
  Saved: go_mf_dotplot.pdf
Running KEGG pathway enrichment...
  Saved: kegg_dotplot.pdf
Warning message:
`aes_string()` was deprecated in ggplot2 3.0.0.
ℹ Please use tidy evaluation idioms with `aes()`.
ℹ See also `vignette("ggplot2-in-packages")` for more information.
ℹ The deprecated feature was likely used in the enrichplot package.
  Please report the issue at
  <https://github.com/GuangchuangYu/enrichplot/issues>. 

Section 7 complete: Gene enrichment analysis done

========================================
SECTION 8: syt1/nav3 Locus Focus (chr10)
========================================

Boundaries in syt1/nav3 region (chr10:107000000-111000000): 45
  Differential: 13 (28.9%)
  Shifted: 4 (8.9%)
Creating syt1/nav3 regional overview...
  Saved: syt1_nav3_regional_overview.pdf
  Saved: syt1_nav3_statistics.tsv

Section 8 complete: syt1/nav3 locus focus done

========================================
SECTION 9: Final Summary
========================================

Summary saved: results/visualizations/early/summary/visualization_summary.txt

==========================================
TADCompare VISUALIZATION ANALYSIS SUMMARY
==========================================
Generated: 2026-01-15 11:39:17.067261
Timepoint: early
Output directory: results/visualizations/early

--- DATA OVERVIEW ---
Total TAD boundaries: 24211
Differential boundaries: 4913 (20.3%)
Shifted boundaries: 1145 (4.7%)

--- BOUNDARY TYPE DISTRIBUTION ---
  Non-Differential: 19280 (79.6%)
  Strength Change: 1082 (4.5%)
  Complex: 1087 (4.5%)
  Shifted: 1145 (4.7%)
  Merge: 757 (3.1%)
  Split: 842 (3.5%)

--- ROBUSTNESS DISTRIBUTION ---
  Both: 3075 (12.7%)
  Control_only: 1614 (6.7%)
  Mutant_only: 1666 (6.9%)
  Neither: 17856 (73.8%)

--- ENRICHMENT DIRECTION (Differential Only) ---
  Control-enriched: 2515 (51.2%)
  Mutant-enriched: 2398 (48.8%)

--- SHIFT DISTANCE STATISTICS ---
  Median: 0.0 kb
  Mean: 4.5 kb
  SD: 8.7 kb
  Range: 0.0 - 40.0 kb

--- ANCHOR TYPE DISTRIBUTION ---
  Other: 24211 (100.0%)

==========================================
OUTPUT FILES GENERATED
==========================================

Overview:
  - gap_score_distribution.pdf
  - tad_score_scatter.pdf
  - differential_landscape.pdf

Classification:
  - boundary_type_pie.pdf
  - boundary_type_by_chromosome.pdf
  - enrichment_direction_by_type.pdf

Shift Analysis:
  - shift_distance_histogram.pdf
  - shift_distance_violin.pdf
  - shift_vs_gap_score.pdf

Robustness:
  - robustness_differential_heatmap.pdf
  - robustness_by_type.pdf

Chromosome:
  - per_chromosome_differential.pdf

ChIP-seq:
  - anchor_classification.pdf
  - chipseq_overlap_heatmap.pdf
  - chipseq_by_enrichment_direction.pdf

Enrichment:
  - go_bp_dotplot.pdf
  - go_cc_dotplot.pdf
  - go_mf_dotplot.pdf
  - kegg_dotplot.pdf
  - boundary_genes.tsv

syt1/nav3 Focus:
  - syt1_nav3_regional_overview.pdf
  - syt1_nav3_statistics.tsv

Summary:
  - visualization_summary.txt

==========================================

========================================
TADCompare VISUALIZATION ANALYSIS COMPLETE
========================================

Output directory: results/visualizations/early

All visualizations have been generated successfully!

✅ [early] Visualizations complete


============================================================
PIPELINE COMPLETE
============================================================
End time: Thu Jan 15 11:39:17 PST 2026

Output verification:

Late timepoint:
  ✅ results/late/final/tadcompare_final_filtered.tsv
21756 results/late/final/tadcompare_final_filtered.tsv

Early timepoint:
  ✅ results/early/final/tadcompare_final_filtered.tsv
22551 results/early/final/tadcompare_final_filtered.tsv

Visualizations:
  late: 20 PDF files generated
  early: 20 PDF files generated

============================================================
All done!
============================================================
End time: Thu Jan 15 11:39:17 PST 2026
