=========================================
TADCompare Pipeline - Step 2: Differential Analysis
=========================================
Job ID: 45828115
Node: exp-3-47
Start time: Sun Jan 11 15:22:32 PST 2026
=========================================

Environment check:
/home/zalibhai/.conda/envs/mariner_env/bin/R
R version 4.4.2 (2024-10-31) -- "Pile of Leaves"

Starting TADCompare analysis...
Warning message:
package ‘dplyr’ was built under R version 4.4.3 
=========================================
TADCompare Analysis: Control vs BAP1-KO
=========================================
Resolution: 25000 bp
Input directory: /expanse/lustre/projects/csd940/zalibhai/mariner_hi-c/tads/data/extracted/merged 
Output directory: /expanse/lustre/projects/csd940/zalibhai/mariner_hi-c/tads/results/tadcompare 
Chromosomes: 19 
=========================================

Starting TADCompare analysis across all chromosomes...

Processing chr1 ...
  Contacts - Control: 16559146 , Mutant: 15998830 
Converting to n x n matrix
Matrix dimensions: 7695x7695
Matrix dimensions: 7695x7695
  Boundaries detected: 639 
  Differential boundaries: 128 
  Types: Complex=31, Merge=19, Non-Differential=502, Shifted=8, Split=8, Strength Change=70 
  ✓ Complete

Processing chr2 ...
  Contacts - Control: 14649800 , Mutant: 14035771 
Converting to n x n matrix
Matrix dimensions: 7160x7160
Matrix dimensions: 7160x7160
  Boundaries detected: 627 
  Differential boundaries: 131 
  Types: Complex=35, Merge=16, Non-Differential=473, Shifted=22, Split=10, Strength Change=70 
  ✓ Complete

Processing chr3 ...
  Contacts - Control: 12526311 , Mutant: 12138071 
Converting to n x n matrix
Matrix dimensions: 6278x6278
Matrix dimensions: 6278x6278
  Boundaries detected: 488 
  Differential boundaries: 106 
  Types: Complex=18, Merge=14, Non-Differential=371, Shifted=10, Split=12, Strength Change=62 
  ✓ Complete

Processing chr4 ...
  Contacts - Control: 10350511 , Mutant: 9979887 
Converting to n x n matrix
Matrix dimensions: 6133x6133
Matrix dimensions: 6133x6133
  Boundaries detected: 533 
  Differential boundaries: 75 
  Types: Complex=18, Merge=13, Non-Differential=432, Shifted=25, Split=4, Strength Change=38 
  ✓ Complete

Processing chr5 ...
  Contacts - Control: 9647524 , Mutant: 9216700 
Converting to n x n matrix
Matrix dimensions: 5950x5950
Matrix dimensions: 5951x5951
  Boundaries detected: 507 
  Differential boundaries: 55 
  Types: Complex=14, Merge=9, Non-Differential=438, Shifted=13, Split=8, Strength Change=24 
  ✓ Complete

Processing chr6 ...
  Contacts - Control: 11166130 , Mutant: 10778155 
Converting to n x n matrix
Matrix dimensions: 5862x5862
Matrix dimensions: 5862x5862
  Boundaries detected: 526 
  Differential boundaries: 93 
  Types: Complex=20, Merge=13, Non-Differential=424, Shifted=8, Split=9, Strength Change=51 
  ✓ Complete

Processing chr7 ...
  Contacts - Control: 9096877 , Mutant: 8622282 
Converting to n x n matrix
Matrix dimensions: 5695x5695
Matrix dimensions: 5694x5694
  Boundaries detected: 485 
  Differential boundaries: 59 
  Types: Complex=26, Merge=7, Non-Differential=405, Shifted=20, Split=3, Strength Change=23 
  ✓ Complete

Processing chr8 ...
  Contacts - Control: 8111649 , Mutant: 7714803 
Converting to n x n matrix
Matrix dimensions: 5053x5053
Matrix dimensions: 5053x5053
  Boundaries detected: 421 
  Differential boundaries: 60 
  Types: Complex=23, Merge=6, Non-Differential=338, Shifted=22, Split=3, Strength Change=28 
  ✓ Complete

Processing chr9 ...
  Contacts - Control: 8400647 , Mutant: 8071793 
Converting to n x n matrix
Matrix dimensions: 4860x4860
Matrix dimensions: 4860x4860
  Boundaries detected: 445 
  Differential boundaries: 89 
  Types: Complex=30, Merge=9, Non-Differential=349, Shifted=6, Split=3, Strength Change=47 
  ✓ Complete

Processing chr10 ...
  Contacts - Control: 8828567 , Mutant: 8611639 
Converting to n x n matrix
Matrix dimensions: 5101x5101
Matrix dimensions: 5100x5100
  Boundaries detected: 449 
  Differential boundaries: 68 
  Types: Complex=10, Merge=14, Non-Differential=367, Shifted=13, Split=8, Strength Change=36 
  ✓ Complete

Processing chr11 ...
  Contacts - Control: 7786933 , Mutant: 7558619 
Converting to n x n matrix
Matrix dimensions: 4756x4756
Matrix dimensions: 4756x4756
  Boundaries detected: 439 
  Differential boundaries: 73 
  Types: Complex=14, Merge=9, Non-Differential=351, Shifted=14, Split=13, Strength Change=37 
  ✓ Complete

Processing chr12 ...
  Contacts - Control: 6960458 , Mutant: 6731451 
Converting to n x n matrix
Matrix dimensions: 4682x4682
Matrix dimensions: 4682x4682
  Boundaries detected: 387 
  Differential boundaries: 66 
  Types: Complex=24, Merge=6, Non-Differential=313, Shifted=7, Split=3, Strength Change=33 
  ✓ Complete

Processing chr13 ...
  Contacts - Control: 7432693 , Mutant: 7285741 
Converting to n x n matrix
Matrix dimensions: 4693x4693
Matrix dimensions: 4693x4693
  Boundaries detected: 426 
  Differential boundaries: 56 
  Types: Complex=18, Merge=10, Non-Differential=353, Shifted=16, Split=7, Strength Change=21 
  ✓ Complete

Processing chr14 ...
  Contacts - Control: 7375710 , Mutant: 7127113 
Converting to n x n matrix
Matrix dimensions: 4873x4873
Matrix dimensions: 4874x4874
  Boundaries detected: 419 
  Differential boundaries: 53 
  Types: Complex=19, Merge=9, Non-Differential=347, Shifted=18, Split=4, Strength Change=21 
  ✓ Complete

Processing chr15 ...
  Contacts - Control: 5335753 , Mutant: 5206585 
Converting to n x n matrix
Matrix dimensions: 4037x4037
Matrix dimensions: 4036x4036
  Boundaries detected: 348 
  Differential boundaries: 70 
  Types: Complex=20, Merge=4, Non-Differential=263, Shifted=14, Split=4, Strength Change=42 
  ✓ Complete

Processing chr16 ...
  Contacts - Control: 4967239 , Mutant: 4748862 
Converting to n x n matrix
Matrix dimensions: 3805x3805
Matrix dimensions: 3805x3805
  Boundaries detected: 322 
  Differential boundaries: 51 
  Types: Complex=12, Merge=7, Non-Differential=258, Shifted=12, Split=5, Strength Change=27 
  ✓ Complete

Processing chr17 ...
  Contacts - Control: 4508110 , Mutant: 4353005 
Converting to n x n matrix
Matrix dimensions: 3676x3676
Matrix dimensions: 3676x3676
  Boundaries detected: 309 
  Differential boundaries: 52 
  Types: Complex=7, Merge=14, Non-Differential=244, Shifted=12, Split=2, Strength Change=29 
  ✓ Complete

Processing chr18 ...
  Contacts - Control: 4764746 , Mutant: 4678845 
Converting to n x n matrix
Matrix dimensions: 3505x3505
Matrix dimensions: 3506x3506
  Boundaries detected: 294 
  Differential boundaries: 58 
  Types: Complex=15, Merge=6, Non-Differential=229, Shifted=6, Split=6, Strength Change=31 
  ✓ Complete

Processing chr19 ...
  Contacts - Control: 2144992 , Mutant: 2096158 
Converting to n x n matrix
Matrix dimensions: 2334x2334
Matrix dimensions: 2334x2334
  Boundaries detected: 200 
  Differential boundaries: 41 
  Types: Complex=9, Merge=8, Non-Differential=150, Shifted=8, Strength Change=24 
  ✓ Complete

=========================================
Combining results...
Total boundaries across all chromosomes: 8264 

=========================================
Summary Statistics
=========================================

Differential status:
      Differential    n  pct
1     Differential 1384 16.7
2 Non-Differential 6607 79.9
3          Shifted  254  3.1
4             <NA>   19  0.2

Boundary type classification:
              Type    n  pct
1 Non-Differential 6607 80.2
2  Strength Change  714  8.7
3          Complex  363  4.4
4          Shifted  254  3.1
5            Merge  193  2.3
6            Split  112  1.4

Differential boundaries by enrichment:
  Enriched_In   n  pct
1    Matrix 1 532 38.4
2    Matrix 2 852 61.6

Per-chromosome summary:
# A tibble: 19 × 4
   chr   total differential pct_diff
   <chr> <int>        <int>    <dbl>
 1 chr1    639          128     20  
 2 chr10   449           68     15.1
 3 chr11   439           73     16.6
 4 chr12   387           66     17.1
 5 chr13   426           56     13.1
 6 chr14   419           53     12.6
 7 chr15   348           70     20.1
 8 chr16   322           51     15.8
 9 chr17   309           52     16.8
10 chr18   294           58     19.7
11 chr19   200           41     20.5
12 chr2    627          131     20.9
13 chr3    488          106     21.7
14 chr4    533           75     14.1
15 chr5    507           55     10.8
16 chr6    526           93     17.7
17 chr7    485           59     12.2
18 chr8    421           60     14.3
19 chr9    445           89     20  

=========================================
Saving outputs...
Full results: /expanse/lustre/projects/csd940/zalibhai/mariner_hi-c/tads/results/tadcompare/tadcompare_all_boundaries.tsv 
Differential only: /expanse/lustre/projects/csd940/zalibhai/mariner_hi-c/tads/results/tadcompare/tadcompare_differential_only.tsv 
BED file (all): /expanse/lustre/projects/csd940/zalibhai/mariner_hi-c/tads/results/tadcompare/tadcompare_boundaries.bed 
BED file (differential): /expanse/lustre/projects/csd940/zalibhai/mariner_hi-c/tads/results/tadcompare/tadcompare_differential.bed 
Summary file: /expanse/lustre/projects/csd940/zalibhai/mariner_hi-c/tads/results/tadcompare/tadcompare_summary.txt 

=========================================
✅ TADCompare analysis complete
=========================================
Chromosomes processed: 19 

Next step: Run 03_run_consensus.R for replicate robustness check

✅ TADCompare analysis completed successfully

End time: Sun Jan 11 15:27:50 PST 2026
=========================================
