=========================================
TADCompare Pipeline - Step 5: Visualizations
=========================================
Job ID: 45828727
Node: exp-2-02
Start time: Sun Jan 11 17:38:58 PST 2026
=========================================

Environment check:
/home/zalibhai/.conda/envs/mariner_env/bin/R
R version 4.4.2 (2024-10-31) -- "Pile of Leaves"

Configuration:
  Timepoint: late
  Base directory: /expanse/lustre/projects/csd940/zalibhai/mariner_hi-c/tads
  Output directory: /expanse/lustre/projects/csd940/zalibhai/mariner_hi-c/tads/results/visualizations/late

Input file: /expanse/lustre/projects/csd940/zalibhai/mariner_hi-c/tads/results/final/tadcompare_final_annotated.tsv
  Lines: 8265

Output directories created.

=========================================
Running R visualization script...
=========================================


========================================
TADCompare Visualization Analysis
========================================

Configuration:
  Timepoint: late

Loading required packages...
Warning messages:
1: package ‘tibble’ was built under R version 4.4.3 
2: package ‘dplyr’ was built under R version 4.4.3 
3: package ‘rtracklayer’ was built under R version 4.4.3 
Packages loaded

Error in h(simpleError(msg, call)) : 
  error in evaluating the argument 'path' in selecting a method for function 'dirname': not that many frames on the stack
Calls: dirname -> sys.frame -> .handleSimpleError -> h
Execution halted

=========================================
Output files generated:
=========================================

Overview plots:
  (none)

Classification plots:
  (none)

Shift analysis plots:
  (none)

Robustness plots:
  (none)

Chromosome plots:
  (none)

ChIP-seq integration plots:
  (none)

Enrichment analysis:
  (none)
  (no TSV files)

syt1/nav3 focus:
  (none)

Summary:
  (none)

=========================================
Visualization generation failed with exit code 1

End time: Sun Jan 11 17:39:20 PST 2026
=========================================
