processing chromosomesprocessing chromosomesprocessing chromosomesprocessing chromosomesprocessing chromosomesprocessing chromosomesprocessing chromosomesprocessing chromosomes







processing chromosomesprocessing chromosomesprocessing chromosomesprocessing chromosomesprocessing chromosomesprocessing chromosomes





processing chromosomesprocessing chromosomesprocessing chromosomesprocessing chromosomesprocessing chromosomesprocessing chromosomes





processing chromosomesprocessing chromosomesprocessing chromosomesprocessing chromosomesprocessing chromosomesprocessing chromosomesprocessing chromosomesprocessing chromosomes







processing chromosomesprocessing chromosomesprocessing chromosomesprocessing chromosomesprocessing chromosomesprocessing chromosomes





processing chromosomesprocessing chromosomesprocessing chromosomesprocessing chromosomesprocessing chromosomesprocessing chromosomes





2026-01-20 01:08:22.992709: W tensorflow/stream_executor/platform/default/dso_loader.cc:64] Could not load dynamic library 'libcudart.so.11.0'; dlerror: libcudart.so.11.0: cannot open shared object file: No such file or directory; LD_LIBRARY_PATH: /cm/shared/apps/slurm/current/lib64/slurm:/cm/shared/apps/slurm/current/lib64
2026-01-20 01:08:22.992780: I tensorflow/stream_executor/cuda/cudart_stub.cc:29] Ignore above cudart dlerror if you do not have a GPU set up on your machine.
File /expanse/lustre/projects/csd940/zalibhai/loop-class/ctrl_merged.mcool::/resolutions/8000 not found or wrong file format .mcool                  needed
ls: cannot access '/expanse/lustre/projects/csd940/zalibhai/loop-class/loopbin_output/processed/ctrl/raw/': No such file or directory
2026-01-20 01:08:30.898184: W tensorflow/stream_executor/platform/default/dso_loader.cc:64] Could not load dynamic library 'libcudart.so.11.0'; dlerror: libcudart.so.11.0: cannot open shared object file: No such file or directory; LD_LIBRARY_PATH: /cm/shared/apps/slurm/current/lib64/slurm:/cm/shared/apps/slurm/current/lib64
2026-01-20 01:08:30.898254: I tensorflow/stream_executor/cuda/cudart_stub.cc:29] Ignore above cudart dlerror if you do not have a GPU set up on your machine.
Traceback (most recent call last):
  File "main.py", line 798, in <module>
    main(command_args)
  File "main.py", line 777, in main
    process_all_groups(args)
  File "main.py", line 207, in process_all_groups
    processing.process_all_groups(args.conditions, args.folder)
  File "/expanse/lustre/projects/csd940/zalibhai/loop-class/LoopBin/src/fn/processing.py", line 564, in process_all_groups
    list_raw_micro_c = [np.load(f'{folder}/{cond}/raw/raw_micro_c.npy') for cond in conds]
  File "/expanse/lustre/projects/csd940/zalibhai/loop-class/LoopBin/src/fn/processing.py", line 564, in <listcomp>
    list_raw_micro_c = [np.load(f'{folder}/{cond}/raw/raw_micro_c.npy') for cond in conds]
  File "/home/zalibhai/miniforge3/envs/loopbin/lib/python3.7/site-packages/numpy/lib/npyio.py", line 416, in load
    fid = stack.enter_context(open(os_fspath(file), "rb"))
FileNotFoundError: [Errno 2] No such file or directory: '/expanse/lustre/projects/csd940/zalibhai/loop-class/loopbin_output/processed/ctrl/raw/raw_micro_c.npy'
ls: cannot access '/expanse/lustre/projects/csd940/zalibhai/loop-class/loopbin_output/processed/merged_log_data.npy': No such file or directory
2026-01-20 01:08:34.167739: W tensorflow/stream_executor/platform/default/dso_loader.cc:64] Could not load dynamic library 'libcudart.so.11.0'; dlerror: libcudart.so.11.0: cannot open shared object file: No such file or directory; LD_LIBRARY_PATH: /cm/shared/apps/slurm/current/lib64/slurm:/cm/shared/apps/slurm/current/lib64
2026-01-20 01:08:34.167824: I tensorflow/stream_executor/cuda/cudart_stub.cc:29] Ignore above cudart dlerror if you do not have a GPU set up on your machine.
Traceback (most recent call last):
  File "main.py", line 798, in <module>
    main(command_args)
  File "main.py", line 779, in main
    pretrain_ae(args)
  File "main.py", line 284, in pretrain_ae
    X = np.load(input_data_path)
  File "/home/zalibhai/miniforge3/envs/loopbin/lib/python3.7/site-packages/numpy/lib/npyio.py", line 416, in load
    fid = stack.enter_context(open(os_fspath(file), "rb"))
FileNotFoundError: [Errno 2] No such file or directory: '/expanse/lustre/projects/csd940/zalibhai/loop-class/loopbin_output/processed/merged_log_data.npy'
2026-01-20 01:08:37.353095: W tensorflow/stream_executor/platform/default/dso_loader.cc:64] Could not load dynamic library 'libcudart.so.11.0'; dlerror: libcudart.so.11.0: cannot open shared object file: No such file or directory; LD_LIBRARY_PATH: /cm/shared/apps/slurm/current/lib64/slurm:/cm/shared/apps/slurm/current/lib64
2026-01-20 01:08:37.353181: I tensorflow/stream_executor/cuda/cudart_stub.cc:29] Ignore above cudart dlerror if you do not have a GPU set up on your machine.
Traceback (most recent call last):
  File "main.py", line 798, in <module>
    main(command_args)
  File "main.py", line 781, in main
    train_vade(args)
  File "main.py", line 395, in train_vade
    X = np.load(data_path)
  File "/home/zalibhai/miniforge3/envs/loopbin/lib/python3.7/site-packages/numpy/lib/npyio.py", line 416, in load
    fid = stack.enter_context(open(os_fspath(file), "rb"))
FileNotFoundError: [Errno 2] No such file or directory: '/expanse/lustre/projects/csd940/zalibhai/loop-class/loopbin_output/processed/merged_log_data.npy'
