=========================================
deepTools TAD Methylation Profiles
=========================================
Job ID: 50809382
Node: exp-2-37
Timepoint: late
Start time: Sat Jun 13 17:36:16 PDT 2026
=========================================

Reconstructing TAD domain BED from boundaries...
  TAD domains: 12141
  TAD boundaries: 21755

Checking merged BigWigs...
  Found: CG_mc_ctrl (193M)
  Found: CG_mc_mut (194M)
  Found: CG_hmc_ctrl (170M)
  Found: CG_hmc_mut (172M)
  Found: CHG_mc_ctrl (385K)
  Found: CHG_mc_mut (404K)
  Found: CHH_mc_ctrl (1.1M)
  Found: CHH_mc_mut (1.2M)

--- computeMatrix scale-regions (meta-TAD) ---
/cm/local/apps/slurm/var/spool/job50809382/slurm_script: line 141: computeMatrix: command not found
  scale-regions exit code: 127

--- computeMatrix reference-point (boundary) ---
/cm/local/apps/slurm/var/spool/job50809382/slurm_script: line 164: computeMatrix: command not found
  reference-point exit code: 127

=========================================
deepTools complete
Output directory: data/deeptools_tad_late/
total 1.0K
-rw-r--r-- 1 zalibhai csd940 837K Jun 13 17:36 tad_boundaries.bed
-rw-r--r-- 1 zalibhai csd940 462K Jun 13 17:36 tad_domains.bed
End time: Sat Jun 13 17:36:20 PDT 2026
=========================================
