ΔABC pairs: 180,423
     ΔABC unique genes: 20,265                                                                                                              
     RNA-seq genes: 16,572                     
                                                                                                                                            
     Genes in ABC: 20,265                                                                                                                   
     Genes in RNA-seq: 16,572                                                                                                               
     Genes matched: 13,588 (67.1% of ABC genes)                                                                                             
     E-G pairs with RNA-seq: 113,453                                                                                                        
     Gene-level summary: 13,588 genes

     === Gene-Level Concordance ===
       Genes with |ΔABC| > 0.01: 12,665
       Genes with DE (padj<0.05, |LFC|>0.5): 978
       Genes with both: 940
       Concordant (same direction): 553 (58.8%)
       Discordant: 387 (41.2%)
       Binomial test p-value (vs 50%): 6.84e-08

       Gained enhancer + upregulated:   154
       Lost enhancer + downregulated:   399
       Gained enhancer + downregulated: 252
       Lost enhancer + upregulated:     135

     === Dysregulated Genes ===
       Total: 940 (|ΔABC|>0.01 AND padj<0.05 AND |LFC|>0.5)
       Concordant: 553, Discordant: 387

       Top 20 by |ΔABC|:
        TargetGene  max_delta_abc    log2FC         padj  n_enhancers  n_gained  n_lost  top_enh_distance top_enh_class
           Col15a1       0.652469  1.817056 8.083972e-15           11         1       8         4838399.0    intergenic
              Cbr1       0.394101 -0.703914 7.504996e-06            6         6       0            1789.0      promoter
              Mid1       0.388046 -0.950586 9.025355e-09           11         4       5          364715.0      promoter
           Gm42669      -0.337165 -0.745941 3.303795e-04           10         0      10           11429.0         genic
            Kctd15      -0.336077  0.555865 6.809143e-03            7         0       7            1152.0         genic
             Dnah1       0.332093  0.787941 4.379740e-03            7         7       0           12788.5      promoter
             Ces5a      -0.330726  1.550442 1.368850e-05            9         0       9           33842.0         genic
             Tigit       0.304314 -1.804208 3.513297e-04            6         6       0          788231.5      promoter
           Rps6ka3       0.289978 -0.788932 8.871353e-07           10        10       0           45296.5         genic
          Il1rapl2       0.266665  0.844092 4.715560e-03           14         7       7          828847.5      promoter
     4932411K12Rik       0.266610 -1.783720 7.287812e-04            9         9       0           20479.0         genic
           Gm43690       0.257427  0.812453 2.229522e-02            8         8       0           94538.0      promoter
          Arhgef15      -0.230294 -0.773753 1.133016e-04           10         0      10           10549.0      promoter
              Gpc3      -0.230211  1.013886 3.604153e-02           20        12       6          298271.0      promoter
            Gm3739      -0.223554  1.407725 9.308486e-04           11         7       4          857999.5      promoter
           Gm17188      -0.193632  1.055382 7.377421e-03           13         6       7         1808722.0      promoter
             Il5ra       0.193594 -1.443990 2.444331e-02           10        10       0           20118.5      promoter
     1700019A02Rik       0.182372 -0.960592 1.226586e-05           11        11       0           38160.0         genic
             Dact2       0.169150  2.027085 3.356138e-12           12         4       7          805871.0      promoter
             Robo1       0.167987 -1.743519 1.292131e-53           15         5       7         1994208.5      promoter

     Saved: /Users/zakiralibhai/Documents/GitHub/mariner_hi-c/abc/results/figures/delta_abc_vs_log2fc.pdf
     Saved: /Users/zakiralibhai/Documents/GitHub/mariner_hi-c/abc/results/figures/sum_delta_abc_vs_log2fc.pdf

     =================================================================
       Correlation Comparison: Strongest Enhancer vs Sum (n=1870 DE genes)
     =================================================================
       Metric                        Pearson r   Spearman ρ
       ---------------------------- ---------- ------------
       Normalized (strongest)            0.035        0.092
       Normalized (sum)                  0.031        0.114
       Unnormalized (strongest)          0.269        0.300
       Unnormalized (sum)                0.452        0.582
     =================================================================

     Saved: /Users/zakiralibhai/Documents/GitHub/mariner_hi-c/abc/results/delta_abc_with_rnaseq.tsv (113,453 pairs)
     Saved: /Users/zakiralibhai/Documents/GitHub/mariner_hi-c/abc/results/gene_level_summary.tsv (13,588 genes)
