Verifying GTF integrity...
  Total gene entries in GTF: 55401
Checking chr prefix...
chr1
Extracting gene annotations (excluding: miRNA|pseudogene|antisense|bidirectional_promoter)...
  mm10_genes.bed: 49949 genes (after biotype filter)
  First chromosome entry: chr1
  Gene type distribution:
  21859 protein_coding
  10002 processed_pseudogene
   5629 lincRNA
   3238 TEC
   2723 unprocessed_pseudogene
   1507 snoRNA
   1383 snRNA
    779 processed_transcript
    562 misc_RNA
    354 rRNA
  Protein-coding genes: 21859
  Unique gene symbols: 49854 (95 duplicates)
  Resolving duplicates: keeping longest transcript per gene symbol...
  After dedup: 49854 genes
Generating 500bp TSS regions...
  mm10_tss.bed: 49854 TSS regions
Validating TSS-gene body consistency...
  TSS > 500bp from gene boundary: 20330 / 49854
  Columns in genes file: 8 (expect 8)
  Columns in TSS file: 8 (expect 8)

Step 0A complete.
Outputs:
  /expanse/lustre/projects/csd940/zalibhai/abc/reference/mm10_genes.bed
  /expanse/lustre/projects/csd940/zalibhai/abc/reference/mm10_tss.bed
