=== Re-sorting ctrl by chrom.sizes order ===
  Original total:    246139345
  On _random scaffs: 499788
  Expected after:    245639557
  Resorted:          246139345
WARNING: Count mismatch (diff=-499788)
  New chrom order:
chr1
chr2
chrX
chr3
chr4
chr5
chr6
chr7
chr10
chr8
  Done.

=== Re-sorting mut by chrom.sizes order ===
  Original total:    242032436
  On _random scaffs: 497737
  Expected after:    241534699
  Resorted:          242032436
WARNING: Count mismatch (diff=-497737)
  New chrom order:
chr1
chr2
chrX
chr3
chr4
chr5
chr6
chr7
chr10
chr8
  Done.

Now clean and re-run:
  cd /expanse/lustre/projects/csd940/zalibhai/abc/ABC-Enhancer-Gene-Prediction
  rm -rf results/WT_cerebellum/Neighborhoods results/KO_cerebellum/Neighborhoods
  rm -f results/*/processed_genes_file.bed
