Start:      Mon Apr 20 05:03:22 PDT 2026
===========================================
===========================================
Stage 0: hic2cool convert
===========================================
Job ID:     48239921
Node:       exp-2-05
CPUs:       8
Memory:     65536 MB
Timepoint:  250402
Sample:     mut_merged
Input:      /expanse/lustre/projects/csd940/zalibhai/stripes/StripeCaller/data/hic/250402/mut_merged.hic
Output:     /expanse/lustre/projects/csd940/zalibhai/stripes/stripenn/data/cool/250402/mut_merged.mcool
Start:      Mon Apr 20 05:03:22 PDT 2026
===========================================
/home/zalibhai/miniforge3/envs/hictk/bin/hictk
hictk-v2.1.4-bioconda
/home/zalibhai/miniforge3/envs/hictk/bin/hictk
hictk-v2.1.4-bioconda
[2026-04-20 05:03:25.640] [info]: Running hictk v2.1.4-bioconda
[2026-04-20 05:03:25.642] [info]: Converting /expanse/lustre/projects/csd940/zalibhai/stripes/StripeCaller/data/hic/250402/ctrl_merged.hic to /expanse/lustre/projects/csd940/zalibhai/stripes/stripenn/data/cool/250402/ctrl_merged.mcool (hic -> mcool)...
[2026-04-20 05:03:26.496] [info]: Running hictk v2.1.4-bioconda
[2026-04-20 05:03:26.499] [info]: Converting /expanse/lustre/projects/csd940/zalibhai/stripes/StripeCaller/data/hic/250402/mut_merged.hic to /expanse/lustre/projects/csd940/zalibhai/stripes/stripenn/data/cool/250402/mut_merged.mcool (hic -> mcool)...
[2026-04-20 05:03:34.018] [info]: [5000] begin processing 5000bp matrix...
[2026-04-20 05:03:34.884] [info]: [5000] begin processing 5000bp matrix...
[2026-04-20 05:03:39.876] [info]: [5000] processing chr1:22740000-22745000 at 1707650 pixels/s (cache hit rate 0.00%)...
[2026-04-20 05:03:40.581] [info]: [5000] processing chr1:24345000-24350000 at 1755926 pixels/s (cache hit rate 0.00%)...
[2026-04-20 05:03:44.494] [info]: [5000] processing chr1:44135000-44140000 at 2165440 pixels/s (cache hit rate 0.00%)...
[2026-04-20 05:03:45.509] [info]: [5000] processing chr1:48730000-48735000 at 2029221 pixels/s (cache hit rate 0.00%)...
[2026-04-20 05:03:48.918] [info]: [5000] processing chr1:70880000-70885000 at 2260909 pixels/s (cache hit rate 0.00%)...
[2026-04-20 05:03:50.080] [info]: [5000] processing chr1:75915000-75920000 at 2188184 pixels/s (cache hit rate 0.00%)...
[2026-04-20 05:03:52.565] [info]: [5000] processing chr1:93725000-93730000 at 2741980 pixels/s (cache hit rate 0.00%)...
[2026-04-20 05:03:54.299] [info]: [5000] processing chr1:104585000-104590000 at 2370230 pixels/s (cache hit rate 0.00%)...
[2026-04-20 05:03:56.957] [info]: [5000] processing chr1:125540000-125545000 at 2277386 pixels/s (cache hit rate 0.00%)...
[2026-04-20 05:03:58.309] [info]: [5000] processing chr1:134305000-134310000 at 2493766 pixels/s (cache hit rate 0.00%)...
[2026-04-20 05:04:00.513] [info]: [5000] processing chr1:153985000-153990000 at 2812940 pixels/s (cache hit rate 0.00%)...
[2026-04-20 05:04:01.853] [info]: [5000] processing chr1:166545000-166550000 at 2821670 pixels/s (cache hit rate 0.02%)...
[2026-04-20 05:04:03.366] [info]: [5000] processing chr1:183730000-183735000 at 3505082 pixels/s (cache hit rate 0.03%)...
[2026-04-20 05:04:07.742] [info]: [5000] processing chr2:6670000-6675000 at 1698370 pixels/s (cache hit rate 0.00%)...
[2026-04-20 05:04:09.033] [info]: [5000] processing chr2:16300000-16305000 at 1765225 pixels/s (cache hit rate 0.00%)...
[2026-04-20 05:04:12.869] [info]: [5000] processing chr2:27630000-27635000 at 1950839 pixels/s (cache hit rate 0.00%)...
[2026-04-20 05:04:13.832] [info]: [5000] processing chr2:34810000-34815000 at 2083767 pixels/s (cache hit rate 0.00%)...
[2026-04-20 05:04:18.147] [info]: [5000] processing chr2:51245000-51250000 at 1895016 pixels/s (cache hit rate 0.00%)...
[2026-04-20 05:04:18.715] [info]: [5000] processing chr2:59665000-59670000 at 2048341 pixels/s (cache hit rate 0.00%)...
[2026-04-20 05:04:22.993] [info]: [5000] processing chr2:78800000-78805000 at 2063558 pixels/s (cache hit rate 0.00%)...
[2026-04-20 05:04:23.133] [info]: [5000] processing chr2:86445000-86450000 at 2263468 pixels/s (cache hit rate 0.00%)...
[2026-04-20 05:04:27.391] [info]: [5000] processing chr2:117075000-117080000 at 2348520 pixels/s (cache hit rate 0.00%)...
[2026-04-20 05:04:27.489] [info]: [5000] processing chr2:111375000-111380000 at 2224694 pixels/s (cache hit rate 0.00%)...
[2026-04-20 05:04:30.983] [info]: [5000] processing chr2:145000000-145005000 at 2784740 pixels/s (cache hit rate 0.00%)...
[2026-04-20 05:04:31.479] [info]: [5000] processing chr2:140990000-140995000 at 2506266 pixels/s (cache hit rate 0.00%)...
[2026-04-20 05:04:33.816] [info]: [5000] processing chr2:179790000-179795000 at 3529827 pixels/s (cache hit rate 0.08%)...
[2026-04-20 05:04:34.488] [info]: [5000] processing chr2:177200000-177205000 at 3324468 pixels/s (cache hit rate 0.00%)...
[2026-04-20 05:04:39.143] [info]: [5000] processing chrX:56105000-56110000 at 1877229 pixels/s (cache hit rate 0.00%)...
[2026-04-20 05:04:40.286] [info]: [5000] processing chrX:56660000-56665000 at 1724733 pixels/s (cache hit rate 0.00%)...
[2026-04-20 05:04:43.362] [info]: [5000] processing chrX:112810000-112815000 at 2370792 pixels/s (cache hit rate 0.00%)...
[2026-04-20 05:04:44.821] [info]: [5000] processing chrX:120170000-120175000 at 2205558 pixels/s (cache hit rate 0.00%)...
[2026-04-20 05:04:47.983] [info]: [5000] processing chr3:9195000-9200000 at 2164034 pixels/s (cache hit rate 0.00%)...
[2026-04-20 05:04:50.243] [info]: [5000] processing chr3:12515000-12520000 at 1844678 pixels/s (cache hit rate 0.00%)...
[2026-04-20 05:04:53.098] [info]: [5000] processing chr3:32670000-32675000 at 1955417 pixels/s (cache hit rate 0.07%)...
[2026-04-20 05:04:55.800] [info]: [5000] processing chr3:37420000-37425000 at 1799532 pixels/s (cache hit rate 0.07%)...
[2026-04-20 05:04:58.403] [info]: [5000] processing chr3:57200000-57205000 at 1885370 pixels/s (cache hit rate 0.00%)...
[2026-04-20 05:05:01.447] [info]: [5000] processing chr3:65500000-65505000 at 1771165 pixels/s (cache hit rate 0.00%)...
[2026-04-20 05:05:03.713] [info]: [5000] processing chr3:85385000-85390000 at 1883239 pixels/s (cache hit rate 0.06%)...
[2026-04-20 05:05:07.071] [info]: [5000] processing chr3:94840000-94845000 at 1778410 pixels/s (cache hit rate 0.06%)...
[2026-04-20 05:05:07.417] [info]: [5000] processing chr3:111440000-111445000 at 2700513 pixels/s (cache hit rate 0.00%)...
[2026-04-20 05:05:11.148] [info]: [5000] processing chr3:151655000-151660000 at 2680247 pixels/s (cache hit rate 0.02%)...
[2026-04-20 05:05:11.602] [info]: [5000] processing chr3:127500000-127505000 at 2207018 pixels/s (cache hit rate 0.00%)...
[2026-04-20 05:05:16.495] [info]: [5000] processing chr4:22430000-22435000 at 1870208 pixels/s (cache hit rate 0.00%)...
[2026-04-20 05:05:17.401] [info]: [5000] processing chr4:9795000-9800000 at 1724435 pixels/s (cache hit rate 0.00%)...
[2026-04-20 05:05:21.787] [info]: [5000] processing chr4:48325000-48330000 at 1889645 pixels/s (cache hit rate 0.00%)...
[2026-04-20 05:05:23.751] [info]: [5000] processing chr4:37575000-37580000 at 1575051 pixels/s (cache hit rate 0.00%)...
[2026-04-20 05:05:26.740] [info]: [5000] processing chr4:79550000-79555000 at 2019386 pixels/s (cache hit rate 0.00%)...
[2026-04-20 05:05:28.597] [info]: [5000] processing chr4:66165000-66170000 at 2063132 pixels/s (cache hit rate 0.00%)...
[2026-04-20 05:05:30.759] [info]: [5000] processing chr4:111455000-111460000 at 2488800 pixels/s (cache hit rate 0.00%)...
[2026-04-20 05:05:33.269] [info]: [5000] processing chr4:102955000-102960000 at 2140869 pixels/s (cache hit rate 0.00%)...
[2026-04-20 05:05:34.053] [info]: [5000] processing chr4:136680000-136685000 at 3036745 pixels/s (cache hit rate 0.00%)...
[2026-04-20 05:05:36.868] [info]: [5000] processing chr4:131925000-131930000 at 2778550 pixels/s (cache hit rate 0.00%)...
[2026-04-20 05:05:38.389] [info]: [5000] processing chr5:12970000-12975000 at 2306805 pixels/s (cache hit rate 0.07%)...
[2026-04-20 05:05:40.964] [info]: [5000] processing chr5:8785000-8790000 at 2442002 pixels/s (cache hit rate 0.10%)...
[2026-04-20 05:05:43.094] [info]: [5000] processing chr5:35320000-35325000 at 2125399 pixels/s (cache hit rate 0.00%)...
[2026-04-20 05:05:46.456] [info]: [5000] processing chr5:34545000-34550000 at 1821162 pixels/s (cache hit rate 0.00%)...
[2026-04-20 05:05:47.926] [info]: [5000] processing chr5:64150000-64155000 at 2069965 pixels/s (cache hit rate 0.00%)...
[2026-04-20 05:05:51.571] [info]: [5000] processing chr5:66115000-66120000 at 1955417 pixels/s (cache hit rate 0.00%)...
[2026-04-20 05:05:52.077] [info]: [5000] processing chr5:99525000-99530000 at 2409058 pixels/s (cache hit rate 0.00%)...
[2026-04-20 05:05:55.859] [info]: [5000] processing chr5:124200000-124205000 at 2644803 pixels/s (cache hit rate 0.00%)...
[2026-04-20 05:05:56.269] [info]: [5000] processing chr5:103850000-103855000 at 2129019 pixels/s (cache hit rate 0.00%)...
[2026-04-20 05:05:59.893] [info]: [5000] processing chr5:131565000-131570000 at 2760144 pixels/s (cache hit rate 0.00%)...
[2026-04-20 05:06:00.070] [info]: [5000] processing chr6:6440000-6445000 at 2374733 pixels/s (cache hit rate 0.00%)...
[2026-04-20 05:06:05.706] [info]: [5000] processing chr6:30380000-30385000 at 1774623 pixels/s (cache hit rate 0.00%)...
[2026-04-20 05:06:06.039] [info]: [5000] processing chr6:14235000-14240000 at 1627075 pixels/s (cache hit rate 0.00%)...
[2026-04-20 05:06:11.240] [info]: [5000] processing chr6:55515000-55520000 at 1806685 pixels/s (cache hit rate 0.00%)...
[2026-04-20 05:06:12.083] [info]: [5000] processing chr6:40040000-40045000 at 1654807 pixels/s (cache hit rate 0.00%)...
[2026-04-20 05:06:16.468] [info]: [5000] processing chr6:85675000-85680000 at 1913143 pixels/s (cache hit rate 0.04%)...
[2026-04-20 05:06:18.197] [info]: [5000] processing chr6:70850000-70855000 at 1635590 pixels/s (cache hit rate 0.04%)...
[2026-04-20 05:06:20.652] [info]: [5000] processing chr6:116810000-116815000 at 2390057 pixels/s (cache hit rate 0.00%)...
[2026-04-20 05:06:23.273] [info]: [5000] processing chr6:100795000-100800000 at 1970055 pixels/s (cache hit rate 0.00%)...
[2026-04-20 05:06:25.405] [info]: [5000] processing chr7:12105000-12110000 at 2104377 pixels/s (cache hit rate 0.00%)...
[2026-04-20 05:06:27.241] [info]: [5000] processing chr6:143965000-143970000 at 2520797 pixels/s (cache hit rate 0.00%)...
[2026-04-20 05:06:30.723] [info]: [5000] processing chr7:41030000-41035000 at 1880406 pixels/s (cache hit rate 0.00%)...
[2026-04-20 05:06:33.828] [info]: [5000] processing chr7:34165000-34170000 at 1518142 pixels/s (cache hit rate 0.00%)...
[2026-04-20 05:06:36.099] [info]: [5000] processing chr7:66575000-66580000 at 1860119 pixels/s (cache hit rate 0.00%)...
[2026-04-20 05:06:39.763] [info]: [5000] processing chr7:62925000-62930000 at 1685204 pixels/s (cache hit rate 0.00%)...
[2026-04-20 05:06:40.417] [info]: [5000] processing chr7:94120000-94125000 at 2316423 pixels/s (cache hit rate 0.00%)...
[2026-04-20 05:06:44.012] [info]: [5000] processing chr7:125875000-125880000 at 2781641 pixels/s (cache hit rate 0.00%)...
[2026-04-20 05:06:44.601] [info]: [5000] processing chr7:92090000-92095000 at 2066970 pixels/s (cache hit rate 0.00%)...
[2026-04-20 05:06:48.736] [info]: [5000] processing chr7:127400000-127405000 at 2418380 pixels/s (cache hit rate 0.00%)...
[2026-04-20 05:06:48.899] [info]: [5000] processing chr10:12705000-12710000 at 2046664 pixels/s (cache hit rate 0.08%)...
[2026-04-20 05:06:53.999] [info]: [5000] processing chr10:15695000-15700000 at 1900418 pixels/s (cache hit rate 0.06%)...
[2026-04-20 05:06:55.272] [info]: [5000] processing chr10:39630000-39635000 at 1569120 pixels/s (cache hit rate 0.00%)...
[2026-04-20 05:07:00.843] [info]: [5000] processing chr10:68100000-68105000 at 1795332 pixels/s (cache hit rate 0.00%)...
[2026-04-20 05:07:00.928] [info]: [5000] processing chr10:43975000-43980000 at 1443210 pixels/s (cache hit rate 0.00%)...
[2026-04-20 05:07:05.273] [info]: [5000] processing chr10:102920000-102925000 at 2257336 pixels/s (cache hit rate 0.04%)...
[2026-04-20 05:07:06.739] [info]: [5000] processing chr10:75630000-75635000 at 1720874 pixels/s (cache hit rate 0.00%)...
[2026-04-20 05:07:11.003] [info]: [5000] processing chr8:13990000-13995000 at 1745505 pixels/s (cache hit rate 0.00%)...
[2026-04-20 05:07:11.259] [info]: [5000] processing chr10:118810000-118815000 at 2212389 pixels/s (cache hit rate 0.03%)...
[2026-04-20 05:07:16.918] [info]: [5000] processing chr8:42640000-42645000 at 1690617 pixels/s (cache hit rate 0.00%)...
[2026-04-20 05:07:17.501] [info]: [5000] processing chr8:25145000-25150000 at 1602051 pixels/s (cache hit rate 0.00%)...
[2026-04-20 05:07:22.352] [info]: [5000] processing chr8:78245000-78250000 at 1840604 pixels/s (cache hit rate 0.00%)...
[2026-04-20 05:07:23.764] [info]: [5000] processing chr8:62470000-62475000 at 1596934 pixels/s (cache hit rate 0.00%)...
[2026-04-20 05:07:26.421] [info]: [5000] processing chr8:115735000-115740000 at 2457606 pixels/s (cache hit rate 0.04%)...
[2026-04-20 05:07:28.729] [info]: [5000] processing chr8:99340000-99345000 at 2014099 pixels/s (cache hit rate 0.00%)...
[2026-04-20 05:07:32.154] [info]: [5000] processing chr14:23265000-23270000 at 1744592 pixels/s (cache hit rate 0.00%)...
[2026-04-20 05:07:34.089] [info]: [5000] processing chr14:15345000-15350000 at 1866368 pixels/s (cache hit rate 0.00%)...
[2026-04-20 05:07:37.986] [info]: [5000] processing chr14:53050000-53055000 at 1714678 pixels/s (cache hit rate 0.00%)...
[2026-04-20 05:07:40.461] [info]: [5000] processing chr14:46370000-46375000 at 1569366 pixels/s (cache hit rate 0.00%)...
[2026-04-20 05:07:42.796] [info]: [5000] processing chr14:90145000-90150000 at 2079002 pixels/s (cache hit rate 0.00%)...
[2026-04-20 05:07:45.994] [info]: [5000] processing chr14:83535000-83540000 at 1807338 pixels/s (cache hit rate 0.00%)...
[2026-04-20 05:07:47.980] [info]: [5000] processing chr9:12090000-12095000 at 1929757 pixels/s (cache hit rate 0.00%)...
[2026-04-20 05:07:52.141] [info]: [5000] processing chr9:9940000-9945000 at 1627075 pixels/s (cache hit rate 0.00%)...
[2026-04-20 05:07:54.985] [info]: [5000] processing chr9:35310000-35315000 at 1427552 pixels/s (cache hit rate 0.00%)...
[2026-04-20 05:08:00.331] [info]: [5000] processing chr9:35810000-35815000 at 1221001 pixels/s (cache hit rate 0.00%)...
[2026-04-20 05:08:00.479] [info]: [5000] processing chr9:60470000-60475000 at 1819836 pixels/s (cache hit rate 0.00%)...
[2026-04-20 05:08:05.183] [info]: [5000] processing chr9:97145000-97150000 at 2125850 pixels/s (cache hit rate 0.00%)...
[2026-04-20 05:08:06.501] [info]: [5000] processing chr9:64305000-64310000 at 1621008 pixels/s (cache hit rate 0.00%)...
[2026-04-20 05:08:09.565] [info]: [5000] processing chr11:11880000-11885000 at 2282584 pixels/s (cache hit rate 0.00%)...
[2026-04-20 05:08:11.447] [info]: [5000] processing chr9:104590000-104595000 at 2021836 pixels/s (cache hit rate 0.00%)...
[2026-04-20 05:08:15.329] [info]: [5000] processing chr11:38705000-38710000 at 1734906 pixels/s (cache hit rate 0.00%)...
[2026-04-20 05:08:17.559] [info]: [5000] processing chr11:19615000-19620000 at 1636393 pixels/s (cache hit rate 0.00%)...
[2026-04-20 05:08:21.007] [info]: [5000] processing chr11:66580000-66585000 at 1761184 pixels/s (cache hit rate 0.00%)...
[2026-04-20 05:08:24.153] [info]: [5000] processing chr11:49985000-49990000 at 1516530 pixels/s (cache hit rate 0.00%)...
[2026-04-20 05:08:25.646] [info]: [5000] processing chr11:101535000-101540000 at 2155637 pixels/s (cache hit rate 0.00%)...
[2026-04-20 05:08:29.828] [info]: [5000] processing chr11:81045000-81050000 at 1762425 pixels/s (cache hit rate 0.00%)...
[2026-04-20 05:08:30.778] [info]: [5000] processing chr13:19145000-19150000 at 1948938 pixels/s (cache hit rate 0.00%)...
[2026-04-20 05:08:35.143] [info]: [5000] processing chr13:8025000-8030000 at 1881468 pixels/s (cache hit rate 0.00%)...
[2026-04-20 05:08:36.945] [info]: [5000] processing chr13:50215000-50220000 at 1621534 pixels/s (cache hit rate 0.00%)...
[2026-04-20 05:08:41.826] [info]: [5000] processing chr13:95560000-95565000 at 2049180 pixels/s (cache hit rate 0.00%)...
[2026-04-20 05:08:42.273] [info]: [5000] processing chr13:37865000-37870000 at 1402721 pixels/s (cache hit rate 0.00%)...
[2026-04-20 05:08:47.373] [info]: [5000] processing chr12:21330000-21335000 at 1802776 pixels/s (cache hit rate 0.00%)...
[2026-04-20 05:08:48.118] [info]: [5000] processing chr13:80695000-80700000 at 1710571 pixels/s (cache hit rate 0.00%)...
[2026-04-20 05:08:53.460] [info]: [5000] processing chr12:57320000-57325000 at 1643115 pixels/s (cache hit rate 0.00%)...
[2026-04-20 05:08:53.863] [info]: [5000] processing chr12:13495000-13500000 at 1740947 pixels/s (cache hit rate 0.00%)...
[2026-04-20 05:08:58.447] [info]: [5000] processing chr12:100980000-100985000 at 2005214 pixels/s (cache hit rate 0.00%)...
[2026-04-20 05:09:01.083] [info]: [5000] processing chr12:51405000-51410000 at 1385042 pixels/s (cache hit rate 0.00%)...
[2026-04-20 05:09:04.119] [info]: [5000] processing chr15:26780000-26785000 at 1763047 pixels/s (cache hit rate 0.00%)...
[2026-04-20 05:09:06.975] [info]: [5000] processing chr12:95610000-95615000 at 1697217 pixels/s (cache hit rate 0.00%)...
[2026-04-20 05:09:09.917] [info]: [5000] processing chr15:68035000-68040000 at 1724733 pixels/s (cache hit rate 0.00%)...
[2026-04-20 05:09:13.662] [info]: [5000] processing chr15:25915000-25920000 at 1495663 pixels/s (cache hit rate 0.00%)...
[2026-04-20 05:09:15.148] [info]: [5000] processing chr16:12150000-12155000 at 1912046 pixels/s (cache hit rate 0.00%)...
[2026-04-20 05:09:20.460] [info]: [5000] processing chr15:69415000-69420000 at 1471237 pixels/s (cache hit rate 0.00%)...
[2026-04-20 05:09:21.448] [info]: [5000] processing chr16:48885000-48890000 at 1587554 pixels/s (cache hit rate 0.00%)...
[2026-04-20 05:09:26.649] [info]: [5000] processing chr16:16045000-16050000 at 1616031 pixels/s (cache hit rate 0.00%)...
[2026-04-20 05:09:27.151] [info]: [5000] processing chr17:10420000-10425000 at 1753463 pixels/s (cache hit rate 0.00%)...
[2026-04-20 05:09:33.993] [info]: [5000] processing chr16:58985000-58990000 at 1361656 pixels/s (cache hit rate 0.00%)...
[2026-04-20 05:09:33.996] [info]: [5000] processing chr17:52000000-52005000 at 1460920 pixels/s (cache hit rate 0.00%)...
[2026-04-20 05:09:40.210] [info]: [5000] processing chr18:10880000-10885000 at 1609788 pixels/s (cache hit rate 0.00%)...
[2026-04-20 05:09:40.871] [info]: [5000] processing chr17:20865000-20870000 at 1454122 pixels/s (cache hit rate 0.00%)...
[2026-04-20 05:09:47.691] [info]: [5000] processing chr18:52795000-52800000 at 1336720 pixels/s (cache hit rate 0.00%)...
[2026-04-20 05:09:48.203] [info]: [5000] processing chr17:69750000-69755000 at 1363884 pixels/s (cache hit rate 0.00%)...
[2026-04-20 05:09:55.156] [info]: [5000] processing chr19:23420000-23425000 at 1339585 pixels/s (cache hit rate 0.00%)...
[2026-04-20 05:09:55.892] [info]: [5000] processing chr18:26310000-26315000 at 1300728 pixels/s (cache hit rate 0.00%)...
[2026-04-20 05:09:59.153] [info]: [5000] processing GW_SCALE normalization vector...
[2026-04-20 05:10:00.101] [critical]: FAILURE! hictk convert encountered the following error: unable to read "GW_SCALE" weights
ERROR: hictk convert failed (exit=1) or produced empty output.
[2026-04-20 05:10:03.549] [info]: [5000] processing chr18:85210000-85215000 at 1306165 pixels/s (cache hit rate 0.00%)...
[2026-04-20 05:10:13.889] [info]: [5000] processing GW_SCALE normalization vector...
[2026-04-20 05:10:14.980] [critical]: FAILURE! hictk convert encountered the following error: unable to read "GW_SCALE" weights
ERROR: hictk convert failed (exit=1) or produced empty output.
